status file for recon-all
Tue Mar 10 06:54:58 CET 2026
#@# MotionCor Tue Mar 10 06:54:59 CET 2026
#@# Talairach Tue Mar 10 06:55:05 CET 2026
#@# Talairach Failure Detection Tue Mar 10 06:57:54 CET 2026
#@# Nu Intensity Correction Tue Mar 10 06:57:55 CET 2026
#@# Intensity Normalization Tue Mar 10 07:00:39 CET 2026
recon-all -s sub-v1s8x0051344_ses-1 finished without error at Tue Mar 10 07:01:41 CET 2026



#New# invocation of recon-all 



status file for recon-all
Tue Mar 10 07:07:34 CET 2026
#@# EM Registration Tue Mar 10 07:07:34 CET 2026
recon-all -s sub-v1s8x0051344_ses-1 finished without error at Tue Mar 10 07:08:58 CET 2026



#New# invocation of recon-all 



status file for recon-all
Tue Mar 10 07:09:02 CET 2026
#@# CA Normalize Tue Mar 10 07:09:02 CET 2026
#@# CA Reg Tue Mar 10 07:09:57 CET 2026
#@# SubCort Seg Tue Mar 10 07:39:49 CET 2026
#@# CC Seg Tue Mar 10 08:05:57 CET 2026
#@# Merge ASeg Tue Mar 10 08:06:23 CET 2026
#@# Intensity Normalization2 Tue Mar 10 08:06:23 CET 2026
#@# Mask BFS Tue Mar 10 08:07:54 CET 2026
#@# WM Segmentation Tue Mar 10 08:07:55 CET 2026
#@# Fill Tue Mar 10 08:09:37 CET 2026
recon-all -s sub-v1s8x0051344_ses-1 finished without error at Tue Mar 10 08:10:15 CET 2026



#New# invocation of recon-all 



status file for recon-all
Tue Mar 10 08:42:58 CET 2026
#@# white curv lh Tue Mar 10 08:42:58 CET 2026
#@# white area lh Tue Mar 10 08:42:58 CET 2026
#@# pial curv lh Tue Mar 10 08:42:58 CET 2026
#@# pial area lh Tue Mar 10 08:42:58 CET 2026
#@# thickness lh Tue Mar 10 08:42:58 CET 2026
#@# area and vertex vol lh Tue Mar 10 08:42:58 CET 2026
#@# white curv rh Tue Mar 10 08:42:58 CET 2026
#@# white area rh Tue Mar 10 08:42:58 CET 2026
#@# pial curv rh Tue Mar 10 08:42:58 CET 2026
#@# pial area rh Tue Mar 10 08:42:58 CET 2026
#@# thickness rh Tue Mar 10 08:42:58 CET 2026
#@# area and vertex vol rh Tue Mar 10 08:42:58 CET 2026
#@# Cortical ribbon mask Tue Mar 10 08:42:58 CET 2026
recon-all -s sub-v1s8x0051344_ses-1 finished without error at Tue Mar 10 08:47:11 CET 2026



#New# invocation of recon-all 



status file for recon-all
Tue Mar 10 08:52:09 CET 2026
#@# white curv lh Tue Mar 10 08:52:09 CET 2026
#@# white area lh Tue Mar 10 08:52:09 CET 2026
#@# pial curv lh Tue Mar 10 08:52:09 CET 2026
#@# pial area lh Tue Mar 10 08:52:09 CET 2026
#@# thickness lh Tue Mar 10 08:52:09 CET 2026
#@# area and vertex vol lh Tue Mar 10 08:52:09 CET 2026
#@# white curv rh Tue Mar 10 08:52:09 CET 2026
#@# white area rh Tue Mar 10 08:52:09 CET 2026
#@# pial curv rh Tue Mar 10 08:52:09 CET 2026
#@# pial area rh Tue Mar 10 08:52:09 CET 2026
#@# thickness rh Tue Mar 10 08:52:09 CET 2026
#@# area and vertex vol rh Tue Mar 10 08:52:09 CET 2026
#@# Curvature Stats lh Tue Mar 10 08:52:09 CET 2026
#@# Curvature Stats rh Tue Mar 10 08:52:11 CET 2026
#@# Relabel Hypointensities Tue Mar 10 08:52:13 CET 2026
#@# APas-to-ASeg Tue Mar 10 08:52:24 CET 2026
#@# AParc-to-ASeg aparc Tue Mar 10 08:52:29 CET 2026
#@# AParc-to-ASeg aparc.a2009s Tue Mar 10 08:52:50 CET 2026
#@# AParc-to-ASeg aparc.DKTatlas Tue Mar 10 08:53:11 CET 2026
#@# WMParc Tue Mar 10 08:53:31 CET 2026
#@# ASeg Stats Tue Mar 10 08:55:15 CET 2026
recon-all -s sub-v1s8x0051344_ses-1 finished without error at Tue Mar 10 08:55:32 CET 2026
