status file for recon-all
Tue Mar 10 08:10:19 CET 2026
#@# Tessellate lh Tue Mar 10 08:10:19 CET 2026
#@# Smooth1 lh Tue Mar 10 08:10:22 CET 2026
#@# Inflation1 lh Tue Mar 10 08:10:24 CET 2026
#@# QSphere lh Tue Mar 10 08:10:31 CET 2026
#@# Fix Topology lh Tue Mar 10 08:11:22 CET 2026
#@# Smooth2 lh Tue Mar 10 08:15:38 CET 2026
#@# Inflation2 lh Tue Mar 10 08:15:40 CET 2026
#@# Curv .H and .K lh Tue Mar 10 08:15:48 CET 2026
#@# Sphere lh Tue Mar 10 08:16:26 CET 2026
#@# Surf Reg lh Tue Mar 10 08:18:26 CET 2026
#@# Jacobian white lh Tue Mar 10 08:20:59 CET 2026
#@# AvgCurv lh Tue Mar 10 08:21:00 CET 2026
#@# Cortical Parc lh Tue Mar 10 08:21:00 CET 2026
#@# white curv lh Tue Mar 10 08:26:02 CET 2026
#@# white area lh Tue Mar 10 08:26:03 CET 2026
#@# pial curv lh Tue Mar 10 08:26:04 CET 2026
#@# pial area lh Tue Mar 10 08:26:05 CET 2026
#@# thickness lh Tue Mar 10 08:26:05 CET 2026
#@# area and vertex vol lh Tue Mar 10 08:26:25 CET 2026
#@# Curvature Stats lh Tue Mar 10 08:26:26 CET 2026
#@# Cortical Parc 2 lh Tue Mar 10 08:26:28 CET 2026
#@# Cortical Parc 3 lh Tue Mar 10 08:26:37 CET 2026
#@# WM/GM Contrast lh Tue Mar 10 08:26:45 CET 2026
recon-all -s sub-v1s8x0051344_ses-1 finished without error at Tue Mar 10 08:26:47 CET 2026



#New# invocation of recon-all 



status file for recon-all
Tue Mar 10 08:47:15 CET 2026
#@# white curv lh Tue Mar 10 08:47:15 CET 2026
#@# white area lh Tue Mar 10 08:47:15 CET 2026
#@# pial curv lh Tue Mar 10 08:47:15 CET 2026
#@# pial area lh Tue Mar 10 08:47:15 CET 2026
#@# thickness lh Tue Mar 10 08:47:15 CET 2026
#@# area and vertex vol lh Tue Mar 10 08:47:15 CET 2026
#@# Parcellation Stats lh Tue Mar 10 08:47:15 CET 2026
#@# Parcellation Stats 2 lh Tue Mar 10 08:47:30 CET 2026
#@# Parcellation Stats 3 lh Tue Mar 10 08:47:38 CET 2026
#@# BA_exvivo Labels lh Tue Mar 10 08:47:45 CET 2026
recon-all -s sub-v1s8x0051344_ses-1 finished without error at Tue Mar 10 08:49:35 CET 2026
