status file for recon-all
Tue Mar 10 08:26:50 CET 2026
#@# Tessellate rh Tue Mar 10 08:26:50 CET 2026
#@# Smooth1 rh Tue Mar 10 08:26:53 CET 2026
#@# Inflation1 rh Tue Mar 10 08:26:55 CET 2026
#@# QSphere rh Tue Mar 10 08:27:03 CET 2026
#@# Fix Topology rh Tue Mar 10 08:27:46 CET 2026
#@# Smooth2 rh Tue Mar 10 08:31:53 CET 2026
#@# Inflation2 rh Tue Mar 10 08:31:55 CET 2026
#@# Curv .H and .K rh Tue Mar 10 08:32:04 CET 2026
#@# Sphere rh Tue Mar 10 08:32:43 CET 2026
#@# Surf Reg rh Tue Mar 10 08:34:23 CET 2026
#@# Jacobian white rh Tue Mar 10 08:36:51 CET 2026
#@# AvgCurv rh Tue Mar 10 08:36:51 CET 2026
#@# Cortical Parc rh Tue Mar 10 08:36:52 CET 2026
#@# white curv rh Tue Mar 10 08:42:07 CET 2026
#@# white area rh Tue Mar 10 08:42:08 CET 2026
#@# pial curv rh Tue Mar 10 08:42:09 CET 2026
#@# pial area rh Tue Mar 10 08:42:10 CET 2026
#@# thickness rh Tue Mar 10 08:42:11 CET 2026
#@# area and vertex vol rh Tue Mar 10 08:42:31 CET 2026
#@# Curvature Stats rh Tue Mar 10 08:42:32 CET 2026
#@# Cortical Parc 2 rh Tue Mar 10 08:42:34 CET 2026
#@# Cortical Parc 3 rh Tue Mar 10 08:42:44 CET 2026
#@# WM/GM Contrast rh Tue Mar 10 08:42:52 CET 2026
recon-all -s sub-v1s8x0051344_ses-1 finished without error at Tue Mar 10 08:42:54 CET 2026



#New# invocation of recon-all 



status file for recon-all
Tue Mar 10 08:49:38 CET 2026
#@# white curv rh Tue Mar 10 08:49:39 CET 2026
#@# white area rh Tue Mar 10 08:49:39 CET 2026
#@# pial curv rh Tue Mar 10 08:49:39 CET 2026
#@# pial area rh Tue Mar 10 08:49:39 CET 2026
#@# thickness rh Tue Mar 10 08:49:39 CET 2026
#@# area and vertex vol rh Tue Mar 10 08:49:39 CET 2026
#@# Parcellation Stats rh Tue Mar 10 08:49:39 CET 2026
#@# Parcellation Stats 2 rh Tue Mar 10 08:49:55 CET 2026
#@# Parcellation Stats 3 rh Tue Mar 10 08:50:03 CET 2026
#@# BA_exvivo Labels rh Tue Mar 10 08:50:11 CET 2026
recon-all -s sub-v1s8x0051344_ses-1 finished without error at Tue Mar 10 08:52:05 CET 2026
