/out/sourcedata/freesurfer/sub-v1s8x0051332_ses-1/mri
/opt/freesurfer/bin/talairach_avi
--i orig_nu.mgz --xfm transforms/talairach.auto.xfm
talairach_avi 7.3.2
Linux dna063 5.14.0-427.37.1.el9_4.x86_64 #1 SMP PREEMPT_DYNAMIC Fri Sep 13 12:41:50 EDT 2024 x86_64 x86_64 x86_64 GNU/Linux
Tue Mar 10 06:46:26 CET 2026
mri_convert orig_nu.mgz talsrcimg.img 
reading from orig_nu.mgz...
TR=0.00, TE=0.00, TI=0.00, flip angle=0.00
i_ras = (-1, 0, 0)
j_ras = (0, 0, -1)
k_ras = (0, 1, 0)
writing to talsrcimg.img...
Analyze Output Matrix
-1.00000   0.00000   0.00000   128.45180;
 0.00000   0.00000   1.00000  -127.08073;
 0.00000  -1.00000   0.00000   151.10831;
 0.00000   0.00000   0.00000   1.00000;
--------------------
INFO: set hdr.hist.orient to -1
mpr2mni305 talsrcimg
Tue Mar 10 06:46:27 CET 2026
/opt/freesurfer/bin/mpr2mni305 talsrcimg
mpr2mni305 7.3.2
target=711-2C_as_mni_average_305

---------------------------------------------------------------------
analyzeto4dfp talsrcimg -O0 -y
---------------------------------------------------------------------

freesurfer ifh2hdr.c
Tue Mar 10 06:46:27 2026
Writing: talsrcimg.4dfp.hdr
freesurfer analyzeto4dfp.c
Reading: talsrcimg.hdr
header size 348 bytes
hdr.dime.datatype	offset=70	value=2
hdr.dime.bitpix		offset=72	value=8
hdr.hist.orient		offset=252	value=-1
dimensionality     4
dimensions       256       256       256         1
Reading: talsrcimg.img
Writing: talsrcimg.4dfp.img
Writing: talsrcimg.4dfp.ifh
ifh2hdr talsrcimg -r0to255
ori=2

---------------------------------------------------------------------
gauss_4dfp talsrcimg 1.1
---------------------------------------------------------------------

freesurfer gauss_4dfp.c
Reading: talsrcimg.4dfp.img
Writing: talsrcimg_g11.4dfp.img
image dimensions 256 256 256 padded to 288 288 288
processing volume 1freesurfer ifh2hdr.c
Tue Mar 10 06:46:28 2026
Writing: talsrcimg_g11.4dfp.hdr

Writing: talsrcimg_g11.4dfp.ifh
including: talsrcimg.4dfp.img.rec in talsrcimg_g11.4dfp.img.rec

---------------------------------------------------------------------
imgreg_4dfp /opt/freesurfer/average/711-2C_as_mni_average_305 none talsrcimg_g11 none talsrcimg_to_711-2C_as_mni_average_305_t4 4355
---------------------------------------------------------------------

freesurfer imgreg_4dfp.c
/opt/freesurfer/average/711-2C_as_mni_average_305.4dfp.img
       256       256       256         1
  1.000000  1.000000  1.000000
orientation T byte_order littleendian
Reading image: /opt/freesurfer/average/711-2C_as_mni_average_305.4dfp.img
dimensions:      256       256       256
mmppix:       1.0000   -1.0000   -1.0000
center:     128.0000 -129.0000 -129.0000
talsrcimg_g11.4dfp.img
       256       256       256         1
  1.000000  1.000000  1.000000
orientation T byte_order littleendian
Reading image: talsrcimg_g11.4dfp.img
dimensions:      256       256       256
mmppix:       1.0000   -1.0000   -1.0000
center:     128.0000 -129.0000 -129.0000
t4_read: open error in t4_sub.f l:  41 t4_file(1:l)talsrcimg_to_711-2C_as_mni_average_305_t4 
t4_read: transform initialized to I4
rotation matrix determinant  1.000000
image alignment mode   4355 decimal     1103 hex
   -7.5000  -45.0000  -45.0000 7447.4639   10.9132
    0.0000  -45.0000  -45.0000 7746.1753   10.9322
    7.5000  -45.0000  -45.0000 7409.4541   10.9415
   -7.5000  -37.5000  -45.0000 7966.1650   10.6746
    0.0000  -37.5000  -45.0000 8314.1553   10.6860
    7.5000  -37.5000  -45.0000 7918.3511   10.6880
   -7.5000  -30.0000  -45.0000 8881.8242   10.5087
    0.0000  -30.0000  -45.0000 9276.8008   10.5142
    7.5000  -30.0000  -45.0000 8812.1172   10.5065
   -7.5000  -22.5000  -45.0000 9829.1074   10.3858
    0.0000  -22.5000  -45.000010265.0889   10.3936
    7.5000  -22.5000  -45.0000 9732.0049   10.3850
   -7.5000  -15.0000  -45.000010708.9854   10.3414
    0.0000  -15.0000  -45.000011179.6299   10.3573
    7.5000  -15.0000  -45.000010600.7686   10.3561
   -7.5000   -7.5000  -45.000011537.0947   10.3321
    0.0000   -7.5000  -45.000012058.6406   10.3540
    7.5000   -7.5000  -45.000011436.1240   10.3619
   -7.5000    0.0000  -45.000012323.7451   10.3492
    0.0000    0.0000  -45.000012887.0947   10.3699
    7.5000    0.0000  -45.000012216.6035   10.3797
   -7.5000    7.5000  -45.000012266.0732   10.3653
    0.0000    7.5000  -45.000012806.4736   10.3776
    7.5000    7.5000  -45.000012138.2646   10.3793
   -7.5000   15.0000  -45.000012107.2334   10.3658
    0.0000   15.0000  -45.000012647.0898   10.3716
    7.5000   15.0000  -45.000011980.3018   10.3641
   -7.5000   22.5000  -45.000011649.6006   10.3480
    0.0000   22.5000  -45.000012173.3701   10.3562
    7.5000   22.5000  -45.000011484.5820   10.3477
   -7.5000   30.0000  -45.000011212.5537   10.1941
    0.0000   30.0000  -45.000011722.4404   10.2098
    7.5000   30.0000  -45.000011033.7422   10.2086
   -7.5000   37.5000  -45.000010757.7617   10.1944
    0.0000   37.5000  -45.000011247.5625   10.2160
    7.5000   37.5000  -45.000010587.0479   10.2238
   -7.5000   45.0000  -45.0000 9929.7930    9.9520
    0.0000   45.0000  -45.000010383.7686    9.9719
    7.5000   45.0000  -45.0000 9759.9814    9.9814
   -7.5000  -45.0000  -37.5000 7818.9946   10.8290
    0.0000  -45.0000  -37.5000 8143.7397   10.8492
    7.5000  -45.0000  -37.5000 7761.2681   10.8610
   -7.5000  -37.5000  -37.5000 8392.8027   10.5949
    0.0000  -37.5000  -37.5000 8769.7969   10.6093
    7.5000  -37.5000  -37.5000 8313.7578   10.6143
   -7.5000  -30.0000  -37.5000 9359.5059   10.4360
    0.0000  -30.0000  -37.5000 9771.4287   10.4432
    7.5000  -30.0000  -37.5000 9268.9844   10.4384
   -7.5000  -22.5000  -37.500010362.8516   10.3150
    0.0000  -22.5000  -37.500010823.7939   10.3217
    7.5000  -22.5000  -37.500010262.5889   10.3157
   -7.5000  -15.0000  -37.500011318.6895   10.2675
    0.0000  -15.0000  -37.500011801.4180   10.2806
    7.5000  -15.0000  -37.500011196.2695   10.2818
   -7.5000   -7.5000  -37.500012207.2021   10.2537
    0.0000   -7.5000  -37.500012748.3027   10.2742
    7.5000   -7.5000  -37.500012093.8027   10.2841
   -7.5000    0.0000  -37.500013055.5459   10.2693
    0.0000    0.0000  -37.500013654.4893   10.2911
    7.5000    0.0000  -37.500012932.7510   10.3032
   -7.5000    7.5000  -37.500012959.4395   10.2889
    0.0000    7.5000  -37.500013521.0908   10.3040
    7.5000    7.5000  -37.500012822.4199   10.3083
   -7.5000   15.0000  -37.500012758.7627   10.2939
    0.0000   15.0000  -37.500013306.7871   10.3013
    7.5000   15.0000  -37.500012633.7676   10.2967
   -7.5000   22.5000  -37.500012230.6768   10.2771
    0.0000   22.5000  -37.500012776.6660   10.2840
    7.5000   22.5000  -37.500012092.6777   10.2783
   -7.5000   30.0000  -37.500011789.0400   10.1211
    0.0000   30.0000  -37.500012314.4346   10.1341
    7.5000   30.0000  -37.500011619.5596   10.1353
   -7.5000   37.5000  -37.500011322.4951   10.1170
    0.0000   37.5000  -37.500011844.3506   10.1373
    7.5000   37.5000  -37.500011163.2891   10.1471
   -7.5000   45.0000  -37.500010440.6523    9.8752
    0.0000   45.0000  -37.500010925.3916    9.8961
    7.5000   45.0000  -37.500010274.8379    9.9077
   -7.5000  -45.0000  -30.0000 8367.4336   11.2489
    0.0000  -45.0000  -30.0000 8716.7734   11.2718
    7.5000  -45.0000  -30.0000 8290.6719   11.2849
   -7.5000  -37.5000  -30.0000 8984.6807   10.9982
    0.0000  -37.5000  -30.0000 9366.8213   11.0169
    7.5000  -37.5000  -30.0000 8893.8408   11.0258
   -7.5000  -30.0000  -30.000010023.0342   10.8329
    0.0000  -30.0000  -30.000010449.8740   10.8435
    7.5000  -30.0000  -30.0000 9908.0615   10.8439
   -7.5000  -22.5000  -30.000011121.1475   10.7126
    0.0000  -22.5000  -30.000011594.9404   10.7198
    7.5000  -22.5000  -30.000011002.3330   10.7179
   -7.5000  -15.0000  -30.000012142.3145   10.6686
    0.0000  -15.0000  -30.000012650.1475   10.6808
    7.5000  -15.0000  -30.000012016.9883   10.6836
   -7.5000   -7.5000  -30.000013102.1582   10.6542
    0.0000   -7.5000  -30.000013646.8086   10.6750
    7.5000   -7.5000  -30.000012981.7305   10.6853
   -7.5000    0.0000  -30.000014035.9365   10.6653
    0.0000    0.0000  -30.000014653.0820   10.6897
    7.5000    0.0000  -30.000013899.2793   10.7030
   -7.5000    7.5000  -30.000013929.0439   10.6804
    0.0000    7.5000  -30.000014516.3301   10.6995
    7.5000    7.5000  -30.000013761.9209   10.7074
   -7.5000   15.0000  -30.000013685.9082   10.6851
    0.0000   15.0000  -30.000014280.9307   10.6957
    7.5000   15.0000  -30.000013539.5293   10.6961
   -7.5000   22.5000  -30.000013071.6689   10.6717
    0.0000   22.5000  -30.000013657.3682   10.6792
    7.5000   22.5000  -30.000012944.0459   10.6774
   -7.5000   30.0000  -30.000012576.6387   10.5175
    0.0000   30.0000  -30.000013132.8008   10.5296
    7.5000   30.0000  -30.000012418.8623   10.5323
   -7.5000   37.5000  -30.000012128.1562   10.5132
    0.0000   37.5000  -30.000012677.2861   10.5337
    7.5000   37.5000  -30.000011964.5762   10.5439
   -7.5000   45.0000  -30.000011163.6162   10.2635
    0.0000   45.0000  -30.000011673.5479   10.2870
    7.5000   45.0000  -30.000011004.7822   10.2998
   -7.5000  -45.0000  -22.5000 8917.9268   11.6334
    0.0000  -45.0000  -22.5000 9299.4014   11.6576
    7.5000  -45.0000  -22.5000 8843.7559   11.6697
   -7.5000  -37.5000  -22.5000 9590.1514   11.3640
    0.0000  -37.5000  -22.500010005.8867   11.3839
    7.5000  -37.5000  -22.5000 9483.6436   11.3942
   -7.5000  -30.0000  -22.500010687.8174   11.1866
    0.0000  -30.0000  -22.500011157.8506   11.1991
    7.5000  -30.0000  -22.500010576.6152   11.2026
   -7.5000  -22.5000  -22.500011859.3008   11.0670
    0.0000  -22.5000  -22.500012374.4258   11.0766
    7.5000  -22.5000  -22.500011738.6094   11.0762
   -7.5000  -15.0000  -22.500012990.3096   11.0313
    0.0000  -15.0000  -22.500013550.4697   11.0460
    7.5000  -15.0000  -22.500012865.3174   11.0480
   -7.5000   -7.5000  -22.500014043.9102   11.0221
    0.0000   -7.5000  -22.500014639.1895   11.0448
    7.5000   -7.5000  -22.500013904.4912   11.0533
   -7.5000    0.0000  -22.500015057.5889   11.0300
    0.0000    0.0000  -22.500015702.2764   11.0558
    7.5000    0.0000  -22.500014880.8008   11.0682
   -7.5000    7.5000  -22.500014930.5947   11.0357
    0.0000    7.5000  -22.500015561.4814   11.0560
    7.5000    7.5000  -22.500014759.3428   11.0654
   -7.5000   15.0000  -22.500014659.8672   11.0343
    0.0000   15.0000  -22.500015306.1855   11.0467
    7.5000   15.0000  -22.500014507.9268   11.0500
   -7.5000   22.5000  -22.500013992.7852   11.0240
    0.0000   22.5000  -22.500014623.8037   11.0339
    7.5000   22.5000  -22.500013876.1924   11.0337
   -7.5000   30.0000  -22.500013429.2217   10.8767
    0.0000   30.0000  -22.500014003.0381   10.8913
    7.5000   30.0000  -22.500013263.5322   10.8932
   -7.5000   37.5000  -22.500012952.6357   10.8780
    0.0000   37.5000  -22.500013528.4326   10.9004
    7.5000   37.5000  -22.500012803.3457   10.9087
   -7.5000   45.0000  -22.500011912.6963   10.6225
    0.0000   45.0000  -22.500012467.2168   10.6472
    7.5000   45.0000  -22.500011776.6963   10.6592
   -7.5000  -45.0000  -15.0000 9430.9688   11.9061
    0.0000  -45.0000  -15.0000 9848.1924   11.9291
    7.5000  -45.0000  -15.0000 9361.7002   11.9392
   -7.5000  -37.5000  -15.000010155.6484   11.6274
    0.0000  -37.5000  -15.000010606.4404   11.6445
    7.5000  -37.5000  -15.000010065.7871   11.6526
   -7.5000  -30.0000  -15.000011331.1123   11.4404
    0.0000  -30.0000  -15.000011829.6895   11.4513
    7.5000  -30.0000  -15.000011215.0879   11.4525
   -7.5000  -22.5000  -15.000012587.7021   11.3185
    0.0000  -22.5000  -15.000013146.9668   11.3295
    7.5000  -22.5000  -15.000012463.9600   11.3265
   -7.5000  -15.0000  -15.000013838.1709   11.2869
    0.0000  -15.0000  -15.000014440.0811   11.3045
    7.5000  -15.0000  -15.000013698.4180   11.3039
   -7.5000   -7.5000  -15.000015008.4385   11.2825
    0.0000   -7.5000  -15.000015649.3682   11.3067
    7.5000   -7.5000  -15.000014865.1768   11.3132
   -7.5000    0.0000  -15.000016092.2510   11.2910
    0.0000    0.0000  -15.000016776.1602   11.3157
    7.5000    0.0000  -15.000015908.9512   11.3265
   -7.5000    7.5000  -15.000015978.3008   11.2914
    0.0000    7.5000  -15.000016662.8633   11.3091
    7.5000    7.5000  -15.000015813.9082   11.3167
   -7.5000   15.0000  -15.000015662.8096   11.2849
    0.0000   15.0000  -15.000016370.3096   11.2958
    7.5000   15.0000  -15.000015564.6387   11.2969
   -7.5000   22.5000  -15.000014972.6055   11.2742
    0.0000   22.5000  -15.000015653.6113   11.2855
    7.5000   22.5000  -15.000014875.7900   11.2826
   -7.5000   30.0000  -15.000014313.9941   11.1303
    0.0000   30.0000  -15.000014944.0488   11.1477
    7.5000   30.0000  -15.000014160.6045   11.1470
   -7.5000   37.5000  -15.000013789.4316   11.1364
    0.0000   37.5000  -15.000014438.1826   11.1604
    7.5000   37.5000  -15.000013668.8672   11.1668
   -7.5000   45.0000  -15.000012710.6875   10.8803
    0.0000   45.0000  -15.000013311.0439   10.9042
    7.5000   45.0000  -15.000012584.7451   10.9145
   -7.5000  -45.0000   -7.5000 9963.5068   12.0399
    0.0000  -45.0000   -7.500010394.9209   12.0609
    7.5000  -45.0000   -7.5000 9885.2998   12.0702
   -7.5000  -37.5000   -7.500010727.5869   11.7668
    0.0000  -37.5000   -7.500011210.0703   11.7800
    7.5000  -37.5000   -7.500010644.7041   11.7842
   -7.5000  -30.0000   -7.500011953.7910   11.5789
    0.0000  -30.0000   -7.500012503.0547   11.5862
    7.5000  -30.0000   -7.500011852.3359   11.5816
   -7.5000  -22.5000   -7.500013277.0000   11.4502
    0.0000  -22.5000   -7.500013894.3789   11.4603
    7.5000  -22.5000   -7.500013156.1211   11.4529
   -7.5000  -15.0000   -7.500014620.3086   11.4120
    0.0000  -15.0000   -7.500015288.3086   11.4304
    7.5000  -15.0000   -7.500014497.6650   11.4283
   -7.5000   -7.5000   -7.500015945.8926   11.4069
    0.0000   -7.5000   -7.500016654.8145   11.4313
    7.5000   -7.5000   -7.500015810.3975   11.4380
   -7.5000    0.0000   -7.500017174.8613   11.4205
    0.0000    0.0000   -7.500017891.4121   11.4434
    7.5000    0.0000   -7.500017015.5996   11.4534
   -7.5000    7.5000   -7.500017133.0059   11.4269
    0.0000    7.5000   -7.500017873.8906   11.4410
    7.5000    7.5000   -7.500016967.0664   11.4448
   -7.5000   15.0000   -7.500016869.8945   11.4215
    0.0000   15.0000   -7.500017658.5723   11.4291
    7.5000   15.0000   -7.500016743.1387   11.4245
   -7.5000   22.5000   -7.500016091.5938   11.4043
    0.0000   22.5000   -7.500016871.2988   11.4147
    7.5000   22.5000   -7.500015954.6289   11.4074
   -7.5000   30.0000   -7.500015312.8789   11.2534
    0.0000   30.0000   -7.500016022.2168   11.2716
    7.5000   30.0000   -7.500015071.9756   11.2695
   -7.5000   37.5000   -7.500014756.4717   11.2590
    0.0000   37.5000   -7.500015494.8457   11.2830
    7.5000   37.5000   -7.500014525.1328   11.2897
   -7.5000   45.0000   -7.500013618.4727   11.0072
    0.0000   45.0000   -7.500014286.2070   11.0293
    7.5000   45.0000   -7.500013370.3076   11.0389
   -7.5000  -45.0000    0.000010398.2910   12.0663
    0.0000  -45.0000    0.000010878.6318   12.0869
    7.5000  -45.0000    0.000010319.6807   12.0977
   -7.5000  -37.5000    0.000011209.2480   11.8041
    0.0000  -37.5000    0.000011731.8340   11.8165
    7.5000  -37.5000    0.000011135.7021   11.8190
   -7.5000  -30.0000    0.000012495.7412   11.6215
    0.0000  -30.0000    0.000013073.0586   11.6273
    7.5000  -30.0000    0.000012418.9023   11.6192
   -7.5000  -22.5000    0.000013856.5088   11.4862
    0.0000  -22.5000    0.000014500.3740   11.4949
    7.5000  -22.5000    0.000013790.5859   11.4856
   -7.5000  -15.0000    0.000015274.2256   11.4371
    0.0000  -15.0000    0.000015978.9160   11.4545
    7.5000  -15.0000    0.000015221.6670   11.4535
   -7.5000   -7.5000    0.000016736.5684   11.4270
    0.0000   -7.5000    0.000017516.4395   11.4510
    7.5000   -7.5000    0.000016628.3828   11.4600
   -7.5000    0.0000    0.000018197.4668   11.4457
    0.0000    0.0000    0.000019050.9082   11.4683
    7.5000    0.0000    0.000017929.4590   11.4796
   -7.5000    7.5000    0.000018374.9219   11.4630
    0.0000    7.5000    0.000019299.3809   11.4764
    7.5000    7.5000    0.000017920.4609   11.4787
   -7.5000   15.0000    0.000018240.2090   11.4633
    0.0000   15.0000    0.000019248.0332   11.4695
    7.5000   15.0000    0.000017712.0059   11.4616
   -7.5000   22.5000    0.000017283.9297   11.4402
    0.0000   22.5000    0.000018186.6777   11.4491
    7.5000   22.5000    0.000016835.5742   11.4400
   -7.5000   30.0000    0.000016197.0566   11.2785
    0.0000   30.0000    0.000016983.1934   11.2957
    7.5000   30.0000    0.000015773.8525   11.2947
   -7.5000   37.5000    0.000015569.4219   11.2791
    0.0000   37.5000    0.000016344.0029   11.3028
    7.5000   37.5000    0.000015167.9727   11.3117
   -7.5000   45.0000    0.000014358.6689   11.0324
    0.0000   45.0000    0.000015058.5059   11.0541
    7.5000   45.0000    0.000014014.1084   11.0650
   -7.5000  -45.0000    7.500010025.6699   12.0732
    0.0000  -45.0000    7.500010506.6191   12.0957
    7.5000  -45.0000    7.5000 9994.2139   12.1088
   -7.5000  -37.5000    7.500010807.8750   11.8126
    0.0000  -37.5000    7.500011312.9678   11.8286
    7.5000  -37.5000    7.500010765.2627   11.8340
   -7.5000  -30.0000    7.500012059.3389   11.6354
    0.0000  -30.0000    7.500012618.8838   11.6434
    7.5000  -30.0000    7.500011989.0918   11.6380
   -7.5000  -22.5000    7.500013435.5957   11.5006
    0.0000  -22.5000    7.500014062.7051   11.5080
    7.5000  -22.5000    7.500013339.4854   11.5014
   -7.5000  -15.0000    7.500014868.3633   11.4475
    0.0000  -15.0000    7.500015568.9980   11.4622
    7.5000  -15.0000    7.500014721.9180   11.4635
   -7.5000   -7.5000    7.500016267.2676   11.4322
    0.0000   -7.5000    7.500017058.1152   11.4550
    7.5000   -7.5000    7.500016062.6172   11.4661
   -7.5000    0.0000    7.500017612.1426   11.4496
    0.0000    0.0000    7.500018437.4297   11.4738
    7.5000    0.0000    7.500017257.3398   11.4872
   -7.5000    7.5000    7.500017823.7402   11.4712
    0.0000    7.5000    7.500018830.5078   11.4880
    7.5000    7.5000    7.500017284.8809   11.4928
   -7.5000   15.0000    7.500017859.0195   11.4767
    0.0000   15.0000    7.500019029.8945   11.4850
    7.5000   15.0000    7.500017189.7070   11.4797
   -7.5000   22.5000    7.500016926.0098   11.4543
    0.0000   22.5000    7.500017913.7188   11.4620
    7.5000   22.5000    7.500016372.2500   11.4556
   -7.5000   30.0000    7.500015669.0166   11.2887
    0.0000   30.0000    7.500016463.8672   11.3032
    7.5000   30.0000    7.500015268.6914   11.3045
   -7.5000   37.5000    7.500014995.9941   11.2842
    0.0000   37.5000    7.500015732.9990   11.3068
    7.5000   37.5000    7.500014652.3369   11.3177
   -7.5000   45.0000    7.500013836.4775   11.0361
    0.0000   45.0000    7.500014528.7529   11.0595
    7.5000   45.0000    7.500013553.1924   11.0724
   -7.5000  -45.0000   15.0000 9554.8545   12.0860
    0.0000  -45.0000   15.000010033.3369   12.1106
    7.5000  -45.0000   15.0000 9494.3320   12.1247
   -7.5000  -37.5000   15.000010321.4639   11.8165
    0.0000  -37.5000   15.000010840.9102   11.8366
    7.5000  -37.5000   15.000010235.3760   11.8461
   -7.5000  -30.0000   15.000011558.4785   11.6387
    0.0000  -30.0000   15.000012130.7305   11.6500
    7.5000  -30.0000   15.000011426.8838   11.6506
   -7.5000  -22.5000   15.000012901.1172   11.5094
    0.0000  -22.5000   15.000013526.1973   11.5170
    7.5000  -22.5000   15.000012742.7578   11.5150
   -7.5000  -15.0000   15.000014227.5879   11.4620
    0.0000  -15.0000   15.000014919.9854   11.4751
    7.5000  -15.0000   15.000014053.8711   11.4782
   -7.5000   -7.5000   15.000015492.4541   11.4466
    0.0000   -7.5000   15.000016258.7480   11.4689
    7.5000   -7.5000   15.000015308.8154   11.4800
   -7.5000    0.0000   15.000016709.9434   11.4586
    0.0000    0.0000   15.000017533.2754   11.4848
    7.5000    0.0000   15.000016463.0742   11.4991
   -7.5000    7.5000   15.000016829.8516   11.4749
    0.0000    7.5000   15.000017834.5059   11.4954
    7.5000    7.5000   15.000016503.5449   11.5039
   -7.5000   15.0000   15.000016794.5156   11.4798
    0.0000   15.0000   15.000017870.9434   11.4912
    7.5000   15.0000   15.000016404.8457   11.4917
   -7.5000   22.5000   15.000015937.1836   11.4628
    0.0000   22.5000   15.000016799.8223   11.4708
    7.5000   22.5000   15.000015634.7744   11.4690
   -7.5000   30.0000   15.000014821.6924   11.3030
    0.0000   30.0000   15.000015511.2188   11.3159
    7.5000   30.0000   15.000014560.7559   11.3189
   -7.5000   37.5000   15.000014275.4482   11.2985
    0.0000   37.5000   15.000014919.6982   11.3205
    7.5000   37.5000   15.000014000.7598   11.3314
   -7.5000   45.0000   15.000013218.1611   11.0448
    0.0000   45.0000   15.000013815.6162   11.0701
    7.5000   45.0000   15.000012948.7852   11.0838
   -7.5000  -45.0000   22.5000 8972.6104   12.1399
    0.0000  -45.0000   22.5000 9419.6855   12.1650
    7.5000  -45.0000   22.5000 8902.7031   12.1777
   -7.5000  -37.5000   22.5000 9710.0869   11.8574
    0.0000  -37.5000   22.500010181.3682   11.8781
    7.5000  -37.5000   22.5000 9616.8086   11.8890
   -7.5000  -30.0000   22.500010883.5684   11.6713
    0.0000  -30.0000   22.500011383.9678   11.6842
    7.5000  -30.0000   22.500010751.8789   11.6879
   -7.5000  -22.5000   22.500012113.5146   11.5459
    0.0000  -22.5000   22.500012646.7334   11.5558
    7.5000  -22.5000   22.500011969.6143   11.5555
   -7.5000  -15.0000   22.500013322.4482   11.5087
    0.0000  -15.0000   22.500013911.7178   11.5239
    7.5000  -15.0000   22.500013177.7939   11.5261
   -7.5000   -7.5000   22.500014477.6816   11.4993
    0.0000   -7.5000   22.500015138.9082   11.5229
    7.5000   -7.5000   22.500014338.4287   11.5318
   -7.5000    0.0000   22.500015590.3818   11.5076
    0.0000    0.0000   22.500016290.7119   11.5343
    7.5000    0.0000   22.500015420.7178   11.5475
   -7.5000    7.5000   22.500015699.8506   11.5133
    0.0000    7.5000   22.500016456.1836   11.5344
    7.5000    7.5000   22.500015477.1201   11.5443
   -7.5000   15.0000   22.500015571.3809   11.5116
    0.0000   15.0000   22.500016273.3838   11.5244
    7.5000   15.0000   22.500015325.6025   11.5280
   -7.5000   22.5000   22.500014820.0391   11.4991
    0.0000   22.5000   22.500015407.0830   11.5093
    7.5000   22.5000   22.500014635.3877   11.5092
   -7.5000   30.0000   22.500013862.5947   11.3490
    0.0000   30.0000   22.500014391.0176   11.3640
    7.5000   30.0000   22.500013675.7168   11.3661
   -7.5000   37.5000   22.500013417.2441   11.3505
    0.0000   37.5000   22.500013957.0488   11.3738
    7.5000   37.5000   22.500013190.4219   11.3826
   -7.5000   45.0000   22.500012456.3145   11.0920
    0.0000   45.0000   22.500012960.5117   11.1178
    7.5000   45.0000   22.500012226.0547   11.1304
   -7.5000  -45.0000   30.0000 8315.6084   12.2987
    0.0000  -45.0000   30.0000 8690.3809   12.3225
    7.5000  -45.0000   30.0000 8268.1855   12.3333
   -7.5000  -37.5000   30.0000 9017.1260   12.0051
    0.0000  -37.5000   30.0000 9407.0479   12.0227
    7.5000  -37.5000   30.0000 8949.7959   12.0315
   -7.5000  -30.0000   30.000010101.9531   11.8084
    0.0000  -30.0000   30.000010526.0117   11.8195
    7.5000  -30.0000   30.0000 9999.1807   11.8209
   -7.5000  -22.5000   30.000011224.7119   11.6811
    0.0000  -22.5000   30.000011688.9951   11.6925
    7.5000  -22.5000   30.000011102.7207   11.6894
   -7.5000  -15.0000   30.000012348.8701   11.6495
    0.0000  -15.0000   30.000012858.6611   11.6678
    7.5000  -15.0000   30.000012203.7559   11.6673
   -7.5000   -7.5000   30.000013413.0068   11.6460
    0.0000   -7.5000   30.000013957.1309   11.6712
    7.5000   -7.5000   30.000013282.7471   11.6781
   -7.5000    0.0000   30.000014467.6035   11.6548
    0.0000    0.0000   30.000015046.1357   11.6804
    7.5000    0.0000   30.000014311.7578   11.6918
   -7.5000    7.5000   30.000014523.0029   11.6540
    0.0000    7.5000   30.000015102.2236   11.6722
    7.5000    7.5000   30.000014346.4736   11.6803
   -7.5000   15.0000   30.000014334.5107   11.6461
    0.0000   15.0000   30.000014861.3955   11.6573
    7.5000   15.0000   30.000014160.9443   11.6585
   -7.5000   22.5000   30.000013729.0693   11.6339
    0.0000   22.5000   30.000014206.9971   11.6456
    7.5000   22.5000   30.000013564.9082   11.6426
   -7.5000   30.0000   30.000012899.7734   11.4877
    0.0000   30.0000   30.000013357.1348   11.5058
    7.5000   30.0000   30.000012723.9971   11.5052
   -7.5000   37.5000   30.000012478.2617   11.4953
    0.0000   37.5000   30.000012946.6045   11.5202
    7.5000   37.5000   30.000012288.8047   11.5269
   -7.5000   45.0000   30.000011602.7266   11.2339
    0.0000   45.0000   30.000012032.8145   11.2586
    7.5000   45.0000   30.000011415.8916   11.2696
   -7.5000  -45.0000   37.5000 8002.9072   12.5868
    0.0000  -45.0000   37.5000 8351.8652   12.6092
    7.5000  -45.0000   37.5000 7965.4741   12.6202
   -7.5000  -37.5000   37.5000 8689.6787   12.2890
    0.0000  -37.5000   37.5000 9044.6768   12.3027
    7.5000  -37.5000   37.5000 8623.4863   12.3079
   -7.5000  -30.0000   37.5000 9739.6924   12.0865
    0.0000  -30.0000   37.500010123.2607   12.0938
    7.5000  -30.0000   37.5000 9635.0928   12.0892
   -7.5000  -22.5000   37.500010810.0293   11.9505
    0.0000  -22.5000   37.500011230.1680   11.9609
    7.5000  -22.5000   37.500010684.5137   11.9531
   -7.5000  -15.0000   37.500011880.7188   11.9122
    0.0000  -15.0000   37.500012346.5859   11.9318
    7.5000  -15.0000   37.500011745.2197   11.9299
   -7.5000   -7.5000   37.500012910.7500   11.9063
    0.0000   -7.5000   37.500013434.1846   11.9324
    7.5000   -7.5000   37.500012792.2656   11.9403
   -7.5000    0.0000   37.500013911.6221   11.9185
    0.0000    0.0000   37.500014478.1357   11.9429
    7.5000    0.0000   37.500013778.9668   11.9546
   -7.5000    7.5000   37.500013903.4668   11.9234
    0.0000    7.5000   37.500014429.0645   11.9381
    7.5000    7.5000   37.500013756.8398   11.9430
   -7.5000   15.0000   37.500013721.3486   11.9179
    0.0000   15.0000   37.500014211.8623   11.9256
    7.5000   15.0000   37.500013559.9570   11.9210
   -7.5000   22.5000   37.500013216.1680   11.9019
    0.0000   22.5000   37.500013695.8525   11.9127
    7.5000   22.5000   37.500013060.4258   11.9050
   -7.5000   30.0000   37.500012422.9580   11.7465
    0.0000   30.0000   37.500012865.1807   11.7659
    7.5000   30.0000   37.500012250.3701   11.7640
   -7.5000   37.5000   37.500012029.5801   11.7522
    0.0000   37.5000   37.500012473.2129   11.7780
    7.5000   37.5000   37.500011852.7598   11.7858
   -7.5000   45.0000   37.500011210.8232   11.4881
    0.0000   45.0000   37.500011637.2168   11.5116
    7.5000   45.0000   37.500011042.8965   11.5228
   -7.5000  -45.0000   45.0000 7368.8569   12.9104
    0.0000  -45.0000   45.0000 7698.8750   12.9338
    7.5000  -45.0000   45.0000 7332.5171   12.9476
   -7.5000  -37.5000   45.0000 8003.5425   12.6070
    0.0000  -37.5000   45.0000 8344.3311   12.6210
    7.5000  -37.5000   45.0000 7936.1533   12.6258
   -7.5000  -30.0000   45.0000 8968.8047   12.4019
    0.0000  -30.0000   45.0000 9330.3721   12.4081
    7.5000  -30.0000   45.0000 8878.4893   12.4006
   -7.5000  -22.5000   45.0000 9950.8740   12.2551
    0.0000  -22.5000   45.000010352.7109   12.2641
    7.5000  -22.5000   45.0000 9845.4434   12.2548
   -7.5000  -15.0000   45.000010922.8486   12.2054
    0.0000  -15.0000   45.000011360.5576   12.2243
    7.5000  -15.0000   45.000010817.8604   12.2242
   -7.5000   -7.5000   45.000011866.6621   12.1922
    0.0000   -7.5000   45.000012360.8252   12.2188
    7.5000   -7.5000   45.000011771.4951   12.2302
   -7.5000    0.0000   45.000012766.3867   12.2073
    0.0000    0.0000   45.000013303.1875   12.2327
    7.5000    0.0000   45.000012661.4824   12.2469
   -7.5000    7.5000   45.000012726.3203   12.2227
    0.0000    7.5000   45.000013226.9043   12.2378
    7.5000    7.5000   45.000012598.1826   12.2421
   -7.5000   15.0000   45.000012549.7881   12.2248
    0.0000   15.0000   45.000013029.1270   12.2314
    7.5000   15.0000   45.000012410.6836   12.2241
   -7.5000   22.5000   45.000012153.8252   12.2046
    0.0000   22.5000   45.000012616.1611   12.2139
    7.5000   22.5000   45.000012024.9727   12.2048
   -7.5000   30.0000   45.000011415.5527   12.0342
    0.0000   30.0000   45.000011835.9277   12.0529
    7.5000   30.0000   45.000011275.3281   12.0527
   -7.5000   37.5000   45.000011058.5244   12.0334
    0.0000   37.5000   45.000011474.6094   12.0596
    7.5000   37.5000   45.000010910.0518   12.0709
   -7.5000   45.0000   45.000010324.6279   11.7718
    0.0000   45.0000   45.000010716.2061   11.7963
    7.5000   45.0000   45.000010177.8760   11.8100

---------------------------------------------------------------------
imgreg_4dfp /opt/freesurfer/average/711-2C_as_mni_average_305 /opt/freesurfer/average/711-2B_as_mni_average_305_mask talsrcimg_g11 none talsrcimg_to_711-2C_as_mni_average_305_t4 4355
---------------------------------------------------------------------

freesurfer imgreg_4dfp.c
/opt/freesurfer/average/711-2C_as_mni_average_305.4dfp.img
       256       256       256         1
  1.000000  1.000000  1.000000
orientation T byte_order littleendian
Reading image: /opt/freesurfer/average/711-2C_as_mni_average_305.4dfp.img
dimensions:      256       256       256
mmppix:       1.0000   -1.0000   -1.0000
center:     128.0000 -129.0000 -129.0000
/opt/freesurfer/average/711-2B_as_mni_average_305_mask.4dfp.img
       256       256       256         1
  1.000000  1.000000  1.000000
orientation T byte_order littleendian
Reading mask: /opt/freesurfer/average/711-2B_as_mni_average_305_mask.4dfp.img (2306576 pixels)
talsrcimg_g11.4dfp.img
       256       256       256         1
  1.000000  1.000000  1.000000
orientation T byte_order littleendian
Reading image: talsrcimg_g11.4dfp.img
dimensions:      256       256       256
mmppix:       1.0000   -1.0000   -1.0000
center:     128.0000 -129.0000 -129.0000
rotation matrix determinant  1.000000
image alignment mode   4355 decimal     1103 hex
   -7.5000  -37.5000  -45.0000 2222.6230   13.7435
    0.0000  -37.5000  -45.0000 2233.4475   13.8114
    7.5000  -37.5000  -45.0000 2213.3264   13.9225
   -7.5000  -30.0000  -45.0000 2322.6340   12.6096
    0.0000  -30.0000  -45.0000 2333.8486   12.6972
    7.5000  -30.0000  -45.0000 2311.6853   12.7548
   -7.5000  -22.5000  -45.0000 2403.6833   11.7470
    0.0000  -22.5000  -45.0000 2415.0249   11.8371
    7.5000  -22.5000  -45.0000 2390.7651   11.8747
   -7.5000  -15.0000  -45.0000 2445.8325   11.1356
    0.0000  -15.0000  -45.0000 2454.8379   11.2310
    7.5000  -15.0000  -45.0000 2435.3677   11.2889
   -7.5000   -7.5000  -45.0000 2475.3679   10.7056
    0.0000   -7.5000  -45.0000 2484.2671   10.7822
    7.5000   -7.5000  -45.0000 2463.2642   10.8919
   -7.5000    0.0000  -45.0000 2484.5845   10.4946
    0.0000    0.0000  -45.0000 2494.3923   10.5580
    7.5000    0.0000  -45.0000 2473.4011   10.6783
   -7.5000    7.5000  -45.0000 2485.4507   10.4716
    0.0000    7.5000  -45.0000 2494.6909   10.5032
    7.5000    7.5000  -45.0000 2471.6182   10.6399
   -7.5000   15.0000  -45.0000 2477.9517   10.5355
    0.0000   15.0000  -45.0000 2488.5359   10.5857
    7.5000   15.0000  -45.0000 2464.8743   10.7257
   -7.5000   22.5000  -45.0000 2465.9148   10.7777
    0.0000   22.5000  -45.0000 2476.9639   10.8421
    7.5000   22.5000  -45.0000 2449.0667   10.9748
   -7.5000   30.0000  -45.0000 2437.7620   11.1660
    0.0000   30.0000  -45.0000 2449.4341   11.2279
    7.5000   30.0000  -45.0000 2421.8335   11.3937
   -7.5000   37.5000  -45.0000 2399.7737   11.7302
    0.0000   37.5000  -45.0000 2409.8911   11.7993
    7.5000   37.5000  -45.0000 2381.8015   11.9691
   -7.5000   45.0000  -45.0000 2339.6062   12.4947
    0.0000   45.0000  -45.0000 2348.4431   12.5802
    7.5000   45.0000  -45.0000 2323.7568   12.7711
   -7.5000   52.5000  -45.0000 2239.6980   13.3989
    0.0000   52.5000  -45.0000 2246.2930   13.4502
    7.5000   52.5000  -45.0000 2228.1938   13.6612
   -7.5000  -37.5000  -37.5000 2295.4492   12.9735
    0.0000  -37.5000  -37.5000 2308.2971   13.0537
    7.5000  -37.5000  -37.5000 2278.0515   13.1683
   -7.5000  -30.0000  -37.5000 2399.0496   11.8887
    0.0000  -30.0000  -37.5000 2410.9431   11.9334
    7.5000  -30.0000  -37.5000 2384.7354   12.0312
   -7.5000  -22.5000  -37.5000 2484.8835   11.0598
    0.0000  -22.5000  -37.5000 2498.1990   11.1004
    7.5000  -22.5000  -37.5000 2469.7356   11.1941
   -7.5000  -15.0000  -37.5000 2533.3555   10.4707
    0.0000  -15.0000  -37.5000 2543.6746   10.5154
    7.5000  -15.0000  -37.5000 2518.5256   10.6060
   -7.5000   -7.5000  -37.5000 2567.1289   10.0242
    0.0000   -7.5000  -37.5000 2578.0154   10.0726
    7.5000   -7.5000  -37.5000 2555.5447   10.1848
   -7.5000    0.0000  -37.5000 2585.5457    9.7568
    0.0000    0.0000  -37.5000 2596.5811    9.7921
    7.5000    0.0000  -37.5000 2575.2942    9.9226
   -7.5000    7.5000  -37.5000 2585.0640    9.6984
    0.0000    7.5000  -37.5000 2590.8555    9.7342
    7.5000    7.5000  -37.5000 2571.6836    9.8682
   -7.5000   15.0000  -37.5000 2576.8279    9.7452
    0.0000   15.0000  -37.5000 2584.6348    9.8018
    7.5000   15.0000  -37.5000 2564.1663    9.9404
   -7.5000   22.5000  -37.5000 2563.2957    9.9432
    0.0000   22.5000  -37.5000 2573.2314    9.9962
    7.5000   22.5000  -37.5000 2548.4668   10.1472
   -7.5000   30.0000  -37.5000 2538.8596   10.2805
    0.0000   30.0000  -37.5000 2550.6829   10.3298
    7.5000   30.0000  -37.5000 2524.6621   10.4965
   -7.5000   37.5000  -37.5000 2499.1863   10.7843
    0.0000   37.5000  -37.5000 2509.4600   10.8665
    7.5000   37.5000  -37.5000 2479.8291   11.0411
   -7.5000   45.0000  -37.5000 2439.8743   11.4753
    0.0000   45.0000  -37.5000 2450.2502   11.5592
    7.5000   45.0000  -37.5000 2421.2285   11.7640
   -7.5000   52.5000  -37.5000 2339.3608   12.3536
    0.0000   52.5000  -37.5000 2346.7402   12.3946
    7.5000   52.5000  -37.5000 2323.7771   12.5978
   -7.5000  -37.5000  -30.0000 2400.9268   12.7745
    0.0000  -37.5000  -30.0000 2410.5886   12.8492
    7.5000  -37.5000  -30.0000 2382.9553   12.9738
   -7.5000  -30.0000  -30.0000 2507.4656   11.6553
    0.0000  -30.0000  -30.0000 2521.1956   11.6848
    7.5000  -30.0000  -30.0000 2489.7151   11.8302
   -7.5000  -22.5000  -30.0000 2603.5869   10.8051
    0.0000  -22.5000  -30.0000 2617.4163   10.8080
    7.5000  -22.5000  -30.0000 2588.0952   10.9594
   -7.5000  -15.0000  -30.0000 2655.6418   10.1947
    0.0000  -15.0000  -30.0000 2668.8979   10.1815
    7.5000  -15.0000  -30.0000 2642.6260   10.3349
   -7.5000   -7.5000  -30.0000 2689.2034    9.7545
    0.0000   -7.5000  -30.0000 2699.1880    9.7548
    7.5000   -7.5000  -30.0000 2678.8831    9.8897
   -7.5000    0.0000  -30.0000 2719.6409    9.4244
    0.0000    0.0000  -30.0000 2733.4365    9.4350
    7.5000    0.0000  -30.0000 2707.1282    9.5899
   -7.5000    7.5000  -30.0000 2724.5002    9.3054
    0.0000    7.5000  -30.0000 2736.8586    9.3187
    7.5000    7.5000  -30.0000 2709.2263    9.4829
   -7.5000   15.0000  -30.0000 2724.6997    9.3345
    0.0000   15.0000  -30.0000 2732.5259    9.3702
    7.5000   15.0000  -30.0000 2707.3611    9.5484
   -7.5000   22.5000  -30.0000 2714.0833    9.5243
    0.0000   22.5000  -30.0000 2723.1033    9.5445
    7.5000   22.5000  -30.0000 2697.0034    9.7273
   -7.5000   30.0000  -30.0000 2691.5679    9.8489
    0.0000   30.0000  -30.0000 2701.5896    9.8768
    7.5000   30.0000  -30.0000 2676.9861   10.0563
   -7.5000   37.5000  -30.0000 2650.5962   10.3164
    0.0000   37.5000  -30.0000 2657.0325   10.3644
    7.5000   37.5000  -30.0000 2630.5334   10.5709
   -7.5000   45.0000  -30.0000 2583.7014   10.9978
    0.0000   45.0000  -30.0000 2590.5425   11.0658
    7.5000   45.0000  -30.0000 2562.9346   11.2695
   -7.5000   52.5000  -30.0000 2476.7725   11.8487
    0.0000   52.5000  -30.0000 2483.2532   11.8859
    7.5000   52.5000  -30.0000 2456.3147   12.0895
   -7.5000  -37.5000  -22.5000 2470.3423   12.4717
    0.0000  -37.5000  -22.5000 2481.4622   12.5219
    7.5000  -37.5000  -22.5000 2456.4004   12.6427
   -7.5000  -30.0000  -22.5000 2578.7998   11.3409
    0.0000  -30.0000  -22.5000 2593.7676   11.3782
    7.5000  -30.0000  -22.5000 2568.1970   11.5059
   -7.5000  -22.5000  -22.5000 2677.3005   10.4764
    0.0000  -22.5000  -22.5000 2693.3372   10.4981
    7.5000  -22.5000  -22.5000 2667.2603   10.6335
   -7.5000  -15.0000  -22.5000 2738.1912    9.8430
    0.0000  -15.0000  -22.5000 2753.1077    9.8365
    7.5000  -15.0000  -22.5000 2727.6409    9.9842
   -7.5000   -7.5000  -22.5000 2779.1328    9.3754
    0.0000   -7.5000  -22.5000 2791.6755    9.3519
    7.5000   -7.5000  -22.5000 2767.4917    9.5084
   -7.5000    0.0000  -22.5000 2816.5020    9.0433
    0.0000    0.0000  -22.5000 2831.7559    9.0276
    7.5000    0.0000  -22.5000 2799.2551    9.2101
   -7.5000    7.5000  -22.5000 2829.9255    8.8736
    0.0000    7.5000  -22.5000 2841.6943    8.8528
    7.5000    7.5000  -22.5000 2816.3064    9.0535
   -7.5000   15.0000  -22.5000 2839.6826    8.8794
    0.0000   15.0000  -22.5000 2848.3975    8.8858
    7.5000   15.0000  -22.5000 2819.1597    9.0810
   -7.5000   22.5000  -22.5000 2832.7861    9.0527
    0.0000   22.5000  -22.5000 2843.7910    9.0420
    7.5000   22.5000  -22.5000 2818.7141    9.2377
   -7.5000   30.0000  -22.5000 2811.5940    9.3659
    0.0000   30.0000  -22.5000 2822.6428    9.3673
    7.5000   30.0000  -22.5000 2796.6614    9.5597
   -7.5000   37.5000  -22.5000 2769.6592    9.8455
    0.0000   37.5000  -22.5000 2776.1833    9.8586
    7.5000   37.5000  -22.5000 2751.6072   10.0706
   -7.5000   45.0000  -22.5000 2700.6799   10.5077
    0.0000   45.0000  -22.5000 2705.5640   10.5496
    7.5000   45.0000  -22.5000 2680.9958   10.7505
   -7.5000   52.5000  -22.5000 2583.0994   11.3090
    0.0000   52.5000  -22.5000 2587.4077   11.3522
    7.5000   52.5000  -22.5000 2562.4722   11.5543
   -7.5000  -37.5000  -15.0000 2497.1235   12.1679
    0.0000  -37.5000  -15.0000 2514.0530   12.1848
    7.5000  -37.5000  -15.0000 2487.9961   12.3375
   -7.5000  -30.0000  -15.0000 2607.7380   11.0486
    0.0000  -30.0000  -15.0000 2625.3237   11.0501
    7.5000  -30.0000  -15.0000 2596.6233   11.1991
   -7.5000  -22.5000  -15.0000 2711.3662   10.1601
    0.0000  -22.5000  -15.0000 2727.6953   10.1628
    7.5000  -22.5000  -15.0000 2701.0432   10.3199
   -7.5000  -15.0000  -15.0000 2781.7109    9.4946
    0.0000  -15.0000  -15.0000 2797.8560    9.4753
    7.5000  -15.0000  -15.0000 2772.5686    9.6451
   -7.5000   -7.5000  -15.0000 2831.3157    9.0099
    0.0000   -7.5000  -15.0000 2842.9385    8.9820
    7.5000   -7.5000  -15.0000 2823.8352    9.1517
   -7.5000    0.0000  -15.0000 2867.5532    8.6700
    0.0000    0.0000  -15.0000 2883.2163    8.6283
    7.5000    0.0000  -15.0000 2857.8154    8.8339
   -7.5000    7.5000  -15.0000 2895.0422    8.4980
    0.0000    7.5000  -15.0000 2909.5234    8.4537
    7.5000    7.5000  -15.0000 2884.7041    8.6826
   -7.5000   15.0000  -15.0000 2909.9448    8.4863
    0.0000   15.0000  -15.0000 2921.2971    8.4674
    7.5000   15.0000  -15.0000 2896.7788    8.6947
   -7.5000   22.5000  -15.0000 2914.5977    8.6197
    0.0000   22.5000  -15.0000 2926.2979    8.5884
    7.5000   22.5000  -15.0000 2900.9219    8.8376
   -7.5000   30.0000  -15.0000 2895.1431    8.9304
    0.0000   30.0000  -15.0000 2907.5674    8.8989
    7.5000   30.0000  -15.0000 2881.8015    9.1500
   -7.5000   37.5000  -15.0000 2846.0969    9.4048
    0.0000   37.5000  -15.0000 2857.2686    9.4189
    7.5000   37.5000  -15.0000 2834.3000    9.6451
   -7.5000   45.0000  -15.0000 2773.5305   10.0565
    0.0000   45.0000  -15.0000 2781.3691   10.0848
    7.5000   45.0000  -15.0000 2760.3113   10.3101
   -7.5000   52.5000  -15.0000 2654.2278   10.8401
    0.0000   52.5000  -15.0000 2661.6167   10.8669
    7.5000   52.5000  -15.0000 2638.8333   11.0811
   -7.5000  -37.5000   -7.5000 2508.2195   11.9725
    0.0000  -37.5000   -7.5000 2519.5940   11.9408
    7.5000  -37.5000   -7.5000 2499.4065   12.1404
   -7.5000  -30.0000   -7.5000 2614.1597   10.8318
    0.0000  -30.0000   -7.5000 2627.8013   10.8087
    7.5000  -30.0000   -7.5000 2606.0166   10.9750
   -7.5000  -22.5000   -7.5000 2717.0027    9.9092
    0.0000  -22.5000   -7.5000 2729.0696    9.8954
    7.5000  -22.5000   -7.5000 2709.3584   10.0545
   -7.5000  -15.0000   -7.5000 2792.6963    9.2104
    0.0000  -15.0000   -7.5000 2805.2043    9.1905
    7.5000  -15.0000   -7.5000 2790.9785    9.3520
   -7.5000   -7.5000   -7.5000 2858.4080    8.7129
    0.0000   -7.5000   -7.5000 2868.1777    8.6650
    7.5000   -7.5000   -7.5000 2855.0979    8.8432
   -7.5000    0.0000   -7.5000 2898.3330    8.4002
    0.0000    0.0000   -7.5000 2905.2581    8.3317
    7.5000    0.0000   -7.5000 2895.7766    8.5516
   -7.5000    7.5000   -7.5000 2938.1506    8.2428
    0.0000    7.5000   -7.5000 2949.4280    8.1879
    7.5000    7.5000   -7.5000 2931.2146    8.4098
   -7.5000   15.0000   -7.5000 2959.6643    8.2321
    0.0000   15.0000   -7.5000 2973.1243    8.1957
    7.5000   15.0000   -7.5000 2948.3604    8.4358
   -7.5000   22.5000   -7.5000 2970.0696    8.2923
    0.0000   22.5000   -7.5000 2982.6194    8.2666
    7.5000   22.5000   -7.5000 2955.3916    8.5094
   -7.5000   30.0000   -7.5000 2949.8408    8.5697
    0.0000   30.0000   -7.5000 2962.5664    8.5549
    7.5000   30.0000   -7.5000 2930.8342    8.7806
   -7.5000   37.5000   -7.5000 2901.5596    9.0497
    0.0000   37.5000   -7.5000 2916.9539    9.0547
    7.5000   37.5000   -7.5000 2884.1316    9.2476
   -7.5000   45.0000   -7.5000 2824.4270    9.7099
    0.0000   45.0000   -7.5000 2836.2791    9.7304
    7.5000   45.0000   -7.5000 2810.5054    9.8992
   -7.5000   52.5000   -7.5000 2701.2200   10.5088
    0.0000   52.5000   -7.5000 2714.5874   10.5097
    7.5000   52.5000   -7.5000 2688.3438   10.6821
   -7.5000  -37.5000    0.0000 2501.2197   11.9323
    0.0000  -37.5000    0.0000 2512.2168   11.8843
    7.5000  -37.5000    0.0000 2493.5183   12.1042
   -7.5000  -30.0000    0.0000 2605.2830   10.7622
    0.0000  -30.0000    0.0000 2612.5354   10.7122
    7.5000  -30.0000    0.0000 2596.6013   10.9279
   -7.5000  -22.5000    0.0000 2702.4407    9.8260
    0.0000  -22.5000    0.0000 2711.3696    9.7703
    7.5000  -22.5000    0.0000 2700.3364    9.9769
   -7.5000  -15.0000    0.0000 2784.7625    9.0936
    0.0000  -15.0000    0.0000 2794.9143    9.0401
    7.5000  -15.0000    0.0000 2792.1804    9.2497
   -7.5000   -7.5000    0.0000 2863.0344    8.6197
    0.0000   -7.5000    0.0000 2875.1809    8.5527
    7.5000   -7.5000    0.0000 2868.4897    8.7470
   -7.5000    0.0000    0.0000 2923.5042    8.3187
    0.0000    0.0000    0.0000 2937.5300    8.2563
    7.5000    0.0000    0.0000 2922.0330    8.4237
   -7.5000    7.5000    0.0000 2970.1279    8.2085
    0.0000    7.5000    0.0000 2992.5645    8.1569
    7.5000    7.5000    0.0000 2963.0205    8.2749
   -7.5000   15.0000    0.0000 2998.0518    8.2211
    0.0000   15.0000    0.0000 3023.4465    8.2087
    7.5000   15.0000    0.0000 2983.9404    8.2739
   -7.5000   22.5000    0.0000 3008.0884    8.1832
    0.0000   22.5000    0.0000 3026.7385    8.1997
    7.5000   22.5000    0.0000 2987.9045    8.3052
   -7.5000   30.0000    0.0000 2986.0186    8.3390
    0.0000   30.0000    0.0000 3000.5276    8.3379
    7.5000   30.0000    0.0000 2963.4587    8.5085
   -7.5000   37.5000    0.0000 2934.0493    8.8020
    0.0000   37.5000    0.0000 2947.4382    8.8031
    7.5000   37.5000    0.0000 2914.1277    8.9668
   -7.5000   45.0000    0.0000 2859.1199    9.4760
    0.0000   45.0000    0.0000 2869.3557    9.4842
    7.5000   45.0000    0.0000 2838.3389    9.6546
   -7.5000   52.5000    0.0000 2733.4407   10.2810
    0.0000   52.5000    0.0000 2746.4983   10.2768
    7.5000   52.5000    0.0000 2716.0598   10.4458
   -7.5000  -37.5000    7.5000 2485.4846   12.0181
    0.0000  -37.5000    7.5000 2493.8606   11.9742
    7.5000  -37.5000    7.5000 2483.8816   12.2382
   -7.5000  -30.0000    7.5000 2584.1318   10.8498
    0.0000  -30.0000    7.5000 2592.5671   10.7927
    7.5000  -30.0000    7.5000 2580.1511   11.0357
   -7.5000  -22.5000    7.5000 2690.8997    9.9391
    0.0000  -22.5000    7.5000 2698.7378    9.8783
    7.5000  -22.5000    7.5000 2688.6968   10.0810
   -7.5000  -15.0000    7.5000 2780.0508    9.2180
    0.0000  -15.0000    7.5000 2788.1272    9.1816
    7.5000  -15.0000    7.5000 2777.8164    9.3379
   -7.5000   -7.5000    7.5000 2863.8645    8.6971
    0.0000   -7.5000    7.5000 2878.2678    8.6753
    7.5000   -7.5000    7.5000 2858.7354    8.8065
   -7.5000    0.0000    7.5000 2934.8066    8.3606
    0.0000    0.0000    7.5000 2951.7324    8.3429
    7.5000    0.0000    7.5000 2920.5637    8.4515
   -7.5000    7.5000    7.5000 3001.8096    8.2202
    0.0000    7.5000    7.5000 3028.8752    8.2120
    7.5000    7.5000    7.5000 2981.4712    8.2800
   -7.5000   15.0000    7.5000 3028.5686    8.2752
    0.0000   15.0000    7.5000 3065.9155    8.3149
    7.5000   15.0000    7.5000 3004.3022    8.2890
   -7.5000   22.5000    7.5000 3023.9800    8.2633
    0.0000   22.5000    7.5000 3048.0862    8.3034
    7.5000   22.5000    7.5000 2999.3252    8.2990
   -7.5000   30.0000    7.5000 2997.9941    8.3345
    0.0000   30.0000    7.5000 3013.8896    8.3474
    7.5000   30.0000    7.5000 2976.6680    8.4777
   -7.5000   37.5000    7.5000 2949.8762    8.7171
    0.0000   37.5000    7.5000 2959.3606    8.7170
    7.5000   37.5000    7.5000 2927.4482    8.8924
   -7.5000   45.0000    7.5000 2874.2134    9.3555
    0.0000   45.0000    7.5000 2884.0317    9.3569
    7.5000   45.0000    7.5000 2851.2292    9.5412
   -7.5000   52.5000    7.5000 2745.5361   10.1528
    0.0000   52.5000    7.5000 2759.2439   10.1511
    7.5000   52.5000    7.5000 2726.8633   10.3283
   -7.5000  -37.5000   15.0000 2462.9836   12.3314
    0.0000  -37.5000   15.0000 2479.0437   12.3365
    7.5000  -37.5000   15.0000 2456.6777   12.5369
   -7.5000  -30.0000   15.0000 2562.9155   11.1359
    0.0000  -30.0000   15.0000 2575.9753   11.1401
    7.5000  -30.0000   15.0000 2552.5930   11.3291
   -7.5000  -22.5000   15.0000 2671.8245   10.1937
    0.0000  -22.5000   15.0000 2681.9255   10.1965
    7.5000  -22.5000   15.0000 2662.6467   10.3478
   -7.5000  -15.0000   15.0000 2766.5930    9.4180
    0.0000  -15.0000   15.0000 2776.0806    9.4028
    7.5000  -15.0000   15.0000 2755.6252    9.5521
   -7.5000   -7.5000   15.0000 2853.5581    8.8437
    0.0000   -7.5000   15.0000 2867.7546    8.8307
    7.5000   -7.5000   15.0000 2841.5718    8.9621
   -7.5000    0.0000   15.0000 2928.9885    8.4384
    0.0000    0.0000   15.0000 2947.0122    8.4410
    7.5000    0.0000   15.0000 2917.4836    8.5629
   -7.5000    7.5000   15.0000 3000.1619    8.2542
    0.0000    7.5000   15.0000 3031.9087    8.2572
    7.5000    7.5000   15.0000 2982.4377    8.3653
   -7.5000   15.0000   15.0000 3030.6213    8.2846
    0.0000   15.0000   15.0000 3075.2397    8.3264
    7.5000   15.0000   15.0000 3006.7327    8.3754
   -7.5000   22.5000   15.0000 3019.3901    8.3144
    0.0000   22.5000   15.0000 3051.4397    8.3153
    7.5000   22.5000   15.0000 2996.7283    8.4195
   -7.5000   30.0000   15.0000 2990.9819    8.4721
    0.0000   30.0000   15.0000 3008.7559    8.4130
    7.5000   30.0000   15.0000 2969.8645    8.6049
   -7.5000   37.5000   15.0000 2941.2524    8.8580
    0.0000   37.5000   15.0000 2955.4802    8.8364
    7.5000   37.5000   15.0000 2919.6892    9.0125
   -7.5000   45.0000   15.0000 2863.8457    9.4568
    0.0000   45.0000   15.0000 2873.6597    9.4671
    7.5000   45.0000   15.0000 2841.6599    9.6214
   -7.5000   52.5000   15.0000 2736.1494   10.2168
    0.0000   52.5000   15.0000 2743.6316   10.2236
    7.5000   52.5000   15.0000 2717.9136   10.3656
   -7.5000  -37.5000   22.5000 2433.8777   12.7843
    0.0000  -37.5000   22.5000 2450.4668   12.7445
    7.5000  -37.5000   22.5000 2425.6477   12.9711
   -7.5000  -30.0000   22.5000 2539.4893   11.5192
    0.0000  -30.0000   22.5000 2554.9375   11.4859
    7.5000  -30.0000   22.5000 2526.5774   11.6991
   -7.5000  -22.5000   22.5000 2649.4907   10.5223
    0.0000  -22.5000   22.5000 2660.6709   10.4680
    7.5000  -22.5000   22.5000 2637.5374   10.6793
   -7.5000  -15.0000   22.5000 2742.3474    9.6913
    0.0000  -15.0000   22.5000 2754.4863    9.6300
    7.5000  -15.0000   22.5000 2732.8796    9.8365
   -7.5000   -7.5000   22.5000 2831.1033    9.0576
    0.0000   -7.5000   22.5000 2846.0608    8.9978
    7.5000   -7.5000   22.5000 2822.9609    9.1931
   -7.5000    0.0000   22.5000 2908.2073    8.6136
    0.0000    0.0000   22.5000 2924.2871    8.5569
    7.5000    0.0000   22.5000 2899.6399    8.7464
   -7.5000    7.5000   22.5000 2975.3198    8.4133
    0.0000    7.5000   22.5000 2994.9263    8.3636
    7.5000    7.5000   22.5000 2963.5283    8.5414
   -7.5000   15.0000   22.5000 3003.0554    8.4258
    0.0000   15.0000   22.5000 3032.1792    8.3913
    7.5000   15.0000   22.5000 2982.3352    8.5471
   -7.5000   22.5000   22.5000 2995.7407    8.4832
    0.0000   22.5000   22.5000 3015.5310    8.3961
    7.5000   22.5000   22.5000 2973.9558    8.6270
   -7.5000   30.0000   22.5000 2968.7712    8.6880
    0.0000   30.0000   22.5000 2980.3159    8.6066
    7.5000   30.0000   22.5000 2944.5007    8.8335
   -7.5000   37.5000   22.5000 2920.0295    9.1067
    0.0000   37.5000   22.5000 2933.8115    9.0714
    7.5000   37.5000   22.5000 2899.1040    9.2423
   -7.5000   45.0000   22.5000 2835.2722    9.7316
    0.0000   45.0000   22.5000 2847.5449    9.7223
    7.5000   45.0000   22.5000 2816.0071    9.8706
   -7.5000   52.5000   22.5000 2708.0691   10.4564
    0.0000   52.5000   22.5000 2716.7456   10.4477
    7.5000   52.5000   22.5000 2692.7229   10.5812
   -7.5000  -37.5000   30.0000 2393.0139   13.3128
    0.0000  -37.5000   30.0000 2406.1760   13.1738
    7.5000  -37.5000   30.0000 2383.8672   13.4703
   -7.5000  -30.0000   30.0000 2505.5657   11.9844
    0.0000  -30.0000   30.0000 2521.2817   11.8564
    7.5000  -30.0000   30.0000 2493.0278   12.1334
   -7.5000  -22.5000   30.0000 2614.3289   10.9347
    0.0000  -22.5000   30.0000 2632.8499   10.8004
    7.5000  -22.5000   30.0000 2604.7498   11.0599
   -7.5000  -15.0000   30.0000 2711.3923   10.0632
    0.0000  -15.0000   30.0000 2728.0671    9.9367
    7.5000  -15.0000   30.0000 2701.5903   10.1777
   -7.5000   -7.5000   30.0000 2798.5535    9.3933
    0.0000   -7.5000   30.0000 2815.1055    9.2827
    7.5000   -7.5000   30.0000 2792.4358    9.5167
   -7.5000    0.0000   30.0000 2873.9934    8.9613
    0.0000    0.0000   30.0000 2888.2229    8.8512
    7.5000    0.0000   30.0000 2864.5737    9.0823
   -7.5000    7.5000   30.0000 2932.7766    8.7452
    0.0000    7.5000   30.0000 2946.9546    8.6653
    7.5000    7.5000   30.0000 2926.0403    8.8717
   -7.5000   15.0000   30.0000 2954.0881    8.7288
    0.0000   15.0000   30.0000 2976.9792    8.6167
    7.5000   15.0000   30.0000 2938.7522    8.8591
   -7.5000   22.5000   30.0000 2952.5554    8.7893
    0.0000   22.5000   30.0000 2969.1577    8.6713
    7.5000   22.5000   30.0000 2932.1475    8.9265
   -7.5000   30.0000   30.0000 2925.8723    9.0473
    0.0000   30.0000   30.0000 2937.3777    8.9807
    7.5000   30.0000   30.0000 2905.8184    9.1755
   -7.5000   37.5000   30.0000 2872.6956    9.4654
    0.0000   37.5000   30.0000 2884.5632    9.4358
    7.5000   37.5000   30.0000 2853.4548    9.5990
   -7.5000   45.0000   30.0000 2788.6548   10.0777
    0.0000   45.0000   30.0000 2795.9712   10.0515
    7.5000   45.0000   30.0000 2772.3208   10.2094
   -7.5000   52.5000   30.0000 2664.8967   10.7770
    0.0000   52.5000   30.0000 2671.2380   10.7635
    7.5000   52.5000   30.0000 2652.2383   10.8959
   -7.5000  -37.5000   37.5000 2346.2026   13.9641
    0.0000  -37.5000   37.5000 2363.8335   13.7464
    7.5000  -37.5000   37.5000 2337.5039   14.0786
   -7.5000  -30.0000   37.5000 2461.5962   12.5809
    0.0000  -30.0000   37.5000 2480.2971   12.3677
    7.5000  -30.0000   37.5000 2450.0356   12.6824
   -7.5000  -22.5000   37.5000 2572.2388   11.4581
    0.0000  -22.5000   37.5000 2590.7927   11.2703
    7.5000  -22.5000   37.5000 2562.5225   11.5556
   -7.5000  -15.0000   37.5000 2669.6296   10.5479
    0.0000  -15.0000   37.5000 2690.6960   10.3751
    7.5000  -15.0000   37.5000 2661.2759   10.6428
   -7.5000   -7.5000   37.5000 2753.7415    9.8743
    0.0000   -7.5000   37.5000 2777.5974    9.7372
    7.5000   -7.5000   37.5000 2750.3047    9.9805
   -7.5000    0.0000   37.5000 2825.9587    9.4271
    0.0000    0.0000   37.5000 2845.0378    9.3132
    7.5000    0.0000   37.5000 2820.4675    9.5458
   -7.5000    7.5000   37.5000 2879.9875    9.1898
    0.0000    7.5000   37.5000 2899.7234    9.0686
    7.5000    7.5000   37.5000 2876.6838    9.3129
   -7.5000   15.0000   37.5000 2904.2317    9.1426
    0.0000   15.0000   37.5000 2923.0076    9.0177
    7.5000   15.0000   37.5000 2886.5161    9.2663
   -7.5000   22.5000   37.5000 2898.1711    9.2271
    0.0000   22.5000   37.5000 2912.5037    9.1375
    7.5000   22.5000   37.5000 2879.5291    9.3578
   -7.5000   30.0000   37.5000 2862.5066    9.5333
    0.0000   30.0000   37.5000 2874.1794    9.4478
    7.5000   30.0000   37.5000 2845.6824    9.6378
   -7.5000   37.5000   37.5000 2812.0112    9.9330
    0.0000   37.5000   37.5000 2823.0732    9.8917
    7.5000   37.5000   37.5000 2796.9285   10.0588
   -7.5000   45.0000   37.5000 2729.9817   10.5490
    0.0000   45.0000   37.5000 2738.1726   10.5187
    7.5000   45.0000   37.5000 2717.1033   10.6673
   -7.5000   52.5000   37.5000 2606.5989   11.2271
    0.0000   52.5000   37.5000 2617.2109   11.2102
    7.5000   52.5000   37.5000 2596.9438   11.3353
   -7.5000  -37.5000   45.0000 2293.3538   14.7306
    0.0000  -37.5000   45.0000 2315.8105   14.5048
    7.5000  -37.5000   45.0000 2282.4578   14.8346
   -7.5000  -30.0000   45.0000 2407.9785   13.2917
    0.0000  -30.0000   45.0000 2427.8933   13.0600
    7.5000  -30.0000   45.0000 2398.9529   13.3597
   -7.5000  -22.5000   45.0000 2518.1782   12.1038
    0.0000  -22.5000   45.0000 2536.3394   11.9118
    7.5000  -22.5000   45.0000 2509.4087   12.1744
   -7.5000  -15.0000   45.0000 2611.1250   11.1617
    0.0000  -15.0000   45.0000 2630.1370   10.9976
    7.5000  -15.0000   45.0000 2607.9736   11.2397
   -7.5000   -7.5000   45.0000 2694.6250   10.4641
    0.0000   -7.5000   45.0000 2717.7466   10.3321
    7.5000   -7.5000   45.0000 2692.8943   10.5660
   -7.5000    0.0000   45.0000 2757.5537    9.9952
    0.0000    0.0000   45.0000 2778.9614    9.8903
    7.5000    0.0000   45.0000 2757.7920   10.1195
   -7.5000    7.5000   45.0000 2806.2061    9.7648
    0.0000    7.5000   45.0000 2829.7539    9.6352
    7.5000    7.5000   45.0000 2803.7332    9.8856
   -7.5000   15.0000   45.0000 2829.4861    9.6799
    0.0000   15.0000   45.0000 2848.5171    9.5886
    7.5000   15.0000   45.0000 2815.1499    9.8215
   -7.5000   22.5000   45.0000 2826.7844    9.8109
    0.0000   22.5000   45.0000 2838.1985    9.7337
    7.5000   22.5000   45.0000 2809.5134    9.9273
   -7.5000   30.0000   45.0000 2784.6411   10.1053
    0.0000   30.0000   45.0000 2797.6831   10.0146
    7.5000   30.0000   45.0000 2773.9695   10.1892
   -7.5000   37.5000   45.0000 2731.8228   10.5031
    0.0000   37.5000   45.0000 2742.9719   10.4565
    7.5000   37.5000   45.0000 2720.2625   10.6179
   -7.5000   45.0000   45.0000 2654.8037   11.1023
    0.0000   45.0000   45.0000 2661.8501   11.0819
    7.5000   45.0000   45.0000 2641.3601   11.2347
   -7.5000   52.5000   45.0000 2532.3113   11.8239
    0.0000   52.5000   45.0000 2544.8247   11.8082
    7.5000   52.5000   45.0000 2523.7095   11.9265

---------------------------------------------------------------------
imgreg_4dfp /opt/freesurfer/average/711-2C_as_mni_average_305 /opt/freesurfer/average/711-2B_as_mni_average_305_mask talsrcimg_g11 none talsrcimg_to_711-2C_as_mni_average_305_t4 1283
---------------------------------------------------------------------

freesurfer imgreg_4dfp.c
/opt/freesurfer/average/711-2C_as_mni_average_305.4dfp.img
       256       256       256         1
  1.000000  1.000000  1.000000
orientation T byte_order littleendian
Reading image: /opt/freesurfer/average/711-2C_as_mni_average_305.4dfp.img
dimensions:      256       256       256
mmppix:       1.0000   -1.0000   -1.0000
center:     128.0000 -129.0000 -129.0000
/opt/freesurfer/average/711-2B_as_mni_average_305_mask.4dfp.img
       256       256       256         1
  1.000000  1.000000  1.000000
orientation T byte_order littleendian
Reading mask: /opt/freesurfer/average/711-2B_as_mni_average_305_mask.4dfp.img (2306576 pixels)
talsrcimg_g11.4dfp.img
       256       256       256         1
  1.000000  1.000000  1.000000
orientation T byte_order littleendian
Reading image: talsrcimg_g11.4dfp.img
dimensions:      256       256       256
mmppix:       1.0000   -1.0000   -1.0000
center:     128.0000 -129.0000 -129.0000
rotation matrix determinant  1.000000
fimgreg.f
image alignment mode   1283 decimal      503 hex
parameters
    0.0000   15.0000   15.0000    0.0000    0.0000    0.0000
eta,q 0.96525  8.34763
niter,ni,del,rscale     5    3   12.0000    1.2000
parameter  3  0.578818 ->  0.500000 qaram    1.1500
parameters
   -0.9368   15.9576   11.5500   -0.6866    0.5211    0.7926
eta,q 0.96862  8.24238
  0.0465  0.0477  0.0339  0.0378  0.0411  0.0392
  0.0396  0.0427  0.0323  0.0338  0.0368  0.0356
  0.0359  0.0385  0.0326  0.0317  0.0335  0.0329
  0.0355  0.0352  0.0346  0.0321  0.0317  0.0315
  0.0392  0.0350  0.0374  0.0343  0.0320  0.0319
  0.0471  0.0383  0.0411  0.0369  0.0344  0.0336
  0.0547  0.0423  0.0459  0.0394  0.0388  0.0360
niter,ni,del,rscale     5    3   12.0000    1.2000
parameters
   -1.1815   16.2223   11.7064   -0.7454    0.6336    0.7896
eta,q 0.96858  8.23870
  0.0476  0.0438  0.0407  0.0387  0.0399  0.0375
  0.0389  0.0390  0.0363  0.0351  0.0358  0.0342
  0.0333  0.0341  0.0328  0.0321  0.0328  0.0320
  0.0314  0.0314  0.0314  0.0314  0.0314  0.0314
  0.0337  0.0333  0.0330  0.0330  0.0324  0.0326
  0.0410  0.0380  0.0359  0.0356  0.0352  0.0345
  0.0505  0.0418  0.0397  0.0384  0.0395  0.0371
niter,ni,del,rscale     4    3   12.0000    1.2000
parameters
   -1.2496   16.3131   11.7280   -0.7545    0.6809    0.7608
eta,q 0.96855  8.23703
  0.0486  0.0433  0.0404  0.0387  0.0397  0.0374
  0.0399  0.0384  0.0361  0.0352  0.0357  0.0342
  0.0338  0.0335  0.0326  0.0322  0.0328  0.0320
  0.0314  0.0314  0.0315  0.0315  0.0315  0.0315
  0.0332  0.0339  0.0332  0.0329  0.0326  0.0327
  0.0402  0.0386  0.0362  0.0355  0.0353  0.0346
  0.0499  0.0421  0.0400  0.0383  0.0396  0.0371
niter,ni,del,rscale     3    3   12.0000    1.2000
parameters
   -1.2752   16.3367   11.7354   -0.7524    0.7022    0.7482
eta,q 0.96853  8.23639
  0.0489  0.0431  0.0404  0.0386  0.0397  0.0374
  0.0401  0.0382  0.0361  0.0352  0.0357  0.0342
  0.0340  0.0334  0.0326  0.0323  0.0327  0.0320
  0.0315  0.0315  0.0315  0.0315  0.0315  0.0315
  0.0332  0.0342  0.0332  0.0328  0.0326  0.0327
  0.0400  0.0388  0.0362  0.0354  0.0354  0.0345
  0.0498  0.0422  0.0400  0.0383  0.0397  0.0370
registration optimization eta report
parameter search radius
    6.0000    6.0000    6.9000    6.0000    6.0000    6.0000
100000*second partial in parameter space
       49.       29.       18.       19.       22.       16.
  0.0489  0.0431  0.0404  0.0386  0.0397  0.0374
  0.0401  0.0382  0.0361  0.0352  0.0357  0.0342
  0.0340  0.0334  0.0326  0.0323  0.0327  0.0320
  0.0315  0.0315  0.0315  0.0315  0.0315  0.0315
  0.0332  0.0342  0.0332  0.0328  0.0326  0.0327
  0.0400  0.0388  0.0362  0.0354  0.0354  0.0345
  0.0498  0.0422  0.0400  0.0383  0.0397  0.0370
   -1.2752   16.3367   11.7354   -0.7524    0.7022    0.7482
eta,q 0.96853  8.23639

---------------------------------------------------------------------
imgreg_4dfp /opt/freesurfer/average/711-2C_as_mni_average_305 /opt/freesurfer/average/711-2B_as_mni_average_305_mask talsrcimg_g11 none talsrcimg_to_711-2C_as_mni_average_305_t4 3335
---------------------------------------------------------------------

freesurfer imgreg_4dfp.c
/opt/freesurfer/average/711-2C_as_mni_average_305.4dfp.img
       256       256       256         1
  1.000000  1.000000  1.000000
orientation T byte_order littleendian
Reading image: /opt/freesurfer/average/711-2C_as_mni_average_305.4dfp.img
dimensions:      256       256       256
mmppix:       1.0000   -1.0000   -1.0000
center:     128.0000 -129.0000 -129.0000
/opt/freesurfer/average/711-2B_as_mni_average_305_mask.4dfp.img
       256       256       256         1
  1.000000  1.000000  1.000000
orientation T byte_order littleendian
Reading mask: /opt/freesurfer/average/711-2B_as_mni_average_305_mask.4dfp.img (2306576 pixels)
talsrcimg_g11.4dfp.img
       256       256       256         1
  1.000000  1.000000  1.000000
orientation T byte_order littleendian
Reading image: talsrcimg_g11.4dfp.img
dimensions:      256       256       256
mmppix:       1.0000   -1.0000   -1.0000
center:     128.0000 -129.0000 -129.0000
fimgreg.f
image alignment mode   3335 decimal      D07 hex
parameters
   -1.2752   16.3367   11.7354   -0.0160   -0.0169   -0.0161
   -1.2896   -1.2425    1.3057    1.2970    1.2255   -1.3130
eta,q 0.96750  8.33842
niter,ni,del,rscale     5    3    5.0000    1.2000
parameter  4  0.587358 ->  0.500000 qaram    1.1500
parameter  5 -1.079378 -> -0.500000 qaram    1.1500
parameters
   -1.0123   15.9166   12.0797   -4.1560    4.1231    3.1845
   -1.2034    0.4689    2.2512    2.6594    1.6165   -1.3219
eta,q 0.97071  8.50543
  0.0357  0.0334  0.0338  0.0321  0.0353  0.0322  0.0324  0.0346  0.0316  0.0325  0.0303  0.0307
  0.0341  0.0328  0.0331  0.0315  0.0340  0.0313  0.0309  0.0325  0.0306  0.0312  0.0298  0.0300
  0.0330  0.0324  0.0326  0.0314  0.0328  0.0304  0.0300  0.0308  0.0298  0.0301  0.0294  0.0295
  0.0325  0.0324  0.0324  0.0324  0.0314  0.0298  0.0297  0.0297  0.0295  0.0294  0.0293  0.0293
  0.0326  0.0328  0.0324  0.0343  0.0302  0.0297  0.0300  0.0295  0.0295  0.0293  0.0294  0.0295
  0.0333  0.0335  0.0327  0.0365  0.0297  0.0297  0.0309  0.0301  0.0299  0.0299  0.0296  0.0299
  0.0346  0.0344  0.0332  0.0389  0.0301  0.0300  0.0322  0.0317  0.0307  0.0310  0.0301  0.0307
niter,ni,del,rscale     6    3    5.0000    1.2000
parameters
   -0.8872   15.9597   11.8974   -5.4250    4.4906    2.4995
   -1.3089    0.6453    2.5089    2.7758    1.8637   -1.4104
eta,q 0.97064  8.45646
  0.0327  0.0316  0.0303  0.0323  0.0331  0.0308  0.0318  0.0328  0.0312  0.0319  0.0303  0.0308
  0.0309  0.0303  0.0297  0.0309  0.0316  0.0298  0.0305  0.0312  0.0303  0.0307  0.0299  0.0300
  0.0297  0.0296  0.0294  0.0298  0.0302  0.0294  0.0296  0.0300  0.0296  0.0298  0.0295  0.0295
  0.0293  0.0293  0.0293  0.0293  0.0294  0.0294  0.0294  0.0294  0.0294  0.0294  0.0294  0.0294
  0.0296  0.0295  0.0294  0.0301  0.0298  0.0295  0.0297  0.0297  0.0296  0.0297  0.0294  0.0296
  0.0305  0.0303  0.0299  0.0324  0.0310  0.0303  0.0306  0.0308  0.0301  0.0306  0.0297  0.0301
  0.0320  0.0314  0.0307  0.0355  0.0327  0.0316  0.0319  0.0326  0.0310  0.0318  0.0303  0.0309
niter,ni,del,rscale     5    3    5.0000    1.2000
parameters
   -0.8370   15.9676   11.8533   -5.6947    4.6070    2.4980
   -1.3326    0.6708    2.5678    2.8130    1.8904   -1.4997
eta,q 0.97058  8.45186
  0.0323  0.0316  0.0305  0.0328  0.0330  0.0311  0.0318  0.0326  0.0312  0.0319  0.0303  0.0309
  0.0307  0.0304  0.0299  0.0314  0.0315  0.0301  0.0306  0.0311  0.0302  0.0307  0.0299  0.0301
  0.0297  0.0296  0.0295  0.0302  0.0300  0.0295  0.0297  0.0299  0.0296  0.0298  0.0296  0.0296
  0.0294  0.0294  0.0294  0.0294  0.0294  0.0294  0.0294  0.0294  0.0294  0.0294  0.0294  0.0294
  0.0297  0.0296  0.0295  0.0295  0.0299  0.0295  0.0297  0.0297  0.0296  0.0298  0.0295  0.0296
  0.0306  0.0304  0.0299  0.0312  0.0311  0.0300  0.0306  0.0309  0.0302  0.0306  0.0298  0.0301
  0.0321  0.0315  0.0306  0.0340  0.0330  0.0312  0.0319  0.0328  0.0311  0.0319  0.0304  0.0309
niter,ni,del,rscale     4    3    5.0000    1.2000
parameters
   -0.8232   15.9745   11.8236   -5.7379    4.6213    2.4993
   -1.3351    0.6782    2.5828    2.8454    1.8902   -1.5631
eta,q 0.97057  8.45116
  0.0322  0.0316  0.0306  0.0329  0.0330  0.0311  0.0318  0.0326  0.0312  0.0319  0.0303  0.0309
  0.0307  0.0304  0.0300  0.0315  0.0314  0.0301  0.0306  0.0311  0.0302  0.0307  0.0299  0.0301
  0.0297  0.0297  0.0296  0.0303  0.0300  0.0295  0.0297  0.0299  0.0296  0.0298  0.0296  0.0296
  0.0294  0.0294  0.0294  0.0294  0.0294  0.0294  0.0294  0.0294  0.0294  0.0294  0.0294  0.0294
  0.0297  0.0297  0.0295  0.0294  0.0300  0.0295  0.0297  0.0298  0.0297  0.0298  0.0295  0.0296
  0.0307  0.0304  0.0299  0.0310  0.0312  0.0300  0.0306  0.0309  0.0302  0.0306  0.0298  0.0301
  0.0322  0.0316  0.0307  0.0337  0.0331  0.0312  0.0318  0.0328  0.0311  0.0319  0.0304  0.0309
niter,ni,del,rscale     3    3    5.0000    1.2000
parameters
   -0.8197   15.9790   11.8125   -5.7424    4.6204    2.5125
   -1.3330    0.6764    2.5925    2.8680    1.8877   -1.5917
eta,q 0.97056  8.45164
  0.0322  0.0316  0.0306  0.0329  0.0330  0.0311  0.0319  0.0326  0.0312  0.0319  0.0304  0.0309
  0.0307  0.0304  0.0300  0.0316  0.0314  0.0301  0.0306  0.0311  0.0302  0.0307  0.0299  0.0301
  0.0297  0.0297  0.0296  0.0303  0.0300  0.0295  0.0297  0.0299  0.0296  0.0298  0.0296  0.0296
  0.0294  0.0294  0.0294  0.0294  0.0294  0.0294  0.0294  0.0294  0.0294  0.0294  0.0294  0.0294
  0.0298  0.0297  0.0295  0.0294  0.0300  0.0295  0.0297  0.0298  0.0297  0.0298  0.0295  0.0296
  0.0307  0.0304  0.0299  0.0309  0.0312  0.0300  0.0306  0.0309  0.0302  0.0306  0.0298  0.0301
  0.0322  0.0316  0.0307  0.0337  0.0331  0.0311  0.0318  0.0328  0.0311  0.0319  0.0304  0.0309
registration optimization eta report
parameter search radius
    2.4000    2.4000    2.4000    8.2800    8.2800    7.2000
    7.2000    7.2000    7.2000    7.2000    7.2000    7.2000
100000*second partial in parameter space
       48.       37.       21.        6.        5.        3.
        5.        6.        3.        5.        2.        3.
  0.0322  0.0316  0.0306  0.0329  0.0330  0.0311  0.0319  0.0326  0.0312  0.0319  0.0304  0.0309
  0.0307  0.0304  0.0300  0.0316  0.0314  0.0301  0.0306  0.0311  0.0302  0.0307  0.0299  0.0301
  0.0297  0.0297  0.0296  0.0303  0.0300  0.0295  0.0297  0.0299  0.0296  0.0298  0.0296  0.0296
  0.0294  0.0294  0.0294  0.0294  0.0294  0.0294  0.0294  0.0294  0.0294  0.0294  0.0294  0.0294
  0.0298  0.0297  0.0295  0.0294  0.0300  0.0295  0.0297  0.0298  0.0297  0.0298  0.0295  0.0296
  0.0307  0.0304  0.0299  0.0309  0.0312  0.0300  0.0306  0.0309  0.0302  0.0306  0.0298  0.0301
  0.0322  0.0316  0.0307  0.0337  0.0331  0.0311  0.0318  0.0328  0.0311  0.0319  0.0304  0.0309
   -0.8197   15.9790   11.8125   -5.7424    4.6204    2.5125
   -1.3330    0.6764    2.5925    2.8680    1.8877   -1.5917
eta,q 0.97056  8.45164

---------------------------------------------------------------------
imgreg_4dfp /opt/freesurfer/average/711-2C_as_mni_average_305 /opt/freesurfer/average/711-2B_as_mni_average_305_mask talsrcimg_g11 none talsrcimg_to_711-2C_as_mni_average_305_t4 2311
---------------------------------------------------------------------

freesurfer imgreg_4dfp.c
/opt/freesurfer/average/711-2C_as_mni_average_305.4dfp.img
       256       256       256         1
  1.000000  1.000000  1.000000
orientation T byte_order littleendian
Reading image: /opt/freesurfer/average/711-2C_as_mni_average_305.4dfp.img
dimensions:      256       256       256
mmppix:       1.0000   -1.0000   -1.0000
center:     128.0000 -129.0000 -129.0000
/opt/freesurfer/average/711-2B_as_mni_average_305_mask.4dfp.img
       256       256       256         1
  1.000000  1.000000  1.000000
orientation T byte_order littleendian
Reading mask: /opt/freesurfer/average/711-2B_as_mni_average_305_mask.4dfp.img (2306576 pixels)
talsrcimg_g11.4dfp.img
       256       256       256         1
  1.000000  1.000000  1.000000
orientation T byte_order littleendian
Reading image: talsrcimg_g11.4dfp.img
dimensions:      256       256       256
mmppix:       1.0000   -1.0000   -1.0000
center:     128.0000 -129.0000 -129.0000
fimgreg.f
image alignment mode   2311 decimal      907 hex
parameters
   -0.8197   15.9790   11.8125   -5.7424    4.6204    2.5126
   -1.3330    0.6764    2.5925    2.8680    1.8877   -1.5917
eta,q 0.97056  8.45164
niter,ni,del,rscale     5    3    5.0000    0.8000
parameters
   -0.8390   15.9840   11.8747   -4.8145    4.5824    2.6341
   -1.5778    0.7985    2.3939    2.8575    1.8385   -1.5021
eta,q 0.97073  8.48178
  0.0307  0.0304  0.0300  0.0312  0.0308  0.0300  0.0304  0.0310  0.0300  0.0305  0.0297  0.0300
  0.0300  0.0299  0.0297  0.0305  0.0300  0.0295  0.0297  0.0301  0.0296  0.0299  0.0295  0.0296
  0.0295  0.0295  0.0295  0.0299  0.0294  0.0292  0.0294  0.0295  0.0293  0.0294  0.0293  0.0294
  0.0294  0.0294  0.0294  0.0294  0.0293  0.0293  0.0293  0.0293  0.0293  0.0293  0.0293  0.0293
  0.0296  0.0295  0.0295  0.0293  0.0295  0.0293  0.0295  0.0294  0.0294  0.0294  0.0293  0.0294
  0.0300  0.0299  0.0296  0.0296  0.0300  0.0294  0.0299  0.0300  0.0297  0.0299  0.0295  0.0296
  0.0307  0.0304  0.0299  0.0304  0.0308  0.0299  0.0306  0.0309  0.0301  0.0305  0.0297  0.0299
niter,ni,del,rscale     4    3    5.0000    0.7000
parameters
   -0.8724   15.9968   11.9480   -4.7099    4.5441    2.5805
   -1.5841    0.7963    2.3366    2.8420    1.8085   -1.3933
eta,q 0.97075  8.48104
  0.0303  0.0301  0.0297  0.0306  0.0305  0.0297  0.0302  0.0306  0.0299  0.0302  0.0296  0.0298
  0.0297  0.0296  0.0295  0.0300  0.0298  0.0293  0.0297  0.0299  0.0295  0.0297  0.0294  0.0295
  0.0294  0.0294  0.0293  0.0295  0.0294  0.0292  0.0294  0.0294  0.0293  0.0294  0.0293  0.0293
  0.0293  0.0293  0.0293  0.0293  0.0293  0.0293  0.0293  0.0293  0.0293  0.0293  0.0293  0.0293
  0.0294  0.0294  0.0293  0.0293  0.0295  0.0293  0.0294  0.0294  0.0293  0.0294  0.0293  0.0293
  0.0298  0.0296  0.0294  0.0298  0.0299  0.0294  0.0297  0.0299  0.0296  0.0297  0.0294  0.0295
  0.0304  0.0300  0.0296  0.0306  0.0305  0.0297  0.0302  0.0306  0.0299  0.0303  0.0296  0.0298
niter,ni,del,rscale     3    3    5.0000    0.6000
parameters
   -0.8845   15.9949   11.9895   -4.5762    4.4884    2.4990
   -1.6248    0.8000    2.3021    2.8116    1.8006   -1.3015
eta,q 0.97076  8.47951
  0.0300  0.0298  0.0296  0.0303  0.0302  0.0296  0.0299  0.0302  0.0297  0.0300  0.0295  0.0297
  0.0296  0.0295  0.0294  0.0298  0.0296  0.0293  0.0296  0.0297  0.0294  0.0296  0.0293  0.0294
  0.0293  0.0293  0.0293  0.0295  0.0293  0.0292  0.0293  0.0294  0.0293  0.0293  0.0293  0.0293
  0.0293  0.0293  0.0293  0.0293  0.0292  0.0292  0.0292  0.0292  0.0292  0.0292  0.0292  0.0292
  0.0294  0.0293  0.0293  0.0293  0.0294  0.0293  0.0294  0.0293  0.0293  0.0293  0.0293  0.0293
  0.0296  0.0295  0.0294  0.0296  0.0297  0.0294  0.0296  0.0297  0.0295  0.0296  0.0293  0.0294
  0.0301  0.0298  0.0295  0.0303  0.0302  0.0295  0.0300  0.0303  0.0297  0.0300  0.0295  0.0296
niter,ni,del,rscale     2    3    5.0000    0.5000
parameters
   -0.8932   15.9897   12.0384   -4.4402    4.4238    2.2832
   -1.6720    0.8015    2.2639    2.7771    1.7704   -1.2077
eta,q 0.97079  8.47232
  0.0298  0.0296  0.0295  0.0300  0.0299  0.0294  0.0297  0.0299  0.0295  0.0297  0.0294  0.0295
  0.0295  0.0294  0.0293  0.0297  0.0295  0.0292  0.0294  0.0295  0.0294  0.0295  0.0293  0.0293
  0.0293  0.0293  0.0293  0.0294  0.0293  0.0292  0.0293  0.0293  0.0292  0.0293  0.0292  0.0292
  0.0292  0.0292  0.0292  0.0292  0.0292  0.0292  0.0292  0.0292  0.0292  0.0292  0.0292  0.0292
  0.0293  0.0293  0.0292  0.0293  0.0293  0.0293  0.0293  0.0293  0.0293  0.0293  0.0292  0.0292
  0.0295  0.0294  0.0293  0.0295  0.0296  0.0293  0.0295  0.0295  0.0294  0.0295  0.0293  0.0293
  0.0298  0.0297  0.0294  0.0300  0.0299  0.0294  0.0297  0.0299  0.0296  0.0298  0.0294  0.0295
niter,ni,del,rscale     1    3    5.0000    0.4000
parameters
   -0.9009   15.9919   12.0497   -4.3179    4.3837    1.9532
   -1.7079    0.8079    2.2205    2.7016    1.8524   -1.1038
eta,q 0.97082  8.46080
  0.0296  0.0295  0.0293  0.0297  0.0296  0.0293  0.0295  0.0297  0.0294  0.0295  0.0293  0.0294
  0.0294  0.0293  0.0293  0.0295  0.0294  0.0292  0.0293  0.0294  0.0293  0.0293  0.0292  0.0293
  0.0293  0.0292  0.0292  0.0293  0.0292  0.0292  0.0292  0.0293  0.0292  0.0292  0.0292  0.0292
  0.0292  0.0292  0.0292  0.0292  0.0292  0.0292  0.0292  0.0292  0.0292  0.0292  0.0292  0.0292
  0.0293  0.0292  0.0292  0.0292  0.0293  0.0293  0.0292  0.0292  0.0292  0.0292  0.0292  0.0292
  0.0294  0.0293  0.0293  0.0294  0.0294  0.0293  0.0294  0.0294  0.0293  0.0294  0.0292  0.0293
  0.0296  0.0295  0.0293  0.0297  0.0297  0.0293  0.0295  0.0297  0.0294  0.0296  0.0293  0.0293
registration optimization eta report
parameter search radius
    0.8000    0.8000    0.8000    2.4000    2.4000    2.4000
    2.4000    2.4000    2.4000    2.4000    2.4000    2.4000
100000*second partial in parameter space
       56.       42.       22.        9.        8.        2.
        6.        8.        4.        6.        2.        3.
  0.0296  0.0295  0.0293  0.0297  0.0296  0.0293  0.0295  0.0297  0.0294  0.0295  0.0293  0.0294
  0.0294  0.0293  0.0293  0.0295  0.0294  0.0292  0.0293  0.0294  0.0293  0.0293  0.0292  0.0293
  0.0293  0.0292  0.0292  0.0293  0.0292  0.0292  0.0292  0.0293  0.0292  0.0292  0.0292  0.0292
  0.0292  0.0292  0.0292  0.0292  0.0292  0.0292  0.0292  0.0292  0.0292  0.0292  0.0292  0.0292
  0.0293  0.0292  0.0292  0.0292  0.0293  0.0293  0.0292  0.0292  0.0292  0.0292  0.0292  0.0292
  0.0294  0.0293  0.0293  0.0294  0.0294  0.0293  0.0294  0.0294  0.0293  0.0294  0.0292  0.0293
  0.0296  0.0295  0.0293  0.0297  0.0297  0.0293  0.0295  0.0297  0.0294  0.0296  0.0293  0.0293
   -0.9009   15.9919   12.0497   -4.3179    4.3837    1.9532
   -1.7079    0.8079    2.2205    2.7016    1.8524   -1.1038
eta,q 0.97082  8.46080

---------------------------------------------------------------------
imgreg_4dfp /opt/freesurfer/average/711-2C_as_mni_average_305 /opt/freesurfer/average/711-2B_as_mni_average_305_mask talsrcimg_g11 none talsrcimg_to_711-2C_as_mni_average_305_t4 2311
---------------------------------------------------------------------

freesurfer imgreg_4dfp.c
/opt/freesurfer/average/711-2C_as_mni_average_305.4dfp.img
       256       256       256         1
  1.000000  1.000000  1.000000
orientation T byte_order littleendian
Reading image: /opt/freesurfer/average/711-2C_as_mni_average_305.4dfp.img
dimensions:      256       256       256
mmppix:       1.0000   -1.0000   -1.0000
center:     128.0000 -129.0000 -129.0000
/opt/freesurfer/average/711-2B_as_mni_average_305_mask.4dfp.img
       256       256       256         1
  1.000000  1.000000  1.000000
orientation T byte_order littleendian
Reading mask: /opt/freesurfer/average/711-2B_as_mni_average_305_mask.4dfp.img (2306576 pixels)
talsrcimg_g11.4dfp.img
       256       256       256         1
  1.000000  1.000000  1.000000
orientation T byte_order littleendian
Reading image: talsrcimg_g11.4dfp.img
dimensions:      256       256       256
mmppix:       1.0000   -1.0000   -1.0000
center:     128.0000 -129.0000 -129.0000
fimgreg.f
image alignment mode   2311 decimal      907 hex
parameters
   -0.9009   15.9919   12.0497   -4.3179    4.3837    1.9532
   -1.7079    0.8079    2.2205    2.7016    1.8524   -1.1038
eta,q 0.97082  8.46080
niter,ni,del,rscale     5    3    5.0000    0.8000
parameters
   -0.8691   15.9806   12.0112   -4.7005    4.6713    2.5682
   -1.5607    0.7797    2.3061    2.7185    1.7993   -1.2439
eta,q 0.97074  8.48341
  0.0307  0.0302  0.0297  0.0306  0.0310  0.0302  0.0306  0.0309  0.0301  0.0305  0.0297  0.0299
  0.0299  0.0296  0.0294  0.0300  0.0301  0.0296  0.0299  0.0301  0.0296  0.0299  0.0294  0.0295
  0.0294  0.0293  0.0293  0.0295  0.0294  0.0293  0.0294  0.0295  0.0294  0.0294  0.0293  0.0293
  0.0292  0.0292  0.0292  0.0292  0.0292  0.0292  0.0293  0.0293  0.0293  0.0293  0.0293  0.0293
  0.0294  0.0293  0.0293  0.0294  0.0294  0.0293  0.0294  0.0295  0.0294  0.0294  0.0293  0.0294
  0.0298  0.0297  0.0294  0.0302  0.0299  0.0294  0.0298  0.0300  0.0296  0.0299  0.0294  0.0296
  0.0306  0.0302  0.0298  0.0314  0.0306  0.0297  0.0304  0.0310  0.0300  0.0305  0.0297  0.0300
niter,ni,del,rscale     4    3    5.0000    0.7000
parameters
   -0.8846   15.9825   12.0010   -4.7029    4.5637    2.5284
   -1.5796    0.7923    2.3211    2.7585    1.8184   -1.2901
eta,q 0.97075  8.47924
  0.0303  0.0300  0.0297  0.0305  0.0305  0.0297  0.0302  0.0306  0.0299  0.0303  0.0296  0.0298
  0.0297  0.0296  0.0294  0.0300  0.0298  0.0294  0.0297  0.0299  0.0295  0.0297  0.0294  0.0295
  0.0294  0.0294  0.0293  0.0295  0.0293  0.0292  0.0294  0.0294  0.0293  0.0294  0.0293  0.0293
  0.0293  0.0293  0.0293  0.0293  0.0293  0.0293  0.0293  0.0292  0.0292  0.0292  0.0292  0.0293
  0.0294  0.0293  0.0293  0.0293  0.0295  0.0293  0.0294  0.0294  0.0293  0.0294  0.0293  0.0293
  0.0298  0.0296  0.0294  0.0298  0.0299  0.0294  0.0297  0.0299  0.0295  0.0297  0.0294  0.0295
  0.0303  0.0300  0.0297  0.0307  0.0305  0.0297  0.0302  0.0306  0.0299  0.0302  0.0296  0.0298
niter,ni,del,rscale     3    3    5.0000    0.6000
parameters
   -0.8860   15.9835   12.0088   -4.5715    4.4991    2.4818
   -1.6252    0.7952    2.2996    2.7770    1.8121   -1.2544
eta,q 0.97076  8.47896
  0.0301  0.0298  0.0296  0.0303  0.0302  0.0296  0.0299  0.0302  0.0297  0.0300  0.0295  0.0296
  0.0296  0.0295  0.0294  0.0298  0.0296  0.0293  0.0296  0.0297  0.0294  0.0296  0.0293  0.0294
  0.0293  0.0293  0.0293  0.0295  0.0293  0.0292  0.0293  0.0294  0.0293  0.0293  0.0293  0.0293
  0.0293  0.0293  0.0293  0.0293  0.0292  0.0292  0.0292  0.0292  0.0292  0.0292  0.0292  0.0292
  0.0294  0.0293  0.0293  0.0293  0.0294  0.0293  0.0294  0.0294  0.0293  0.0293  0.0293  0.0293
  0.0296  0.0295  0.0294  0.0296  0.0297  0.0294  0.0296  0.0297  0.0295  0.0296  0.0293  0.0294
  0.0300  0.0298  0.0296  0.0303  0.0302  0.0295  0.0300  0.0303  0.0297  0.0300  0.0295  0.0296
niter,ni,del,rscale     2    3    5.0000    0.5000
parameters
   -0.8954   15.9861   12.0402   -4.4394    4.4277    2.2604
   -1.6666    0.8021    2.2514    2.7476    1.7767   -1.1743
eta,q 0.97079  8.47150
  0.0298  0.0296  0.0295  0.0300  0.0299  0.0294  0.0297  0.0299  0.0295  0.0297  0.0294  0.0295
  0.0295  0.0294  0.0293  0.0297  0.0295  0.0292  0.0294  0.0296  0.0293  0.0295  0.0293  0.0293
  0.0293  0.0293  0.0293  0.0294  0.0293  0.0292  0.0293  0.0293  0.0292  0.0293  0.0292  0.0292
  0.0292  0.0292  0.0292  0.0292  0.0292  0.0292  0.0292  0.0292  0.0292  0.0292  0.0292  0.0292
  0.0293  0.0293  0.0292  0.0293  0.0293  0.0293  0.0293  0.0293  0.0293  0.0293  0.0292  0.0292
  0.0295  0.0294  0.0293  0.0295  0.0296  0.0293  0.0295  0.0295  0.0294  0.0295  0.0293  0.0293
  0.0298  0.0296  0.0294  0.0300  0.0299  0.0294  0.0297  0.0299  0.0296  0.0298  0.0294  0.0295
niter,ni,del,rscale     1    3    5.0000    0.4000
parameters
   -0.9000   15.9866   12.0623   -4.3138    4.3827    1.9517
   -1.7075    0.8100    2.2325    2.6927    1.8376   -1.0827
eta,q 0.97082  8.46065
  0.0296  0.0295  0.0293  0.0298  0.0296  0.0293  0.0295  0.0297  0.0294  0.0295  0.0293  0.0294
  0.0294  0.0293  0.0293  0.0295  0.0294  0.0292  0.0293  0.0294  0.0293  0.0293  0.0292  0.0293
  0.0293  0.0292  0.0292  0.0293  0.0292  0.0292  0.0292  0.0293  0.0292  0.0292  0.0292  0.0292
  0.0292  0.0292  0.0292  0.0292  0.0292  0.0292  0.0292  0.0292  0.0292  0.0292  0.0292  0.0292
  0.0293  0.0292  0.0292  0.0292  0.0293  0.0293  0.0292  0.0292  0.0292  0.0292  0.0292  0.0292
  0.0294  0.0293  0.0293  0.0294  0.0294  0.0293  0.0294  0.0294  0.0293  0.0294  0.0292  0.0293
  0.0296  0.0295  0.0293  0.0297  0.0297  0.0293  0.0295  0.0297  0.0294  0.0296  0.0293  0.0293
registration optimization eta report
parameter search radius
    0.8000    0.8000    0.8000    2.4000    2.4000    2.4000
    2.4000    2.4000    2.4000    2.4000    2.4000    2.4000
100000*second partial in parameter space
       56.       42.       21.        9.        8.        2.
        6.        8.        4.        6.        2.        3.
  0.0296  0.0295  0.0293  0.0298  0.0296  0.0293  0.0295  0.0297  0.0294  0.0295  0.0293  0.0294
  0.0294  0.0293  0.0293  0.0295  0.0294  0.0292  0.0293  0.0294  0.0293  0.0293  0.0292  0.0293
  0.0293  0.0292  0.0292  0.0293  0.0292  0.0292  0.0292  0.0293  0.0292  0.0292  0.0292  0.0292
  0.0292  0.0292  0.0292  0.0292  0.0292  0.0292  0.0292  0.0292  0.0292  0.0292  0.0292  0.0292
  0.0293  0.0292  0.0292  0.0292  0.0293  0.0293  0.0292  0.0292  0.0292  0.0292  0.0292  0.0292
  0.0294  0.0293  0.0293  0.0294  0.0294  0.0293  0.0294  0.0294  0.0293  0.0294  0.0292  0.0293
  0.0296  0.0295  0.0293  0.0297  0.0297  0.0293  0.0295  0.0297  0.0294  0.0296  0.0293  0.0293
   -0.9000   15.9866   12.0623   -4.3138    4.3827    1.9517
   -1.7075    0.8100    2.2325    2.6927    1.8376   -1.0827
eta,q 0.97082  8.46065

---------------------------------------------------------------------
compute_vox2vox talsrcimg talsrcimg_to_711-2C_as_mni_average_305_t4 /opt/freesurfer/average/711-2C_as_mni_average_305
---------------------------------------------------------------------

freesurfer compute_vox2vox.c
Reading: talsrcimg.4dfp.ifh
Reading: talsrcimg_to_711-2C_as_mni_average_305_t4
Reading: /opt/freesurfer/average/711-2C_as_mni_average_305.4dfp.ifh
Writing: talsrcimg_to_711-2C_as_mni_average_305_t4_vox2vox.txt

start time Tue Mar 10 06:46:27 CET 2026
end		time Tue Mar 10 06:47:51 CET 2026

mpr2mni305 success

avi2talxfm orig_nu.mgz /opt/freesurfer/average/mni305.cor.mgz talsrcimg_to_711-2C_as_mni_average_305_t4_vox2vox.txt transforms/talairach.auto.xfm
avi2talxfm done
mv -f /out/sourcedata/freesurfer/sub-v1s8x0051332_ses-1/mri/talsrcimg_to_711-2C_as_mni_average_305_t4_vox2vox.txt /out/sourcedata/freesurfer/sub-v1s8x0051332_ses-1/mri/transforms/talsrcimg_to_711-2C_as_mni_average_305_t4_vox2vox.txt
lta_convert --src orig_nu.mgz --trg /opt/freesurfer/average/mni305.cor.mgz --inxfm transforms/talairach.auto.xfm --outlta transforms/talairach.auto.xfm.lta --subject fsaverage
7.3.2

--src: orig_nu.mgz src image (geometry).
--trg: /opt/freesurfer/average/mni305.cor.mgz trg image (geometry).
--inmni: transforms/talairach.auto.xfm input MNI/XFM transform.
--outlta: transforms/talairach.auto.xfm.lta output LTA.
--s: fsaverage subject name
 LTA read, type : 1
 1.04485  -0.00875   0.01700   0.97913;
-0.01907   0.98075   0.00986  -14.13490;
-0.02186  -0.02511   0.95740  -36.17748;
 0.00000   0.00000   0.00000   1.00000;
setting subject to fsaverage
Writing  LTA to file transforms/talairach.auto.xfm.lta...
lta_convert successful.
 
 
Started at Tue Mar 10 06:46:26 CET 2026
Ended   at Tue Mar 10 06:47:51 CET 2026
talairach_avi done
