/out/sourcedata/freesurfer/sub-v1s8x0051343_ses-1/mri
/opt/freesurfer/bin/talairach_avi
--i orig_nu.mgz --xfm transforms/talairach.auto.xfm
talairach_avi 7.3.2
Linux dna079 5.14.0-427.37.1.el9_4.x86_64 #1 SMP PREEMPT_DYNAMIC Fri Sep 13 12:41:50 EDT 2024 x86_64 x86_64 x86_64 GNU/Linux
Tue Mar 10 06:55:05 CET 2026
mri_convert orig_nu.mgz talsrcimg.img 
reading from orig_nu.mgz...
TR=0.00, TE=0.00, TI=0.00, flip angle=0.00
i_ras = (-1, 0, 0)
j_ras = (0, 0, -1)
k_ras = (0, 1, 0)
writing to talsrcimg.img...
Analyze Output Matrix
-1.00000   0.00000   0.00000   126.19440;
 0.00000   0.00000   1.00000  -127.17662;
 0.00000  -1.00000   0.00000   121.54964;
 0.00000   0.00000   0.00000   1.00000;
--------------------
INFO: set hdr.hist.orient to -1
mpr2mni305 talsrcimg
Tue Mar 10 06:55:06 CET 2026
/opt/freesurfer/bin/mpr2mni305 talsrcimg
mpr2mni305 7.3.2
target=711-2C_as_mni_average_305

---------------------------------------------------------------------
analyzeto4dfp talsrcimg -O0 -y
---------------------------------------------------------------------

freesurfer ifh2hdr.c
Tue Mar 10 06:55:06 2026
Writing: talsrcimg.4dfp.hdr
freesurfer analyzeto4dfp.c
Reading: talsrcimg.hdr
header size 348 bytes
hdr.dime.datatype	offset=70	value=2
hdr.dime.bitpix		offset=72	value=8
hdr.hist.orient		offset=252	value=-1
dimensionality     4
dimensions       256       256       256         1
Reading: talsrcimg.img
Writing: talsrcimg.4dfp.img
Writing: talsrcimg.4dfp.ifh
ifh2hdr talsrcimg -r0to197
ori=2

---------------------------------------------------------------------
gauss_4dfp talsrcimg 1.1
---------------------------------------------------------------------

freesurfer gauss_4dfp.c
Reading: talsrcimg.4dfp.img
Writing: talsrcimg_g11.4dfp.img
image dimensions 256 256 256 padded to 288 288 288
processing volume 1freesurfer ifh2hdr.c
Tue Mar 10 06:55:07 2026
Writing: talsrcimg_g11.4dfp.hdr

Writing: talsrcimg_g11.4dfp.ifh
including: talsrcimg.4dfp.img.rec in talsrcimg_g11.4dfp.img.rec

---------------------------------------------------------------------
imgreg_4dfp /opt/freesurfer/average/711-2C_as_mni_average_305 none talsrcimg_g11 none talsrcimg_to_711-2C_as_mni_average_305_t4 4355
---------------------------------------------------------------------

freesurfer imgreg_4dfp.c
/opt/freesurfer/average/711-2C_as_mni_average_305.4dfp.img
       256       256       256         1
  1.000000  1.000000  1.000000
orientation T byte_order littleendian
Reading image: /opt/freesurfer/average/711-2C_as_mni_average_305.4dfp.img
dimensions:      256       256       256
mmppix:       1.0000   -1.0000   -1.0000
center:     128.0000 -129.0000 -129.0000
talsrcimg_g11.4dfp.img
       256       256       256         1
  1.000000  1.000000  1.000000
orientation T byte_order littleendian
Reading image: talsrcimg_g11.4dfp.img
dimensions:      256       256       256
mmppix:       1.0000   -1.0000   -1.0000
center:     128.0000 -129.0000 -129.0000
t4_read: open error in t4_sub.f l:  41 t4_file(1:l)talsrcimg_to_711-2C_as_mni_average_305_t4 
t4_read: transform initialized to I4
rotation matrix determinant  1.000000
image alignment mode   4355 decimal     1103 hex
   -7.5000  -45.0000  -45.0000 5794.1670   17.4515
    0.0000  -45.0000  -45.0000 6062.4155   17.4793
    7.5000  -45.0000  -45.0000 5833.7905   17.4591
   -7.5000  -37.5000  -45.0000 6393.2437   16.7743
    0.0000  -37.5000  -45.0000 6690.3584   16.8003
    7.5000  -37.5000  -45.0000 6439.3770   16.7859
   -7.5000  -30.0000  -45.0000 7274.1929   16.2788
    0.0000  -30.0000  -45.0000 7642.3604   16.2970
    7.5000  -30.0000  -45.0000 7342.8267   16.2849
   -7.5000  -22.5000  -45.0000 8265.0918   15.9271
    0.0000  -22.5000  -45.0000 8698.2559   15.9376
    7.5000  -22.5000  -45.0000 8343.4922   15.9205
   -7.5000  -15.0000  -45.0000 9304.9170   15.7060
    0.0000  -15.0000  -45.0000 9789.1689   15.7177
    7.5000  -15.0000  -45.0000 9390.6025   15.6935
   -7.5000   -7.5000  -45.000010395.7793   15.6132
    0.0000   -7.5000  -45.000010933.0967   15.6330
    7.5000   -7.5000  -45.000010471.5127   15.6080
   -7.5000    0.0000  -45.000011452.1025   15.6028
    0.0000    0.0000  -45.000012058.3779   15.6299
    7.5000    0.0000  -45.000011520.3330   15.6100
   -7.5000    7.5000  -45.000011612.2803   15.6060
    0.0000    7.5000  -45.000012235.0049   15.6323
    7.5000    7.5000  -45.000011678.0273   15.6180
   -7.5000   15.0000  -45.000011566.2988   15.6154
    0.0000   15.0000  -45.000012164.5303   15.6338
    7.5000   15.0000  -45.000011603.4648   15.6212
   -7.5000   22.5000  -45.000011400.4697   15.6175
    0.0000   22.5000  -45.000011978.4551   15.6288
    7.5000   22.5000  -45.000011410.2178   15.6115
   -7.5000   30.0000  -45.000011186.5498   15.4076
    0.0000   30.0000  -45.000011733.1484   15.4194
    7.5000   30.0000  -45.000011190.3506   15.3956
   -7.5000   37.5000  -45.000011377.4131   15.3995
    0.0000   37.5000  -45.000011921.8145   15.4191
    7.5000   37.5000  -45.000011367.4883   15.3945
   -7.5000   45.0000  -45.000010997.9004   15.0040
    0.0000   45.0000  -45.000011540.0020   15.0300
    7.5000   45.0000  -45.000010970.1553   15.0109
   -7.5000  -45.0000  -37.5000 6050.9180   17.4518
    0.0000  -45.0000  -37.5000 6346.2842   17.4792
    7.5000  -45.0000  -37.5000 6104.7363   17.4562
   -7.5000  -37.5000  -37.5000 6678.7676   16.7690
    0.0000  -37.5000  -37.5000 7010.2520   16.7954
    7.5000  -37.5000  -37.5000 6739.9468   16.7807
   -7.5000  -30.0000  -37.5000 7631.2178   16.2750
    0.0000  -30.0000  -37.5000 8027.9312   16.2935
    7.5000  -30.0000  -37.5000 7703.7769   16.2803
   -7.5000  -22.5000  -37.5000 8690.0723   15.9277
    0.0000  -22.5000  -37.5000 9136.7139   15.9393
    7.5000  -22.5000  -37.5000 8749.5283   15.9191
   -7.5000  -15.0000  -37.5000 9810.7891   15.7105
    0.0000  -15.0000  -37.500010314.9023   15.7232
    7.5000  -15.0000  -37.5000 9882.2334   15.6941
   -7.5000   -7.5000  -37.500010964.1641   15.6195
    0.0000   -7.5000  -37.500011525.5127   15.6393
    7.5000   -7.5000  -37.500011028.2354   15.6096
   -7.5000    0.0000  -37.500012074.5996   15.6064
    0.0000    0.0000  -37.500012688.5322   15.6331
    7.5000    0.0000  -37.500012130.5479   15.6107
   -7.5000    7.5000  -37.500012242.9199   15.6056
    0.0000    7.5000  -37.500012867.1191   15.6319
    7.5000    7.5000  -37.500012284.2002   15.6166
   -7.5000   15.0000  -37.500012199.2480   15.6141
    0.0000   15.0000  -37.500012799.4424   15.6331
    7.5000   15.0000  -37.500012219.4629   15.6192
   -7.5000   22.5000  -37.500012013.1494   15.6185
    0.0000   22.5000  -37.500012601.8623   15.6312
    7.5000   22.5000  -37.500012007.4492   15.6108
   -7.5000   30.0000  -37.500011742.7236   15.4122
    0.0000   30.0000  -37.500012334.2891   15.4250
    7.5000   30.0000  -37.500011737.5918   15.3964
   -7.5000   37.5000  -37.500011915.6084   15.4057
    0.0000   37.5000  -37.500012517.9580   15.4253
    7.5000   37.5000  -37.500011902.3232   15.3960
   -7.5000   45.0000  -37.500011516.3984   15.0074
    0.0000   45.0000  -37.500012107.7129   15.0331
    7.5000   45.0000  -37.500011500.5527   15.0116
   -7.5000  -45.0000  -30.0000 6402.5879   18.1967
    0.0000  -45.0000  -30.0000 6718.8691   18.2223
    7.5000  -45.0000  -30.0000 6450.5835   18.1998
   -7.5000  -37.5000  -30.0000 7091.4678   17.4858
    0.0000  -37.5000  -30.0000 7439.0664   17.5121
    7.5000  -37.5000  -30.0000 7157.7832   17.5003
   -7.5000  -30.0000  -30.0000 8137.9609   16.9715
    0.0000  -30.0000  -30.0000 8536.2734   16.9915
    7.5000  -30.0000  -30.0000 8204.1455   16.9824
   -7.5000  -22.5000  -30.0000 9281.7861   16.6107
    0.0000  -22.5000  -30.0000 9739.4912   16.6245
    7.5000  -22.5000  -30.0000 9338.6553   16.6076
   -7.5000  -15.0000  -30.000010480.9590   16.3838
    0.0000  -15.0000  -30.000011005.1250   16.3971
    7.5000  -15.0000  -30.000010527.1055   16.3690
   -7.5000   -7.5000  -30.000011709.6162   16.2888
    0.0000   -7.5000  -30.000012282.0459   16.3076
    7.5000   -7.5000  -30.000011753.3242   16.2769
   -7.5000    0.0000  -30.000012876.7002   16.2752
    0.0000    0.0000  -30.000013492.3213   16.3004
    7.5000    0.0000  -30.000012912.7129   16.2772
   -7.5000    7.5000  -30.000013047.4150   16.2745
    0.0000    7.5000  -30.000013689.8584   16.3004
    7.5000    7.5000  -30.000013088.3135   16.2865
   -7.5000   15.0000  -30.000012987.0625   16.2839
    0.0000   15.0000  -30.000013622.3115   16.3046
    7.5000   15.0000  -30.000013029.9580   16.2939
   -7.5000   22.5000  -30.000012749.0420   16.2867
    0.0000   22.5000  -30.000013388.8945   16.3016
    7.5000   22.5000  -30.000012772.6611   16.2843
   -7.5000   30.0000  -30.000012461.7383   16.0743
    0.0000   30.0000  -30.000013119.2754   16.0878
    7.5000   30.0000  -30.000012468.1865   16.0601
   -7.5000   37.5000  -30.000012661.5713   16.0675
    0.0000   37.5000  -30.000013333.3018   16.0860
    7.5000   37.5000  -30.000012629.9805   16.0557
   -7.5000   45.0000  -30.000012229.5371   15.6620
    0.0000   45.0000  -30.000012883.6211   15.6863
    7.5000   45.0000  -30.000012210.7891   15.6639
   -7.5000  -45.0000  -22.5000 6741.0308   18.8093
    0.0000  -45.0000  -22.5000 7073.9917   18.8336
    7.5000  -45.0000  -22.5000 6786.5166   18.8148
   -7.5000  -37.5000  -22.5000 7512.0947   18.0833
    0.0000  -37.5000  -22.5000 7887.3960   18.1096
    7.5000  -37.5000  -22.5000 7575.3516   18.1016
   -7.5000  -30.0000  -22.5000 8634.0557   17.5514
    0.0000  -30.0000  -22.5000 9072.5820   17.5734
    7.5000  -30.0000  -22.5000 8708.4775   17.5710
   -7.5000  -22.5000  -22.5000 9860.4971   17.1751
    0.0000  -22.5000  -22.500010352.1533   17.1904
    7.5000  -22.5000  -22.5000 9912.6309   17.1813
   -7.5000  -15.0000  -22.500011135.3535   16.9353
    0.0000  -15.0000  -22.500011677.9951   16.9485
    7.5000  -15.0000  -22.500011180.5059   16.9270
   -7.5000   -7.5000  -22.500012415.7852   16.8351
    0.0000   -7.5000  -22.500013010.5010   16.8528
    7.5000   -7.5000  -22.500012468.7412   16.8263
   -7.5000    0.0000  -22.500013638.0488   16.8241
    0.0000    0.0000  -22.500014296.8906   16.8482
    7.5000    0.0000  -22.500013694.9619   16.8272
   -7.5000    7.5000  -22.500013809.9609   16.8286
    0.0000    7.5000  -22.500014489.6621   16.8544
    7.5000    7.5000  -22.500013846.1572   16.8437
   -7.5000   15.0000  -22.500013757.1621   16.8399
    0.0000   15.0000  -22.500014440.6426   16.8624
    7.5000   15.0000  -22.500013780.9512   16.8577
   -7.5000   22.5000  -22.500013478.5703   16.8388
    0.0000   22.5000  -22.500014146.5176   16.8551
    7.5000   22.5000  -22.500013473.6865   16.8452
   -7.5000   30.0000  -22.500013182.1289   16.6181
    0.0000   30.0000  -22.500013845.2549   16.6313
    7.5000   30.0000  -22.500013143.2578   16.6101
   -7.5000   37.5000  -22.500013394.7480   16.6089
    0.0000   37.5000  -22.500014095.0020   16.6264
    7.5000   37.5000  -22.500013335.8389   16.6002
   -7.5000   45.0000  -22.500012950.0117   16.2025
    0.0000   45.0000  -22.500013628.7793   16.2257
    7.5000   45.0000  -22.500012898.4951   16.2054
   -7.5000  -45.0000  -15.0000 7103.8682   19.2377
    0.0000  -45.0000  -15.0000 7458.8135   19.2628
    7.5000  -45.0000  -15.0000 7154.2173   19.2459
   -7.5000  -37.5000  -15.0000 7927.4106   18.5031
    0.0000  -37.5000  -15.0000 8332.4160   18.5296
    7.5000  -37.5000  -15.0000 7984.2163   18.5213
   -7.5000  -30.0000  -15.0000 9089.6572   17.9585
    0.0000  -30.0000  -15.0000 9564.1270   17.9808
    7.5000  -30.0000  -15.0000 9162.3193   17.9798
   -7.5000  -22.5000  -15.000010379.6211   17.5690
    0.0000  -22.5000  -15.000010910.5186   17.5835
    7.5000  -22.5000  -15.000010428.4512   17.5782
   -7.5000  -15.0000  -15.000011730.8369   17.3190
    0.0000  -15.0000  -15.000012306.9893   17.3314
    7.5000  -15.0000  -15.000011768.4551   17.3151
   -7.5000   -7.5000  -15.000013082.6064   17.2143
    0.0000   -7.5000  -15.000013693.7168   17.2322
    7.5000   -7.5000  -15.000013115.2715   17.2099
   -7.5000    0.0000  -15.000014364.2236   17.2061
    0.0000    0.0000  -15.000015062.1621   17.2309
    7.5000    0.0000  -15.000014404.8545   17.2116
   -7.5000    7.5000  -15.000014543.1865   17.2157
    0.0000    7.5000  -15.000015279.1768   17.2421
    7.5000    7.5000  -15.000014595.8262   17.2318
   -7.5000   15.0000  -15.000014520.6836   17.2287
    0.0000   15.0000  -15.000015240.6426   17.2511
    7.5000   15.0000  -15.000014538.9736   17.2481
   -7.5000   22.5000  -15.000014230.5781   17.2239
    0.0000   22.5000  -15.000014895.6152   17.2394
    7.5000   22.5000  -15.000014218.9111   17.2332
   -7.5000   30.0000  -15.000013909.0156   16.9970
    0.0000   30.0000  -15.000014532.3213   17.0095
    7.5000   30.0000  -15.000013836.2939   16.9932
   -7.5000   37.5000  -15.000014147.0566   16.9854
    0.0000   37.5000  -15.000014797.2422   17.0031
    7.5000   37.5000  -15.000014049.0713   16.9811
   -7.5000   45.0000  -15.000013644.9443   16.5804
    0.0000   45.0000  -15.000014303.9941   16.6042
    7.5000   45.0000  -15.000013577.6650   16.5857
   -7.5000  -45.0000   -7.5000 7427.4858   19.4517
    0.0000  -45.0000   -7.5000 7808.5981   19.4799
    7.5000  -45.0000   -7.5000 7463.3267   19.4615
   -7.5000  -37.5000   -7.5000 8303.7930   18.7070
    0.0000  -37.5000   -7.5000 8722.2148   18.7343
    7.5000  -37.5000   -7.5000 8346.1992   18.7220
   -7.5000  -30.0000   -7.5000 9567.0049   18.1557
    0.0000  -30.0000   -7.500010051.5752   18.1768
    7.5000  -30.0000   -7.5000 9625.9971   18.1700
   -7.5000  -22.5000   -7.500010931.6318   17.7611
    0.0000  -22.5000   -7.500011482.3564   17.7736
    7.5000  -22.5000   -7.500010986.6865   17.7632
   -7.5000  -15.0000   -7.500012325.4189   17.5094
    0.0000  -15.0000   -7.500012931.7695   17.5217
    7.5000  -15.0000   -7.500012370.7490   17.5028
   -7.5000   -7.5000   -7.500013725.3857   17.4038
    0.0000   -7.5000   -7.500014384.4727   17.4237
    7.5000   -7.5000   -7.500013752.9609   17.4012
   -7.5000    0.0000   -7.500015039.5420   17.3953
    0.0000    0.0000   -7.500015786.0059   17.4227
    7.5000    0.0000   -7.500015072.1357   17.4031
   -7.5000    7.5000   -7.500015228.1211   17.4040
    0.0000    7.5000   -7.500016025.0732   17.4317
    7.5000    7.5000   -7.500015294.8975   17.4187
   -7.5000   15.0000   -7.500015242.8711   17.4165
    0.0000   15.0000   -7.500016067.3340   17.4376
    7.5000   15.0000   -7.500015308.7842   17.4297
   -7.5000   22.5000   -7.500015017.2354   17.4103
    0.0000   22.5000   -7.500015735.1162   17.4238
    7.5000   22.5000   -7.500015055.7842   17.4128
   -7.5000   30.0000   -7.500014710.7129   17.1832
    0.0000   30.0000   -7.500015293.6406   17.1957
    7.5000   30.0000   -7.500014655.2686   17.1769
   -7.5000   37.5000   -7.500014930.5088   17.1719
    0.0000   37.5000   -7.500015518.5107   17.1916
    7.5000   37.5000   -7.500014833.1172   17.1693
   -7.5000   45.0000   -7.500014393.8721   16.7657
    0.0000   45.0000   -7.500015030.1338   16.7922
    7.5000   45.0000   -7.500014288.2178   16.7733
   -7.5000  -45.0000    0.0000 7675.5806   19.5023
    0.0000  -45.0000    0.0000 8052.0322   19.5335
    7.5000  -45.0000    0.0000 7697.2383   19.5110
   -7.5000  -37.5000    0.0000 8558.5430   18.7466
    0.0000  -37.5000    0.0000 9017.7090   18.7758
    7.5000  -37.5000    0.0000 8596.8281   18.7598
   -7.5000  -30.0000    0.0000 9900.2715   18.1939
    0.0000  -30.0000    0.000010420.9775   18.2144
    7.5000  -30.0000    0.0000 9941.7715   18.2010
   -7.5000  -22.5000    0.000011347.0273   17.8014
    0.0000  -22.5000    0.000011912.5820   17.8133
    7.5000  -22.5000    0.000011379.1748   17.7943
   -7.5000  -15.0000    0.000012805.8809   17.5544
    0.0000  -15.0000    0.000013415.0391   17.5677
    7.5000  -15.0000    0.000012827.6523   17.5407
   -7.5000   -7.5000    0.000014249.3213   17.4506
    0.0000   -7.5000    0.000014914.5098   17.4729
    7.5000   -7.5000    0.000014271.2090   17.4451
   -7.5000    0.0000    0.000015607.7539   17.4389
    0.0000    0.0000    0.000016339.5645   17.4692
    7.5000    0.0000    0.000015641.9795   17.4471
   -7.5000    7.5000    0.000015778.4814   17.4425
    0.0000    7.5000    0.000016540.1133   17.4720
    7.5000    7.5000    0.000015851.1924   17.4561
   -7.5000   15.0000    0.000015816.4395   17.4533
    0.0000   15.0000    0.000016670.1621   17.4740
    7.5000   15.0000    0.000015929.2061   17.4601
   -7.5000   22.5000    0.000015724.5312   17.4501
    0.0000   22.5000    0.000016542.8691   17.4630
    7.5000   22.5000    0.000015803.3477   17.4438
   -7.5000   30.0000    0.000015501.4512   17.2278
    0.0000   30.0000    0.000016237.4648   17.2412
    7.5000   30.0000    0.000015472.0752   17.2146
   -7.5000   37.5000    0.000015714.2988   17.2185
    0.0000   37.5000    0.000016460.2715   17.2406
    7.5000   37.5000    0.000015578.4727   17.2131
   -7.5000   45.0000    0.000015082.2129   16.8091
    0.0000   45.0000    0.000015831.7646   16.8383
    7.5000   45.0000    0.000014911.5586   16.8170
   -7.5000  -45.0000    7.5000 7258.1743   19.5278
    0.0000  -45.0000    7.5000 7631.6406   19.5584
    7.5000  -45.0000    7.5000 7282.7310   19.5328
   -7.5000  -37.5000    7.5000 8155.4414   18.7638
    0.0000  -37.5000    7.5000 8582.1357   18.7934
    7.5000  -37.5000    7.5000 8183.3818   18.7770
   -7.5000  -30.0000    7.5000 9494.7354   18.2112
    0.0000  -30.0000    7.5000 9987.1777   18.2319
    7.5000  -30.0000    7.5000 9525.6553   18.2172
   -7.5000  -22.5000    7.500010888.9658   17.8226
    0.0000  -22.5000    7.500011424.0273   17.8357
    7.5000  -22.5000    7.500010908.4492   17.8131
   -7.5000  -15.0000    7.500012276.3037   17.5796
    0.0000  -15.0000    7.500012851.2295   17.5939
    7.5000  -15.0000    7.500012286.5000   17.5613
   -7.5000   -7.5000    7.500013630.6934   17.4776
    0.0000   -7.5000    7.500014277.1279   17.4999
    7.5000   -7.5000    7.500013653.7100   17.4667
   -7.5000    0.0000    7.500014934.4932   17.4629
    0.0000    0.0000    7.500015654.5137   17.4929
    7.5000    0.0000    7.500014962.8545   17.4678
   -7.5000    7.5000    7.500015145.5547   17.4621
    0.0000    7.5000    7.500015906.4424   17.4915
    7.5000    7.5000    7.500015201.1553   17.4744
   -7.5000   15.0000    7.500015238.3643   17.4718
    0.0000   15.0000    7.500016064.8047   17.4930
    7.5000   15.0000    7.500015291.5820   17.4775
   -7.5000   22.5000    7.500015170.1816   17.4711
    0.0000   22.5000    7.500015931.5986   17.4853
    7.5000   22.5000    7.500015202.0938   17.4625
   -7.5000   30.0000    7.500014917.9736   17.2525
    0.0000   30.0000    7.500015643.8408   17.2669
    7.5000   30.0000    7.500014899.2246   17.2349
   -7.5000   37.5000    7.500015079.2314   17.2452
    0.0000   37.5000    7.500015819.2549   17.2671
    7.5000   37.5000    7.500014981.8369   17.2343
   -7.5000   45.0000    7.500014507.0381   16.8323
    0.0000   45.0000    7.500015200.4873   16.8611
    7.5000   45.0000    7.500014369.4404   16.8370
   -7.5000  -45.0000   15.0000 6812.6313   19.5485
    0.0000  -45.0000   15.0000 7131.4526   19.5760
    7.5000  -45.0000   15.0000 6835.1870   19.5520
   -7.5000  -37.5000   15.0000 7670.2686   18.7854
    0.0000  -37.5000   15.0000 8040.5566   18.8137
    7.5000  -37.5000   15.0000 7695.0850   18.8011
   -7.5000  -30.0000   15.0000 8954.2002   18.2335
    0.0000  -30.0000   15.0000 9396.3750   18.2550
    7.5000  -30.0000   15.0000 8977.7285   18.2453
   -7.5000  -22.5000   15.000010283.3467   17.8465
    0.0000  -22.5000   15.000010793.3906   17.8613
    7.5000  -22.5000   15.000010313.1670   17.8432
   -7.5000  -15.0000   15.000011604.3408   17.6024
    0.0000  -15.0000   15.000012165.3545   17.6168
    7.5000  -15.0000   15.000011630.0010   17.5866
   -7.5000   -7.5000   15.000012916.0498   17.5004
    0.0000   -7.5000   15.000013547.6074   17.5205
    7.5000   -7.5000   15.000012938.0625   17.4876
   -7.5000    0.0000   15.000014183.5098   17.4858
    0.0000    0.0000   15.000014880.2510   17.5129
    7.5000    0.0000   15.000014196.6543   17.4880
   -7.5000    7.5000   15.000014405.1084   17.4852
    0.0000    7.5000   15.000015123.9727   17.5129
    7.5000    7.5000   15.000014422.2412   17.4982
   -7.5000   15.0000   15.000014434.3535   17.4952
    0.0000   15.0000   15.000015150.2295   17.5175
    7.5000   15.0000   15.000014452.2900   17.5061
   -7.5000   22.5000   15.000014280.9590   17.4943
    0.0000   22.5000   15.000014916.7510   17.5103
    7.5000   22.5000   15.000014293.0205   17.4918
   -7.5000   30.0000   15.000013973.2061   17.2749
    0.0000   30.0000   15.000014594.0254   17.2894
    7.5000   30.0000   15.000013976.7871   17.2597
   -7.5000   37.5000   15.000014138.0703   17.2676
    0.0000   37.5000   15.000014772.3994   17.2875
    7.5000   37.5000   15.000014124.9688   17.2550
   -7.5000   45.0000   15.000013663.0781   16.8543
    0.0000   45.0000   15.000014272.5605   16.8804
    7.5000   45.0000   15.000013593.2568   16.8564
   -7.5000  -45.0000   22.5000 6297.7046   19.6393
    0.0000  -45.0000   22.5000 6583.1855   19.6642
    7.5000  -45.0000   22.5000 6327.2383   19.6453
   -7.5000  -37.5000   22.5000 7103.8442   18.8827
    0.0000  -37.5000   22.5000 7439.3398   18.9098
    7.5000  -37.5000   22.5000 7112.7417   18.9023
   -7.5000  -30.0000   22.5000 8295.9385   18.3292
    0.0000  -30.0000   22.5000 8719.7998   18.3518
    7.5000  -30.0000   22.5000 8315.8906   18.3502
   -7.5000  -22.5000   22.5000 9559.2705   17.9380
    0.0000  -22.5000   22.500010063.4902   17.9536
    7.5000  -22.5000   22.5000 9576.4814   17.9451
   -7.5000  -15.0000   22.500010814.0059   17.6856
    0.0000  -15.0000   22.500011371.9863   17.6989
    7.5000  -15.0000   22.500010836.1426   17.6773
   -7.5000   -7.5000   22.500012039.2207   17.5804
    0.0000   -7.5000   22.500012656.3965   17.5986
    7.5000   -7.5000   22.500012054.7969   17.5716
   -7.5000    0.0000   22.500013185.4248   17.5697
    0.0000    0.0000   22.500013853.3789   17.5945
    7.5000    0.0000   22.500013218.3525   17.5733
   -7.5000    7.5000   22.500013352.2461   17.5749
    0.0000    7.5000   22.500014026.7861   17.6015
    7.5000    7.5000   22.500013404.7881   17.5913
   -7.5000   15.0000   22.500013378.9990   17.5867
    0.0000   15.0000   22.500014032.1396   17.6099
    7.5000   15.0000   22.500013426.3633   17.6059
   -7.5000   22.5000   22.500013220.9512   17.5822
    0.0000   22.5000   22.500013793.6338   17.5989
    7.5000   22.5000   22.500013259.7363   17.5895
   -7.5000   30.0000   22.500012920.5928   17.3561
    0.0000   30.0000   22.500013459.4541   17.3696
    7.5000   30.0000   22.500012953.4385   17.3482
   -7.5000   37.5000   22.500013057.6914   17.3466
    0.0000   37.5000   22.500013613.8730   17.3645
    7.5000   37.5000   22.500013088.2393   17.3379
   -7.5000   45.0000   22.500012672.0713   16.9352
    0.0000   45.0000   22.500013199.3242   16.9591
    7.5000   45.0000   22.500012683.2656   16.9387
   -7.5000  -45.0000   30.0000 5767.3267   19.9415
    0.0000  -45.0000   30.0000 6026.2637   19.9662
    7.5000  -45.0000   30.0000 5788.1284   19.9501
   -7.5000  -37.5000   30.0000 6501.9834   19.1754
    0.0000  -37.5000   30.0000 6809.3452   19.2017
    7.5000  -37.5000   30.0000 6505.1128   19.1948
   -7.5000  -30.0000   30.0000 7594.5513   18.6093
    0.0000  -30.0000   30.0000 7979.1377   18.6315
    7.5000  -30.0000   30.0000 7604.7417   18.6323
   -7.5000  -22.5000   30.0000 8763.9219   18.2054
    0.0000  -22.5000   30.0000 9215.3232   18.2194
    7.5000  -22.5000   30.0000 8771.8887   18.2155
   -7.5000  -15.0000   30.0000 9919.0908   17.9402
    0.0000  -15.0000   30.000010437.1553   17.9520
    7.5000  -15.0000   30.0000 9946.0186   17.9362
   -7.5000   -7.5000   30.000011045.0908   17.8294
    0.0000   -7.5000   30.000011611.5752   17.8468
    7.5000   -7.5000   30.000011074.6562   17.8249
   -7.5000    0.0000   30.000012086.9229   17.8218
    0.0000    0.0000   30.000012716.7080   17.8464
    7.5000    0.0000   30.000012152.0996   17.8279
   -7.5000    7.5000   30.000012255.0645   17.8329
    0.0000    7.5000   30.000012878.8770   17.8594
    7.5000    7.5000   30.000012329.9785   17.8504
   -7.5000   15.0000   30.000012285.3740   17.8467
    0.0000   15.0000   30.000012878.2529   17.8691
    7.5000   15.0000   30.000012339.3008   17.8678
   -7.5000   22.5000   30.000012139.5146   17.8389
    0.0000   22.5000   30.000012673.6514   17.8540
    7.5000   22.5000   30.000012171.1904   17.8492
   -7.5000   30.0000   30.000011832.4326   17.6044
    0.0000   30.0000   30.000012326.6475   17.6163
    7.5000   30.0000   30.000011881.2832   17.6007
   -7.5000   37.5000   30.000011962.8379   17.5921
    0.0000   37.5000   30.000012458.6484   17.6094
    7.5000   37.5000   30.000012003.1045   17.5877
   -7.5000   45.0000   30.000011628.6055   17.1782
    0.0000   45.0000   30.000012106.1133   17.2019
    7.5000   45.0000   30.000011650.7764   17.1840
   -7.5000  -45.0000   37.5000 5463.2617   20.4453
    0.0000  -45.0000   37.5000 5687.9053   20.4754
    7.5000  -45.0000   37.5000 5476.7358   20.4564
   -7.5000  -37.5000   37.5000 6170.9546   19.6471
    0.0000  -37.5000   37.5000 6425.7920   19.6758
    7.5000  -37.5000   37.5000 6165.5830   19.6641
   -7.5000  -30.0000   37.5000 7209.0649   19.0555
    0.0000  -30.0000   37.5000 7529.4790   19.0772
    7.5000  -30.0000   37.5000 7212.6499   19.0721
   -7.5000  -22.5000   37.5000 8299.3506   18.6342
    0.0000  -22.5000   37.5000 8688.6152   18.6467
    7.5000  -22.5000   37.5000 8307.0625   18.6379
   -7.5000  -15.0000   37.5000 9393.3076   18.3593
    0.0000  -15.0000   37.5000 9876.5771   18.3720
    7.5000  -15.0000   37.5000 9427.8369   18.3534
   -7.5000   -7.5000   37.500010488.0996   18.2452
    0.0000   -7.5000   37.500011028.6182   18.2663
    7.5000   -7.5000   37.500010517.0596   18.2433
   -7.5000    0.0000   37.500011496.9756   18.2380
    0.0000    0.0000   37.500012085.5049   18.2673
    7.5000    0.0000   37.500011540.8711   18.2474
   -7.5000    7.5000   37.500011630.2275   18.2479
    0.0000    7.5000   37.500012229.0713   18.2771
    7.5000    7.5000   37.500011695.3223   18.2649
   -7.5000   15.0000   37.500011659.2051   18.2600
    0.0000   15.0000   37.500012225.8838   18.2818
    7.5000   15.0000   37.500011695.0059   18.2756
   -7.5000   22.5000   37.500011513.4326   18.2517
    0.0000   22.5000   37.500012054.2285   18.2653
    7.5000   22.5000   37.500011550.8906   18.2558
   -7.5000   30.0000   37.500011237.8408   18.0130
    0.0000   30.0000   37.500011726.6455   18.0258
    7.5000   30.0000   37.500011276.2139   18.0074
   -7.5000   37.5000   37.500011347.3457   18.0022
    0.0000   37.5000   37.500011845.0322   18.0232
    7.5000   37.5000   37.500011383.2314   18.0004
   -7.5000   45.0000   37.500011049.2686   17.5793
    0.0000   45.0000   37.500011527.9707   17.6076
    7.5000   45.0000   37.500011070.4873   17.5884
   -7.5000  -45.0000   45.0000 4964.0576   21.1479
    0.0000  -45.0000   45.0000 5173.6216   21.1773
    7.5000  -45.0000   45.0000 4983.3271   21.1483
   -7.5000  -37.5000   45.0000 5627.6489   20.3123
    0.0000  -37.5000   45.0000 5858.9526   20.3404
    7.5000  -37.5000   45.0000 5634.9375   20.3212
   -7.5000  -30.0000   45.0000 6581.5103   19.6823
    0.0000  -30.0000   45.0000 6866.0430   19.7017
    7.5000  -30.0000   45.0000 6582.9844   19.6884
   -7.5000  -22.5000   45.0000 7569.8081   19.2307
    0.0000  -22.5000   45.0000 7916.0630   19.2403
    7.5000  -22.5000   45.0000 7571.6753   19.2216
   -7.5000  -15.0000   45.0000 8567.7520   18.9442
    0.0000  -15.0000   45.0000 8993.2988   18.9547
    7.5000  -15.0000   45.0000 8590.4590   18.9251
   -7.5000   -7.5000   45.0000 9569.0010   18.8294
    0.0000   -7.5000   45.000010057.0938   18.8495
    7.5000   -7.5000   45.0000 9582.4648   18.8165
   -7.5000    0.0000   45.000010513.7842   18.8237
    0.0000    0.0000   45.000011060.3730   18.8529
    7.5000    0.0000   45.000010533.0225   18.8256
   -7.5000    7.5000   45.000010634.8574   18.8296
    0.0000    7.5000   45.000011201.5361   18.8587
    7.5000    7.5000   45.000010670.9531   18.8402
   -7.5000   15.0000   45.000010657.1621   18.8359
    0.0000   15.0000   45.000011188.2773   18.8558
    7.5000   15.0000   45.000010675.7080   18.8421
   -7.5000   22.5000   45.000010529.4297   18.8243
    0.0000   22.5000   45.000011049.7969   18.8352
    7.5000   22.5000   45.000010536.0674   18.8162
   -7.5000   30.0000   45.000010283.8555   18.5808
    0.0000   30.0000   45.000010748.8799   18.5916
    7.5000   30.0000   45.000010290.3125   18.5625
   -7.5000   37.5000   45.000010386.1055   18.5767
    0.0000   37.5000   45.000010851.9277   18.5966
    7.5000   37.5000   45.000010403.2979   18.5641
   -7.5000   45.0000   45.000010117.7412   18.1521
    0.0000   45.0000   45.000010571.5723   18.1803
    7.5000   45.0000   45.000010141.7725   18.1539

---------------------------------------------------------------------
imgreg_4dfp /opt/freesurfer/average/711-2C_as_mni_average_305 /opt/freesurfer/average/711-2B_as_mni_average_305_mask talsrcimg_g11 none talsrcimg_to_711-2C_as_mni_average_305_t4 4355
---------------------------------------------------------------------

freesurfer imgreg_4dfp.c
/opt/freesurfer/average/711-2C_as_mni_average_305.4dfp.img
       256       256       256         1
  1.000000  1.000000  1.000000
orientation T byte_order littleendian
Reading image: /opt/freesurfer/average/711-2C_as_mni_average_305.4dfp.img
dimensions:      256       256       256
mmppix:       1.0000   -1.0000   -1.0000
center:     128.0000 -129.0000 -129.0000
/opt/freesurfer/average/711-2B_as_mni_average_305_mask.4dfp.img
       256       256       256         1
  1.000000  1.000000  1.000000
orientation T byte_order littleendian
Reading mask: /opt/freesurfer/average/711-2B_as_mni_average_305_mask.4dfp.img (2306576 pixels)
talsrcimg_g11.4dfp.img
       256       256       256         1
  1.000000  1.000000  1.000000
orientation T byte_order littleendian
Reading image: talsrcimg_g11.4dfp.img
dimensions:      256       256       256
mmppix:       1.0000   -1.0000   -1.0000
center:     128.0000 -129.0000 -129.0000
rotation matrix determinant  1.000000
image alignment mode   4355 decimal     1103 hex
   -7.5000  -30.0000  -45.0000 1881.6222   22.9149
    0.0000  -30.0000  -45.0000 1896.6094   22.8431
    7.5000  -30.0000  -45.0000 1892.0374   22.9230
   -7.5000  -22.5000  -45.0000 2018.8455   20.1237
    0.0000  -22.5000  -45.0000 2037.0302   20.0771
    7.5000  -22.5000  -45.0000 2027.1212   20.1432
   -7.5000  -15.0000  -45.0000 2141.1724   17.9527
    0.0000  -15.0000  -45.0000 2157.3274   17.9105
    7.5000  -15.0000  -45.0000 2147.9404   17.9475
   -7.5000   -7.5000  -45.0000 2255.3467   16.2866
    0.0000   -7.5000  -45.0000 2268.9827   16.2558
    7.5000   -7.5000  -45.0000 2263.9575   16.2872
   -7.5000    0.0000  -45.0000 2351.4578   15.0381
    0.0000    0.0000  -45.0000 2369.6187   15.0037
    7.5000    0.0000  -45.0000 2358.9114   15.0179
   -7.5000    7.5000  -45.0000 2420.3936   14.1216
    0.0000    7.5000  -45.0000 2440.6785   14.0797
    7.5000    7.5000  -45.0000 2428.0000   14.0910
   -7.5000   15.0000  -45.0000 2455.0771   13.5517
    0.0000   15.0000  -45.0000 2474.6187   13.4524
    7.5000   15.0000  -45.0000 2460.9575   13.5001
   -7.5000   22.5000  -45.0000 2473.7866   13.2493
    0.0000   22.5000  -45.0000 2492.3640   13.1192
    7.5000   22.5000  -45.0000 2478.8242   13.1588
   -7.5000   30.0000  -45.0000 2477.4778   13.2130
    0.0000   30.0000  -45.0000 2498.9963   13.0496
    7.5000   30.0000  -45.0000 2488.6201   13.1145
   -7.5000   37.5000  -45.0000 2469.6057   13.4521
    0.0000   37.5000  -45.0000 2494.6228   13.3100
    7.5000   37.5000  -45.0000 2484.1055   13.3565
   -7.5000   45.0000  -45.0000 2439.6553   13.9711
    0.0000   45.0000  -45.0000 2467.0923   13.8350
    7.5000   45.0000  -45.0000 2454.2107   13.8606
   -7.5000   52.5000  -45.0000 2370.9246   14.6414
    0.0000   52.5000  -45.0000 2403.0483   14.5254
    7.5000   52.5000  -45.0000 2385.7397   14.5245
   -7.5000   60.0000  -45.0000 2255.2573   15.3508
    0.0000   60.0000  -45.0000 2280.7710   15.2319
    7.5000   60.0000  -45.0000 2266.8787   15.2550
   -7.5000  -30.0000  -37.5000 1934.8760   21.6687
    0.0000  -30.0000  -37.5000 1944.6427   21.6416
    7.5000  -30.0000  -37.5000 1939.4761   21.6859
   -7.5000  -22.5000  -37.5000 2072.2085   19.0759
    0.0000  -22.5000  -37.5000 2087.0669   19.0080
    7.5000  -22.5000  -37.5000 2076.4436   19.0454
   -7.5000  -15.0000  -37.5000 2205.5330   17.0392
    0.0000  -15.0000  -37.5000 2219.9626   16.9492
    7.5000  -15.0000  -37.5000 2208.7229   16.9928
   -7.5000   -7.5000  -37.5000 2326.7322   15.4313
    0.0000   -7.5000  -37.5000 2341.7847   15.3576
    7.5000   -7.5000  -37.5000 2330.4905   15.4076
   -7.5000    0.0000  -37.5000 2425.1621   14.1729
    0.0000    0.0000  -37.5000 2444.0923   14.1091
    7.5000    0.0000  -37.5000 2432.3647   14.1414
   -7.5000    7.5000  -37.5000 2498.8286   13.2782
    0.0000    7.5000  -37.5000 2517.6868   13.2009
    7.5000    7.5000  -37.5000 2504.8481   13.2393
   -7.5000   15.0000  -37.5000 2543.4312   12.7020
    0.0000   15.0000  -37.5000 2560.1953   12.5781
    7.5000   15.0000  -37.5000 2550.2786   12.6340
   -7.5000   22.5000  -37.5000 2571.9351   12.3755
    0.0000   22.5000  -37.5000 2589.9678   12.2445
    7.5000   22.5000  -37.5000 2576.3101   12.3196
   -7.5000   30.0000  -37.5000 2576.3906   12.3403
    0.0000   30.0000  -37.5000 2596.2249   12.2003
    7.5000   30.0000  -37.5000 2585.3303   12.2660
   -7.5000   37.5000  -37.5000 2561.5278   12.5760
    0.0000   37.5000  -37.5000 2587.9175   12.4576
    7.5000   37.5000  -37.5000 2577.0403   12.5044
   -7.5000   45.0000  -37.5000 2531.8787   13.0373
    0.0000   45.0000  -37.5000 2561.8257   12.9125
    7.5000   45.0000  -37.5000 2549.7522   12.9640
   -7.5000   52.5000  -37.5000 2463.0732   13.6273
    0.0000   52.5000  -37.5000 2493.3647   13.5261
    7.5000   52.5000  -37.5000 2479.0986   13.5662
   -7.5000   60.0000  -37.5000 2340.7344   14.3047
    0.0000   60.0000  -37.5000 2367.9907   14.1954
    7.5000   60.0000  -37.5000 2351.6211   14.2329
   -7.5000  -30.0000  -30.0000 2010.5037   21.4114
    0.0000  -30.0000  -30.0000 2023.7988   21.3220
    7.5000  -30.0000  -30.0000 2016.8644   21.4441
   -7.5000  -22.5000  -30.0000 2157.0054   18.8564
    0.0000  -22.5000  -30.0000 2171.6626   18.6873
    7.5000  -22.5000  -30.0000 2165.4995   18.7795
   -7.5000  -15.0000  -30.0000 2296.1526   16.7916
    0.0000  -15.0000  -30.0000 2312.2417   16.6555
    7.5000  -15.0000  -30.0000 2303.9827   16.7226
   -7.5000   -7.5000  -30.0000 2422.8042   15.1647
    0.0000   -7.5000  -30.0000 2440.0002   15.0507
    7.5000   -7.5000  -30.0000 2430.6689   15.1087
   -7.5000    0.0000  -30.0000 2528.9163   13.8908
    0.0000    0.0000  -30.0000 2544.6069   13.7702
    7.5000    0.0000  -30.0000 2537.6050   13.8406
   -7.5000    7.5000  -30.0000 2611.5837   12.9533
    0.0000    7.5000  -30.0000 2631.0168   12.8223
    7.5000    7.5000  -30.0000 2623.0681   12.8878
   -7.5000   15.0000  -30.0000 2663.9893   12.3291
    0.0000   15.0000  -30.0000 2684.8010   12.2091
    7.5000   15.0000  -30.0000 2681.6448   12.2717
   -7.5000   22.5000  -30.0000 2703.3589   11.9629
    0.0000   22.5000  -30.0000 2723.8667   11.8270
    7.5000   22.5000  -30.0000 2713.9146   11.9181
   -7.5000   30.0000  -30.0000 2720.3372   11.8975
    0.0000   30.0000  -30.0000 2742.6567   11.7869
    7.5000   30.0000  -30.0000 2728.1973   11.8512
   -7.5000   37.5000  -30.0000 2708.0542   12.1609
    0.0000   37.5000  -30.0000 2739.0906   12.0475
    7.5000   37.5000  -30.0000 2719.7566   12.1085
   -7.5000   45.0000  -30.0000 2677.9294   12.6112
    0.0000   45.0000  -30.0000 2709.7898   12.4904
    7.5000   45.0000  -30.0000 2693.3613   12.5530
   -7.5000   52.5000  -30.0000 2604.6057   13.2084
    0.0000   52.5000  -30.0000 2634.3596   13.0582
    7.5000   52.5000  -30.0000 2613.5818   13.1490
   -7.5000   60.0000  -30.0000 2470.5630   13.8618
    0.0000   60.0000  -30.0000 2496.0886   13.7326
    7.5000   60.0000  -30.0000 2478.3376   13.7886
   -7.5000  -30.0000  -22.5000 2059.1501   21.1337
    0.0000  -30.0000  -22.5000 2075.6172   20.9627
    7.5000  -30.0000  -22.5000 2069.5647   21.1055
   -7.5000  -22.5000  -22.5000 2209.3611   18.5217
    0.0000  -22.5000  -22.5000 2226.2451   18.2750
    7.5000  -22.5000  -22.5000 2217.0562   18.4490
   -7.5000  -15.0000  -22.5000 2351.0725   16.4284
    0.0000  -15.0000  -22.5000 2369.7817   16.2274
    7.5000  -15.0000  -22.5000 2363.4094   16.3403
   -7.5000   -7.5000  -22.5000 2480.1628   14.7779
    0.0000   -7.5000  -22.5000 2500.0852   14.6014
    7.5000   -7.5000  -22.5000 2497.7495   14.7170
   -7.5000    0.0000  -22.5000 2591.8499   13.5036
    0.0000    0.0000  -22.5000 2612.9856   13.3443
    7.5000    0.0000  -22.5000 2611.5835   13.4618
   -7.5000    7.5000  -22.5000 2685.5759   12.5577
    0.0000    7.5000  -22.5000 2709.6667   12.4234
    7.5000    7.5000  -22.5000 2702.9858   12.5058
   -7.5000   15.0000  -22.5000 2751.1785   11.8994
    0.0000   15.0000  -22.5000 2778.3198   11.7512
    7.5000   15.0000  -22.5000 2770.7207   11.8485
   -7.5000   22.5000  -22.5000 2799.9504   11.4799
    0.0000   22.5000  -22.5000 2830.9355   11.3349
    7.5000   22.5000  -22.5000 2813.0020   11.4353
   -7.5000   30.0000  -22.5000 2832.5073   11.3818
    0.0000   30.0000  -22.5000 2855.6487   11.2556
    7.5000   30.0000  -22.5000 2839.9441   11.3140
   -7.5000   37.5000  -22.5000 2828.1611   11.6629
    0.0000   37.5000  -22.5000 2858.2107   11.5336
    7.5000   37.5000  -22.5000 2836.0198   11.6127
   -7.5000   45.0000  -22.5000 2795.6072   12.1118
    0.0000   45.0000  -22.5000 2828.0569   11.9633
    7.5000   45.0000  -22.5000 2809.9417   12.0581
   -7.5000   52.5000  -22.5000 2712.5913   12.6762
    0.0000   52.5000  -22.5000 2740.9402   12.5309
    7.5000   52.5000  -22.5000 2721.7341   12.6417
   -7.5000   60.0000  -22.5000 2568.7747   13.3289
    0.0000   60.0000  -22.5000 2593.3730   13.1964
    7.5000   60.0000  -22.5000 2578.3071   13.2805
   -7.5000  -30.0000  -15.0000 2073.4309   20.8960
    0.0000  -30.0000  -15.0000 2092.0964   20.7242
    7.5000  -30.0000  -15.0000 2087.7515   20.8233
   -7.5000  -22.5000  -15.0000 2225.1094   18.1806
    0.0000  -22.5000  -15.0000 2244.0259   17.9528
    7.5000  -22.5000  -15.0000 2234.5405   18.0739
   -7.5000  -15.0000  -15.0000 2373.3679   16.0584
    0.0000  -15.0000  -15.0000 2393.1548   15.8306
    7.5000  -15.0000  -15.0000 2385.6267   15.9597
   -7.5000   -7.5000  -15.0000 2505.4062   14.4083
    0.0000   -7.5000  -15.0000 2525.3059   14.1894
    7.5000   -7.5000  -15.0000 2524.8484   14.3388
   -7.5000    0.0000  -15.0000 2619.0388   13.1684
    0.0000    0.0000  -15.0000 2644.3203   12.9734
    7.5000    0.0000  -15.0000 2642.5383   13.1051
   -7.5000    7.5000  -15.0000 2722.1741   12.2204
    0.0000    7.5000  -15.0000 2753.3689   12.0515
    7.5000    7.5000  -15.0000 2744.9236   12.1696
   -7.5000   15.0000  -15.0000 2806.7715   11.5288
    0.0000   15.0000  -15.0000 2836.2844   11.3787
    7.5000   15.0000  -15.0000 2825.8179   11.4860
   -7.5000   22.5000  -15.0000 2861.8748   11.0745
    0.0000   22.5000  -15.0000 2898.7949   10.9181
    7.5000   22.5000  -15.0000 2879.3420   11.0483
   -7.5000   30.0000  -15.0000 2909.3062   10.9200
    0.0000   30.0000  -15.0000 2938.1431   10.7394
    7.5000   30.0000  -15.0000 2916.9729   10.8731
   -7.5000   37.5000  -15.0000 2910.4631   11.1850
    0.0000   37.5000  -15.0000 2939.1069   11.0143
    7.5000   37.5000  -15.0000 2917.4121   11.1279
   -7.5000   45.0000  -15.0000 2872.8181   11.6493
    0.0000   45.0000  -15.0000 2902.3088   11.4677
    7.5000   45.0000  -15.0000 2886.9761   11.6051
   -7.5000   52.5000  -15.0000 2781.7749   12.2297
    0.0000   52.5000  -15.0000 2808.5771   12.0430
    7.5000   52.5000  -15.0000 2791.9236   12.2034
   -7.5000   60.0000  -15.0000 2628.8828   12.8607
    0.0000   60.0000  -15.0000 2654.3164   12.6870
    7.5000   60.0000  -15.0000 2636.0896   12.8548
   -7.5000  -30.0000   -7.5000 2079.4272   20.7910
    0.0000  -30.0000   -7.5000 2100.7158   20.5631
    7.5000  -30.0000   -7.5000 2090.7041   20.7395
   -7.5000  -22.5000   -7.5000 2230.8464   18.0132
    0.0000  -22.5000   -7.5000 2252.2036   17.7499
    7.5000  -22.5000   -7.5000 2244.9314   17.9528
   -7.5000  -15.0000   -7.5000 2373.5320   15.7989
    0.0000  -15.0000   -7.5000 2392.9258   15.5730
    7.5000  -15.0000   -7.5000 2390.7324   15.7569
   -7.5000   -7.5000   -7.5000 2505.5515   14.1500
    0.0000   -7.5000   -7.5000 2523.8662   13.9516
    7.5000   -7.5000   -7.5000 2524.6599   14.1061
   -7.5000    0.0000   -7.5000 2622.0200   12.9133
    0.0000    0.0000   -7.5000 2643.5303   12.7306
    7.5000    0.0000   -7.5000 2642.0618   12.8542
   -7.5000    7.5000   -7.5000 2735.2766   11.9501
    0.0000    7.5000   -7.5000 2763.7126   11.7850
    7.5000    7.5000   -7.5000 2757.0779   11.9073
   -7.5000   15.0000   -7.5000 2834.7271   11.2360
    0.0000   15.0000   -7.5000 2866.7957   11.1063
    7.5000   15.0000   -7.5000 2856.8735   11.2161
   -7.5000   22.5000   -7.5000 2900.1633   10.7755
    0.0000   22.5000   -7.5000 2941.6250   10.6140
    7.5000   22.5000   -7.5000 2925.9517   10.7413
   -7.5000   30.0000   -7.5000 2956.5110   10.6523
    0.0000   30.0000   -7.5000 2994.9482   10.4277
    7.5000   30.0000   -7.5000 2966.2903   10.6039
   -7.5000   37.5000   -7.5000 2966.4451   10.8499
    0.0000   37.5000   -7.5000 2997.7795   10.6369
    7.5000   37.5000   -7.5000 2968.9976   10.8145
   -7.5000   45.0000   -7.5000 2920.3965   11.2931
    0.0000   45.0000   -7.5000 2950.6650   11.1356
    7.5000   45.0000   -7.5000 2924.2739   11.2717
   -7.5000   52.5000   -7.5000 2820.6299   11.8449
    0.0000   52.5000   -7.5000 2850.4565   11.6966
    7.5000   52.5000   -7.5000 2829.3179   11.8170
   -7.5000   60.0000   -7.5000 2658.8108   12.4828
    0.0000   60.0000   -7.5000 2689.5115   12.3480
    7.5000   60.0000   -7.5000 2669.3679   12.4536
   -7.5000  -30.0000    0.0000 2071.8481   20.8675
    0.0000  -30.0000    0.0000 2092.0073   20.5874
    7.5000  -30.0000    0.0000 2085.0247   20.8026
   -7.5000  -22.5000    0.0000 2220.7842   18.0453
    0.0000  -22.5000    0.0000 2241.7249   17.8015
    7.5000  -22.5000    0.0000 2235.3630   18.0076
   -7.5000  -15.0000    0.0000 2358.1545   15.8342
    0.0000  -15.0000    0.0000 2377.7605   15.5676
    7.5000  -15.0000    0.0000 2374.3069   15.8166
   -7.5000   -7.5000    0.0000 2485.9480   14.1751
    0.0000   -7.5000    0.0000 2506.8074   13.9175
    7.5000   -7.5000    0.0000 2502.9136   14.1344
   -7.5000    0.0000    0.0000 2605.8984   12.8768
    0.0000    0.0000    0.0000 2627.8198   12.6514
    7.5000    0.0000    0.0000 2621.6223   12.8610
   -7.5000    7.5000    0.0000 2725.3669   11.8739
    0.0000    7.5000    0.0000 2749.4761   11.6671
    7.5000    7.5000    0.0000 2742.7061   11.8654
   -7.5000   15.0000    0.0000 2832.5188   11.1626
    0.0000   15.0000    0.0000 2864.4331   10.9877
    7.5000   15.0000    0.0000 2854.6873   11.1736
   -7.5000   22.5000    0.0000 2921.4067   10.7398
    0.0000   22.5000    0.0000 2965.7317   10.5717
    7.5000   22.5000    0.0000 2943.6504   10.7399
   -7.5000   30.0000    0.0000 2983.5798   10.6410
    0.0000   30.0000    0.0000 3037.6523   10.4648
    7.5000   30.0000    0.0000 2995.3821   10.5974
   -7.5000   37.5000    0.0000 2992.8640   10.7666
    0.0000   37.5000    0.0000 3038.5249   10.6203
    7.5000   37.5000    0.0000 2991.2500   10.7159
   -7.5000   45.0000    0.0000 2943.6890   11.1149
    0.0000   45.0000    0.0000 2976.3223   10.9918
    7.5000   45.0000    0.0000 2938.3562   11.0966
   -7.5000   52.5000    0.0000 2831.4783   11.6678
    0.0000   52.5000    0.0000 2861.2346   11.5234
    7.5000   52.5000    0.0000 2834.8677   11.6432
   -7.5000   60.0000    0.0000 2666.8997   12.3481
    0.0000   60.0000    0.0000 2691.2656   12.1952
    7.5000   60.0000    0.0000 2674.4023   12.2997
   -7.5000  -30.0000    7.5000 2048.0405   21.2812
    0.0000  -30.0000    7.5000 2073.6611   20.9880
    7.5000  -30.0000    7.5000 2064.1941   21.2525
   -7.5000  -22.5000    7.5000 2204.1929   18.3528
    0.0000  -22.5000    7.5000 2227.8372   18.0421
    7.5000  -22.5000    7.5000 2215.5588   18.3466
   -7.5000  -15.0000    7.5000 2341.7673   16.0560
    0.0000  -15.0000    7.5000 2361.6384   15.7438
    7.5000  -15.0000    7.5000 2353.3394   16.0673
   -7.5000   -7.5000    7.5000 2465.0479   14.3604
    0.0000   -7.5000    7.5000 2484.0315   14.0590
    7.5000   -7.5000    7.5000 2476.2344   14.3524
   -7.5000    0.0000    7.5000 2583.3516   13.0798
    0.0000    0.0000    7.5000 2602.8459   12.8139
    7.5000    0.0000    7.5000 2594.3264   13.0797
   -7.5000    7.5000    7.5000 2709.5330   12.0999
    0.0000    7.5000    7.5000 2731.3303   11.8651
    7.5000    7.5000    7.5000 2720.5020   12.1046
   -7.5000   15.0000    7.5000 2820.6628   11.3811
    0.0000   15.0000    7.5000 2851.0784   11.2034
    7.5000   15.0000    7.5000 2835.7039   11.4060
   -7.5000   22.5000    7.5000 2912.3450   10.9498
    0.0000   22.5000    7.5000 2956.6504   10.7729
    7.5000   22.5000    7.5000 2927.9243   10.9587
   -7.5000   30.0000    7.5000 2978.3774   10.8130
    0.0000   30.0000    7.5000 3030.5774   10.6382
    7.5000   30.0000    7.5000 2981.1482   10.8070
   -7.5000   37.5000    7.5000 2987.0488   10.8423
    0.0000   37.5000    7.5000 3027.5063   10.6998
    7.5000   37.5000    7.5000 2979.9067   10.8428
   -7.5000   45.0000    7.5000 2932.6829   11.2063
    0.0000   45.0000    7.5000 2961.5193   11.0796
    7.5000   45.0000    7.5000 2924.6265   11.2156
   -7.5000   52.5000    7.5000 2816.3474   11.7876
    0.0000   52.5000    7.5000 2838.5579   11.6553
    7.5000   52.5000    7.5000 2818.5791   11.7710
   -7.5000   60.0000    7.5000 2651.5322   12.4619
    0.0000   60.0000    7.5000 2674.4116   12.2823
    7.5000   60.0000    7.5000 2659.6921   12.3903
   -7.5000  -30.0000   15.0000 2015.0427   21.9196
    0.0000  -30.0000   15.0000 2033.5500   21.6174
    7.5000  -30.0000   15.0000 2028.9116   21.9384
   -7.5000  -22.5000   15.0000 2174.9905   18.9219
    0.0000  -22.5000   15.0000 2197.8728   18.5674
    7.5000  -22.5000   15.0000 2189.1292   18.9144
   -7.5000  -15.0000   15.0000 2309.8545   16.5640
    0.0000  -15.0000   15.0000 2328.1963   16.2600
    7.5000  -15.0000   15.0000 2320.5044   16.5984
   -7.5000   -7.5000   15.0000 2437.6260   14.8450
    0.0000   -7.5000   15.0000 2454.9031   14.5679
    7.5000   -7.5000   15.0000 2439.7524   14.8838
   -7.5000    0.0000   15.0000 2558.0681   13.5545
    0.0000    0.0000   15.0000 2576.0042   13.3268
    7.5000    0.0000   15.0000 2560.1560   13.5780
   -7.5000    7.5000   15.0000 2682.3862   12.5503
    0.0000    7.5000   15.0000 2702.8516   12.3201
    7.5000    7.5000   15.0000 2686.1785   12.5672
   -7.5000   15.0000   15.0000 2787.6985   11.7896
    0.0000   15.0000   15.0000 2812.5137   11.5596
    7.5000   15.0000   15.0000 2794.4941   11.7930
   -7.5000   22.5000   15.0000 2878.4668   11.3286
    0.0000   22.5000   15.0000 2914.3115   11.0847
    7.5000   22.5000   15.0000 2885.5776   11.3142
   -7.5000   30.0000   15.0000 2936.0420   11.1298
    0.0000   30.0000   15.0000 2972.7432   10.9089
    7.5000   30.0000   15.0000 2937.2434   11.1338
   -7.5000   37.5000   15.0000 2938.2788   11.1431
    0.0000   37.5000   15.0000 2972.7290   10.9628
    7.5000   37.5000   15.0000 2940.3943   11.1422
   -7.5000   45.0000   15.0000 2891.3262   11.5467
    0.0000   45.0000   15.0000 2920.6797   11.3841
    7.5000   45.0000   15.0000 2886.2263   11.5319
   -7.5000   52.5000   15.0000 2779.0806   12.1327
    0.0000   52.5000   15.0000 2802.6802   11.9643
    7.5000   52.5000   15.0000 2783.0291   12.0971
   -7.5000   60.0000   15.0000 2613.9387   12.7972
    0.0000   60.0000   15.0000 2635.9297   12.6201
    7.5000   60.0000   15.0000 2623.2295   12.7521
   -7.5000  -30.0000   22.5000 1970.2301   23.0220
    0.0000  -30.0000   22.5000 1980.8062   22.7569
    7.5000  -30.0000   22.5000 1979.0717   23.0329
   -7.5000  -22.5000   22.5000 2133.5789   19.7898
    0.0000  -22.5000   22.5000 2150.8254   19.5422
    7.5000  -22.5000   22.5000 2141.2354   19.8478
   -7.5000  -15.0000   22.5000 2275.6968   17.3093
    0.0000  -15.0000   22.5000 2294.8855   17.0922
    7.5000  -15.0000   22.5000 2278.7371   17.3894
   -7.5000   -7.5000   22.5000 2403.0525   15.5304
    0.0000   -7.5000   22.5000 2425.7546   15.3067
    7.5000   -7.5000   22.5000 2402.1177   15.6000
   -7.5000    0.0000   22.5000 2521.3845   14.1776
    0.0000    0.0000   22.5000 2543.5271   13.9561
    7.5000    0.0000   22.5000 2519.9692   14.2152
   -7.5000    7.5000   22.5000 2640.0864   13.1407
    0.0000    7.5000   22.5000 2662.0898   12.9112
    7.5000    7.5000   22.5000 2643.7334   13.1754
   -7.5000   15.0000   22.5000 2743.6421   12.3654
    0.0000   15.0000   22.5000 2766.7539   12.1137
    7.5000   15.0000   22.5000 2745.0417   12.3668
   -7.5000   22.5000   22.5000 2825.9368   11.8950
    0.0000   22.5000   22.5000 2850.4888   11.6171
    7.5000   22.5000   22.5000 2825.5840   11.8868
   -7.5000   30.0000   22.5000 2867.3291   11.6433
    0.0000   30.0000   22.5000 2892.0723   11.4023
    7.5000   30.0000   22.5000 2870.0317   11.6394
   -7.5000   37.5000   22.5000 2863.3354   11.6915
    0.0000   37.5000   22.5000 2894.1523   11.4867
    7.5000   37.5000   22.5000 2872.6094   11.6704
   -7.5000   45.0000   22.5000 2824.5107   12.0840
    0.0000   45.0000   22.5000 2848.9792   11.9131
    7.5000   45.0000   22.5000 2826.5847   12.0717
   -7.5000   52.5000   22.5000 2726.2285   12.6361
    0.0000   52.5000   22.5000 2748.6907   12.4610
    7.5000   52.5000   22.5000 2727.9468   12.6056
   -7.5000   60.0000   22.5000 2568.6621   13.2786
    0.0000   60.0000   22.5000 2588.7737   13.1008
    7.5000   60.0000   22.5000 2572.0742   13.2276
   -7.5000  -30.0000   30.0000 1914.7062   24.3706
    0.0000  -30.0000   30.0000 1922.3783   24.1845
    7.5000  -30.0000   30.0000 1916.0222   24.4029
   -7.5000  -22.5000   30.0000 2079.5930   20.8709
    0.0000  -22.5000   30.0000 2096.4573   20.6799
    7.5000  -22.5000   30.0000 2081.3928   20.9303
   -7.5000  -15.0000   30.0000 2228.7847   18.3124
    0.0000  -15.0000   30.0000 2249.4951   18.0639
    7.5000  -15.0000   30.0000 2229.9697   18.3603
   -7.5000   -7.5000   30.0000 2356.7988   16.3985
    0.0000   -7.5000   30.0000 2379.8328   16.1772
    7.5000   -7.5000   30.0000 2355.9485   16.4668
   -7.5000    0.0000   30.0000 2471.3870   14.9862
    0.0000    0.0000   30.0000 2497.8948   14.7673
    7.5000    0.0000   30.0000 2473.2588   15.0458
   -7.5000    7.5000   30.0000 2584.5269   13.9236
    0.0000    7.5000   30.0000 2612.0210   13.6850
    7.5000    7.5000   30.0000 2591.6541   13.9651
   -7.5000   15.0000   30.0000 2680.7659   13.1353
    0.0000   15.0000   30.0000 2710.2966   12.8650
    7.5000   15.0000   30.0000 2683.9395   13.1420
   -7.5000   22.5000   30.0000 2752.9158   12.6161
    0.0000   22.5000   30.0000 2779.3425   12.3530
    7.5000   22.5000   30.0000 2750.1372   12.6217
   -7.5000   30.0000   30.0000 2780.7175   12.3428
    0.0000   30.0000   30.0000 2799.7478   12.1039
    7.5000   30.0000   30.0000 2782.5137   12.3184
   -7.5000   37.5000   30.0000 2781.4954   12.3885
    0.0000   37.5000   30.0000 2804.3899   12.1884
    7.5000   37.5000   30.0000 2787.2427   12.3597
   -7.5000   45.0000   30.0000 2740.4834   12.7758
    0.0000   45.0000   30.0000 2763.3550   12.5878
    7.5000   45.0000   30.0000 2746.3525   12.7441
   -7.5000   52.5000   30.0000 2653.9065   13.2910
    0.0000   52.5000   30.0000 2675.2568   13.1175
    7.5000   52.5000   30.0000 2654.1238   13.2705
   -7.5000   60.0000   30.0000 2506.4851   13.9069
    0.0000   60.0000   30.0000 2526.7300   13.7322
    7.5000   60.0000   30.0000 2508.4956   13.8871
   -7.5000  -30.0000   37.5000 1859.6908   26.0080
    0.0000  -30.0000   37.5000 1869.0823   25.7675
    7.5000  -30.0000   37.5000 1862.3251   26.0295
   -7.5000  -22.5000   37.5000 2023.7605   22.2241
    0.0000  -22.5000   37.5000 2038.6730   21.9954
    7.5000  -22.5000   37.5000 2027.0247   22.2689
   -7.5000  -15.0000   37.5000 2172.4854   19.4702
    0.0000  -15.0000   37.5000 2196.3892   19.2951
    7.5000  -15.0000   37.5000 2176.7915   19.5411
   -7.5000   -7.5000   37.5000 2306.3342   17.4696
    0.0000   -7.5000   37.5000 2330.6533   17.3013
    7.5000   -7.5000   37.5000 2302.0393   17.5396
   -7.5000    0.0000   37.5000 2419.8943   15.9986
    0.0000    0.0000   37.5000 2445.2131   15.8172
    7.5000    0.0000   37.5000 2416.9160   16.0419
   -7.5000    7.5000   37.5000 2517.2090   14.9014
    0.0000    7.5000   37.5000 2548.7610   14.6741
    7.5000    7.5000   37.5000 2521.2180   14.9122
   -7.5000   15.0000   37.5000 2605.0332   14.0618
    0.0000   15.0000   37.5000 2636.8599   13.8278
    7.5000   15.0000   37.5000 2603.8850   14.0765
   -7.5000   22.5000   37.5000 2665.6370   13.4934
    0.0000   22.5000   37.5000 2695.0361   13.2948
    7.5000   22.5000   37.5000 2665.3123   13.5120
   -7.5000   30.0000   37.5000 2692.1897   13.2085
    0.0000   30.0000   37.5000 2710.3052   13.0063
    7.5000   30.0000   37.5000 2691.7734   13.1993
   -7.5000   37.5000   37.5000 2687.0112   13.2685
    0.0000   37.5000   37.5000 2709.9363   13.0885
    7.5000   37.5000   37.5000 2692.9429   13.2397
   -7.5000   45.0000   37.5000 2647.3740   13.6262
    0.0000   45.0000   37.5000 2671.1694   13.4519
    7.5000   45.0000   37.5000 2653.7383   13.5801
   -7.5000   52.5000   37.5000 2570.5610   14.0993
    0.0000   52.5000   37.5000 2592.3987   13.9177
    7.5000   52.5000   37.5000 2570.2952   14.0738
   -7.5000   60.0000   37.5000 2435.5881   14.6406
    0.0000   60.0000   37.5000 2455.8940   14.4944
    7.5000   60.0000   37.5000 2434.9089   14.6443
   -7.5000  -30.0000   45.0000 1797.4274   27.9587
    0.0000  -30.0000   45.0000 1805.9381   27.7050
    7.5000  -30.0000   45.0000 1800.8342   27.9583
   -7.5000  -22.5000   45.0000 1962.3108   23.8598
    0.0000  -22.5000   45.0000 1975.3186   23.7023
    7.5000  -22.5000   45.0000 1965.1906   23.9114
   -7.5000  -15.0000   45.0000 2111.0093   20.8994
    0.0000  -15.0000   45.0000 2131.4492   20.8023
    7.5000  -15.0000   45.0000 2113.7905   21.0137
   -7.5000   -7.5000   45.0000 2244.8066   18.7626
    0.0000   -7.5000   45.0000 2265.0369   18.6443
    7.5000   -7.5000   45.0000 2238.0642   18.8557
   -7.5000    0.0000   45.0000 2356.7688   17.2074
    0.0000    0.0000   45.0000 2378.8325   17.0737
    7.5000    0.0000   45.0000 2348.1362   17.2353
   -7.5000    7.5000   45.0000 2446.3691   16.0581
    0.0000    7.5000   45.0000 2474.2463   15.8879
    7.5000    7.5000   45.0000 2443.0134   16.0813
   -7.5000   15.0000   45.0000 2527.0771   15.1859
    0.0000   15.0000   45.0000 2552.4788   15.0180
    7.5000   15.0000   45.0000 2518.9697   15.2076
   -7.5000   22.5000   45.0000 2577.6567   14.5939
    0.0000   22.5000   45.0000 2600.8884   14.4290
    7.5000   22.5000   45.0000 2574.5955   14.5998
   -7.5000   30.0000   45.0000 2598.8523   14.2934
    0.0000   30.0000   45.0000 2616.0920   14.1205
    7.5000   30.0000   45.0000 2598.6692   14.2713
   -7.5000   37.5000   45.0000 2588.3958   14.3557
    0.0000   37.5000   45.0000 2607.2007   14.1990
    7.5000   37.5000   45.0000 2594.9287   14.3206
   -7.5000   45.0000   45.0000 2549.1951   14.6374
    0.0000   45.0000   45.0000 2571.5559   14.5173
    7.5000   45.0000   45.0000 2557.2512   14.6219
   -7.5000   52.5000   45.0000 2479.7090   15.0708
    0.0000   52.5000   45.0000 2499.0444   14.9538
    7.5000   52.5000   45.0000 2479.5474   15.0857
   -7.5000   60.0000   45.0000 2360.6086   15.5884
    0.0000   60.0000   45.0000 2380.2300   15.4462
    7.5000   60.0000   45.0000 2355.8340   15.5867

---------------------------------------------------------------------
imgreg_4dfp /opt/freesurfer/average/711-2C_as_mni_average_305 /opt/freesurfer/average/711-2B_as_mni_average_305_mask talsrcimg_g11 none talsrcimg_to_711-2C_as_mni_average_305_t4 1283
---------------------------------------------------------------------

freesurfer imgreg_4dfp.c
/opt/freesurfer/average/711-2C_as_mni_average_305.4dfp.img
       256       256       256         1
  1.000000  1.000000  1.000000
orientation T byte_order littleendian
Reading image: /opt/freesurfer/average/711-2C_as_mni_average_305.4dfp.img
dimensions:      256       256       256
mmppix:       1.0000   -1.0000   -1.0000
center:     128.0000 -129.0000 -129.0000
/opt/freesurfer/average/711-2B_as_mni_average_305_mask.4dfp.img
       256       256       256         1
  1.000000  1.000000  1.000000
orientation T byte_order littleendian
Reading mask: /opt/freesurfer/average/711-2B_as_mni_average_305_mask.4dfp.img (2306576 pixels)
talsrcimg_g11.4dfp.img
       256       256       256         1
  1.000000  1.000000  1.000000
orientation T byte_order littleendian
Reading image: talsrcimg_g11.4dfp.img
dimensions:      256       256       256
mmppix:       1.0000   -1.0000   -1.0000
center:     128.0000 -129.0000 -129.0000
rotation matrix determinant  1.000000
fimgreg.f
image alignment mode   1283 decimal      503 hex
parameters
    0.0000   37.5000    0.0000    0.0000    0.0000    0.0000
eta,q 0.95476 10.62471
niter,ni,del,rscale     5    3   12.0000    1.2000
parameter  2  0.976075 ->  0.500000 qaram    1.1500
parameter  4  1.111435 ->  0.500000 qaram    1.1500
parameters
    0.2434   34.0500    2.6772   -3.4500    1.8936   -0.7268
eta,q 0.96505 10.44446
  0.0594  0.0422  0.0543  0.0360  0.0470  0.0391
  0.0526  0.0416  0.0503  0.0357  0.0427  0.0373
  0.0491  0.0428  0.0456  0.0369  0.0386  0.0355
  0.0469  0.0466  0.0418  0.0397  0.0358  0.0350
  0.0478  0.0510  0.0399  0.0430  0.0350  0.0363
  0.0522  0.0551  0.0405  0.0468  0.0361  0.0388
  0.0572  0.0607  0.0434  0.0501  0.0389  0.0419
niter,ni,del,rscale     6    3   12.0000    1.2000
parameters
   -0.3769   34.4123    2.1994   -5.8920    2.9604   -1.2769
eta,q 0.96752 10.52909
  0.0482  0.0508  0.0434  0.0370  0.0423  0.0375
  0.0407  0.0424  0.0376  0.0346  0.0384  0.0351
  0.0360  0.0369  0.0342  0.0331  0.0353  0.0331
  0.0350  0.0348  0.0347  0.0343  0.0331  0.0325
  0.0389  0.0358  0.0374  0.0377  0.0326  0.0338
  0.0462  0.0405  0.0407  0.0419  0.0346  0.0364
  0.0534  0.0477  0.0450  0.0461  0.0380  0.0399
niter,ni,del,rscale     5    3   12.0000    1.2000
parameters
   -0.8677   35.3960    1.8844   -7.3598    3.5219   -1.5260
eta,q 0.96925 10.56611
  0.0471  0.0511  0.0408  0.0362  0.0400  0.0371
  0.0387  0.0443  0.0354  0.0341  0.0361  0.0344
  0.0336  0.0369  0.0325  0.0312  0.0330  0.0319
  0.0325  0.0324  0.0318  0.0318  0.0310  0.0307
  0.0362  0.0322  0.0333  0.0341  0.0312  0.0320
  0.0435  0.0366  0.0372  0.0380  0.0338  0.0349
  0.0514  0.0444  0.0426  0.0430  0.0377  0.0386
niter,ni,del,rscale     4    3   12.0000    1.2000
parameters
   -1.0512   35.9571    1.5470   -8.1588    3.7513   -1.5629
eta,q 0.97009 10.56846
  0.0478  0.0487  0.0397  0.0366  0.0387  0.0371
  0.0387  0.0417  0.0346  0.0343  0.0348  0.0342
  0.0324  0.0356  0.0314  0.0312  0.0318  0.0315
  0.0308  0.0307  0.0302  0.0303  0.0300  0.0299
  0.0339  0.0312  0.0319  0.0327  0.0307  0.0308
  0.0408  0.0369  0.0362  0.0359  0.0337  0.0339
  0.0492  0.0454  0.0422  0.0406  0.0379  0.0379
niter,ni,del,rscale     3    3   12.0000    1.2000
parameters
   -1.1127   36.2226    1.2340   -8.5439    3.8448   -1.5375
eta,q 0.97050 10.56230
  0.0479  0.0471  0.0398  0.0371  0.0381  0.0370
  0.0385  0.0404  0.0344  0.0346  0.0343  0.0340
  0.0319  0.0349  0.0308  0.0315  0.0313  0.0312
  0.0299  0.0299  0.0296  0.0296  0.0295  0.0295
  0.0329  0.0310  0.0315  0.0320  0.0305  0.0303
  0.0396  0.0374  0.0360  0.0351  0.0336  0.0334
  0.0480  0.0465  0.0420  0.0394  0.0380  0.0375
niter,ni,del,rscale     2    3   12.0000    1.2000
parameters
   -1.1306   36.3567    1.0656   -8.7128    3.8824   -1.5177
eta,q 0.97067 10.55823
  0.0479  0.0464  0.0404  0.0376  0.0378  0.0369
  0.0384  0.0398  0.0346  0.0349  0.0341  0.0339
  0.0315  0.0345  0.0309  0.0317  0.0311  0.0310
  0.0295  0.0295  0.0294  0.0293  0.0293  0.0293
  0.0325  0.0309  0.0313  0.0316  0.0303  0.0302
  0.0391  0.0376  0.0357  0.0347  0.0335  0.0333
  0.0474  0.0470  0.0415  0.0389  0.0381  0.0375
niter,ni,del,rscale     1    3   12.0000    1.2000
parameters
   -1.1365   36.4232    0.9922   -8.7907    3.8989   -1.5091
eta,q 0.97075 10.55618
  0.0478  0.0460  0.0408  0.0378  0.0377  0.0369
  0.0383  0.0396  0.0348  0.0350  0.0340  0.0338
  0.0314  0.0343  0.0310  0.0318  0.0310  0.0309
  0.0293  0.0293  0.0293  0.0293  0.0293  0.0293
  0.0324  0.0310  0.0311  0.0315  0.0303  0.0301
  0.0389  0.0378  0.0355  0.0346  0.0335  0.0332
  0.0472  0.0473  0.0412  0.0387  0.0381  0.0374
registration optimization eta report
parameter search radius
    6.0000    6.9000    6.0000    6.9000    6.0000    6.0000
100000*second partial in parameter space
       50.       35.       32.       17.       23.       21.
  0.0478  0.0460  0.0408  0.0378  0.0377  0.0369
  0.0383  0.0396  0.0348  0.0350  0.0340  0.0338
  0.0314  0.0343  0.0310  0.0318  0.0310  0.0309
  0.0293  0.0293  0.0293  0.0293  0.0293  0.0293
  0.0324  0.0310  0.0311  0.0315  0.0303  0.0301
  0.0389  0.0378  0.0355  0.0346  0.0335  0.0332
  0.0472  0.0473  0.0412  0.0387  0.0381  0.0374
   -1.1365   36.4232    0.9922   -8.7907    3.8989   -1.5091
eta,q 0.97075 10.55618

---------------------------------------------------------------------
imgreg_4dfp /opt/freesurfer/average/711-2C_as_mni_average_305 /opt/freesurfer/average/711-2B_as_mni_average_305_mask talsrcimg_g11 none talsrcimg_to_711-2C_as_mni_average_305_t4 3335
---------------------------------------------------------------------

freesurfer imgreg_4dfp.c
/opt/freesurfer/average/711-2C_as_mni_average_305.4dfp.img
       256       256       256         1
  1.000000  1.000000  1.000000
orientation T byte_order littleendian
Reading image: /opt/freesurfer/average/711-2C_as_mni_average_305.4dfp.img
dimensions:      256       256       256
mmppix:       1.0000   -1.0000   -1.0000
center:     128.0000 -129.0000 -129.0000
/opt/freesurfer/average/711-2B_as_mni_average_305_mask.4dfp.img
       256       256       256         1
  1.000000  1.000000  1.000000
orientation T byte_order littleendian
Reading mask: /opt/freesurfer/average/711-2B_as_mni_average_305_mask.4dfp.img (2306576 pixels)
talsrcimg_g11.4dfp.img
       256       256       256         1
  1.000000  1.000000  1.000000
orientation T byte_order littleendian
Reading image: talsrcimg_g11.4dfp.img
dimensions:      256       256       256
mmppix:       1.0000   -1.0000   -1.0000
center:     128.0000 -129.0000 -129.0000
fimgreg.f
image alignment mode   3335 decimal      D07 hex
parameters
   -1.1365   36.4232    0.9922   -0.2660   -1.2363   -1.4034
    3.6414   -6.3149   -2.6274   15.4542    6.7996  -15.2472
eta,q 0.96990 10.59307
niter,ni,del,rscale     5    3    5.0000    1.2000
parameter  4  1.163228 ->  0.500000 qaram    1.1500
parameter  5  1.639634 ->  0.500000 qaram    1.1500
parameters
   -1.3014   36.7222    1.1745   -4.4060   -5.3763   -2.9768
    3.6582   -5.4572   -0.9836   14.3911    6.6338  -17.0756
eta,q 0.97718 10.29133
  0.0330  0.0332  0.0324  0.0257  0.0214  0.0253  0.0265  0.0293  0.0264  0.0253  0.0241  0.0235
  0.0313  0.0317  0.0312  0.0258  0.0226  0.0243  0.0247  0.0264  0.0248  0.0238  0.0235  0.0230
  0.0303  0.0306  0.0304  0.0273  0.0242  0.0234  0.0235  0.0242  0.0237  0.0230  0.0230  0.0228
  0.0301  0.0301  0.0300  0.0300  0.0261  0.0230  0.0232  0.0232  0.0231  0.0230  0.0229  0.0229
  0.0306  0.0302  0.0302  0.0335  0.0289  0.0239  0.0236  0.0234  0.0230  0.0235  0.0230  0.0232
  0.0319  0.0309  0.0308  0.0375  0.0323  0.0264  0.0247  0.0247  0.0234  0.0250  0.0235  0.0239
  0.0339  0.0320  0.0318  0.0414  0.0354  0.0296  0.0264  0.0270  0.0243  0.0276  0.0243  0.0247
niter,ni,del,rscale     6    3    5.0000    1.2000
parameter  5  0.653886 ->  0.500000 qaram    1.3225
parameters
   -1.2683   36.6537    0.6905   -6.7427  -10.1373   -3.0700
    3.6996   -5.8790   -0.7345   15.1654    6.7823  -18.7395
eta,q 0.97894 10.03566
  0.0269  0.0250  0.0238  0.0250  0.0216  0.0238  0.0239  0.0248  0.0235  0.0251  0.0221  0.0219
  0.0247  0.0238  0.0231  0.0239  0.0213  0.0227  0.0225  0.0228  0.0224  0.0234  0.0216  0.0213
  0.0233  0.0231  0.0228  0.0228  0.0215  0.0219  0.0216  0.0216  0.0216  0.0221  0.0213  0.0211
  0.0228  0.0228  0.0228  0.0228  0.0227  0.0213  0.0213  0.0213  0.0213  0.0213  0.0212  0.0212
  0.0232  0.0231  0.0232  0.0244  0.0243  0.0212  0.0216  0.0219  0.0214  0.0213  0.0212  0.0215
  0.0246  0.0239  0.0240  0.0274  0.0265  0.0223  0.0225  0.0234  0.0221  0.0223  0.0216  0.0222
  0.0267  0.0254  0.0251  0.0315  0.0300  0.0245  0.0239  0.0257  0.0233  0.0239  0.0221  0.0230
niter,ni,del,rscale     6    3    5.0000    1.2000
parameters
   -1.1648   36.5569    0.8160   -6.7362  -11.2081   -2.6920
    3.6826   -5.8866   -0.7331   15.5174    6.4619  -18.8572
eta,q 0.97912 10.01249
  0.0248  0.0236  0.0229  0.0244  0.0243  0.0238  0.0235  0.0249  0.0230  0.0244  0.0218  0.0222
  0.0228  0.0221  0.0219  0.0231  0.0223  0.0227  0.0221  0.0227  0.0219  0.0228  0.0213  0.0214
  0.0215  0.0212  0.0213  0.0220  0.0213  0.0218  0.0212  0.0214  0.0212  0.0216  0.0210  0.0210
  0.0211  0.0211  0.0210  0.0210  0.0210  0.0210  0.0209  0.0209  0.0209  0.0209  0.0209  0.0209
  0.0214  0.0215  0.0212  0.0210  0.0220  0.0208  0.0212  0.0214  0.0211  0.0211  0.0210  0.0211
  0.0224  0.0225  0.0217  0.0224  0.0236  0.0217  0.0221  0.0228  0.0219  0.0222  0.0214  0.0216
  0.0242  0.0240  0.0225  0.0252  0.0260  0.0239  0.0235  0.0249  0.0231  0.0240  0.0220  0.0223
niter,ni,del,rscale     5    3    5.0000    1.2000
parameters
   -1.1575   36.5298    0.9303   -6.6259  -11.3421   -2.5430
    3.6626   -5.8580   -0.6961   15.5460    6.4017  -18.7697
eta,q 0.97920 10.01713
  0.0243  0.0236  0.0227  0.0242  0.0248  0.0237  0.0234  0.0249  0.0229  0.0241  0.0218  0.0222
  0.0224  0.0220  0.0218  0.0229  0.0227  0.0226  0.0220  0.0227  0.0218  0.0225  0.0213  0.0214
  0.0213  0.0211  0.0211  0.0219  0.0213  0.0216  0.0211  0.0213  0.0211  0.0214  0.0209  0.0209
  0.0209  0.0209  0.0209  0.0209  0.0208  0.0208  0.0208  0.0208  0.0208  0.0208  0.0208  0.0208
  0.0213  0.0213  0.0210  0.0207  0.0215  0.0208  0.0211  0.0213  0.0210  0.0211  0.0209  0.0210
  0.0224  0.0222  0.0215  0.0221  0.0229  0.0219  0.0220  0.0226  0.0217  0.0224  0.0213  0.0214
  0.0242  0.0236  0.0224  0.0248  0.0249  0.0241  0.0234  0.0248  0.0229  0.0242  0.0219  0.0221
niter,ni,del,rscale     4    3    5.0000    1.2000
parameters
   -1.1603   36.5216    0.9671   -6.6013  -11.3575   -2.5053
    3.6506   -5.8491   -0.6872   15.5316    6.3885  -18.7235
eta,q 0.97921 10.01851
  0.0242  0.0236  0.0226  0.0242  0.0249  0.0237  0.0234  0.0249  0.0229  0.0240  0.0218  0.0222
  0.0223  0.0220  0.0216  0.0229  0.0227  0.0225  0.0220  0.0226  0.0218  0.0225  0.0213  0.0214
  0.0212  0.0210  0.0210  0.0218  0.0213  0.0216  0.0211  0.0213  0.0211  0.0214  0.0209  0.0209
  0.0208  0.0208  0.0208  0.0208  0.0208  0.0208  0.0208  0.0208  0.0208  0.0208  0.0208  0.0208
  0.0212  0.0212  0.0210  0.0207  0.0214  0.0208  0.0211  0.0212  0.0210  0.0211  0.0209  0.0210
  0.0224  0.0221  0.0216  0.0222  0.0228  0.0219  0.0220  0.0226  0.0217  0.0224  0.0213  0.0214
  0.0242  0.0234  0.0225  0.0249  0.0248  0.0242  0.0234  0.0248  0.0230  0.0242  0.0218  0.0221
niter,ni,del,rscale     3    3    5.0000    1.2000
parameters
   -1.1611   36.5180    0.9809   -6.5955  -11.3613   -2.5015
    3.6483   -5.8470   -0.6884   15.5254    6.3985  -18.7006
eta,q 0.97922 10.01858
  0.0242  0.0236  0.0225  0.0241  0.0249  0.0236  0.0234  0.0249  0.0229  0.0241  0.0218  0.0222
  0.0223  0.0220  0.0216  0.0229  0.0227  0.0225  0.0220  0.0226  0.0218  0.0225  0.0213  0.0214
  0.0212  0.0210  0.0210  0.0218  0.0213  0.0216  0.0211  0.0213  0.0211  0.0214  0.0209  0.0209
  0.0208  0.0208  0.0208  0.0208  0.0208  0.0208  0.0208  0.0208  0.0208  0.0208  0.0208  0.0208
  0.0212  0.0212  0.0210  0.0207  0.0214  0.0208  0.0211  0.0213  0.0210  0.0211  0.0209  0.0210
  0.0224  0.0221  0.0216  0.0222  0.0228  0.0220  0.0220  0.0226  0.0217  0.0224  0.0213  0.0214
  0.0242  0.0234  0.0225  0.0250  0.0248  0.0243  0.0234  0.0249  0.0230  0.0242  0.0218  0.0221
registration optimization eta report
parameter search radius
    2.4000    2.4000    2.4000    8.2800    9.5220    7.2000
    7.2000    7.2000    7.2000    7.2000    7.2000    7.2000
100000*second partial in parameter space
       59.       47.       30.        5.        4.        6.
        5.        8.        4.        6.        2.        3.
  0.0242  0.0236  0.0225  0.0241  0.0249  0.0236  0.0234  0.0249  0.0229  0.0241  0.0218  0.0222
  0.0223  0.0220  0.0216  0.0229  0.0227  0.0225  0.0220  0.0226  0.0218  0.0225  0.0213  0.0214
  0.0212  0.0210  0.0210  0.0218  0.0213  0.0216  0.0211  0.0213  0.0211  0.0214  0.0209  0.0209
  0.0208  0.0208  0.0208  0.0208  0.0208  0.0208  0.0208  0.0208  0.0208  0.0208  0.0208  0.0208
  0.0212  0.0212  0.0210  0.0207  0.0214  0.0208  0.0211  0.0213  0.0210  0.0211  0.0209  0.0210
  0.0224  0.0221  0.0216  0.0222  0.0228  0.0220  0.0220  0.0226  0.0217  0.0224  0.0213  0.0214
  0.0242  0.0234  0.0225  0.0250  0.0248  0.0243  0.0234  0.0249  0.0230  0.0242  0.0218  0.0221
   -1.1611   36.5180    0.9809   -6.5955  -11.3613   -2.5015
    3.6483   -5.8470   -0.6884   15.5254    6.3985  -18.7006
eta,q 0.97922 10.01858

---------------------------------------------------------------------
imgreg_4dfp /opt/freesurfer/average/711-2C_as_mni_average_305 /opt/freesurfer/average/711-2B_as_mni_average_305_mask talsrcimg_g11 none talsrcimg_to_711-2C_as_mni_average_305_t4 2311
---------------------------------------------------------------------

freesurfer imgreg_4dfp.c
/opt/freesurfer/average/711-2C_as_mni_average_305.4dfp.img
       256       256       256         1
  1.000000  1.000000  1.000000
orientation T byte_order littleendian
Reading image: /opt/freesurfer/average/711-2C_as_mni_average_305.4dfp.img
dimensions:      256       256       256
mmppix:       1.0000   -1.0000   -1.0000
center:     128.0000 -129.0000 -129.0000
/opt/freesurfer/average/711-2B_as_mni_average_305_mask.4dfp.img
       256       256       256         1
  1.000000  1.000000  1.000000
orientation T byte_order littleendian
Reading mask: /opt/freesurfer/average/711-2B_as_mni_average_305_mask.4dfp.img (2306576 pixels)
talsrcimg_g11.4dfp.img
       256       256       256         1
  1.000000  1.000000  1.000000
orientation T byte_order littleendian
Reading image: talsrcimg_g11.4dfp.img
dimensions:      256       256       256
mmppix:       1.0000   -1.0000   -1.0000
center:     128.0000 -129.0000 -129.0000
fimgreg.f
image alignment mode   2311 decimal      907 hex
parameters
   -1.1611   36.5180    0.9809   -6.5955  -11.3613   -2.5015
    3.6483   -5.8470   -0.6884   15.5254    6.3985  -18.7006
eta,q 0.97922 10.01857
niter,ni,del,rscale     5    3    5.0000    0.8000
parameters
   -1.1685   36.4450    0.9837   -5.4809  -11.6600   -1.7484
    3.6038   -5.7323   -0.6049   15.8016    6.4712  -18.7167
eta,q 0.97957 10.07812
  0.0223  0.0220  0.0216  0.0226  0.0216  0.0224  0.0217  0.0226  0.0215  0.0223  0.0210  0.0211
  0.0215  0.0212  0.0211  0.0220  0.0211  0.0217  0.0210  0.0214  0.0209  0.0214  0.0207  0.0207
  0.0210  0.0209  0.0209  0.0213  0.0207  0.0211  0.0206  0.0207  0.0206  0.0208  0.0205  0.0205
  0.0208  0.0208  0.0208  0.0208  0.0206  0.0206  0.0205  0.0205  0.0205  0.0205  0.0204  0.0204
  0.0210  0.0210  0.0209  0.0205  0.0207  0.0204  0.0206  0.0207  0.0205  0.0205  0.0205  0.0205
  0.0215  0.0215  0.0211  0.0208  0.0212  0.0208  0.0210  0.0213  0.0209  0.0211  0.0207  0.0207
  0.0223  0.0221  0.0216  0.0217  0.0220  0.0218  0.0218  0.0224  0.0214  0.0220  0.0210  0.0211
niter,ni,del,rscale     4    3    5.0000    0.7000
parameters
   -1.1847   36.4203    1.0845   -5.3726  -11.7884   -1.5395
    3.6265   -5.7359   -0.5705   15.8870    6.4450  -18.6917
eta,q 0.97961 10.08556
  0.0217  0.0214  0.0212  0.0218  0.0213  0.0219  0.0214  0.0220  0.0212  0.0218  0.0208  0.0209
  0.0210  0.0208  0.0208  0.0213  0.0208  0.0213  0.0209  0.0211  0.0208  0.0211  0.0206  0.0206
  0.0206  0.0205  0.0205  0.0207  0.0205  0.0208  0.0205  0.0206  0.0205  0.0206  0.0204  0.0204
  0.0204  0.0204  0.0204  0.0204  0.0204  0.0204  0.0204  0.0204  0.0204  0.0204  0.0204  0.0204
  0.0206  0.0206  0.0205  0.0205  0.0205  0.0204  0.0205  0.0206  0.0205  0.0205  0.0204  0.0204
  0.0210  0.0209  0.0207  0.0210  0.0209  0.0209  0.0208  0.0211  0.0207  0.0209  0.0206  0.0206
  0.0218  0.0214  0.0210  0.0219  0.0215  0.0218  0.0214  0.0220  0.0212  0.0218  0.0208  0.0209
niter,ni,del,rscale     3    3    5.0000    0.6000
parameters
   -1.1885   36.4066    1.1262   -5.2529  -11.8054   -1.3521
    3.6360   -5.7322   -0.5442   15.9552    6.4321  -18.6997
eta,q 0.97964 10.09653
  0.0214  0.0211  0.0209  0.0215  0.0211  0.0216  0.0211  0.0216  0.0209  0.0214  0.0207  0.0207
  0.0208  0.0207  0.0206  0.0210  0.0207  0.0211  0.0207  0.0209  0.0206  0.0209  0.0205  0.0205
  0.0205  0.0204  0.0205  0.0206  0.0205  0.0206  0.0205  0.0205  0.0204  0.0205  0.0204  0.0204
  0.0204  0.0204  0.0204  0.0204  0.0204  0.0204  0.0204  0.0204  0.0204  0.0204  0.0204  0.0204
  0.0205  0.0205  0.0204  0.0204  0.0204  0.0204  0.0204  0.0205  0.0204  0.0204  0.0204  0.0204
  0.0208  0.0207  0.0206  0.0208  0.0207  0.0208  0.0207  0.0209  0.0206  0.0208  0.0205  0.0205
  0.0214  0.0211  0.0209  0.0215  0.0211  0.0215  0.0211  0.0216  0.0209  0.0214  0.0207  0.0207
niter,ni,del,rscale     2    3    5.0000    0.5000
parameters
   -1.1933   36.3983    1.1534   -5.1677  -11.7824   -1.2207
    3.6449   -5.7363   -0.5056   16.0136    6.4312  -18.7353
eta,q 0.97965 10.10587
  0.0210  0.0209  0.0207  0.0212  0.0209  0.0212  0.0209  0.0212  0.0208  0.0211  0.0206  0.0206
  0.0207  0.0206  0.0205  0.0208  0.0206  0.0208  0.0206  0.0207  0.0205  0.0207  0.0205  0.0205
  0.0204  0.0204  0.0204  0.0205  0.0204  0.0205  0.0204  0.0204  0.0204  0.0205  0.0204  0.0204
  0.0204  0.0204  0.0204  0.0204  0.0204  0.0204  0.0204  0.0204  0.0204  0.0203  0.0204  0.0203
  0.0204  0.0204  0.0204  0.0204  0.0204  0.0204  0.0204  0.0204  0.0204  0.0204  0.0204  0.0204
  0.0207  0.0206  0.0205  0.0207  0.0206  0.0207  0.0206  0.0207  0.0205  0.0206  0.0205  0.0205
  0.0211  0.0209  0.0207  0.0212  0.0209  0.0212  0.0209  0.0212  0.0207  0.0211  0.0206  0.0206
niter,ni,del,rscale     1    3    5.0000    0.4000
parameters
   -1.1937   36.3901    1.1714   -5.1035  -11.7650   -1.1204
    3.6478   -5.7379   -0.4696   16.0775    6.4232  -18.7548
eta,q 0.97966 10.11314
  0.0208  0.0207  0.0206  0.0209  0.0207  0.0209  0.0207  0.0209  0.0206  0.0209  0.0205  0.0205
  0.0205  0.0205  0.0205  0.0206  0.0205  0.0206  0.0205  0.0206  0.0205  0.0206  0.0204  0.0204
  0.0204  0.0204  0.0204  0.0204  0.0204  0.0204  0.0204  0.0204  0.0204  0.0204  0.0204  0.0204
  0.0203  0.0203  0.0203  0.0204  0.0203  0.0203  0.0203  0.0203  0.0203  0.0203  0.0203  0.0203
  0.0204  0.0204  0.0204  0.0204  0.0204  0.0204  0.0204  0.0204  0.0204  0.0204  0.0204  0.0204
  0.0205  0.0205  0.0204  0.0206  0.0205  0.0206  0.0205  0.0206  0.0204  0.0205  0.0204  0.0204
  0.0208  0.0207  0.0206  0.0209  0.0207  0.0209  0.0207  0.0209  0.0206  0.0208  0.0205  0.0205
registration optimization eta report
parameter search radius
    0.8000    0.8000    0.8000    2.4000    2.4000    2.4000
    2.4000    2.4000    2.4000    2.4000    2.4000    2.4000
100000*second partial in parameter space
       70.       51.       36.       10.        6.       10.
        6.       10.        4.        9.        3.        3.
  0.0208  0.0207  0.0206  0.0209  0.0207  0.0209  0.0207  0.0209  0.0206  0.0209  0.0205  0.0205
  0.0205  0.0205  0.0205  0.0206  0.0205  0.0206  0.0205  0.0206  0.0205  0.0206  0.0204  0.0204
  0.0204  0.0204  0.0204  0.0204  0.0204  0.0204  0.0204  0.0204  0.0204  0.0204  0.0204  0.0204
  0.0203  0.0203  0.0203  0.0204  0.0203  0.0203  0.0203  0.0203  0.0203  0.0203  0.0203  0.0203
  0.0204  0.0204  0.0204  0.0204  0.0204  0.0204  0.0204  0.0204  0.0204  0.0204  0.0204  0.0204
  0.0205  0.0205  0.0204  0.0206  0.0205  0.0206  0.0205  0.0206  0.0204  0.0205  0.0204  0.0204
  0.0208  0.0207  0.0206  0.0209  0.0207  0.0209  0.0207  0.0209  0.0206  0.0208  0.0205  0.0205
   -1.1937   36.3901    1.1714   -5.1035  -11.7650   -1.1204
    3.6478   -5.7379   -0.4696   16.0775    6.4232  -18.7548
eta,q 0.97966 10.11314

---------------------------------------------------------------------
imgreg_4dfp /opt/freesurfer/average/711-2C_as_mni_average_305 /opt/freesurfer/average/711-2B_as_mni_average_305_mask talsrcimg_g11 none talsrcimg_to_711-2C_as_mni_average_305_t4 2311
---------------------------------------------------------------------

freesurfer imgreg_4dfp.c
/opt/freesurfer/average/711-2C_as_mni_average_305.4dfp.img
       256       256       256         1
  1.000000  1.000000  1.000000
orientation T byte_order littleendian
Reading image: /opt/freesurfer/average/711-2C_as_mni_average_305.4dfp.img
dimensions:      256       256       256
mmppix:       1.0000   -1.0000   -1.0000
center:     128.0000 -129.0000 -129.0000
/opt/freesurfer/average/711-2B_as_mni_average_305_mask.4dfp.img
       256       256       256         1
  1.000000  1.000000  1.000000
orientation T byte_order littleendian
Reading mask: /opt/freesurfer/average/711-2B_as_mni_average_305_mask.4dfp.img (2306576 pixels)
talsrcimg_g11.4dfp.img
       256       256       256         1
  1.000000  1.000000  1.000000
orientation T byte_order littleendian
Reading image: talsrcimg_g11.4dfp.img
dimensions:      256       256       256
mmppix:       1.0000   -1.0000   -1.0000
center:     128.0000 -129.0000 -129.0000
fimgreg.f
image alignment mode   2311 decimal      907 hex
parameters
   -1.1937   36.3901    1.1714   -5.1035  -11.7650   -1.1204
    3.6478   -5.7379   -0.4696   16.0775    6.4232  -18.7548
eta,q 0.97966 10.11315
niter,ni,del,rscale     5    3    5.0000    0.8000
parameters
   -1.2034   36.4490    1.1765   -5.4591  -11.9382   -1.5465
    3.6118   -5.7540   -0.5981   15.8778    6.3813  -18.6362
eta,q 0.97959 10.07630
  0.0221  0.0218  0.0212  0.0219  0.0215  0.0219  0.0217  0.0225  0.0213  0.0220  0.0210  0.0211
  0.0211  0.0210  0.0208  0.0212  0.0209  0.0213  0.0210  0.0213  0.0208  0.0212  0.0207  0.0207
  0.0205  0.0205  0.0205  0.0206  0.0205  0.0206  0.0205  0.0206  0.0205  0.0206  0.0205  0.0205
  0.0203  0.0203  0.0203  0.0203  0.0204  0.0204  0.0204  0.0204  0.0204  0.0204  0.0204  0.0204
  0.0205  0.0205  0.0204  0.0206  0.0205  0.0206  0.0205  0.0206  0.0205  0.0206  0.0205  0.0205
  0.0211  0.0209  0.0207  0.0214  0.0210  0.0215  0.0210  0.0213  0.0209  0.0213  0.0207  0.0207
  0.0221  0.0215  0.0212  0.0227  0.0218  0.0230  0.0217  0.0225  0.0215  0.0224  0.0210  0.0210
niter,ni,del,rscale     4    3    5.0000    0.7000
parameters
   -1.1906   36.4165    1.1392   -5.3549  -11.8412   -1.4963
    3.6211   -5.7324   -0.5663   15.8761    6.4326  -18.6395
eta,q 0.97961 10.08531
  0.0217  0.0213  0.0210  0.0218  0.0214  0.0218  0.0214  0.0220  0.0212  0.0217  0.0208  0.0209
  0.0210  0.0208  0.0207  0.0212  0.0209  0.0212  0.0208  0.0211  0.0207  0.0211  0.0206  0.0206
  0.0206  0.0205  0.0205  0.0207  0.0206  0.0207  0.0205  0.0206  0.0205  0.0206  0.0204  0.0204
  0.0204  0.0204  0.0204  0.0204  0.0204  0.0204  0.0204  0.0204  0.0204  0.0204  0.0204  0.0204
  0.0205  0.0205  0.0205  0.0205  0.0204  0.0205  0.0205  0.0206  0.0204  0.0205  0.0204  0.0205
  0.0210  0.0209  0.0207  0.0210  0.0208  0.0209  0.0208  0.0211  0.0207  0.0210  0.0206  0.0206
  0.0217  0.0214  0.0211  0.0219  0.0214  0.0220  0.0214  0.0220  0.0212  0.0218  0.0208  0.0209
niter,ni,del,rscale     3    3    5.0000    0.6000
parameters
   -1.1908   36.4020    1.1412   -5.2469  -11.8043   -1.3457
    3.6325   -5.7305   -0.5363   15.9449    6.4250  -18.6815
eta,q 0.97963 10.09678
  0.0214  0.0211  0.0209  0.0215  0.0211  0.0215  0.0211  0.0216  0.0209  0.0214  0.0207  0.0207
  0.0208  0.0207  0.0206  0.0210  0.0207  0.0211  0.0207  0.0209  0.0206  0.0209  0.0205  0.0205
  0.0205  0.0204  0.0204  0.0206  0.0205  0.0206  0.0205  0.0205  0.0204  0.0205  0.0204  0.0204
  0.0204  0.0204  0.0204  0.0204  0.0204  0.0204  0.0204  0.0204  0.0204  0.0204  0.0204  0.0204
  0.0205  0.0205  0.0204  0.0205  0.0204  0.0204  0.0204  0.0205  0.0204  0.0204  0.0204  0.0204
  0.0208  0.0207  0.0206  0.0208  0.0207  0.0208  0.0207  0.0209  0.0206  0.0208  0.0205  0.0205
  0.0214  0.0211  0.0209  0.0215  0.0211  0.0215  0.0211  0.0216  0.0209  0.0214  0.0207  0.0207
niter,ni,del,rscale     2    3    5.0000    0.5000
parameters
   -1.1938   36.3948    1.1528   -5.1623  -11.7816   -1.2210
    3.6442   -5.7346   -0.5093   16.0079    6.4394  -18.7202
eta,q 0.97965 10.10592
  0.0210  0.0209  0.0207  0.0212  0.0209  0.0212  0.0209  0.0212  0.0207  0.0211  0.0206  0.0206
  0.0207  0.0206  0.0205  0.0208  0.0206  0.0208  0.0206  0.0207  0.0205  0.0207  0.0205  0.0205
  0.0204  0.0204  0.0204  0.0205  0.0204  0.0205  0.0204  0.0204  0.0204  0.0205  0.0204  0.0204
  0.0204  0.0204  0.0204  0.0204  0.0204  0.0204  0.0204  0.0204  0.0204  0.0204  0.0204  0.0203
  0.0204  0.0204  0.0204  0.0204  0.0204  0.0204  0.0204  0.0204  0.0204  0.0204  0.0204  0.0204
  0.0207  0.0206  0.0205  0.0207  0.0206  0.0207  0.0206  0.0207  0.0205  0.0206  0.0205  0.0205
  0.0211  0.0209  0.0207  0.0212  0.0209  0.0212  0.0209  0.0212  0.0207  0.0211  0.0206  0.0206
niter,ni,del,rscale     1    3    5.0000    0.4000
parameters
   -1.1956   36.3901    1.1703   -5.0995  -11.7663   -1.1228
    3.6485   -5.7444   -0.4712   16.0720    6.4050  -18.7493
eta,q 0.97966 10.11296
  0.0208  0.0207  0.0206  0.0209  0.0207  0.0209  0.0207  0.0209  0.0206  0.0209  0.0205  0.0205
  0.0206  0.0205  0.0205  0.0206  0.0205  0.0206  0.0205  0.0206  0.0205  0.0206  0.0204  0.0204
  0.0204  0.0204  0.0204  0.0204  0.0204  0.0204  0.0204  0.0204  0.0204  0.0204  0.0204  0.0204
  0.0203  0.0203  0.0203  0.0203  0.0203  0.0203  0.0203  0.0203  0.0203  0.0203  0.0203  0.0203
  0.0204  0.0204  0.0204  0.0204  0.0204  0.0204  0.0204  0.0204  0.0204  0.0204  0.0204  0.0204
  0.0205  0.0205  0.0204  0.0206  0.0205  0.0206  0.0205  0.0206  0.0205  0.0205  0.0204  0.0204
  0.0208  0.0207  0.0206  0.0209  0.0207  0.0209  0.0207  0.0209  0.0206  0.0208  0.0205  0.0205
registration optimization eta report
parameter search radius
    0.8000    0.8000    0.8000    2.4000    2.4000    2.4000
    2.4000    2.4000    2.4000    2.4000    2.4000    2.4000
100000*second partial in parameter space
       70.       51.       36.       10.        6.       10.
        6.        9.        5.        9.        3.        3.
  0.0208  0.0207  0.0206  0.0209  0.0207  0.0209  0.0207  0.0209  0.0206  0.0209  0.0205  0.0205
  0.0206  0.0205  0.0205  0.0206  0.0205  0.0206  0.0205  0.0206  0.0205  0.0206  0.0204  0.0204
  0.0204  0.0204  0.0204  0.0204  0.0204  0.0204  0.0204  0.0204  0.0204  0.0204  0.0204  0.0204
  0.0203  0.0203  0.0203  0.0203  0.0203  0.0203  0.0203  0.0203  0.0203  0.0203  0.0203  0.0203
  0.0204  0.0204  0.0204  0.0204  0.0204  0.0204  0.0204  0.0204  0.0204  0.0204  0.0204  0.0204
  0.0205  0.0205  0.0204  0.0206  0.0205  0.0206  0.0205  0.0206  0.0205  0.0205  0.0204  0.0204
  0.0208  0.0207  0.0206  0.0209  0.0207  0.0209  0.0207  0.0209  0.0206  0.0208  0.0205  0.0205
   -1.1956   36.3901    1.1703   -5.0995  -11.7663   -1.1228
    3.6485   -5.7444   -0.4712   16.0720    6.4050  -18.7493
eta,q 0.97966 10.11296

---------------------------------------------------------------------
compute_vox2vox talsrcimg talsrcimg_to_711-2C_as_mni_average_305_t4 /opt/freesurfer/average/711-2C_as_mni_average_305
---------------------------------------------------------------------

freesurfer compute_vox2vox.c
Reading: talsrcimg.4dfp.ifh
Reading: talsrcimg_to_711-2C_as_mni_average_305_t4
Reading: /opt/freesurfer/average/711-2C_as_mni_average_305.4dfp.ifh
Writing: talsrcimg_to_711-2C_as_mni_average_305_t4_vox2vox.txt

start time Tue Mar 10 06:55:06 CET 2026
end		time Tue Mar 10 06:55:19 CET 2026

mpr2mni305 success

avi2talxfm orig_nu.mgz /opt/freesurfer/average/mni305.cor.mgz talsrcimg_to_711-2C_as_mni_average_305_t4_vox2vox.txt transforms/talairach.auto.xfm
avi2talxfm done
mv -f /out/sourcedata/freesurfer/sub-v1s8x0051343_ses-1/mri/talsrcimg_to_711-2C_as_mni_average_305_t4_vox2vox.txt /out/sourcedata/freesurfer/sub-v1s8x0051343_ses-1/mri/transforms/talsrcimg_to_711-2C_as_mni_average_305_t4_vox2vox.txt
lta_convert --src orig_nu.mgz --trg /opt/freesurfer/average/mni305.cor.mgz --inxfm transforms/talairach.auto.xfm --outlta transforms/talairach.auto.xfm.lta --subject fsaverage
7.3.2

--src: orig_nu.mgz src image (geometry).
--trg: /opt/freesurfer/average/mni305.cor.mgz trg image (geometry).
--inmni: transforms/talairach.auto.xfm input MNI/XFM transform.
--outlta: transforms/talairach.auto.xfm.lta output LTA.
--s: fsaverage subject name
 LTA read, type : 1
 1.04915   0.06573  -0.02942   4.91809;
-0.06466   0.97354   0.20955  -9.26395;
 0.01738  -0.17698   1.09503  -31.26743;
 0.00000   0.00000   0.00000   1.00000;
setting subject to fsaverage
Writing  LTA to file transforms/talairach.auto.xfm.lta...
lta_convert successful.
 
 
Started at Tue Mar 10 06:55:05 CET 2026
Ended   at Tue Mar 10 06:55:19 CET 2026
talairach_avi done
