status file for recon-all
Tue Mar 10 08:08:03 CET 2026
#@# Tessellate lh Tue Mar 10 08:08:03 CET 2026
#@# Smooth1 lh Tue Mar 10 08:08:06 CET 2026
#@# Inflation1 lh Tue Mar 10 08:08:08 CET 2026
#@# QSphere lh Tue Mar 10 08:08:16 CET 2026
#@# Fix Topology lh Tue Mar 10 08:09:01 CET 2026
#@# Smooth2 lh Tue Mar 10 08:13:02 CET 2026
#@# Inflation2 lh Tue Mar 10 08:13:04 CET 2026
#@# Curv .H and .K lh Tue Mar 10 08:13:12 CET 2026
#@# Sphere lh Tue Mar 10 08:13:49 CET 2026
#@# Surf Reg lh Tue Mar 10 08:15:57 CET 2026
#@# Jacobian white lh Tue Mar 10 08:18:36 CET 2026
#@# AvgCurv lh Tue Mar 10 08:18:37 CET 2026
#@# Cortical Parc lh Tue Mar 10 08:18:37 CET 2026
#@# white curv lh Tue Mar 10 08:23:13 CET 2026
#@# white area lh Tue Mar 10 08:23:14 CET 2026
#@# pial curv lh Tue Mar 10 08:23:15 CET 2026
#@# pial area lh Tue Mar 10 08:23:16 CET 2026
#@# thickness lh Tue Mar 10 08:23:16 CET 2026
#@# area and vertex vol lh Tue Mar 10 08:23:35 CET 2026
#@# Curvature Stats lh Tue Mar 10 08:23:36 CET 2026
#@# Cortical Parc 2 lh Tue Mar 10 08:23:38 CET 2026
#@# Cortical Parc 3 lh Tue Mar 10 08:23:47 CET 2026
#@# WM/GM Contrast lh Tue Mar 10 08:23:54 CET 2026
recon-all -s sub-v1s8x0051341_ses-1 finished without error at Tue Mar 10 08:23:56 CET 2026



#New# invocation of recon-all 



status file for recon-all
Tue Mar 10 08:44:34 CET 2026
#@# white curv lh Tue Mar 10 08:44:34 CET 2026
#@# white area lh Tue Mar 10 08:44:34 CET 2026
#@# pial curv lh Tue Mar 10 08:44:34 CET 2026
#@# pial area lh Tue Mar 10 08:44:34 CET 2026
#@# thickness lh Tue Mar 10 08:44:34 CET 2026
#@# area and vertex vol lh Tue Mar 10 08:44:34 CET 2026
#@# Parcellation Stats lh Tue Mar 10 08:44:34 CET 2026
#@# Parcellation Stats 2 lh Tue Mar 10 08:44:48 CET 2026
#@# Parcellation Stats 3 lh Tue Mar 10 08:44:55 CET 2026
#@# BA_exvivo Labels lh Tue Mar 10 08:45:02 CET 2026
recon-all -s sub-v1s8x0051341_ses-1 finished without error at Tue Mar 10 08:46:49 CET 2026
