status file for recon-all
Tue Mar 10 06:52:16 CET 2026
#@# MotionCor Tue Mar 10 06:52:18 CET 2026
#@# Talairach Tue Mar 10 06:52:23 CET 2026
#@# Talairach Failure Detection Tue Mar 10 06:55:13 CET 2026
#@# Nu Intensity Correction Tue Mar 10 06:55:13 CET 2026
#@# Intensity Normalization Tue Mar 10 06:57:57 CET 2026
recon-all -s sub-v1s8x0051341_ses-1 finished without error at Tue Mar 10 06:59:07 CET 2026



#New# invocation of recon-all 



status file for recon-all
Tue Mar 10 07:04:44 CET 2026
#@# EM Registration Tue Mar 10 07:04:44 CET 2026
recon-all -s sub-v1s8x0051341_ses-1 finished without error at Tue Mar 10 07:05:57 CET 2026



#New# invocation of recon-all 



status file for recon-all
Tue Mar 10 07:06:00 CET 2026
#@# CA Normalize Tue Mar 10 07:06:00 CET 2026
#@# CA Reg Tue Mar 10 07:06:55 CET 2026
#@# SubCort Seg Tue Mar 10 07:41:16 CET 2026
#@# CC Seg Tue Mar 10 08:03:37 CET 2026
#@# Merge ASeg Tue Mar 10 08:04:08 CET 2026
#@# Intensity Normalization2 Tue Mar 10 08:04:08 CET 2026
#@# Mask BFS Tue Mar 10 08:05:42 CET 2026
#@# WM Segmentation Tue Mar 10 08:05:42 CET 2026
#@# Fill Tue Mar 10 08:07:22 CET 2026
recon-all -s sub-v1s8x0051341_ses-1 finished without error at Tue Mar 10 08:08:00 CET 2026



#New# invocation of recon-all 



status file for recon-all
Tue Mar 10 08:40:39 CET 2026
#@# white curv lh Tue Mar 10 08:40:39 CET 2026
#@# white area lh Tue Mar 10 08:40:39 CET 2026
#@# pial curv lh Tue Mar 10 08:40:39 CET 2026
#@# pial area lh Tue Mar 10 08:40:39 CET 2026
#@# thickness lh Tue Mar 10 08:40:39 CET 2026
#@# area and vertex vol lh Tue Mar 10 08:40:39 CET 2026
#@# white curv rh Tue Mar 10 08:40:39 CET 2026
#@# white area rh Tue Mar 10 08:40:39 CET 2026
#@# pial curv rh Tue Mar 10 08:40:39 CET 2026
#@# pial area rh Tue Mar 10 08:40:39 CET 2026
#@# thickness rh Tue Mar 10 08:40:39 CET 2026
#@# area and vertex vol rh Tue Mar 10 08:40:39 CET 2026
#@# Cortical ribbon mask Tue Mar 10 08:40:39 CET 2026
recon-all -s sub-v1s8x0051341_ses-1 finished without error at Tue Mar 10 08:44:29 CET 2026



#New# invocation of recon-all 



status file for recon-all
Tue Mar 10 08:49:14 CET 2026
#@# white curv lh Tue Mar 10 08:49:14 CET 2026
#@# white area lh Tue Mar 10 08:49:14 CET 2026
#@# pial curv lh Tue Mar 10 08:49:14 CET 2026
#@# pial area lh Tue Mar 10 08:49:14 CET 2026
#@# thickness lh Tue Mar 10 08:49:14 CET 2026
#@# area and vertex vol lh Tue Mar 10 08:49:14 CET 2026
#@# white curv rh Tue Mar 10 08:49:14 CET 2026
#@# white area rh Tue Mar 10 08:49:14 CET 2026
#@# pial curv rh Tue Mar 10 08:49:14 CET 2026
#@# pial area rh Tue Mar 10 08:49:14 CET 2026
#@# thickness rh Tue Mar 10 08:49:14 CET 2026
#@# area and vertex vol rh Tue Mar 10 08:49:14 CET 2026
#@# Curvature Stats lh Tue Mar 10 08:49:14 CET 2026
#@# Curvature Stats rh Tue Mar 10 08:49:15 CET 2026
#@# Relabel Hypointensities Tue Mar 10 08:49:17 CET 2026
#@# APas-to-ASeg Tue Mar 10 08:49:27 CET 2026
#@# AParc-to-ASeg aparc Tue Mar 10 08:49:33 CET 2026
#@# AParc-to-ASeg aparc.a2009s Tue Mar 10 08:49:53 CET 2026
#@# AParc-to-ASeg aparc.DKTatlas Tue Mar 10 08:50:13 CET 2026
#@# WMParc Tue Mar 10 08:50:31 CET 2026
#@# ASeg Stats Tue Mar 10 08:52:06 CET 2026
recon-all -s sub-v1s8x0051341_ses-1 finished without error at Tue Mar 10 08:52:22 CET 2026
