status file for recon-all
Tue Mar 10 08:23:58 CET 2026
#@# Tessellate rh Tue Mar 10 08:23:58 CET 2026
#@# Smooth1 rh Tue Mar 10 08:24:00 CET 2026
#@# Inflation1 rh Tue Mar 10 08:24:02 CET 2026
#@# QSphere rh Tue Mar 10 08:24:10 CET 2026
#@# Fix Topology rh Tue Mar 10 08:24:52 CET 2026
#@# Smooth2 rh Tue Mar 10 08:29:24 CET 2026
#@# Inflation2 rh Tue Mar 10 08:29:26 CET 2026
#@# Curv .H and .K rh Tue Mar 10 08:29:33 CET 2026
#@# Sphere rh Tue Mar 10 08:30:11 CET 2026
#@# Surf Reg rh Tue Mar 10 08:32:16 CET 2026
#@# Jacobian white rh Tue Mar 10 08:34:45 CET 2026
#@# AvgCurv rh Tue Mar 10 08:34:45 CET 2026
#@# Cortical Parc rh Tue Mar 10 08:34:46 CET 2026
#@# white curv rh Tue Mar 10 08:39:49 CET 2026
#@# white area rh Tue Mar 10 08:39:50 CET 2026
#@# pial curv rh Tue Mar 10 08:39:51 CET 2026
#@# pial area rh Tue Mar 10 08:39:52 CET 2026
#@# thickness rh Tue Mar 10 08:39:52 CET 2026
#@# area and vertex vol rh Tue Mar 10 08:40:11 CET 2026
#@# Curvature Stats rh Tue Mar 10 08:40:12 CET 2026
#@# Cortical Parc 2 rh Tue Mar 10 08:40:14 CET 2026
#@# Cortical Parc 3 rh Tue Mar 10 08:40:24 CET 2026
#@# WM/GM Contrast rh Tue Mar 10 08:40:31 CET 2026
recon-all -s sub-v1s8x0051341_ses-1 finished without error at Tue Mar 10 08:40:33 CET 2026



#New# invocation of recon-all 



status file for recon-all
Tue Mar 10 08:46:53 CET 2026
#@# white curv rh Tue Mar 10 08:46:53 CET 2026
#@# white area rh Tue Mar 10 08:46:53 CET 2026
#@# pial curv rh Tue Mar 10 08:46:53 CET 2026
#@# pial area rh Tue Mar 10 08:46:53 CET 2026
#@# thickness rh Tue Mar 10 08:46:53 CET 2026
#@# area and vertex vol rh Tue Mar 10 08:46:53 CET 2026
#@# Parcellation Stats rh Tue Mar 10 08:46:53 CET 2026
#@# Parcellation Stats 2 rh Tue Mar 10 08:47:08 CET 2026
#@# Parcellation Stats 3 rh Tue Mar 10 08:47:15 CET 2026
#@# BA_exvivo Labels rh Tue Mar 10 08:47:22 CET 2026
recon-all -s sub-v1s8x0051341_ses-1 finished without error at Tue Mar 10 08:49:10 CET 2026
