status file for recon-all
Tue Mar 10 13:09:09 CET 2026
#@# Tessellate rh Tue Mar 10 13:09:09 CET 2026
#@# Smooth1 rh Tue Mar 10 13:09:13 CET 2026
#@# Inflation1 rh Tue Mar 10 13:09:17 CET 2026
#@# QSphere rh Tue Mar 10 13:09:34 CET 2026
#@# Fix Topology rh Tue Mar 10 13:10:55 CET 2026
#@# Smooth2 rh Tue Mar 10 13:45:31 CET 2026
#@# Inflation2 rh Tue Mar 10 13:45:34 CET 2026
#@# Curv .H and .K rh Tue Mar 10 13:45:52 CET 2026
#@# Sphere rh Tue Mar 10 13:46:57 CET 2026
#@# Surf Reg rh Tue Mar 10 13:54:36 CET 2026
#@# Jacobian white rh Tue Mar 10 14:05:15 CET 2026
#@# AvgCurv rh Tue Mar 10 14:05:16 CET 2026
#@# Cortical Parc rh Tue Mar 10 14:05:17 CET 2026
#@# white curv rh Tue Mar 10 14:17:06 CET 2026
#@# white area rh Tue Mar 10 14:17:09 CET 2026
#@# pial curv rh Tue Mar 10 14:17:09 CET 2026
#@# pial area rh Tue Mar 10 14:17:12 CET 2026
#@# thickness rh Tue Mar 10 14:17:12 CET 2026
#@# area and vertex vol rh Tue Mar 10 14:17:55 CET 2026
#@# Curvature Stats rh Tue Mar 10 14:17:57 CET 2026
#@# Cortical Parc 2 rh Tue Mar 10 14:18:00 CET 2026
#@# Cortical Parc 3 rh Tue Mar 10 14:18:18 CET 2026
#@# WM/GM Contrast rh Tue Mar 10 14:18:31 CET 2026
recon-all -s sub-v1s8x0051332_ses-1 finished without error at Tue Mar 10 14:18:35 CET 2026



#New# invocation of recon-all 



status file for recon-all
Tue Mar 10 14:30:55 CET 2026
#@# white curv rh Tue Mar 10 14:30:55 CET 2026
#@# white area rh Tue Mar 10 14:30:55 CET 2026
#@# pial curv rh Tue Mar 10 14:30:55 CET 2026
#@# pial area rh Tue Mar 10 14:30:55 CET 2026
#@# thickness rh Tue Mar 10 14:30:55 CET 2026
#@# area and vertex vol rh Tue Mar 10 14:30:55 CET 2026
#@# Parcellation Stats rh Tue Mar 10 14:30:55 CET 2026
#@# Parcellation Stats 2 rh Tue Mar 10 14:31:27 CET 2026
#@# Parcellation Stats 3 rh Tue Mar 10 14:31:43 CET 2026
#@# BA_exvivo Labels rh Tue Mar 10 14:31:59 CET 2026
recon-all -s sub-v1s8x0051332_ses-1 finished without error at Tue Mar 10 14:35:18 CET 2026
