status file for recon-all
Tue Mar 10 08:43:43 CET 2026
#@# Tessellate lh Tue Mar 10 08:43:43 CET 2026
#@# Smooth1 lh Tue Mar 10 08:43:48 CET 2026
#@# Inflation1 lh Tue Mar 10 08:43:52 CET 2026
#@# QSphere lh Tue Mar 10 08:44:09 CET 2026
#@# Fix Topology lh Tue Mar 10 08:45:28 CET 2026
#@# Smooth2 lh Tue Mar 10 12:35:54 CET 2026
#@# Inflation2 lh Tue Mar 10 12:35:58 CET 2026
#@# Curv .H and .K lh Tue Mar 10 12:36:16 CET 2026
#@# Sphere lh Tue Mar 10 12:37:17 CET 2026
#@# Surf Reg lh Tue Mar 10 12:45:24 CET 2026
#@# Jacobian white lh Tue Mar 10 12:54:37 CET 2026
#@# AvgCurv lh Tue Mar 10 12:54:38 CET 2026
#@# Cortical Parc lh Tue Mar 10 12:54:39 CET 2026
#@# white curv lh Tue Mar 10 13:07:39 CET 2026
#@# white area lh Tue Mar 10 13:07:41 CET 2026
#@# pial curv lh Tue Mar 10 13:07:42 CET 2026
#@# pial area lh Tue Mar 10 13:07:45 CET 2026
#@# thickness lh Tue Mar 10 13:07:46 CET 2026
#@# area and vertex vol lh Tue Mar 10 13:08:28 CET 2026
#@# Curvature Stats lh Tue Mar 10 13:08:30 CET 2026
#@# Cortical Parc 2 lh Tue Mar 10 13:08:34 CET 2026
#@# Cortical Parc 3 lh Tue Mar 10 13:08:50 CET 2026
#@# WM/GM Contrast lh Tue Mar 10 13:09:03 CET 2026
recon-all -s sub-v1s8x0051332_ses-1 finished without error at Tue Mar 10 13:09:07 CET 2026



#New# invocation of recon-all 



status file for recon-all
Tue Mar 10 14:26:49 CET 2026
#@# white curv lh Tue Mar 10 14:26:49 CET 2026
#@# white area lh Tue Mar 10 14:26:49 CET 2026
#@# pial curv lh Tue Mar 10 14:26:49 CET 2026
#@# pial area lh Tue Mar 10 14:26:49 CET 2026
#@# thickness lh Tue Mar 10 14:26:49 CET 2026
#@# area and vertex vol lh Tue Mar 10 14:26:49 CET 2026
#@# Parcellation Stats lh Tue Mar 10 14:26:49 CET 2026
#@# Parcellation Stats 2 lh Tue Mar 10 14:27:18 CET 2026
#@# Parcellation Stats 3 lh Tue Mar 10 14:27:33 CET 2026
#@# BA_exvivo Labels lh Tue Mar 10 14:27:47 CET 2026
recon-all -s sub-v1s8x0051332_ses-1 finished without error at Tue Mar 10 14:30:53 CET 2026
