/out/sourcedata/freesurfer/sub-v1s8x0051336_ses-1/mri
/opt/freesurfer/bin/talairach_avi
--i orig_nu.mgz --xfm transforms/talairach.auto.xfm
talairach_avi 7.3.2
Linux dna076 5.14.0-427.37.1.el9_4.x86_64 #1 SMP PREEMPT_DYNAMIC Fri Sep 13 12:41:50 EDT 2024 x86_64 x86_64 x86_64 GNU/Linux
Tue Mar 10 06:48:41 CET 2026
mri_convert orig_nu.mgz talsrcimg.img 
reading from orig_nu.mgz...
TR=0.00, TE=0.00, TI=0.00, flip angle=0.00
i_ras = (-1, 0, 0)
j_ras = (0, 0, -1)
k_ras = (0, 1, 0)
writing to talsrcimg.img...
Analyze Output Matrix
-1.00000   0.00000   0.00000   129.50000;
 0.00000   0.00000   1.00000  -126.37695;
 0.00000  -1.00000   0.00000   88.98384;
 0.00000   0.00000   0.00000   1.00000;
--------------------
INFO: set hdr.hist.orient to -1
mpr2mni305 talsrcimg
Tue Mar 10 06:48:41 CET 2026
/opt/freesurfer/bin/mpr2mni305 talsrcimg
mpr2mni305 7.3.2
target=711-2C_as_mni_average_305

---------------------------------------------------------------------
analyzeto4dfp talsrcimg -O0 -y
---------------------------------------------------------------------

freesurfer ifh2hdr.c
Tue Mar 10 06:48:41 2026
Writing: talsrcimg.4dfp.hdr
freesurfer analyzeto4dfp.c
Reading: talsrcimg.hdr
header size 348 bytes
hdr.dime.datatype	offset=70	value=2
hdr.dime.bitpix		offset=72	value=8
hdr.hist.orient		offset=252	value=-1
dimensionality     4
dimensions       256       256       256         1
Reading: talsrcimg.img
Writing: talsrcimg.4dfp.img
Writing: talsrcimg.4dfp.ifh
ifh2hdr talsrcimg -r0to231
ori=2

---------------------------------------------------------------------
gauss_4dfp talsrcimg 1.1
---------------------------------------------------------------------

freesurfer gauss_4dfp.c
Reading: talsrcimg.4dfp.img
Writing: talsrcimg_g11.4dfp.img
image dimensions 256 256 256 padded to 288 288 288
processing volume 1freesurfer ifh2hdr.c
Tue Mar 10 06:48:43 2026
Writing: talsrcimg_g11.4dfp.hdr

Writing: talsrcimg_g11.4dfp.ifh
including: talsrcimg.4dfp.img.rec in talsrcimg_g11.4dfp.img.rec

---------------------------------------------------------------------
imgreg_4dfp /opt/freesurfer/average/711-2C_as_mni_average_305 none talsrcimg_g11 none talsrcimg_to_711-2C_as_mni_average_305_t4 4355
---------------------------------------------------------------------

freesurfer imgreg_4dfp.c
/opt/freesurfer/average/711-2C_as_mni_average_305.4dfp.img
       256       256       256         1
  1.000000  1.000000  1.000000
orientation T byte_order littleendian
Reading image: /opt/freesurfer/average/711-2C_as_mni_average_305.4dfp.img
dimensions:      256       256       256
mmppix:       1.0000   -1.0000   -1.0000
center:     128.0000 -129.0000 -129.0000
talsrcimg_g11.4dfp.img
       256       256       256         1
  1.000000  1.000000  1.000000
orientation T byte_order littleendian
Reading image: talsrcimg_g11.4dfp.img
dimensions:      256       256       256
mmppix:       1.0000   -1.0000   -1.0000
center:     128.0000 -129.0000 -129.0000
t4_read: open error in t4_sub.f l:  41 t4_file(1:l)talsrcimg_to_711-2C_as_mni_average_305_t4 
t4_read: transform initialized to I4
rotation matrix determinant  1.000000
image alignment mode   4355 decimal     1103 hex
   -7.5000  -45.0000  -45.0000 6694.5674   13.5279
    0.0000  -45.0000  -45.0000 6959.3379   13.5730
    7.5000  -45.0000  -45.0000 6607.6099   13.5539
   -7.5000  -37.5000  -45.0000 7286.0659   13.1135
    0.0000  -37.5000  -45.0000 7589.6030   13.1590
    7.5000  -37.5000  -45.0000 7215.3149   13.1435
   -7.5000  -30.0000  -45.0000 8240.7529   12.8182
    0.0000  -30.0000  -45.0000 8575.6885   12.8686
    7.5000  -30.0000  -45.0000 8153.0249   12.8585
   -7.5000  -22.5000  -45.0000 9240.7734   12.6071
    0.0000  -22.5000  -45.0000 9617.8418   12.6574
    7.5000  -22.5000  -45.0000 9134.8525   12.6474
   -7.5000  -15.0000  -45.000010293.0029   12.5327
    0.0000  -15.0000  -45.000010718.1494   12.5796
    7.5000  -15.0000  -45.000010184.5645   12.5668
   -7.5000   -7.5000  -45.000011326.8887   12.5092
    0.0000   -7.5000  -45.000011783.3438   12.5511
    7.5000   -7.5000  -45.000011207.4756   12.5340
   -7.5000    0.0000  -45.000012322.1328   12.5129
    0.0000    0.0000  -45.000012792.6230   12.5528
    7.5000    0.0000  -45.000012159.2715   12.5345
   -7.5000    7.5000  -45.000012283.1650   12.5190
    0.0000    7.5000  -45.000012770.0830   12.5626
    7.5000    7.5000  -45.000012128.0361   12.5480
   -7.5000   15.0000  -45.000012119.3037   12.5223
    0.0000   15.0000  -45.000012590.4082   12.5711
    7.5000   15.0000  -45.000011960.8184   12.5608
   -7.5000   22.5000  -45.000011926.8457   12.5145
    0.0000   22.5000  -45.000012387.2275   12.5648
    7.5000   22.5000  -45.000011749.4023   12.5553
   -7.5000   30.0000  -45.000011689.6846   12.3424
    0.0000   30.0000  -45.000012134.7793   12.3889
    7.5000   30.0000  -45.000011492.9678   12.3765
   -7.5000   37.5000  -45.000011666.3242   12.3425
    0.0000   37.5000  -45.000012116.6436   12.3838
    7.5000   37.5000  -45.000011473.1387   12.3669
   -7.5000   45.0000  -45.000011161.7354   12.0327
    0.0000   45.0000  -45.000011585.8535   12.0711
    7.5000   45.0000  -45.000010959.4014   12.0535
   -7.5000  -45.0000  -37.5000 6994.1597   13.5322
    0.0000  -45.0000  -37.5000 7276.5522   13.5783
    7.5000  -45.0000  -37.5000 6912.0464   13.5586
   -7.5000  -37.5000  -37.5000 7631.0034   13.1177
    0.0000  -37.5000  -37.5000 7945.2285   13.1639
    7.5000  -37.5000  -37.5000 7549.7070   13.1478
   -7.5000  -30.0000  -37.5000 8657.7383   12.8226
    0.0000  -30.0000  -37.5000 8998.7998   12.8723
    7.5000  -30.0000  -37.5000 8556.3340   12.8611
   -7.5000  -22.5000  -37.5000 9731.8213   12.6120
    0.0000  -22.5000  -37.500010112.4805   12.6606
    7.5000  -22.5000  -37.5000 9601.5684   12.6491
   -7.5000  -15.0000  -37.500010841.7295   12.5384
    0.0000  -15.0000  -37.500011264.2539   12.5840
    7.5000  -15.0000  -37.500010694.7480   12.5694
   -7.5000   -7.5000  -37.500011931.1699   12.5148
    0.0000   -7.5000  -37.500012395.0371   12.5565
    7.5000   -7.5000  -37.500011770.5635   12.5377
   -7.5000    0.0000  -37.500012981.4941   12.5176
    0.0000    0.0000  -37.500013468.2100   12.5584
    7.5000    0.0000  -37.500012792.9854   12.5388
   -7.5000    7.5000  -37.500012953.0088   12.5229
    0.0000    7.5000  -37.500013438.5166   12.5670
    7.5000    7.5000  -37.500012764.5430   12.5518
   -7.5000   15.0000  -37.500012779.9170   12.5262
    0.0000   15.0000  -37.500013234.7275   12.5743
    7.5000   15.0000  -37.500012564.9795   12.5631
   -7.5000   22.5000  -37.500012530.0107   12.5193
    0.0000   22.5000  -37.500012975.2842   12.5680
    7.5000   22.5000  -37.500012315.0996   12.5569
   -7.5000   30.0000  -37.500012262.6523   12.3480
    0.0000   30.0000  -37.500012693.1396   12.3932
    7.5000   30.0000  -37.500012035.6973   12.3790
   -7.5000   37.5000  -37.500012240.3613   12.3480
    0.0000   37.5000  -37.500012688.5518   12.3891
    7.5000   37.5000  -37.500012016.9355   12.3706
   -7.5000   45.0000  -37.500011682.5088   12.0372
    0.0000   45.0000  -37.500012127.3174   12.0764
    7.5000   45.0000  -37.500011481.1045   12.0576
   -7.5000  -45.0000  -30.0000 7408.7515   14.1093
    0.0000  -45.0000  -30.0000 7714.9546   14.1565
    7.5000  -45.0000  -30.0000 7331.2710   14.1357
   -7.5000  -37.5000  -30.0000 8118.8433   13.6777
    0.0000  -37.5000  -30.0000 8456.7900   13.7236
    7.5000  -37.5000  -30.0000 8034.1392   13.7056
   -7.5000  -30.0000  -30.0000 9226.0928   13.3700
    0.0000  -30.0000  -30.0000 9590.6172   13.4198
    7.5000  -30.0000  -30.0000 9110.4961   13.4067
   -7.5000  -22.5000  -30.000010368.4746   13.1504
    0.0000  -22.5000  -30.000010771.8320   13.2016
    7.5000  -22.5000  -30.000010225.6924   13.1894
   -7.5000  -15.0000  -30.000011545.4463   13.0739
    0.0000  -15.0000  -30.000011981.1055   13.1234
    7.5000  -15.0000  -30.000011372.4082   13.1091
   -7.5000   -7.5000  -30.000012713.3545   13.0490
    0.0000   -7.5000  -30.000013196.4766   13.0937
    7.5000   -7.5000  -30.000012512.3271   13.0749
   -7.5000    0.0000  -30.000013839.1689   13.0517
    0.0000    0.0000  -30.000014347.0439   13.0935
    7.5000    0.0000  -30.000013609.2998   13.0729
   -7.5000    7.5000  -30.000013828.7246   13.0570
    0.0000    7.5000  -30.000014334.6826   13.1009
    7.5000    7.5000  -30.000013582.9639   13.0838
   -7.5000   15.0000  -30.000013631.3672   13.0603
    0.0000   15.0000  -30.000014095.4150   13.1088
    7.5000   15.0000  -30.000013343.7393   13.0958
   -7.5000   22.5000  -30.000013355.6445   13.0521
    0.0000   22.5000  -30.000013799.1602   13.1033
    7.5000   22.5000  -30.000013079.2578   13.0916
   -7.5000   30.0000  -30.000013081.7236   12.8765
    0.0000   30.0000  -30.000013526.4287   12.9255
    7.5000   30.0000  -30.000012805.7500   12.9116
   -7.5000   37.5000  -30.000013042.1943   12.8763
    0.0000   37.5000  -30.000013497.3984   12.9205
    7.5000   37.5000  -30.000012772.6299   12.9018
   -7.5000   45.0000  -30.000012381.0244   12.5600
    0.0000   45.0000  -30.000012837.0479   12.6002
    7.5000   45.0000  -30.000012172.4209   12.5804
   -7.5000  -45.0000  -22.5000 7816.6348   14.5943
    0.0000  -45.0000  -22.5000 8124.0605   14.6419
    7.5000  -45.0000  -22.5000 7732.5176   14.6210
   -7.5000  -37.5000  -22.5000 8588.0039   14.1490
    0.0000  -37.5000  -22.5000 8936.1465   14.1935
    7.5000  -37.5000  -22.5000 8485.2227   14.1742
   -7.5000  -30.0000  -22.5000 9756.6113   13.8310
    0.0000  -30.0000  -22.500010146.6211   13.8811
    7.5000  -30.0000  -22.5000 9626.0889   13.8668
   -7.5000  -22.5000  -22.500010972.0264   13.6033
    0.0000  -22.5000  -22.500011402.9814   13.6580
    7.5000  -22.5000  -22.500010808.2949   13.6468
   -7.5000  -15.0000  -22.500012195.3184   13.5228
    0.0000  -15.0000  -22.500012663.2354   13.5775
    7.5000  -15.0000  -22.500012003.9287   13.5657
   -7.5000   -7.5000  -22.500013442.6992   13.4965
    0.0000   -7.5000  -22.500013926.6152   13.5448
    7.5000   -7.5000  -22.500013205.0205   13.5282
   -7.5000    0.0000  -22.500014645.8506   13.5000
    0.0000    0.0000  -22.500015179.1045   13.5424
    7.5000    0.0000  -22.500014375.6357   13.5223
   -7.5000    7.5000  -22.500014683.8760   13.5066
    0.0000    7.5000  -22.500015218.3398   13.5496
    7.5000    7.5000  -22.500014368.1025   13.5313
   -7.5000   15.0000  -22.500014460.7822   13.5105
    0.0000   15.0000  -22.500014954.8281   13.5594
    7.5000   15.0000  -22.500014086.3789   13.5453
   -7.5000   22.5000  -22.500014148.2266   13.5003
    0.0000   22.5000  -22.500014624.9395   13.5551
    7.5000   22.5000  -22.500013793.4365   13.5443
   -7.5000   30.0000  -22.500013868.0117   13.3205
    0.0000   30.0000  -22.500014328.7021   13.3746
    7.5000   30.0000  -22.500013515.1328   13.3633
   -7.5000   37.5000  -22.500013830.6104   13.3199
    0.0000   37.5000  -22.500014297.5391   13.3676
    7.5000   37.5000  -22.500013489.4639   13.3512
   -7.5000   45.0000  -22.500013086.7959   13.0012
    0.0000   45.0000  -22.500013559.8496   13.0420
    7.5000   45.0000  -22.500012817.8184   13.0226
   -7.5000  -45.0000  -15.0000 8193.7783   14.9389
    0.0000  -45.0000  -15.0000 8508.4658   14.9866
    7.5000  -45.0000  -15.0000 8096.0879   14.9658
   -7.5000  -37.5000  -15.0000 9017.3389   14.4836
    0.0000  -37.5000  -15.0000 9369.1045   14.5277
    7.5000  -37.5000  -15.0000 8908.6064   14.5079
   -7.5000  -30.0000  -15.000010253.7754   14.1578
    0.0000  -30.0000  -15.000010658.5049   14.2090
    7.5000  -30.0000  -15.000010106.1279   14.1947
   -7.5000  -22.5000  -15.000011535.8906   13.9235
    0.0000  -22.5000  -15.000011979.1338   13.9811
    7.5000  -22.5000  -15.000011322.7139   13.9710
   -7.5000  -15.0000  -15.000012823.6299   13.8394
    0.0000  -15.0000  -15.000013305.1494   13.8975
    7.5000  -15.0000  -15.000012580.1914   13.8877
   -7.5000   -7.5000  -15.000014125.0654   13.8127
    0.0000   -7.5000  -15.000014642.8350   13.8633
    7.5000   -7.5000  -15.000013836.8252   13.8484
   -7.5000    0.0000  -15.000015395.7021   13.8180
    0.0000    0.0000  -15.000015988.0684   13.8607
    7.5000    0.0000  -15.000015060.5908   13.8413
   -7.5000    7.5000  -15.000015504.0586   13.8262
    0.0000    7.5000  -15.000016097.9365   13.8690
    7.5000    7.5000  -15.000015093.5137   13.8504
   -7.5000   15.0000  -15.000015278.4277   13.8301
    0.0000   15.0000  -15.000015851.5195   13.8801
    7.5000   15.0000  -15.000014817.5176   13.8659
   -7.5000   22.5000  -15.000014915.7656   13.8174
    0.0000   22.5000  -15.000015464.6025   13.8750
    7.5000   22.5000  -15.000014492.5898   13.8654
   -7.5000   30.0000  -15.000014602.8887   13.6344
    0.0000   30.0000  -15.000015126.0889   13.6919
    7.5000   30.0000  -15.000014196.6641   13.6824
   -7.5000   37.5000  -15.000014588.6484   13.6339
    0.0000   37.5000  -15.000015110.3994   13.6838
    7.5000   37.5000  -15.000014170.6211   13.6691
   -7.5000   45.0000  -15.000013827.0674   13.3155
    0.0000   45.0000  -15.000014310.4297   13.3566
    7.5000   45.0000  -15.000013419.8320   13.3379
   -7.5000  -45.0000   -7.5000 8554.3613   15.1044
    0.0000  -45.0000   -7.5000 8872.9912   15.1529
    7.5000  -45.0000   -7.5000 8437.9600   15.1317
   -7.5000  -37.5000   -7.5000 9448.6279   14.6431
    0.0000  -37.5000   -7.5000 9809.0029   14.6900
    7.5000  -37.5000   -7.5000 9312.3818   14.6714
   -7.5000  -30.0000   -7.500010771.9639   14.3133
    0.0000  -30.0000   -7.500011172.3311   14.3675
    7.5000  -30.0000   -7.500010565.4297   14.3549
   -7.5000  -22.5000   -7.500012102.1797   14.0764
    0.0000  -22.5000   -7.500012528.7666   14.1346
    7.5000  -22.5000   -7.500011831.8135   14.1247
   -7.5000  -15.0000   -7.500013451.8652   13.9918
    0.0000  -15.0000   -7.500013912.8330   14.0483
    7.5000  -15.0000   -7.500013146.6162   14.0372
   -7.5000   -7.5000   -7.500014786.0488   13.9654
    0.0000   -7.5000   -7.500015305.2588   14.0146
    7.5000   -7.5000   -7.500014452.6719   13.9984
   -7.5000    0.0000   -7.500016115.4746   13.9709
    0.0000    0.0000   -7.500016711.2129   14.0143
    7.5000    0.0000   -7.500015717.6445   13.9946
   -7.5000    7.5000   -7.500016299.5059   13.9790
    0.0000    7.5000   -7.500016969.7871   14.0244
    7.5000    7.5000   -7.500015794.7930   14.0069
   -7.5000   15.0000   -7.500016237.9355   13.9828
    0.0000   15.0000   -7.500016952.6562   14.0354
    7.5000   15.0000   -7.500015635.0615   14.0228
   -7.5000   22.5000   -7.500015874.4648   13.9681
    0.0000   22.5000   -7.500016530.0156   14.0262
    7.5000   22.5000   -7.500015307.5273   14.0168
   -7.5000   30.0000   -7.500015497.7051   13.7843
    0.0000   30.0000   -7.500016064.2119   13.8402
    7.5000   30.0000   -7.500014925.8145   13.8296
   -7.5000   37.5000   -7.500015483.6904   13.7843
    0.0000   37.5000   -7.500015965.4668   13.8329
    7.5000   37.5000   -7.500014835.9619   13.8168
   -7.5000   45.0000   -7.500014660.8291   13.4654
    0.0000   45.0000   -7.500015082.7080   13.5071
    7.5000   45.0000   -7.500014006.6006   13.4881
   -7.5000  -45.0000    0.0000 8794.7607   15.1326
    0.0000  -45.0000    0.0000 9105.1211   15.1831
    7.5000  -45.0000    0.0000 8649.2764   15.1617
   -7.5000  -37.5000    0.0000 9756.9287   14.6694
    0.0000  -37.5000    0.000010102.6328   14.7203
    7.5000  -37.5000    0.0000 9577.2793   14.7030
   -7.5000  -30.0000    0.000011134.6748   14.3393
    0.0000  -30.0000    0.000011534.5820   14.3957
    7.5000  -30.0000    0.000010902.4072   14.3844
   -7.5000  -22.5000    0.000012498.6201   14.1032
    0.0000  -22.5000    0.000012943.9238   14.1595
    7.5000  -22.5000    0.000012248.9941   14.1483
   -7.5000  -15.0000    0.000013878.0879   14.0199
    0.0000  -15.0000    0.000014401.5869   14.0723
    7.5000  -15.0000    0.000013609.5020   14.0580
   -7.5000   -7.5000    0.000015266.0459   13.9935
    0.0000   -7.5000    0.000015854.0537   14.0404
    7.5000   -7.5000    0.000014969.1924   14.0212
   -7.5000    0.0000    0.000016659.6074   13.9976
    0.0000    0.0000    0.000017281.2891   14.0423
    7.5000    0.0000    0.000016300.2881   14.0218
   -7.5000    7.5000    0.000017020.5469   14.0046
    0.0000    7.5000    0.000017705.5215   14.0533
    7.5000    7.5000    0.000016394.3105   14.0370
   -7.5000   15.0000    0.000017291.9062   14.0085
    0.0000   15.0000    0.000017996.5605   14.0630
    7.5000   15.0000    0.000016265.2725   14.0515
   -7.5000   22.5000    0.000017083.8906   13.9952
    0.0000   22.5000    0.000017659.2148   14.0514
    7.5000   22.5000    0.000015979.5400   14.0407
   -7.5000   30.0000    0.000016583.5098   13.8125
    0.0000   30.0000    0.000017019.1797   13.8644
    7.5000   30.0000    0.000015533.5859   13.8505
   -7.5000   37.5000    0.000016394.5312   13.8124
    0.0000   37.5000    0.000016758.4922   13.8586
    7.5000   37.5000    0.000015376.8965   13.8397
   -7.5000   45.0000    0.000015355.7920   13.4921
    0.0000   45.0000    0.000015735.9609   13.5352
    7.5000   45.0000    0.000014496.7217   13.5154
   -7.5000  -45.0000    7.5000 8380.6055   15.1429
    0.0000  -45.0000    7.5000 8668.9736   15.1945
    7.5000  -45.0000    7.5000 8205.0918   15.1724
   -7.5000  -37.5000    7.5000 9316.0830   14.6791
    0.0000  -37.5000    7.5000 9668.2451   14.7307
    7.5000  -37.5000    7.5000 9122.1992   14.7127
   -7.5000  -30.0000    7.500010609.7529   14.3488
    0.0000  -30.0000    7.500011009.2773   14.4044
    7.5000  -30.0000    7.500010406.4873   14.3919
   -7.5000  -22.5000    7.500011913.3975   14.1132
    0.0000  -22.5000    7.500012342.5166   14.1676
    7.5000  -22.5000    7.500011701.1113   14.1546
   -7.5000  -15.0000    7.500013256.9424   14.0308
    0.0000  -15.0000    7.500013751.8838   14.0818
    7.5000  -15.0000    7.500013008.7148   14.0655
   -7.5000   -7.5000    7.500014681.3613   14.0044
    0.0000   -7.5000    7.500015193.4219   14.0510
    7.5000   -7.5000    7.500014320.0732   14.0300
   -7.5000    0.0000    7.500016127.7676   14.0075
    0.0000    0.0000    7.500016642.2852   14.0531
    7.5000    0.0000    7.500015579.9355   14.0313
   -7.5000    7.5000    7.500016443.0195   14.0134
    0.0000    7.5000    7.500017011.1406   14.0628
    7.5000    7.5000    7.500015676.3486   14.0458
   -7.5000   15.0000    7.500016516.2617   14.0172
    0.0000   15.0000    7.500017052.8516   14.0710
    7.5000   15.0000    7.500015552.5391   14.0584
   -7.5000   22.5000    7.500016223.6924   14.0050
    0.0000   22.5000    7.500016659.4629   14.0594
    7.5000   22.5000    7.500015269.5117   14.0470
   -7.5000   30.0000    7.500015771.0479   13.8232
    0.0000   30.0000    7.500016182.7529   13.8737
    7.5000   30.0000    7.500014875.8193   13.8579
   -7.5000   37.5000    7.500015590.5039   13.8231
    0.0000   37.5000    7.500016018.1611   13.8691
    7.5000   37.5000    7.500014746.2090   13.8484
   -7.5000   45.0000    7.500014581.1279   13.5017
    0.0000   45.0000    7.500015040.9004   13.5456
    7.5000   45.0000    7.500013882.9219   13.5245
   -7.5000  -45.0000   15.0000 7879.4331   15.1996
    0.0000  -45.0000   15.0000 8144.4233   15.2504
    7.5000  -45.0000   15.0000 7660.3545   15.2282
   -7.5000  -37.5000   15.0000 8801.7852   14.7359
    0.0000  -37.5000   15.0000 9108.0469   14.7852
    7.5000  -37.5000   15.0000 8559.6494   14.7660
   -7.5000  -30.0000   15.000010053.6680   14.4049
    0.0000  -30.0000   15.000010401.6465   14.4584
    7.5000  -30.0000   15.0000 9794.0938   14.4444
   -7.5000  -22.5000   15.000011307.4873   14.1676
    0.0000  -22.5000   15.000011704.4414   14.2226
    7.5000  -22.5000   15.000011034.3965   14.2096
   -7.5000  -15.0000   15.000012615.0420   14.0849
    0.0000  -15.0000   15.000013046.9893   14.1380
    7.5000  -15.0000   15.000012265.3027   14.1228
   -7.5000   -7.5000   15.000013896.8291   14.0580
    0.0000   -7.5000   15.000014395.4668   14.1060
    7.5000   -7.5000   15.000013511.9004   14.0858
   -7.5000    0.0000   15.000015172.5830   14.0608
    0.0000    0.0000   15.000015719.0918   14.1056
    7.5000    0.0000   15.000014741.7881   14.0836
   -7.5000    7.5000   15.000015309.7744   14.0665
    0.0000    7.5000   15.000015910.5645   14.1137
    7.5000    7.5000   15.000014835.2686   14.0954
   -7.5000   15.0000   15.000015215.8682   14.0702
    0.0000   15.0000   15.000015729.8887   14.1222
    7.5000   15.0000   15.000014698.2559   14.1084
   -7.5000   22.5000   15.000014866.3779   14.0582
    0.0000   22.5000   15.000015321.9492   14.1133
    7.5000   22.5000   15.000014388.6680   14.1008
   -7.5000   30.0000   15.000014500.3828   13.8762
    0.0000   30.0000   15.000014959.1768   13.9288
    7.5000   30.0000   15.000014036.1562   13.9141
   -7.5000   37.5000   15.000014491.1709   13.8760
    0.0000   37.5000   15.000014941.6602   13.9234
    7.5000   37.5000   15.000014002.4844   13.9035
   -7.5000   45.0000   15.000013665.5293   13.5529
    0.0000   45.0000   15.000014114.2402   13.5962
    7.5000   45.0000   15.000013222.6543   13.5750
   -7.5000  -45.0000   22.5000 7266.9917   15.3248
    0.0000  -45.0000   22.5000 7520.9722   15.3749
    7.5000  -45.0000   22.5000 7063.4111   15.3534
   -7.5000  -37.5000   22.5000 8147.5024   14.8577
    0.0000  -37.5000   22.5000 8440.6807   14.9046
    7.5000  -37.5000   22.5000 7917.6787   14.8847
   -7.5000  -30.0000   22.5000 9333.5508   14.5247
    0.0000  -30.0000   22.5000 9668.9600   14.5772
    7.5000  -30.0000   22.5000 9087.6533   14.5626
   -7.5000  -22.5000   22.500010503.2832   14.2837
    0.0000  -22.5000   22.500010873.5820   14.3412
    7.5000  -22.5000   22.500010252.2666   14.3298
   -7.5000  -15.0000   22.500011678.6689   14.1981
    0.0000  -15.0000   22.500012094.7080   14.2557
    7.5000  -15.0000   22.500011420.5811   14.2436
   -7.5000   -7.5000   22.500012819.9980   14.1700
    0.0000   -7.5000   22.500013283.3027   14.2208
    7.5000   -7.5000   22.500012593.1670   14.2037
   -7.5000    0.0000   22.500013955.5020   14.1735
    0.0000    0.0000   22.500014508.0430   14.2181
    7.5000    0.0000   22.500013759.2314   14.1973
   -7.5000    7.5000   22.500014060.9922   14.1806
    0.0000    7.5000   22.500014629.5957   14.2257
    7.5000    7.5000   22.500013846.6650   14.2068
   -7.5000   15.0000   22.500013939.3330   14.1850
    0.0000   15.0000   22.500014416.9258   14.2363
    7.5000   15.0000   22.500013678.2080   14.2218
   -7.5000   22.5000   22.500013630.0547   14.1722
    0.0000   22.5000   22.500014101.0527   14.2297
    7.5000   22.5000   22.500013383.8076   14.2188
   -7.5000   30.0000   22.500013313.4072   13.9874
    0.0000   30.0000   22.500013789.0410   14.0444
    7.5000   30.0000   22.500013066.8994   14.0328
   -7.5000   37.5000   22.500013365.0615   13.9866
    0.0000   37.5000   22.500013817.3125   14.0367
    7.5000   37.5000   22.500013059.6660   14.0199
   -7.5000   45.0000   22.500012685.8164   13.6616
    0.0000   45.0000   22.500013118.5732   13.7046
    7.5000   45.0000   22.500012383.7314   13.6846
   -7.5000  -45.0000   30.0000 6618.8169   15.6164
    0.0000  -45.0000   30.0000 6866.8081   15.6664
    7.5000  -45.0000   30.0000 6464.0322   15.6439
   -7.5000  -37.5000   30.0000 7417.2681   15.1355
    0.0000  -37.5000   30.0000 7706.6055   15.1817
    7.5000  -37.5000   30.0000 7255.0225   15.1606
   -7.5000  -30.0000   30.0000 8509.1855   14.7932
    0.0000  -30.0000   30.0000 8843.3691   14.8468
    7.5000  -30.0000   30.0000 8340.4561   14.8318
   -7.5000  -22.5000   30.0000 9589.5430   14.5433
    0.0000  -22.5000   30.0000 9976.1582   14.6037
    7.5000  -22.5000   30.0000 9441.1670   14.5931
   -7.5000  -15.0000   30.000010673.3350   14.4532
    0.0000  -15.0000   30.000011100.6104   14.5141
    7.5000  -15.0000   30.000010537.4375   14.5034
   -7.5000   -7.5000   30.000011729.0010   14.4244
    0.0000   -7.5000   30.000012205.6807   14.4772
    7.5000   -7.5000   30.000011611.2871   14.4611
   -7.5000    0.0000   30.000012772.6992   14.4297
    0.0000    0.0000   30.000013316.3721   14.4742
    7.5000    0.0000   30.000012681.5732   14.4533
   -7.5000    7.5000   30.000012868.2598   14.4382
    0.0000    7.5000   30.000013391.5029   14.4829
    7.5000    7.5000   30.000012738.4629   14.4631
   -7.5000   15.0000   30.000012743.9834   14.4425
    0.0000   15.0000   30.000013216.0781   14.4948
    7.5000   15.0000   30.000012585.9980   14.4800
   -7.5000   22.5000   30.000012458.5264   14.4278
    0.0000   22.5000   30.000012930.5322   14.4881
    7.5000   22.5000   30.000012319.6094   14.4781
   -7.5000   30.0000   30.000012164.7021   14.2382
    0.0000   30.0000   30.000012623.0752   14.2985
    7.5000   30.0000   30.000012015.4756   14.2882
   -7.5000   37.5000   30.000012267.4248   14.2377
    0.0000   37.5000   30.000012700.3594   14.2898
    7.5000   37.5000   30.000012059.6328   14.2739
   -7.5000   45.0000   30.000011689.5771   13.9085
    0.0000   45.0000   30.000012099.4033   13.9515
    7.5000   45.0000   30.000011464.2197   13.9313
   -7.5000  -45.0000   37.5000 6269.5898   16.0854
    0.0000  -45.0000   37.5000 6526.4834   16.1374
    7.5000  -45.0000   37.5000 6157.4004   16.1135
   -7.5000  -37.5000   37.5000 7021.0063   15.5797
    0.0000  -37.5000   37.5000 7322.7192   15.6302
    7.5000  -37.5000   37.5000 6909.3467   15.6096
   -7.5000  -30.0000   37.5000 8048.5718   15.2199
    0.0000  -30.0000   37.5000 8406.6973   15.2781
    7.5000  -30.0000   37.5000 7949.3896   15.2645
   -7.5000  -22.5000   37.5000 9099.9971   14.9558
    0.0000  -22.5000   37.5000 9497.1621   15.0177
    7.5000  -22.5000   37.5000 9003.9180   15.0068
   -7.5000  -15.0000   37.500010168.2676   14.8606
    0.0000  -15.0000   37.500010600.1113   14.9204
    7.5000  -15.0000   37.500010065.5068   14.9077
   -7.5000   -7.5000   37.500011166.1016   14.8321
    0.0000   -7.5000   37.500011646.8145   14.8840
    7.5000   -7.5000   37.500011086.9648   14.8655
   -7.5000    0.0000   37.500012150.3330   14.8393
    0.0000    0.0000   37.500012676.7646   14.8853
    7.5000    0.0000   37.500012072.5645   14.8632
   -7.5000    7.5000   37.500012228.3428   14.8484
    0.0000    7.5000   37.500012729.3994   14.8969
    7.5000    7.5000   37.500012116.9248   14.8777
   -7.5000   15.0000   37.500012108.9004   14.8513
    0.0000   15.0000   37.500012582.6904   14.9078
    7.5000   15.0000   37.500011987.9814   14.8941
   -7.5000   22.5000   37.500011850.4912   14.8343
    0.0000   22.5000   37.500012322.5332   14.8962
    7.5000   22.5000   37.500011754.6270   14.8858
   -7.5000   30.0000   37.500011559.2422   14.6390
    0.0000   30.0000   37.500012002.0752   14.6982
    7.5000   30.0000   37.500011458.9102   14.6860
   -7.5000   37.5000   37.500011672.1855   14.6401
    0.0000   37.5000   37.500012097.8818   14.6914
    7.5000   37.5000   37.500011517.8262   14.6731
   -7.5000   45.0000   37.500011168.0166   14.3034
    0.0000   45.0000   37.500011580.1836   14.3477
    7.5000   45.0000   37.500010986.3574   14.3264
   -7.5000  -45.0000   45.0000 5741.3130   16.6688
    0.0000  -45.0000   45.0000 5960.4546   16.7295
    7.5000  -45.0000   45.0000 5632.8633   16.7055
   -7.5000  -37.5000   45.0000 6417.6606   16.1298
    0.0000  -37.5000   45.0000 6688.9751   16.1907
    7.5000  -37.5000   45.0000 6326.0166   16.1716
   -7.5000  -30.0000   45.0000 7347.0112   15.7420
    0.0000  -30.0000   45.0000 7672.4736   15.8085
    7.5000  -30.0000   45.0000 7283.8027   15.7966
   -7.5000  -22.5000   45.0000 8318.2207   15.4604
    0.0000  -22.5000   45.0000 8672.2285   15.5258
    7.5000  -22.5000   45.0000 8250.5723   15.5137
   -7.5000  -15.0000   45.0000 9310.0771   15.3631
    0.0000  -15.0000   45.0000 9702.9453   15.4237
    7.5000  -15.0000   45.0000 9224.6191   15.4077
   -7.5000   -7.5000   45.000010238.0469   15.3375
    0.0000   -7.5000   45.000010676.8242   15.3922
    7.5000   -7.5000   45.000010161.0527   15.3706
   -7.5000    0.0000   45.000011139.3799   15.3458
    0.0000    0.0000   45.000011629.1562   15.3985
    7.5000    0.0000   45.000011058.2461   15.3755
   -7.5000    7.5000   45.000011183.8145   15.3503
    0.0000    7.5000   45.000011645.9531   15.4080
    7.5000    7.5000   45.000011084.9004   15.3902
   -7.5000   15.0000   45.000011070.3242   15.3484
    0.0000   15.0000   45.000011509.9072   15.4124
    7.5000   15.0000   45.000010957.1758   15.4002
   -7.5000   22.5000   45.000010837.7559   15.3305
    0.0000   22.5000   45.000011272.2939   15.3958
    7.5000   22.5000   45.000010742.3672   15.3843
   -7.5000   30.0000   45.000010566.1172   15.1315
    0.0000   30.0000   45.000010993.9180   15.1916
    7.5000   30.0000   45.000010481.6592   15.1761
   -7.5000   37.5000   45.000010672.8516   15.1377
    0.0000   37.5000   45.000011096.7871   15.1916
    7.5000   37.5000   45.000010568.1709   15.1703
   -7.5000   45.0000   45.000010251.1719   14.7983
    0.0000   45.0000   45.000010645.7314   14.8491
    7.5000   45.0000   45.000010101.7363   14.8270

---------------------------------------------------------------------
imgreg_4dfp /opt/freesurfer/average/711-2C_as_mni_average_305 /opt/freesurfer/average/711-2B_as_mni_average_305_mask talsrcimg_g11 none talsrcimg_to_711-2C_as_mni_average_305_t4 4355
---------------------------------------------------------------------

freesurfer imgreg_4dfp.c
/opt/freesurfer/average/711-2C_as_mni_average_305.4dfp.img
       256       256       256         1
  1.000000  1.000000  1.000000
orientation T byte_order littleendian
Reading image: /opt/freesurfer/average/711-2C_as_mni_average_305.4dfp.img
dimensions:      256       256       256
mmppix:       1.0000   -1.0000   -1.0000
center:     128.0000 -129.0000 -129.0000
/opt/freesurfer/average/711-2B_as_mni_average_305_mask.4dfp.img
       256       256       256         1
  1.000000  1.000000  1.000000
orientation T byte_order littleendian
Reading mask: /opt/freesurfer/average/711-2B_as_mni_average_305_mask.4dfp.img (2306576 pixels)
talsrcimg_g11.4dfp.img
       256       256       256         1
  1.000000  1.000000  1.000000
orientation T byte_order littleendian
Reading image: talsrcimg_g11.4dfp.img
dimensions:      256       256       256
mmppix:       1.0000   -1.0000   -1.0000
center:     128.0000 -129.0000 -129.0000
rotation matrix determinant  1.000000
image alignment mode   4355 decimal     1103 hex
   -7.5000  -30.0000  -45.0000 2105.5483   16.4395
    0.0000  -30.0000  -45.0000 2106.5591   16.3848
    7.5000  -30.0000  -45.0000 2087.8191   16.5373
   -7.5000  -22.5000  -45.0000 2228.4900   14.8152
    0.0000  -22.5000  -45.0000 2228.3738   14.7564
    7.5000  -22.5000  -45.0000 2209.1619   14.8779
   -7.5000  -15.0000  -45.0000 2336.7488   13.5092
    0.0000  -15.0000  -45.0000 2338.2310   13.4536
    7.5000  -15.0000  -45.0000 2320.6309   13.5984
   -7.5000   -7.5000  -45.0000 2427.7566   12.4910
    0.0000   -7.5000  -45.0000 2425.6560   12.4290
    7.5000   -7.5000  -45.0000 2409.0483   12.5976
   -7.5000    0.0000  -45.0000 2492.6504   11.7734
    0.0000    0.0000  -45.0000 2484.4539   11.7348
    7.5000    0.0000  -45.0000 2466.6465   11.9017
   -7.5000    7.5000  -45.0000 2523.5229   11.3073
    0.0000    7.5000  -45.0000 2521.9631   11.2734
    7.5000    7.5000  -45.0000 2502.8140   11.4672
   -7.5000   15.0000  -45.0000 2536.2083   11.0887
    0.0000   15.0000  -45.0000 2539.2859   11.0467
    7.5000   15.0000  -45.0000 2524.4441   11.2539
   -7.5000   22.5000  -45.0000 2547.0588   11.0685
    0.0000   22.5000  -45.0000 2550.1284   11.0330
    7.5000   22.5000  -45.0000 2532.6418   11.2402
   -7.5000   30.0000  -45.0000 2536.0652   11.3466
    0.0000   30.0000  -45.0000 2540.7292   11.3133
    7.5000   30.0000  -45.0000 2515.7017   11.5168
   -7.5000   37.5000  -45.0000 2510.1311   11.8297
    0.0000   37.5000  -45.0000 2517.0405   11.7991
    7.5000   37.5000  -45.0000 2491.5164   11.9825
   -7.5000   45.0000  -45.0000 2462.3101   12.5122
    0.0000   45.0000  -45.0000 2470.4287   12.4843
    7.5000   45.0000  -45.0000 2444.4500   12.6642
   -7.5000   52.5000  -45.0000 2369.4966   13.2947
    0.0000   52.5000  -45.0000 2378.5820   13.2561
    7.5000   52.5000  -45.0000 2355.4797   13.4336
   -7.5000   60.0000  -45.0000 2235.8950   14.1337
    0.0000   60.0000  -45.0000 2244.5420   14.1317
    7.5000   60.0000  -45.0000 2216.3899   14.2907
   -7.5000  -30.0000  -37.5000 2162.3042   15.6981
    0.0000  -30.0000  -37.5000 2161.1504   15.6061
    7.5000  -30.0000  -37.5000 2142.1182   15.7697
   -7.5000  -22.5000  -37.5000 2295.5647   14.1011
    0.0000  -22.5000  -37.5000 2290.8025   14.0199
    7.5000  -22.5000  -37.5000 2267.0647   14.1605
   -7.5000  -15.0000  -37.5000 2408.0842   12.8101
    0.0000  -15.0000  -37.5000 2405.4426   12.7338
    7.5000  -15.0000  -37.5000 2379.4536   12.8775
   -7.5000   -7.5000  -37.5000 2503.1409   11.8092
    0.0000   -7.5000  -37.5000 2501.1873   11.7279
    7.5000   -7.5000  -37.5000 2474.5933   11.8902
   -7.5000    0.0000  -37.5000 2572.4614   11.1122
    0.0000    0.0000  -37.5000 2566.8755   11.0266
    7.5000    0.0000  -37.5000 2545.6619   11.1738
   -7.5000    7.5000  -37.5000 2611.7439   10.6232
    0.0000    7.5000  -37.5000 2610.0054   10.5614
    7.5000    7.5000  -37.5000 2594.7922   10.7300
   -7.5000   15.0000  -37.5000 2631.3171   10.3830
    0.0000   15.0000  -37.5000 2633.2153   10.3240
    7.5000   15.0000  -37.5000 2617.6750   10.5011
   -7.5000   22.5000  -37.5000 2639.2253   10.3431
    0.0000   22.5000  -37.5000 2641.3738   10.2831
    7.5000   22.5000  -37.5000 2625.3059   10.4620
   -7.5000   30.0000  -37.5000 2631.1223   10.5751
    0.0000   30.0000  -37.5000 2636.7368   10.5209
    7.5000   30.0000  -37.5000 2614.1091   10.7156
   -7.5000   37.5000  -37.5000 2607.4636   11.0043
    0.0000   37.5000  -37.5000 2612.6970   10.9626
    7.5000   37.5000  -37.5000 2589.9070   11.1543
   -7.5000   45.0000  -37.5000 2559.6113   11.6433
    0.0000   45.0000  -37.5000 2564.1204   11.5900
    7.5000   45.0000  -37.5000 2542.1777   11.7977
   -7.5000   52.5000  -37.5000 2461.2466   12.3747
    0.0000   52.5000  -37.5000 2467.0847   12.3203
    7.5000   52.5000  -37.5000 2448.4878   12.5291
   -7.5000   60.0000  -37.5000 2320.0762   13.1621
    0.0000   60.0000  -37.5000 2325.0122   13.1249
    7.5000   60.0000  -37.5000 2303.6423   13.3266
   -7.5000  -30.0000  -30.0000 2251.4626   15.5852
    0.0000  -30.0000  -30.0000 2255.4180   15.4942
    7.5000  -30.0000  -30.0000 2234.3032   15.6541
   -7.5000  -22.5000  -30.0000 2387.4644   13.9524
    0.0000  -22.5000  -30.0000 2388.8491   13.8877
    7.5000  -22.5000  -30.0000 2364.2156   14.0237
   -7.5000  -15.0000  -30.0000 2505.1382   12.6356
    0.0000  -15.0000  -30.0000 2504.5171   12.5704
    7.5000  -15.0000  -30.0000 2477.4006   12.7123
   -7.5000   -7.5000  -30.0000 2605.8875   11.5997
    0.0000   -7.5000  -30.0000 2606.4014   11.5285
    7.5000   -7.5000  -30.0000 2580.3303   11.6807
   -7.5000    0.0000  -30.0000 2684.5703   10.8628
    0.0000    0.0000  -30.0000 2687.9355   10.7866
    7.5000    0.0000  -30.0000 2666.7446   10.9248
   -7.5000    7.5000  -30.0000 2731.2261   10.3737
    0.0000    7.5000  -30.0000 2740.1904   10.2866
    7.5000    7.5000  -30.0000 2720.9229   10.4299
   -7.5000   15.0000  -30.0000 2765.6187   10.0797
    0.0000   15.0000  -30.0000 2769.9097    9.9993
    7.5000   15.0000  -30.0000 2751.3052   10.1658
   -7.5000   22.5000  -30.0000 2779.8525    9.9945
    0.0000   22.5000  -30.0000 2782.4666    9.9362
    7.5000   22.5000  -30.0000 2764.8225   10.1173
   -7.5000   30.0000  -30.0000 2774.0010   10.2229
    0.0000   30.0000  -30.0000 2780.8743   10.1796
    7.5000   30.0000  -30.0000 2762.0933   10.3889
   -7.5000   37.5000  -30.0000 2749.7744   10.6499
    0.0000   37.5000  -30.0000 2755.7537   10.6108
    7.5000   37.5000  -30.0000 2737.6204   10.8270
   -7.5000   45.0000  -30.0000 2695.6218   11.2575
    0.0000   45.0000  -30.0000 2703.5061   11.2025
    7.5000   45.0000  -30.0000 2687.2319   11.4271
   -7.5000   52.5000  -30.0000 2592.1699   11.9783
    0.0000   52.5000  -30.0000 2600.3259   11.9155
    7.5000   52.5000  -30.0000 2585.2654   12.1397
   -7.5000   60.0000  -30.0000 2442.7676   12.7739
    0.0000   60.0000  -30.0000 2447.1604   12.7232
    7.5000   60.0000  -30.0000 2432.7732   12.9369
   -7.5000  -30.0000  -22.5000 2305.7339   15.3412
    0.0000  -30.0000  -22.5000 2311.8557   15.2874
    7.5000  -30.0000  -22.5000 2290.7051   15.4359
   -7.5000  -22.5000  -22.5000 2441.8367   13.7025
    0.0000  -22.5000  -22.5000 2449.2957   13.6663
    7.5000  -22.5000  -22.5000 2423.2930   13.7965
   -7.5000  -15.0000  -22.5000 2559.5720   12.3755
    0.0000  -15.0000  -22.5000 2563.6418   12.3299
    7.5000  -15.0000  -22.5000 2536.7080   12.4755
   -7.5000   -7.5000  -22.5000 2668.9995   11.3385
    0.0000   -7.5000  -22.5000 2672.9734   11.2771
    7.5000   -7.5000  -22.5000 2651.4077   11.4450
   -7.5000    0.0000  -22.5000 2758.5991   10.5774
    0.0000    0.0000  -22.5000 2766.3020   10.5150
    7.5000    0.0000  -22.5000 2744.9282   10.6730
   -7.5000    7.5000  -22.5000 2816.8262   10.0506
    0.0000    7.5000  -22.5000 2830.4204    9.9918
    7.5000    7.5000  -22.5000 2809.3284   10.1482
   -7.5000   15.0000  -22.5000 2854.7441    9.7105
    0.0000   15.0000  -22.5000 2867.6108    9.6515
    7.5000   15.0000  -22.5000 2844.8396    9.8282
   -7.5000   22.5000  -22.5000 2881.3337    9.5878
    0.0000   22.5000  -22.5000 2890.9338    9.5463
    7.5000   22.5000  -22.5000 2867.4736    9.7620
   -7.5000   30.0000  -22.5000 2878.3088    9.8179
    0.0000   30.0000  -22.5000 2889.2361    9.7930
    7.5000   30.0000  -22.5000 2869.7163   10.0220
   -7.5000   37.5000  -22.5000 2851.9236   10.2563
    0.0000   37.5000  -22.5000 2865.3455   10.2211
    7.5000   37.5000  -22.5000 2845.6038   10.4510
   -7.5000   45.0000  -22.5000 2792.7859   10.8538
    0.0000   45.0000  -22.5000 2806.0400   10.7965
    7.5000   45.0000  -22.5000 2790.1335   11.0206
   -7.5000   52.5000  -22.5000 2687.7925   11.5430
    0.0000   52.5000  -22.5000 2699.2351   11.4984
    7.5000   52.5000  -22.5000 2680.8599   11.7294
   -7.5000   60.0000  -22.5000 2533.2090   12.3318
    0.0000   60.0000  -22.5000 2541.7683   12.2948
    7.5000   60.0000  -22.5000 2520.9009   12.5216
   -7.5000  -30.0000  -15.0000 2322.6423   15.1375
    0.0000  -30.0000  -15.0000 2330.5432   15.0883
    7.5000  -30.0000  -15.0000 2308.2649   15.3014
   -7.5000  -22.5000  -15.0000 2460.1616   13.4763
    0.0000  -22.5000  -15.0000 2466.2368   13.4266
    7.5000  -22.5000  -15.0000 2438.9585   13.6507
   -7.5000  -15.0000  -15.0000 2577.0400   12.1402
    0.0000  -15.0000  -15.0000 2582.8506   12.1050
    7.5000  -15.0000  -15.0000 2557.9919   12.3089
   -7.5000   -7.5000  -15.0000 2689.1096   11.1126
    0.0000   -7.5000  -15.0000 2697.2866   11.0680
    7.5000   -7.5000  -15.0000 2678.6963   11.2489
   -7.5000    0.0000  -15.0000 2786.4807   10.3356
    0.0000    0.0000  -15.0000 2800.9941   10.2974
    7.5000    0.0000  -15.0000 2781.7566   10.4452
   -7.5000    7.5000  -15.0000 2860.1147    9.7880
    0.0000    7.5000  -15.0000 2875.5527    9.7621
    7.5000    7.5000  -15.0000 2859.0828    9.8943
   -7.5000   15.0000  -15.0000 2901.0884    9.4354
    0.0000   15.0000  -15.0000 2921.7954    9.4135
    7.5000   15.0000  -15.0000 2900.6550    9.5601
   -7.5000   22.5000  -15.0000 2939.7642    9.2509
    0.0000   22.5000  -15.0000 2955.2002    9.2392
    7.5000   22.5000  -15.0000 2928.2446    9.4710
   -7.5000   30.0000  -15.0000 2942.1753    9.4732
    0.0000   30.0000  -15.0000 2956.5398    9.4733
    7.5000   30.0000  -15.0000 2930.9016    9.7149
   -7.5000   37.5000  -15.0000 2914.0044    9.9133
    0.0000   37.5000  -15.0000 2933.3345    9.8916
    7.5000   37.5000  -15.0000 2907.0581   10.1136
   -7.5000   45.0000  -15.0000 2855.2502   10.4790
    0.0000   45.0000  -15.0000 2870.2527   10.4533
    7.5000   45.0000  -15.0000 2847.4451   10.6650
   -7.5000   52.5000  -15.0000 2745.5193   11.1550
    0.0000   52.5000  -15.0000 2754.9121   11.1245
    7.5000   52.5000  -15.0000 2739.6433   11.3532
   -7.5000   60.0000  -15.0000 2584.1072   11.9493
    0.0000   60.0000  -15.0000 2596.8418   11.9026
    7.5000   60.0000  -15.0000 2573.7261   12.1494
   -7.5000  -30.0000   -7.5000 2318.9492   15.1000
    0.0000  -30.0000   -7.5000 2327.9956   15.0513
    7.5000  -30.0000   -7.5000 2309.0916   15.3206
   -7.5000  -22.5000   -7.5000 2448.1692   13.3895
    0.0000  -22.5000   -7.5000 2455.9321   13.3395
    7.5000  -22.5000   -7.5000 2434.8845   13.5952
   -7.5000  -15.0000   -7.5000 2563.7786   12.0447
    0.0000  -15.0000   -7.5000 2571.9878   11.9821
    7.5000  -15.0000   -7.5000 2555.2778   12.2058
   -7.5000   -7.5000   -7.5000 2679.0071   10.9783
    0.0000   -7.5000   -7.5000 2690.5125   10.9203
    7.5000   -7.5000   -7.5000 2676.5305   11.1194
   -7.5000    0.0000   -7.5000 2785.7324   10.1794
    0.0000    0.0000   -7.5000 2802.8140   10.1300
    7.5000    0.0000   -7.5000 2786.6780   10.2905
   -7.5000    7.5000   -7.5000 2871.4963    9.6401
    0.0000    7.5000   -7.5000 2890.9680    9.6115
    7.5000    7.5000   -7.5000 2875.9856    9.7364
   -7.5000   15.0000   -7.5000 2931.6936    9.3108
    0.0000   15.0000   -7.5000 2956.0554    9.3080
    7.5000   15.0000   -7.5000 2935.3525    9.4108
   -7.5000   22.5000   -7.5000 2981.8191    9.1366
    0.0000   22.5000   -7.5000 3001.6145    9.1490
    7.5000   22.5000   -7.5000 2969.5967    9.3148
   -7.5000   30.0000   -7.5000 2989.5032    9.2806
    0.0000   30.0000   -7.5000 3004.7578    9.2848
    7.5000   30.0000   -7.5000 2964.2783    9.4805
   -7.5000   37.5000   -7.5000 2957.6128    9.6941
    0.0000   37.5000   -7.5000 2968.5283    9.6611
    7.5000   37.5000   -7.5000 2932.9954    9.8308
   -7.5000   45.0000   -7.5000 2894.9048   10.2394
    0.0000   45.0000   -7.5000 2902.3916   10.1707
    7.5000   45.0000   -7.5000 2877.9248   10.3464
   -7.5000   52.5000   -7.5000 2780.2725   10.9092
    0.0000   52.5000   -7.5000 2789.4368   10.8258
    7.5000   52.5000   -7.5000 2766.6331   11.0347
   -7.5000   60.0000   -7.5000 2613.0859   11.7169
    0.0000   60.0000   -7.5000 2621.6218   11.6408
    7.5000   60.0000   -7.5000 2599.1765   11.8521
   -7.5000  -30.0000    0.0000 2297.9094   15.2634
    0.0000  -30.0000    0.0000 2310.3242   15.2547
    7.5000  -30.0000    0.0000 2292.0032   15.5086
   -7.5000  -22.5000    0.0000 2424.0205   13.4952
    0.0000  -22.5000    0.0000 2434.7092   13.4738
    7.5000  -22.5000    0.0000 2418.3760   13.7457
   -7.5000  -15.0000    0.0000 2535.6558   12.0915
    0.0000  -15.0000    0.0000 2550.7559   12.0659
    7.5000  -15.0000    0.0000 2536.5044   12.3280
   -7.5000   -7.5000    0.0000 2650.5674   11.0143
    0.0000   -7.5000    0.0000 2669.6001   10.9873
    7.5000   -7.5000    0.0000 2660.9294   11.2085
   -7.5000    0.0000    0.0000 2762.7161   10.2139
    0.0000    0.0000    0.0000 2783.0039   10.1906
    7.5000    0.0000    0.0000 2776.6721   10.3581
   -7.5000    7.5000    0.0000 2866.8035    9.7040
    0.0000    7.5000    0.0000 2885.1838    9.6950
    7.5000    7.5000    0.0000 2872.5085    9.8029
   -7.5000   15.0000    0.0000 2957.3018    9.4327
    0.0000   15.0000    0.0000 2973.7700    9.4141
    7.5000   15.0000    0.0000 2943.2271    9.4492
   -7.5000   22.5000    0.0000 3020.6704    9.3154
    0.0000   22.5000    0.0000 3036.9004    9.2898
    7.5000   22.5000    0.0000 2984.9705    9.2932
   -7.5000   30.0000    0.0000 3023.1099    9.3574
    0.0000   30.0000    0.0000 3030.9255    9.3224
    7.5000   30.0000    0.0000 2976.8086    9.4043
   -7.5000   37.5000    0.0000 2978.8059    9.6418
    0.0000   37.5000    0.0000 2983.0186    9.5868
    7.5000   37.5000    0.0000 2941.1445    9.7289
   -7.5000   45.0000    0.0000 2902.5786   10.1201
    0.0000   45.0000    0.0000 2912.8215   10.0744
    7.5000   45.0000    0.0000 2883.4468   10.2293
   -7.5000   52.5000    0.0000 2785.4634   10.8021
    0.0000   52.5000    0.0000 2795.1873   10.7683
    7.5000   52.5000    0.0000 2771.0627   10.9372
   -7.5000   60.0000    0.0000 2619.2039   11.6158
    0.0000   60.0000    0.0000 2627.3433   11.5871
    7.5000   60.0000    0.0000 2601.6287   11.7425
   -7.5000  -30.0000    7.5000 2269.8486   15.5309
    0.0000  -30.0000    7.5000 2284.7280   15.5699
    7.5000  -30.0000    7.5000 2270.8562   15.8877
   -7.5000  -22.5000    7.5000 2391.2185   13.7129
    0.0000  -22.5000    7.5000 2403.9001   13.7368
    7.5000  -22.5000    7.5000 2399.6028   14.0558
   -7.5000  -15.0000    7.5000 2503.0974   12.3429
    0.0000  -15.0000    7.5000 2518.1992   12.3454
    7.5000  -15.0000    7.5000 2516.9363   12.6135
   -7.5000   -7.5000    7.5000 2625.5198   11.3339
    0.0000   -7.5000    7.5000 2639.6665   11.3118
    7.5000   -7.5000    7.5000 2638.3179   11.5116
   -7.5000    0.0000    7.5000 2747.7649   10.5677
    0.0000    0.0000    7.5000 2761.3860   10.5442
    7.5000    0.0000    7.5000 2750.6819   10.6487
   -7.5000    7.5000    7.5000 2860.5466   10.0239
    0.0000    7.5000    7.5000 2871.6509   10.0010
    7.5000    7.5000    7.5000 2848.8779   10.0449
   -7.5000   15.0000    7.5000 2957.7222    9.6650
    0.0000   15.0000    7.5000 2967.5017    9.6443
    7.5000   15.0000    7.5000 2924.7593    9.6457
   -7.5000   22.5000    7.5000 3026.3015    9.4365
    0.0000   22.5000    7.5000 3030.2671    9.4275
    7.5000   22.5000    7.5000 2972.2156    9.4704
   -7.5000   30.0000    7.5000 3025.5774    9.4629
    0.0000   30.0000    7.5000 3026.4146    9.4242
    7.5000   30.0000    7.5000 2971.1609    9.5458
   -7.5000   37.5000    7.5000 2970.8445    9.7730
    0.0000   37.5000    7.5000 2976.3154    9.7368
    7.5000   37.5000    7.5000 2931.5376    9.8587
   -7.5000   45.0000    7.5000 2888.7673   10.2764
    0.0000   45.0000    7.5000 2896.3640   10.2680
    7.5000   45.0000    7.5000 2866.1665   10.3906
   -7.5000   52.5000    7.5000 2772.1038   10.9425
    0.0000   52.5000    7.5000 2779.4873   10.9117
    7.5000   52.5000    7.5000 2757.4375   11.0518
   -7.5000   60.0000    7.5000 2607.6467   11.7026
    0.0000   60.0000    7.5000 2613.9763   11.6721
    7.5000   60.0000    7.5000 2593.2183   11.8248
   -7.5000  -30.0000   15.0000 2236.5908   16.1735
    0.0000  -30.0000   15.0000 2248.5645   16.1660
    7.5000  -30.0000   15.0000 2239.4905   16.4726
   -7.5000  -22.5000   15.0000 2361.7786   14.2603
    0.0000  -22.5000   15.0000 2370.1653   14.3131
    7.5000  -22.5000   15.0000 2366.5840   14.5893
   -7.5000  -15.0000   15.0000 2481.9749   12.8675
    0.0000  -15.0000   15.0000 2489.1709   12.8890
    7.5000  -15.0000   15.0000 2482.4426   13.1174
   -7.5000   -7.5000   15.0000 2600.3469   11.7952
    0.0000   -7.5000   15.0000 2610.5957   11.7917
    7.5000   -7.5000   15.0000 2602.3999   11.9714
   -7.5000    0.0000   15.0000 2719.2666   10.9449
    0.0000    0.0000   15.0000 2729.8242   10.9322
    7.5000    0.0000   15.0000 2718.1277   11.0729
   -7.5000    7.5000   15.0000 2828.3560   10.3172
    0.0000    7.5000   15.0000 2838.3755   10.3022
    7.5000    7.5000   15.0000 2818.7295   10.4166
   -7.5000   15.0000   15.0000 2921.1760    9.8718
    0.0000   15.0000   15.0000 2930.7695    9.8643
    7.5000   15.0000   15.0000 2894.6382    9.9658
   -7.5000   22.5000   15.0000 2978.8081    9.6350
    0.0000   22.5000   15.0000 2984.8103    9.5850
    7.5000   22.5000   15.0000 2942.5193    9.7684
   -7.5000   30.0000   15.0000 2987.6179    9.6452
    0.0000   30.0000   15.0000 2991.7112    9.6105
    7.5000   30.0000   15.0000 2948.1873    9.8032
   -7.5000   37.5000   15.0000 2946.2822   10.0105
    0.0000   37.5000   15.0000 2947.2505    9.9867
    7.5000   37.5000   15.0000 2909.2415   10.1616
   -7.5000   45.0000   15.0000 2858.9231   10.5862
    0.0000   45.0000   15.0000 2862.6948   10.5565
    7.5000   45.0000   15.0000 2837.6570   10.7380
   -7.5000   52.5000   15.0000 2737.9036   11.2779
    0.0000   52.5000   15.0000 2743.8860   11.2298
    7.5000   52.5000   15.0000 2723.0259   11.4041
   -7.5000   60.0000   15.0000 2576.3547   12.0220
    0.0000   60.0000   15.0000 2581.8328   11.9747
    7.5000   60.0000   15.0000 2562.0366   12.1355
   -7.5000  -30.0000   22.5000 2197.3977   17.0337
    0.0000  -30.0000   22.5000 2205.9089   17.0506
    7.5000  -30.0000   22.5000 2195.5281   17.3379
   -7.5000  -22.5000   22.5000 2331.0876   14.9877
    0.0000  -22.5000   22.5000 2333.7524   15.0358
    7.5000  -22.5000   22.5000 2326.4050   15.3240
   -7.5000  -15.0000   22.5000 2453.0422   13.4683
    0.0000  -15.0000   22.5000 2454.7817   13.4912
    7.5000  -15.0000   22.5000 2443.7532   13.7541
   -7.5000   -7.5000   22.5000 2563.7561   12.3002
    0.0000   -7.5000   22.5000 2569.9436   12.2945
    7.5000   -7.5000   22.5000 2560.6221   12.5652
   -7.5000    0.0000   22.5000 2675.2473   11.4019
    0.0000    0.0000   22.5000 2686.3123   11.3823
    7.5000    0.0000   22.5000 2678.1277   11.6219
   -7.5000    7.5000   22.5000 2778.7388   10.7188
    0.0000    7.5000   22.5000 2790.9639   10.7075
    7.5000    7.5000   22.5000 2776.5012   10.9206
   -7.5000   15.0000   22.5000 2860.8130   10.2780
    0.0000   15.0000   22.5000 2871.8506   10.2190
    7.5000   15.0000   22.5000 2847.9839   10.4468
   -7.5000   22.5000   22.5000 2908.0959   10.0343
    0.0000   22.5000   22.5000 2916.9741    9.9794
    7.5000   22.5000   22.5000 2890.2578   10.2055
   -7.5000   30.0000   22.5000 2920.7275   10.0574
    0.0000   30.0000   22.5000 2927.7063   10.0170
    7.5000   30.0000   22.5000 2900.5459   10.2345
   -7.5000   37.5000   22.5000 2890.2678   10.4080
    0.0000   37.5000   22.5000 2892.6614   10.3834
    7.5000   37.5000   22.5000 2862.7478   10.5649
   -7.5000   45.0000   22.5000 2814.8425   10.9909
    0.0000   45.0000   22.5000 2817.1079   10.9535
    7.5000   45.0000   22.5000 2793.5808   11.1511
   -7.5000   52.5000   22.5000 2694.2227   11.6862
    0.0000   52.5000   22.5000 2696.8606   11.6327
    7.5000   52.5000   22.5000 2679.8655   11.8418
   -7.5000   60.0000   22.5000 2532.4656   12.4521
    0.0000   60.0000   22.5000 2538.3945   12.4018
    7.5000   60.0000   22.5000 2520.2324   12.5709
   -7.5000  -30.0000   30.0000 2140.3013   17.9274
    0.0000  -30.0000   30.0000 2148.3398   17.9928
    7.5000  -30.0000   30.0000 2138.5195   18.3427
   -7.5000  -22.5000   30.0000 2283.6526   15.7740
    0.0000  -22.5000   30.0000 2288.7488   15.8397
    7.5000  -22.5000   30.0000 2277.6641   16.1757
   -7.5000  -15.0000   30.0000 2408.6252   14.1341
    0.0000  -15.0000   30.0000 2412.6023   14.1978
    7.5000  -15.0000   30.0000 2399.5771   14.5279
   -7.5000   -7.5000   30.0000 2517.4980   12.9169
    0.0000   -7.5000   30.0000 2523.7000   12.9560
    7.5000   -7.5000   30.0000 2511.9961   13.2725
   -7.5000    0.0000   30.0000 2625.1680   11.9821
    0.0000    0.0000   30.0000 2634.2212   11.9963
    7.5000    0.0000   30.0000 2624.2378   12.2950
   -7.5000    7.5000   30.0000 2723.1494   11.2770
    0.0000    7.5000   30.0000 2732.0447   11.2625
    7.5000    7.5000   30.0000 2717.7712   11.5323
   -7.5000   15.0000   30.0000 2791.0830   10.8290
    0.0000   15.0000   30.0000 2803.3213   10.7710
    7.5000   15.0000   30.0000 2781.1196   11.0427
   -7.5000   22.5000   30.0000 2827.2891   10.5774
    0.0000   22.5000   30.0000 2837.5625   10.5435
    7.5000   22.5000   30.0000 2818.7627   10.7922
   -7.5000   30.0000   30.0000 2836.2881   10.6365
    0.0000   30.0000   30.0000 2846.9341   10.5805
    7.5000   30.0000   30.0000 2826.1309   10.8140
   -7.5000   37.5000   30.0000 2813.5801   10.9732
    0.0000   37.5000   30.0000 2817.9619   10.9383
    7.5000   37.5000   30.0000 2793.6216   11.1330
   -7.5000   45.0000   30.0000 2748.2832   11.5342
    0.0000   45.0000   30.0000 2752.6262   11.4851
    7.5000   45.0000   30.0000 2732.6692   11.6956
   -7.5000   52.5000   30.0000 2635.5664   12.2189
    0.0000   52.5000   30.0000 2638.3862   12.1663
    7.5000   52.5000   30.0000 2623.4546   12.3764
   -7.5000   60.0000   30.0000 2476.2173   12.9724
    0.0000   60.0000   30.0000 2484.6067   12.9181
    7.5000   60.0000   30.0000 2467.6565   13.1078
   -7.5000  -30.0000   37.5000 2080.4219   18.9522
    0.0000  -30.0000   37.5000 2090.9263   19.1271
    7.5000  -30.0000   37.5000 2081.3721   19.5338
   -7.5000  -22.5000   37.5000 2228.6035   16.6794
    0.0000  -22.5000   37.5000 2234.0449   16.7914
    7.5000  -22.5000   37.5000 2223.2781   17.2207
   -7.5000  -15.0000   37.5000 2357.9705   14.9757
    0.0000  -15.0000   37.5000 2361.7466   15.0653
    7.5000  -15.0000   37.5000 2346.3660   15.4587
   -7.5000   -7.5000   37.5000 2464.1243   13.7106
    0.0000   -7.5000   37.5000 2469.7224   13.7577
    7.5000   -7.5000   37.5000 2456.4299   14.1356
   -7.5000    0.0000   37.5000 2564.2610   12.7496
    0.0000    0.0000   37.5000 2570.6279   12.7684
    7.5000    0.0000   37.5000 2554.9753   13.1112
   -7.5000    7.5000   37.5000 2652.8801   12.0348
    0.0000    7.5000   37.5000 2661.6682   12.0135
    7.5000    7.5000   37.5000 2640.7947   12.3254
   -7.5000   15.0000   37.5000 2711.3677   11.5578
    0.0000   15.0000   37.5000 2723.2168   11.5333
    7.5000   15.0000   37.5000 2700.7717   11.8173
   -7.5000   22.5000   37.5000 2743.0615   11.3088
    0.0000   22.5000   37.5000 2753.3623   11.2914
    7.5000   22.5000   37.5000 2736.4744   11.5425
   -7.5000   30.0000   37.5000 2748.0039   11.3717
    0.0000   30.0000   37.5000 2758.6782   11.3342
    7.5000   30.0000   37.5000 2742.1252   11.5663
   -7.5000   37.5000   37.5000 2727.5276   11.6826
    0.0000   37.5000   37.5000 2732.1311   11.6499
    7.5000   37.5000   37.5000 2712.3040   11.8608
   -7.5000   45.0000   37.5000 2668.8499   12.2052
    0.0000   45.0000   37.5000 2676.1536   12.1598
    7.5000   45.0000   37.5000 2652.5327   12.3902
   -7.5000   52.5000   37.5000 2564.8677   12.8746
    0.0000   52.5000   37.5000 2569.6836   12.8328
    7.5000   52.5000   37.5000 2547.9712   13.0480
   -7.5000   60.0000   37.5000 2411.6248   13.6186
    0.0000   60.0000   37.5000 2419.3955   13.5770
    7.5000   60.0000   37.5000 2398.6106   13.7783
   -7.5000  -30.0000   45.0000 2018.7567   20.2973
    0.0000  -30.0000   45.0000 2023.1718   20.4900
    7.5000  -30.0000   45.0000 2016.0302   21.0114
   -7.5000  -22.5000   45.0000 2168.5518   17.8482
    0.0000  -22.5000   45.0000 2170.2395   17.9890
    7.5000  -22.5000   45.0000 2160.5486   18.4697
   -7.5000  -15.0000   45.0000 2297.1289   16.0586
    0.0000  -15.0000   45.0000 2298.0547   16.1273
    7.5000  -15.0000   45.0000 2280.2478   16.5900
   -7.5000   -7.5000   45.0000 2402.1770   14.7219
    0.0000   -7.5000   45.0000 2406.8459   14.7498
    7.5000   -7.5000   45.0000 2387.2393   15.1609
   -7.5000    0.0000   45.0000 2494.3735   13.7304
    0.0000    0.0000   45.0000 2504.7471   13.7439
    7.5000    0.0000   45.0000 2484.0486   14.0938
   -7.5000    7.5000   45.0000 2571.7334   12.9931
    0.0000    7.5000   45.0000 2582.4688   12.9717
    7.5000    7.5000   45.0000 2558.4087   13.2910
   -7.5000   15.0000   45.0000 2622.7561   12.4977
    0.0000   15.0000   45.0000 2631.5386   12.4936
    7.5000   15.0000   45.0000 2608.9507   12.7614
   -7.5000   22.5000   45.0000 2650.5750   12.2448
    0.0000   22.5000   45.0000 2658.3862   12.2302
    7.5000   22.5000   45.0000 2642.1680   12.4813
   -7.5000   30.0000   45.0000 2652.6892   12.2936
    0.0000   30.0000   45.0000 2665.1826   12.2882
    7.5000   30.0000   45.0000 2647.6895   12.4928
   -7.5000   37.5000   45.0000 2630.5610   12.5588
    0.0000   37.5000   45.0000 2642.6453   12.5535
    7.5000   37.5000   45.0000 2621.8813   12.7621
   -7.5000   45.0000   45.0000 2587.1846   13.0513
    0.0000   45.0000   45.0000 2597.0356   13.0249
    7.5000   45.0000   45.0000 2568.0020   13.2502
   -7.5000   52.5000   45.0000 2488.0640   13.6916
    0.0000   52.5000   45.0000 2494.6660   13.6592
    7.5000   52.5000   45.0000 2468.6433   13.8762
   -7.5000   60.0000   45.0000 2334.7471   14.4472
    0.0000   60.0000   45.0000 2343.6755   14.3892
    7.5000   60.0000   45.0000 2324.0408   14.5794

---------------------------------------------------------------------
imgreg_4dfp /opt/freesurfer/average/711-2C_as_mni_average_305 /opt/freesurfer/average/711-2B_as_mni_average_305_mask talsrcimg_g11 none talsrcimg_to_711-2C_as_mni_average_305_t4 1283
---------------------------------------------------------------------

freesurfer imgreg_4dfp.c
/opt/freesurfer/average/711-2C_as_mni_average_305.4dfp.img
       256       256       256         1
  1.000000  1.000000  1.000000
orientation T byte_order littleendian
Reading image: /opt/freesurfer/average/711-2C_as_mni_average_305.4dfp.img
dimensions:      256       256       256
mmppix:       1.0000   -1.0000   -1.0000
center:     128.0000 -129.0000 -129.0000
/opt/freesurfer/average/711-2B_as_mni_average_305_mask.4dfp.img
       256       256       256         1
  1.000000  1.000000  1.000000
orientation T byte_order littleendian
Reading mask: /opt/freesurfer/average/711-2B_as_mni_average_305_mask.4dfp.img (2306576 pixels)
talsrcimg_g11.4dfp.img
       256       256       256         1
  1.000000  1.000000  1.000000
orientation T byte_order littleendian
Reading image: talsrcimg_g11.4dfp.img
dimensions:      256       256       256
mmppix:       1.0000   -1.0000   -1.0000
center:     128.0000 -129.0000 -129.0000
rotation matrix determinant  1.000000
fimgreg.f
image alignment mode   1283 decimal      503 hex
parameters
    0.0000   22.5000    0.0000    0.0000    0.0000    0.0000
eta,q 0.95367  9.34197
niter,ni,del,rscale     5    3   12.0000    1.2000
parameter  3 -0.565175 -> -0.500000 qaram    1.1500
parameter  4  0.793379 ->  0.500000 qaram    1.1500
parameter  6  1.697098 ->  0.500000 qaram    1.1500
parameters
   -2.4937   24.4481    3.4500   -3.4500   -1.4374   -3.4500
eta,q 0.96480  9.31304
  0.0484  0.0601  0.0551  0.0399  0.0414  0.0341
  0.0447  0.0525  0.0498  0.0394  0.0398  0.0348
  0.0440  0.0467  0.0458  0.0400  0.0391  0.0365
  0.0459  0.0437  0.0433  0.0411  0.0395  0.0392
  0.0504  0.0433  0.0414  0.0433  0.0403  0.0421
  0.0561  0.0443  0.0414  0.0459  0.0423  0.0453
  0.0611  0.0470  0.0424  0.0481  0.0457  0.0485
niter,ni,del,rscale     7    3   12.0000    1.2000
parameters
   -2.5449   25.5047    3.0712   -5.5590   -0.5875   -5.5540
eta,q 0.96753  9.37096
  0.0505  0.0500  0.0433  0.0370  0.0423  0.0365
  0.0421  0.0434  0.0386  0.0362  0.0389  0.0334
  0.0368  0.0377  0.0353  0.0338  0.0357  0.0325
  0.0352  0.0352  0.0350  0.0349  0.0338  0.0335
  0.0380  0.0354  0.0368  0.0371  0.0336  0.0361
  0.0437  0.0379  0.0401  0.0401  0.0354  0.0396
  0.0498  0.0424  0.0450  0.0431  0.0392  0.0429
niter,ni,del,rscale     6    3   12.0000    1.2000
parameters
   -2.8722   26.5001    2.8725   -6.7227   -0.2367   -5.6143
eta,q 0.96839  9.38633
  0.0488  0.0467  0.0424  0.0358  0.0414  0.0390
  0.0408  0.0406  0.0367  0.0347  0.0373  0.0354
  0.0343  0.0353  0.0324  0.0326  0.0334  0.0324
  0.0325  0.0323  0.0320  0.0319  0.0316  0.0316
  0.0369  0.0324  0.0342  0.0338  0.0325  0.0329
  0.0444  0.0352  0.0377  0.0365  0.0354  0.0357
  0.0512  0.0401  0.0430  0.0401  0.0397  0.0391
niter,ni,del,rscale     5    3   12.0000    1.2000
parameters
   -2.9503   26.9654    2.6015   -7.2396   -0.0901   -5.5511
eta,q 0.96859  9.38825
  0.0492  0.0441  0.0418  0.0363  0.0405  0.0389
  0.0412  0.0384  0.0362  0.0350  0.0364  0.0353
  0.0343  0.0340  0.0320  0.0332  0.0328  0.0323
  0.0316  0.0316  0.0315  0.0313  0.0314  0.0314
  0.0350  0.0321  0.0340  0.0329  0.0325  0.0325
  0.0424  0.0356  0.0375  0.0355  0.0355  0.0352
  0.0496  0.0413  0.0428  0.0387  0.0398  0.0385
niter,ni,del,rscale     4    3   12.0000    1.2000
parameters
   -2.9906   27.1164    2.4168   -7.5065   -0.0292   -5.5034
eta,q 0.96861  9.39020
  0.0490  0.0427  0.0420  0.0365  0.0401  0.0388
  0.0410  0.0372  0.0363  0.0351  0.0360  0.0352
  0.0341  0.0335  0.0322  0.0335  0.0327  0.0323
  0.0314  0.0314  0.0313  0.0312  0.0314  0.0314
  0.0346  0.0321  0.0339  0.0324  0.0326  0.0325
  0.0418  0.0362  0.0374  0.0350  0.0356  0.0352
  0.0491  0.0422  0.0424  0.0382  0.0399  0.0384
niter,ni,del,rscale     3    3   12.0000    1.2000
parameters
   -3.0141   27.1763    2.3036   -7.6557   -0.0025   -5.4781
eta,q 0.96861  9.39186
  0.0491  0.0423  0.0422  0.0365  0.0400  0.0387
  0.0410  0.0368  0.0365  0.0351  0.0359  0.0351
  0.0341  0.0334  0.0324  0.0336  0.0326  0.0322
  0.0314  0.0314  0.0313  0.0313  0.0314  0.0314
  0.0346  0.0321  0.0338  0.0322  0.0326  0.0325
  0.0416  0.0363  0.0374  0.0348  0.0356  0.0352
  0.0489  0.0424  0.0422  0.0379  0.0400  0.0384
niter,ni,del,rscale     2    3   12.0000    1.2000
parameters
   -3.0273   27.2046    2.2357   -7.7375    0.0102   -5.4658
eta,q 0.96861  9.39282
  0.0491  0.0421  0.0424  0.0365  0.0399  0.0387
  0.0411  0.0366  0.0366  0.0352  0.0359  0.0350
  0.0342  0.0334  0.0325  0.0337  0.0326  0.0322
  0.0314  0.0314  0.0314  0.0313  0.0314  0.0314
  0.0346  0.0321  0.0338  0.0321  0.0326  0.0326
  0.0415  0.0363  0.0374  0.0346  0.0356  0.0352
  0.0489  0.0424  0.0421  0.0378  0.0400  0.0384
niter,ni,del,rscale     1    3   12.0000    1.2000
parameters
   -3.0338   27.2174    2.1980   -7.7827    0.0166   -5.4612
eta,q 0.96860  9.39345
  0.0492  0.0420  0.0426  0.0365  0.0399  0.0387
  0.0411  0.0365  0.0367  0.0352  0.0359  0.0350
  0.0342  0.0334  0.0326  0.0338  0.0326  0.0322
  0.0314  0.0314  0.0314  0.0314  0.0314  0.0314
  0.0346  0.0320  0.0338  0.0320  0.0326  0.0326
  0.0415  0.0363  0.0374  0.0345  0.0356  0.0352
  0.0489  0.0424  0.0420  0.0377  0.0400  0.0384
registration optimization eta report
parameter search radius
    6.0000    6.0000    6.9000    6.9000    6.0000    6.9000
100000*second partial in parameter space
       47.       30.       22.       11.       23.       15.
  0.0492  0.0420  0.0426  0.0365  0.0399  0.0387
  0.0411  0.0365  0.0367  0.0352  0.0359  0.0350
  0.0342  0.0334  0.0326  0.0338  0.0326  0.0322
  0.0314  0.0314  0.0314  0.0314  0.0314  0.0314
  0.0346  0.0320  0.0338  0.0320  0.0326  0.0326
  0.0415  0.0363  0.0374  0.0345  0.0356  0.0352
  0.0489  0.0424  0.0420  0.0377  0.0400  0.0384
   -3.0338   27.2174    2.1980   -7.7827    0.0166   -5.4612
eta,q 0.96860  9.39345

---------------------------------------------------------------------
imgreg_4dfp /opt/freesurfer/average/711-2C_as_mni_average_305 /opt/freesurfer/average/711-2B_as_mni_average_305_mask talsrcimg_g11 none talsrcimg_to_711-2C_as_mni_average_305_t4 3335
---------------------------------------------------------------------

freesurfer imgreg_4dfp.c
/opt/freesurfer/average/711-2C_as_mni_average_305.4dfp.img
       256       256       256         1
  1.000000  1.000000  1.000000
orientation T byte_order littleendian
Reading image: /opt/freesurfer/average/711-2C_as_mni_average_305.4dfp.img
dimensions:      256       256       256
mmppix:       1.0000   -1.0000   -1.0000
center:     128.0000 -129.0000 -129.0000
/opt/freesurfer/average/711-2B_as_mni_average_305_mask.4dfp.img
       256       256       256         1
  1.000000  1.000000  1.000000
orientation T byte_order littleendian
Reading mask: /opt/freesurfer/average/711-2B_as_mni_average_305_mask.4dfp.img (2306576 pixels)
talsrcimg_g11.4dfp.img
       256       256       256         1
  1.000000  1.000000  1.000000
orientation T byte_order littleendian
Reading image: talsrcimg_g11.4dfp.img
dimensions:      256       256       256
mmppix:       1.0000   -1.0000   -1.0000
center:     128.0000 -129.0000 -129.0000
fimgreg.f
image alignment mode   3335 decimal      D07 hex
parameters
   -3.0338   27.2174    2.1980   -0.4539   -1.3712   -0.9211
    9.4333    1.2602   -9.5171   13.4829    0.0290  -13.5417
eta,q 0.97016  9.43709
niter,ni,del,rscale     5    3    5.0000    1.2000
parameter  4  0.694923 ->  0.500000 qaram    1.1500
parameter  5  1.470623 ->  0.500000 qaram    1.1500
parameter 12  1.002959 ->  0.500000 qaram    1.1500
parameters
   -2.9553   27.2756    1.8819   -4.5939   -5.5112   -4.3230
    9.4407    1.6874   -8.2385   11.0816    0.3274  -17.6817
eta,q 0.97659  9.23294
  0.0340  0.0322  0.0311  0.0284  0.0240  0.0247  0.0269  0.0289  0.0271  0.0255  0.0249  0.0234
  0.0319  0.0310  0.0303  0.0276  0.0246  0.0246  0.0256  0.0266  0.0259  0.0244  0.0245  0.0234
  0.0304  0.0302  0.0299  0.0279  0.0258  0.0246  0.0249  0.0252  0.0250  0.0242  0.0243  0.0236
  0.0298  0.0298  0.0298  0.0298  0.0276  0.0249  0.0246  0.0246  0.0246  0.0245  0.0242  0.0242
  0.0302  0.0300  0.0302  0.0336  0.0300  0.0260  0.0249  0.0248  0.0246  0.0254  0.0242  0.0249
  0.0315  0.0308  0.0309  0.0381  0.0327  0.0288  0.0256  0.0259  0.0250  0.0272  0.0244  0.0257
  0.0335  0.0320  0.0319  0.0421  0.0353  0.0328  0.0269  0.0280  0.0258  0.0294  0.0248  0.0267
niter,ni,del,rscale     7    3    5.0000    1.2000
parameter 12  0.502324 ->  0.500000 qaram    1.3225
parameters
   -2.9002   27.1476    1.2304   -5.0540   -8.4469   -4.2260
    9.4137    1.5906   -7.9937   12.5092    0.4115  -22.4427
eta,q 0.97749  9.17638
  0.0266  0.0255  0.0239  0.0271  0.0246  0.0243  0.0251  0.0262  0.0248  0.0271  0.0235  0.0229
  0.0249  0.0242  0.0235  0.0257  0.0234  0.0235  0.0239  0.0243  0.0238  0.0253  0.0232  0.0225
  0.0238  0.0236  0.0234  0.0244  0.0229  0.0231  0.0232  0.0233  0.0232  0.0237  0.0230  0.0226
  0.0234  0.0234  0.0234  0.0234  0.0235  0.0229  0.0229  0.0229  0.0229  0.0229  0.0229  0.0229
  0.0237  0.0238  0.0237  0.0233  0.0248  0.0228  0.0232  0.0233  0.0231  0.0230  0.0229  0.0235
  0.0247  0.0246  0.0243  0.0254  0.0271  0.0231  0.0239  0.0244  0.0236  0.0236  0.0231  0.0243
  0.0263  0.0259  0.0251  0.0295  0.0302  0.0245  0.0252  0.0264  0.0246  0.0248  0.0235  0.0253
niter,ni,del,rscale     7    3    5.0000    1.2000
parameters
   -2.8434   27.3447    0.2279   -4.4334   -9.0904   -4.6461
    9.4451    1.7471   -8.0623   13.6388   -0.4521  -23.1579
eta,q 0.97799  9.17788
  0.0256  0.0251  0.0227  0.0268  0.0252  0.0236  0.0245  0.0261  0.0239  0.0260  0.0228  0.0240
  0.0240  0.0238  0.0223  0.0252  0.0236  0.0229  0.0232  0.0238  0.0229  0.0241  0.0223  0.0227
  0.0229  0.0229  0.0223  0.0237  0.0224  0.0224  0.0224  0.0225  0.0223  0.0227  0.0221  0.0221
  0.0225  0.0225  0.0225  0.0223  0.0220  0.0220  0.0221  0.0221  0.0221  0.0221  0.0221  0.0221
  0.0228  0.0226  0.0229  0.0217  0.0225  0.0217  0.0223  0.0224  0.0223  0.0222  0.0223  0.0225
  0.0237  0.0233  0.0236  0.0231  0.0240  0.0225  0.0231  0.0236  0.0229  0.0228  0.0226  0.0233
  0.0254  0.0244  0.0244  0.0268  0.0267  0.0250  0.0245  0.0257  0.0239  0.0241  0.0232  0.0244
niter,ni,del,rscale     6    3    5.0000    1.2000
parameters
   -2.8110   27.5182    0.0888   -4.3566   -9.3771   -4.7261
    9.4264    1.9710   -8.0148   13.9787   -0.5741  -23.4214
eta,q 0.97802  9.17416
  0.0253  0.0245  0.0231  0.0265  0.0253  0.0238  0.0243  0.0262  0.0238  0.0252  0.0229  0.0242
  0.0235  0.0232  0.0224  0.0249  0.0236  0.0229  0.0231  0.0238  0.0228  0.0234  0.0224  0.0228
  0.0224  0.0224  0.0221  0.0233  0.0224  0.0224  0.0223  0.0224  0.0222  0.0223  0.0221  0.0221
  0.0220  0.0220  0.0220  0.0220  0.0220  0.0220  0.0220  0.0220  0.0220  0.0220  0.0220  0.0220
  0.0223  0.0221  0.0222  0.0218  0.0223  0.0216  0.0222  0.0223  0.0222  0.0222  0.0221  0.0224
  0.0234  0.0227  0.0227  0.0237  0.0236  0.0223  0.0230  0.0235  0.0228  0.0230  0.0224  0.0232
  0.0251  0.0239  0.0233  0.0276  0.0262  0.0246  0.0244  0.0257  0.0237  0.0246  0.0229  0.0242
niter,ni,del,rscale     5    3    5.0000    1.2000
parameters
   -2.7845   27.5709    0.0254   -4.2985   -9.4870   -4.7581
    9.4028    2.0290   -7.9881   14.1028   -0.6098  -23.5323
eta,q 0.97803  9.17310
  0.0252  0.0242  0.0232  0.0265  0.0254  0.0238  0.0243  0.0261  0.0237  0.0250  0.0229  0.0243
  0.0235  0.0230  0.0224  0.0249  0.0237  0.0230  0.0231  0.0237  0.0228  0.0233  0.0223  0.0228
  0.0224  0.0223  0.0221  0.0233  0.0224  0.0224  0.0223  0.0223  0.0222  0.0222  0.0220  0.0221
  0.0220  0.0220  0.0220  0.0220  0.0220  0.0220  0.0220  0.0220  0.0220  0.0220  0.0220  0.0220
  0.0223  0.0222  0.0222  0.0218  0.0222  0.0216  0.0222  0.0224  0.0222  0.0223  0.0221  0.0224
  0.0234  0.0229  0.0226  0.0237  0.0234  0.0223  0.0230  0.0236  0.0228  0.0231  0.0224  0.0231
  0.0251  0.0241  0.0232  0.0276  0.0260  0.0246  0.0244  0.0259  0.0237  0.0248  0.0229  0.0241
niter,ni,del,rscale     4    3    5.0000    1.2000
parameters
   -2.7771   27.5944   -0.0039   -4.2754   -9.5241   -4.7785
    9.3948    2.0498   -7.9883   14.1550   -0.6200  -23.5731
eta,q 0.97804  9.17272
  0.0252  0.0242  0.0232  0.0265  0.0254  0.0238  0.0243  0.0260  0.0237  0.0249  0.0229  0.0243
  0.0234  0.0230  0.0225  0.0249  0.0237  0.0230  0.0231  0.0236  0.0227  0.0232  0.0223  0.0228
  0.0224  0.0222  0.0221  0.0233  0.0224  0.0224  0.0223  0.0223  0.0222  0.0222  0.0220  0.0221
  0.0220  0.0220  0.0220  0.0220  0.0220  0.0220  0.0220  0.0220  0.0220  0.0220  0.0220  0.0220
  0.0223  0.0222  0.0221  0.0218  0.0221  0.0216  0.0222  0.0224  0.0222  0.0223  0.0221  0.0223
  0.0234  0.0229  0.0225  0.0238  0.0233  0.0223  0.0230  0.0237  0.0228  0.0231  0.0224  0.0231
  0.0252  0.0241  0.0232  0.0277  0.0259  0.0246  0.0244  0.0259  0.0237  0.0248  0.0229  0.0241
niter,ni,del,rscale     3    3    5.0000    1.2000
parameters
   -2.7754   27.6034   -0.0126   -4.2652   -9.5392   -4.7814
    9.3907    2.0557   -7.9822   14.1732   -0.6222  -23.5906
eta,q 0.97804  9.17268
  0.0252  0.0241  0.0232  0.0265  0.0254  0.0238  0.0243  0.0260  0.0237  0.0249  0.0229  0.0243
  0.0234  0.0229  0.0225  0.0249  0.0237  0.0230  0.0231  0.0236  0.0228  0.0232  0.0223  0.0228
  0.0224  0.0222  0.0221  0.0233  0.0224  0.0224  0.0223  0.0223  0.0222  0.0222  0.0220  0.0221
  0.0220  0.0220  0.0220  0.0220  0.0220  0.0220  0.0220  0.0220  0.0220  0.0220  0.0220  0.0220
  0.0223  0.0222  0.0221  0.0218  0.0221  0.0216  0.0222  0.0224  0.0222  0.0223  0.0221  0.0223
  0.0234  0.0229  0.0225  0.0238  0.0233  0.0223  0.0230  0.0237  0.0228  0.0232  0.0224  0.0231
  0.0252  0.0241  0.0232  0.0277  0.0258  0.0246  0.0244  0.0260  0.0237  0.0249  0.0229  0.0241
registration optimization eta report
parameter search radius
    2.4000    2.4000    2.4000    8.2800    8.2800    7.2000
    7.2000    7.2000    7.2000    7.2000    7.2000    9.5220
100000*second partial in parameter space
       56.       38.       21.        7.        5.        5.
        5.        8.        3.        6.        2.        2.
  0.0252  0.0241  0.0232  0.0265  0.0254  0.0238  0.0243  0.0260  0.0237  0.0249  0.0229  0.0243
  0.0234  0.0229  0.0225  0.0249  0.0237  0.0230  0.0231  0.0236  0.0228  0.0232  0.0223  0.0228
  0.0224  0.0222  0.0221  0.0233  0.0224  0.0224  0.0223  0.0223  0.0222  0.0222  0.0220  0.0221
  0.0220  0.0220  0.0220  0.0220  0.0220  0.0220  0.0220  0.0220  0.0220  0.0220  0.0220  0.0220
  0.0223  0.0222  0.0221  0.0218  0.0221  0.0216  0.0222  0.0224  0.0222  0.0223  0.0221  0.0223
  0.0234  0.0229  0.0225  0.0238  0.0233  0.0223  0.0230  0.0237  0.0228  0.0232  0.0224  0.0231
  0.0252  0.0241  0.0232  0.0277  0.0258  0.0246  0.0244  0.0260  0.0237  0.0249  0.0229  0.0241
   -2.7754   27.6034   -0.0126   -4.2652   -9.5392   -4.7814
    9.3907    2.0557   -7.9822   14.1732   -0.6222  -23.5906
eta,q 0.97804  9.17268

---------------------------------------------------------------------
imgreg_4dfp /opt/freesurfer/average/711-2C_as_mni_average_305 /opt/freesurfer/average/711-2B_as_mni_average_305_mask talsrcimg_g11 none talsrcimg_to_711-2C_as_mni_average_305_t4 2311
---------------------------------------------------------------------

freesurfer imgreg_4dfp.c
/opt/freesurfer/average/711-2C_as_mni_average_305.4dfp.img
       256       256       256         1
  1.000000  1.000000  1.000000
orientation T byte_order littleendian
Reading image: /opt/freesurfer/average/711-2C_as_mni_average_305.4dfp.img
dimensions:      256       256       256
mmppix:       1.0000   -1.0000   -1.0000
center:     128.0000 -129.0000 -129.0000
/opt/freesurfer/average/711-2B_as_mni_average_305_mask.4dfp.img
       256       256       256         1
  1.000000  1.000000  1.000000
orientation T byte_order littleendian
Reading mask: /opt/freesurfer/average/711-2B_as_mni_average_305_mask.4dfp.img (2306576 pixels)
talsrcimg_g11.4dfp.img
       256       256       256         1
  1.000000  1.000000  1.000000
orientation T byte_order littleendian
Reading image: talsrcimg_g11.4dfp.img
dimensions:      256       256       256
mmppix:       1.0000   -1.0000   -1.0000
center:     128.0000 -129.0000 -129.0000
fimgreg.f
image alignment mode   2311 decimal      907 hex
parameters
   -2.7754   27.6034   -0.0126   -4.2652   -9.5392   -4.7814
    9.3907    2.0557   -7.9822   14.1732   -0.6222  -23.5906
eta,q 0.97804  9.17269
niter,ni,del,rscale     5    3    5.0000    0.8000
parameters
   -2.7588   27.6266   -0.0696   -3.0490   -9.2370   -3.9504
    9.2406    2.2522   -7.8713   14.0753   -0.3925  -24.2869
eta,q 0.97851  9.23376
  0.0234  0.0229  0.0225  0.0245  0.0230  0.0227  0.0227  0.0240  0.0224  0.0229  0.0221  0.0220
  0.0226  0.0224  0.0222  0.0236  0.0223  0.0223  0.0220  0.0226  0.0219  0.0220  0.0218  0.0216
  0.0221  0.0221  0.0220  0.0227  0.0218  0.0220  0.0217  0.0218  0.0216  0.0216  0.0216  0.0215
  0.0220  0.0220  0.0220  0.0220  0.0217  0.0217  0.0215  0.0215  0.0215  0.0215  0.0215  0.0215
  0.0221  0.0220  0.0220  0.0217  0.0218  0.0214  0.0217  0.0217  0.0216  0.0217  0.0216  0.0217
  0.0226  0.0223  0.0222  0.0220  0.0221  0.0216  0.0221  0.0224  0.0219  0.0221  0.0217  0.0220
  0.0234  0.0229  0.0225  0.0231  0.0227  0.0224  0.0229  0.0236  0.0223  0.0229  0.0220  0.0224
niter,ni,del,rscale     4    3    5.0000    0.7000
parameters
   -2.8023   27.6845   -0.0989   -3.1272   -9.3295   -3.7214
    9.2139    2.2079   -7.9667   14.2721   -0.3274  -24.4814
eta,q 0.97854  9.23952
  0.0227  0.0223  0.0220  0.0233  0.0224  0.0224  0.0224  0.0232  0.0221  0.0226  0.0219  0.0220
  0.0220  0.0219  0.0217  0.0225  0.0219  0.0221  0.0219  0.0222  0.0217  0.0219  0.0217  0.0216
  0.0216  0.0216  0.0215  0.0218  0.0216  0.0218  0.0216  0.0216  0.0215  0.0215  0.0215  0.0215
  0.0215  0.0215  0.0215  0.0215  0.0215  0.0215  0.0215  0.0214  0.0215  0.0214  0.0215  0.0215
  0.0217  0.0215  0.0216  0.0216  0.0216  0.0214  0.0215  0.0217  0.0215  0.0216  0.0215  0.0216
  0.0221  0.0218  0.0217  0.0223  0.0219  0.0217  0.0219  0.0222  0.0218  0.0219  0.0217  0.0217
  0.0228  0.0222  0.0220  0.0237  0.0225  0.0225  0.0225  0.0232  0.0221  0.0224  0.0219  0.0220
niter,ni,del,rscale     3    3    5.0000    0.6000
parameters
   -2.8201   27.7290   -0.0765   -3.0258   -9.4358   -3.4206
    9.2220    2.2446   -8.0001   14.3063   -0.2926  -24.5208
eta,q 0.97860  9.24617
  0.0224  0.0220  0.0219  0.0229  0.0221  0.0222  0.0221  0.0228  0.0219  0.0222  0.0218  0.0218
  0.0218  0.0217  0.0216  0.0223  0.0217  0.0220  0.0217  0.0220  0.0216  0.0217  0.0216  0.0216
  0.0215  0.0215  0.0215  0.0217  0.0215  0.0217  0.0215  0.0216  0.0214  0.0214  0.0214  0.0214
  0.0215  0.0215  0.0214  0.0214  0.0214  0.0214  0.0214  0.0214  0.0214  0.0214  0.0214  0.0214
  0.0216  0.0215  0.0215  0.0215  0.0215  0.0214  0.0215  0.0215  0.0215  0.0215  0.0214  0.0215
  0.0219  0.0217  0.0216  0.0220  0.0218  0.0216  0.0217  0.0220  0.0216  0.0218  0.0215  0.0216
  0.0224  0.0220  0.0218  0.0229  0.0222  0.0222  0.0221  0.0227  0.0219  0.0221  0.0217  0.0218
niter,ni,del,rscale     2    3    5.0000    0.5000
parameters
   -2.8299   27.7589   -0.0113   -2.9402   -9.5488   -3.0857
    9.2266    2.2696   -7.9959   14.2692   -0.2792  -24.5008
eta,q 0.97866  9.25134
  0.0220  0.0218  0.0217  0.0225  0.0219  0.0221  0.0219  0.0223  0.0217  0.0219  0.0216  0.0217
  0.0217  0.0216  0.0215  0.0220  0.0216  0.0218  0.0216  0.0218  0.0215  0.0216  0.0215  0.0215
  0.0215  0.0215  0.0214  0.0216  0.0214  0.0216  0.0214  0.0215  0.0214  0.0214  0.0214  0.0214
  0.0214  0.0214  0.0214  0.0214  0.0214  0.0214  0.0213  0.0213  0.0213  0.0213  0.0213  0.0213
  0.0215  0.0214  0.0214  0.0214  0.0215  0.0213  0.0214  0.0214  0.0214  0.0214  0.0214  0.0214
  0.0217  0.0215  0.0215  0.0218  0.0216  0.0215  0.0216  0.0218  0.0215  0.0216  0.0215  0.0215
  0.0221  0.0218  0.0216  0.0225  0.0219  0.0219  0.0219  0.0223  0.0217  0.0219  0.0216  0.0216
niter,ni,del,rscale     1    3    5.0000    0.4000
parameters
   -2.8410   27.7755    0.0897   -2.8771   -9.6572   -2.7768
    9.2270    2.2873   -7.9735   14.1994   -0.2855  -24.4152
eta,q 0.97869  9.25516
  0.0218  0.0216  0.0216  0.0221  0.0217  0.0219  0.0216  0.0220  0.0215  0.0217  0.0215  0.0215
  0.0215  0.0215  0.0215  0.0217  0.0215  0.0217  0.0215  0.0216  0.0214  0.0214  0.0214  0.0214
  0.0214  0.0214  0.0214  0.0215  0.0214  0.0215  0.0214  0.0214  0.0213  0.0213  0.0213  0.0213
  0.0213  0.0213  0.0213  0.0213  0.0213  0.0213  0.0213  0.0213  0.0213  0.0213  0.0213  0.0213
  0.0214  0.0214  0.0214  0.0214  0.0214  0.0213  0.0213  0.0214  0.0213  0.0214  0.0213  0.0213
  0.0215  0.0214  0.0214  0.0216  0.0215  0.0214  0.0215  0.0216  0.0214  0.0215  0.0214  0.0214
  0.0218  0.0216  0.0215  0.0220  0.0217  0.0217  0.0216  0.0220  0.0215  0.0217  0.0215  0.0215
registration optimization eta report
parameter search radius
    0.8000    0.8000    0.8000    2.4000    2.4000    2.4000
    2.4000    2.4000    2.4000    2.4000    2.4000    2.4000
100000*second partial in parameter space
       67.       40.       30.       12.        6.        8.
        6.       11.        4.        7.        3.        3.
  0.0218  0.0216  0.0216  0.0221  0.0217  0.0219  0.0216  0.0220  0.0215  0.0217  0.0215  0.0215
  0.0215  0.0215  0.0215  0.0217  0.0215  0.0217  0.0215  0.0216  0.0214  0.0214  0.0214  0.0214
  0.0214  0.0214  0.0214  0.0215  0.0214  0.0215  0.0214  0.0214  0.0213  0.0213  0.0213  0.0213
  0.0213  0.0213  0.0213  0.0213  0.0213  0.0213  0.0213  0.0213  0.0213  0.0213  0.0213  0.0213
  0.0214  0.0214  0.0214  0.0214  0.0214  0.0213  0.0213  0.0214  0.0213  0.0214  0.0213  0.0213
  0.0215  0.0214  0.0214  0.0216  0.0215  0.0214  0.0215  0.0216  0.0214  0.0215  0.0214  0.0214
  0.0218  0.0216  0.0215  0.0220  0.0217  0.0217  0.0216  0.0220  0.0215  0.0217  0.0215  0.0215
   -2.8410   27.7755    0.0897   -2.8771   -9.6572   -2.7768
    9.2270    2.2873   -7.9735   14.1994   -0.2855  -24.4152
eta,q 0.97869  9.25516

---------------------------------------------------------------------
imgreg_4dfp /opt/freesurfer/average/711-2C_as_mni_average_305 /opt/freesurfer/average/711-2B_as_mni_average_305_mask talsrcimg_g11 none talsrcimg_to_711-2C_as_mni_average_305_t4 2311
---------------------------------------------------------------------

freesurfer imgreg_4dfp.c
/opt/freesurfer/average/711-2C_as_mni_average_305.4dfp.img
       256       256       256         1
  1.000000  1.000000  1.000000
orientation T byte_order littleendian
Reading image: /opt/freesurfer/average/711-2C_as_mni_average_305.4dfp.img
dimensions:      256       256       256
mmppix:       1.0000   -1.0000   -1.0000
center:     128.0000 -129.0000 -129.0000
/opt/freesurfer/average/711-2B_as_mni_average_305_mask.4dfp.img
       256       256       256         1
  1.000000  1.000000  1.000000
orientation T byte_order littleendian
Reading mask: /opt/freesurfer/average/711-2B_as_mni_average_305_mask.4dfp.img (2306576 pixels)
talsrcimg_g11.4dfp.img
       256       256       256         1
  1.000000  1.000000  1.000000
orientation T byte_order littleendian
Reading image: talsrcimg_g11.4dfp.img
dimensions:      256       256       256
mmppix:       1.0000   -1.0000   -1.0000
center:     128.0000 -129.0000 -129.0000
fimgreg.f
image alignment mode   2311 decimal      907 hex
parameters
   -2.8410   27.7755    0.0897   -2.8771   -9.6572   -2.7768
    9.2270    2.2873   -7.9735   14.1994   -0.2855  -24.4152
eta,q 0.97869  9.25516
niter,ni,del,rscale     5    3    5.0000    0.8000
parameters
   -2.8341   27.7399    0.2280   -3.3095   -9.5633   -3.4516
    9.2994    2.1155   -8.0289   14.4509   -0.3325  -24.2510
eta,q 0.97854  9.24107
  0.0231  0.0223  0.0223  0.0234  0.0228  0.0224  0.0227  0.0235  0.0223  0.0230  0.0220  0.0222
  0.0221  0.0218  0.0217  0.0224  0.0220  0.0221  0.0220  0.0223  0.0218  0.0221  0.0217  0.0218
  0.0215  0.0214  0.0214  0.0216  0.0215  0.0217  0.0216  0.0216  0.0215  0.0216  0.0215  0.0215
  0.0213  0.0213  0.0213  0.0213  0.0213  0.0213  0.0214  0.0214  0.0214  0.0214  0.0215  0.0215
  0.0215  0.0214  0.0214  0.0216  0.0215  0.0215  0.0215  0.0217  0.0215  0.0216  0.0215  0.0215
  0.0221  0.0218  0.0216  0.0228  0.0219  0.0223  0.0220  0.0225  0.0218  0.0220  0.0217  0.0217
  0.0230  0.0224  0.0220  0.0248  0.0227  0.0238  0.0227  0.0238  0.0223  0.0226  0.0220  0.0221
niter,ni,del,rscale     4    3    5.0000    0.7000
parameters
   -2.8197   27.7497    0.0396   -3.1588   -9.4892   -3.5745
    9.2939    2.1872   -8.0101   14.3515   -0.3324  -24.4048
eta,q 0.97856  9.24012
  0.0227  0.0222  0.0218  0.0234  0.0224  0.0223  0.0224  0.0232  0.0221  0.0225  0.0219  0.0220
  0.0220  0.0218  0.0216  0.0225  0.0219  0.0220  0.0219  0.0223  0.0217  0.0218  0.0216  0.0216
  0.0216  0.0215  0.0215  0.0218  0.0215  0.0217  0.0216  0.0216  0.0215  0.0215  0.0215  0.0215
  0.0215  0.0215  0.0215  0.0214  0.0214  0.0214  0.0214  0.0214  0.0214  0.0214  0.0214  0.0214
  0.0216  0.0215  0.0216  0.0215  0.0215  0.0214  0.0215  0.0216  0.0215  0.0216  0.0215  0.0215
  0.0220  0.0218  0.0218  0.0221  0.0218  0.0218  0.0219  0.0222  0.0217  0.0219  0.0216  0.0217
  0.0227  0.0222  0.0221  0.0234  0.0224  0.0228  0.0224  0.0231  0.0221  0.0225  0.0219  0.0220
niter,ni,del,rscale     3    3    5.0000    0.6000
parameters
   -2.8189   27.7465   -0.0305   -3.0307   -9.4747   -3.3837
    9.2470    2.2428   -8.0036   14.3108   -0.3123  -24.4923
eta,q 0.97861  9.24625
  0.0224  0.0220  0.0218  0.0229  0.0221  0.0222  0.0221  0.0228  0.0219  0.0222  0.0217  0.0218
  0.0218  0.0217  0.0216  0.0222  0.0217  0.0220  0.0217  0.0220  0.0216  0.0217  0.0215  0.0215
  0.0215  0.0215  0.0215  0.0217  0.0215  0.0217  0.0215  0.0216  0.0215  0.0214  0.0214  0.0214
  0.0214  0.0214  0.0214  0.0214  0.0214  0.0214  0.0214  0.0214  0.0214  0.0214  0.0214  0.0214
  0.0215  0.0215  0.0215  0.0215  0.0215  0.0214  0.0215  0.0215  0.0214  0.0215  0.0214  0.0215
  0.0218  0.0217  0.0216  0.0219  0.0217  0.0216  0.0217  0.0220  0.0216  0.0218  0.0215  0.0216
  0.0224  0.0220  0.0219  0.0229  0.0221  0.0223  0.0222  0.0227  0.0219  0.0222  0.0217  0.0218
niter,ni,del,rscale     2    3    5.0000    0.5000
parameters
   -2.8296   27.7583    0.0029   -2.9418   -9.5493   -3.0733
    9.2315    2.2698   -7.9839   14.2602   -0.2811  -24.4899
eta,q 0.97866  9.25154
  0.0220  0.0218  0.0217  0.0225  0.0219  0.0220  0.0218  0.0223  0.0217  0.0219  0.0216  0.0217
  0.0217  0.0216  0.0215  0.0220  0.0216  0.0218  0.0216  0.0218  0.0215  0.0216  0.0215  0.0215
  0.0215  0.0214  0.0214  0.0216  0.0214  0.0216  0.0214  0.0215  0.0214  0.0214  0.0214  0.0214
  0.0214  0.0214  0.0214  0.0214  0.0214  0.0214  0.0213  0.0213  0.0213  0.0213  0.0213  0.0213
  0.0215  0.0214  0.0214  0.0214  0.0215  0.0213  0.0214  0.0214  0.0214  0.0214  0.0214  0.0214
  0.0217  0.0216  0.0215  0.0218  0.0216  0.0215  0.0216  0.0218  0.0215  0.0216  0.0215  0.0215
  0.0221  0.0218  0.0217  0.0225  0.0219  0.0220  0.0219  0.0223  0.0217  0.0219  0.0216  0.0216
niter,ni,del,rscale     1    3    5.0000    0.4000
parameters
   -2.8404   27.7757    0.0887   -2.8743   -9.6664   -2.7781
    9.2287    2.2868   -7.9744   14.1942   -0.2785  -24.4042
eta,q 0.97869  9.25480
  0.0218  0.0216  0.0216  0.0221  0.0216  0.0219  0.0216  0.0220  0.0215  0.0217  0.0215  0.0215
  0.0215  0.0215  0.0214  0.0217  0.0215  0.0217  0.0215  0.0216  0.0214  0.0214  0.0214  0.0214
  0.0214  0.0214  0.0214  0.0215  0.0214  0.0215  0.0213  0.0214  0.0213  0.0213  0.0213  0.0213
  0.0213  0.0213  0.0213  0.0213  0.0213  0.0213  0.0213  0.0213  0.0213  0.0213  0.0213  0.0213
  0.0214  0.0214  0.0214  0.0214  0.0214  0.0213  0.0213  0.0214  0.0213  0.0214  0.0213  0.0213
  0.0215  0.0214  0.0214  0.0216  0.0215  0.0214  0.0215  0.0216  0.0214  0.0215  0.0214  0.0214
  0.0218  0.0216  0.0215  0.0220  0.0217  0.0217  0.0216  0.0220  0.0215  0.0217  0.0215  0.0215
registration optimization eta report
parameter search radius
    0.8000    0.8000    0.8000    2.4000    2.4000    2.4000
    2.4000    2.4000    2.4000    2.4000    2.4000    2.4000
100000*second partial in parameter space
       67.       40.       30.       12.        6.        8.
        6.       11.        4.        7.        3.        3.
  0.0218  0.0216  0.0216  0.0221  0.0216  0.0219  0.0216  0.0220  0.0215  0.0217  0.0215  0.0215
  0.0215  0.0215  0.0214  0.0217  0.0215  0.0217  0.0215  0.0216  0.0214  0.0214  0.0214  0.0214
  0.0214  0.0214  0.0214  0.0215  0.0214  0.0215  0.0213  0.0214  0.0213  0.0213  0.0213  0.0213
  0.0213  0.0213  0.0213  0.0213  0.0213  0.0213  0.0213  0.0213  0.0213  0.0213  0.0213  0.0213
  0.0214  0.0214  0.0214  0.0214  0.0214  0.0213  0.0213  0.0214  0.0213  0.0214  0.0213  0.0213
  0.0215  0.0214  0.0214  0.0216  0.0215  0.0214  0.0215  0.0216  0.0214  0.0215  0.0214  0.0214
  0.0218  0.0216  0.0215  0.0220  0.0217  0.0217  0.0216  0.0220  0.0215  0.0217  0.0215  0.0215
   -2.8404   27.7757    0.0887   -2.8743   -9.6664   -2.7781
    9.2287    2.2868   -7.9744   14.1942   -0.2785  -24.4042
eta,q 0.97869  9.25480

---------------------------------------------------------------------
compute_vox2vox talsrcimg talsrcimg_to_711-2C_as_mni_average_305_t4 /opt/freesurfer/average/711-2C_as_mni_average_305
---------------------------------------------------------------------

freesurfer compute_vox2vox.c
Reading: talsrcimg.4dfp.ifh
Reading: talsrcimg_to_711-2C_as_mni_average_305_t4
Reading: /opt/freesurfer/average/711-2C_as_mni_average_305.4dfp.ifh
Writing: talsrcimg_to_711-2C_as_mni_average_305_t4_vox2vox.txt

start time Tue Mar 10 06:48:41 CET 2026
end		time Tue Mar 10 06:48:55 CET 2026

mpr2mni305 success

avi2talxfm orig_nu.mgz /opt/freesurfer/average/mni305.cor.mgz talsrcimg_to_711-2C_as_mni_average_305_t4_vox2vox.txt transforms/talairach.auto.xfm
avi2talxfm done
mv -f /out/sourcedata/freesurfer/sub-v1s8x0051336_ses-1/mri/talsrcimg_to_711-2C_as_mni_average_305_t4_vox2vox.txt /out/sourcedata/freesurfer/sub-v1s8x0051336_ses-1/mri/transforms/talsrcimg_to_711-2C_as_mni_average_305_t4_vox2vox.txt
lta_convert --src orig_nu.mgz --trg /opt/freesurfer/average/mni305.cor.mgz --inxfm transforms/talairach.auto.xfm --outlta transforms/talairach.auto.xfm.lta --subject fsaverage
7.3.2

--src: orig_nu.mgz src image (geometry).
--trg: /opt/freesurfer/average/mni305.cor.mgz trg image (geometry).
--inmni: transforms/talairach.auto.xfm input MNI/XFM transform.
--outlta: transforms/talairach.auto.xfm.lta output LTA.
--s: fsaverage subject name
 LTA read, type : 1
 1.02082  -0.00845  -0.10657   1.09908;
 0.02458   0.98934   0.26477   0.60491;
 0.08625  -0.15620   1.05600   13.39516;
 0.00000   0.00000   0.00000   1.00000;
setting subject to fsaverage
Writing  LTA to file transforms/talairach.auto.xfm.lta...
lta_convert successful.
 
 
Started at Tue Mar 10 06:48:41 CET 2026
Ended   at Tue Mar 10 06:48:55 CET 2026
talairach_avi done
