status file for recon-all
Tue Mar 10 09:07:53 CET 2026
#@# Tessellate rh Tue Mar 10 09:07:53 CET 2026
#@# Smooth1 rh Tue Mar 10 09:07:57 CET 2026
#@# Inflation1 rh Tue Mar 10 09:07:59 CET 2026
#@# QSphere rh Tue Mar 10 09:08:10 CET 2026
#@# Fix Topology rh Tue Mar 10 09:09:07 CET 2026
#@# Smooth2 rh Tue Mar 10 09:13:52 CET 2026
#@# Inflation2 rh Tue Mar 10 09:13:55 CET 2026
#@# Curv .H and .K rh Tue Mar 10 09:14:08 CET 2026
#@# Sphere rh Tue Mar 10 09:14:50 CET 2026
#@# Surf Reg rh Tue Mar 10 09:17:50 CET 2026
#@# Jacobian white rh Tue Mar 10 09:20:56 CET 2026
#@# AvgCurv rh Tue Mar 10 09:20:56 CET 2026
#@# Cortical Parc rh Tue Mar 10 09:20:57 CET 2026
#@# white curv rh Tue Mar 10 09:26:33 CET 2026
#@# white area rh Tue Mar 10 09:26:35 CET 2026
#@# pial curv rh Tue Mar 10 09:26:35 CET 2026
#@# pial area rh Tue Mar 10 09:26:37 CET 2026
#@# thickness rh Tue Mar 10 09:26:38 CET 2026
#@# area and vertex vol rh Tue Mar 10 09:27:04 CET 2026
#@# Curvature Stats rh Tue Mar 10 09:27:06 CET 2026
#@# Cortical Parc 2 rh Tue Mar 10 09:27:08 CET 2026
#@# Cortical Parc 3 rh Tue Mar 10 09:27:20 CET 2026
#@# WM/GM Contrast rh Tue Mar 10 09:27:29 CET 2026
recon-all -s sub-v1s8x0051346_ses-1 finished without error at Tue Mar 10 09:27:32 CET 2026



#New# invocation of recon-all 



status file for recon-all
Tue Mar 10 09:34:51 CET 2026
#@# white curv rh Tue Mar 10 09:34:51 CET 2026
#@# white area rh Tue Mar 10 09:34:51 CET 2026
#@# pial curv rh Tue Mar 10 09:34:51 CET 2026
#@# pial area rh Tue Mar 10 09:34:51 CET 2026
#@# thickness rh Tue Mar 10 09:34:51 CET 2026
#@# area and vertex vol rh Tue Mar 10 09:34:51 CET 2026
#@# Parcellation Stats rh Tue Mar 10 09:34:51 CET 2026
#@# Parcellation Stats 2 rh Tue Mar 10 09:35:07 CET 2026
#@# Parcellation Stats 3 rh Tue Mar 10 09:35:15 CET 2026
#@# BA_exvivo Labels rh Tue Mar 10 09:35:23 CET 2026
recon-all -s sub-v1s8x0051346_ses-1 finished without error at Tue Mar 10 09:37:44 CET 2026
