status file for recon-all
Tue Mar 10 06:58:11 CET 2026
#@# MotionCor Tue Mar 10 06:58:13 CET 2026
#@# Talairach Tue Mar 10 06:58:20 CET 2026
#@# Talairach Failure Detection Tue Mar 10 07:02:43 CET 2026
#@# Nu Intensity Correction Tue Mar 10 07:02:43 CET 2026
#@# Intensity Normalization Tue Mar 10 07:05:58 CET 2026
recon-all -s sub-v1s8x0051346_ses-1 finished without error at Tue Mar 10 07:07:32 CET 2026



#New# invocation of recon-all 



status file for recon-all
Tue Mar 10 07:14:46 CET 2026
#@# EM Registration Tue Mar 10 07:14:46 CET 2026
recon-all -s sub-v1s8x0051346_ses-1 finished without error at Tue Mar 10 07:16:54 CET 2026



#New# invocation of recon-all 



status file for recon-all
Tue Mar 10 07:16:58 CET 2026
#@# CA Normalize Tue Mar 10 07:16:58 CET 2026
#@# CA Reg Tue Mar 10 07:18:21 CET 2026
#@# SubCort Seg Tue Mar 10 08:08:42 CET 2026
#@# CC Seg Tue Mar 10 08:41:34 CET 2026
#@# Merge ASeg Tue Mar 10 08:42:11 CET 2026
#@# Intensity Normalization2 Tue Mar 10 08:42:11 CET 2026
#@# Mask BFS Tue Mar 10 08:44:27 CET 2026
#@# WM Segmentation Tue Mar 10 08:44:27 CET 2026
#@# Fill Tue Mar 10 08:46:29 CET 2026
recon-all -s sub-v1s8x0051346_ses-1 finished without error at Tue Mar 10 08:47:31 CET 2026



#New# invocation of recon-all 



status file for recon-all
Tue Mar 10 09:27:37 CET 2026
#@# white curv lh Tue Mar 10 09:27:37 CET 2026
#@# white area lh Tue Mar 10 09:27:37 CET 2026
#@# pial curv lh Tue Mar 10 09:27:37 CET 2026
#@# pial area lh Tue Mar 10 09:27:37 CET 2026
#@# thickness lh Tue Mar 10 09:27:37 CET 2026
#@# area and vertex vol lh Tue Mar 10 09:27:37 CET 2026
#@# white curv rh Tue Mar 10 09:27:37 CET 2026
#@# white area rh Tue Mar 10 09:27:37 CET 2026
#@# pial curv rh Tue Mar 10 09:27:37 CET 2026
#@# pial area rh Tue Mar 10 09:27:37 CET 2026
#@# thickness rh Tue Mar 10 09:27:37 CET 2026
#@# area and vertex vol rh Tue Mar 10 09:27:37 CET 2026
#@# Cortical ribbon mask Tue Mar 10 09:27:37 CET 2026
recon-all -s sub-v1s8x0051346_ses-1 finished without error at Tue Mar 10 09:31:49 CET 2026



#New# invocation of recon-all 



status file for recon-all
Tue Mar 10 09:37:49 CET 2026
#@# white curv lh Tue Mar 10 09:37:49 CET 2026
#@# white area lh Tue Mar 10 09:37:49 CET 2026
#@# pial curv lh Tue Mar 10 09:37:49 CET 2026
#@# pial area lh Tue Mar 10 09:37:49 CET 2026
#@# thickness lh Tue Mar 10 09:37:49 CET 2026
#@# area and vertex vol lh Tue Mar 10 09:37:49 CET 2026
#@# white curv rh Tue Mar 10 09:37:49 CET 2026
#@# white area rh Tue Mar 10 09:37:49 CET 2026
#@# pial curv rh Tue Mar 10 09:37:49 CET 2026
#@# pial area rh Tue Mar 10 09:37:49 CET 2026
#@# thickness rh Tue Mar 10 09:37:49 CET 2026
#@# area and vertex vol rh Tue Mar 10 09:37:49 CET 2026
#@# Curvature Stats lh Tue Mar 10 09:37:49 CET 2026
#@# Curvature Stats rh Tue Mar 10 09:37:51 CET 2026
#@# Relabel Hypointensities Tue Mar 10 09:37:53 CET 2026
#@# APas-to-ASeg Tue Mar 10 09:38:08 CET 2026
#@# AParc-to-ASeg aparc Tue Mar 10 09:38:15 CET 2026
#@# AParc-to-ASeg aparc.a2009s Tue Mar 10 09:38:48 CET 2026
#@# AParc-to-ASeg aparc.DKTatlas Tue Mar 10 09:39:19 CET 2026
#@# WMParc Tue Mar 10 09:39:52 CET 2026
#@# ASeg Stats Tue Mar 10 09:44:25 CET 2026
recon-all -s sub-v1s8x0051346_ses-1 finished without error at Tue Mar 10 09:45:05 CET 2026
