status file for recon-all
Tue Mar 10 08:47:35 CET 2026
#@# Tessellate lh Tue Mar 10 08:47:35 CET 2026
#@# Smooth1 lh Tue Mar 10 08:47:38 CET 2026
#@# Inflation1 lh Tue Mar 10 08:47:41 CET 2026
#@# QSphere lh Tue Mar 10 08:47:52 CET 2026
#@# Fix Topology lh Tue Mar 10 08:48:53 CET 2026
#@# Smooth2 lh Tue Mar 10 08:53:53 CET 2026
#@# Inflation2 lh Tue Mar 10 08:53:56 CET 2026
#@# Curv .H and .K lh Tue Mar 10 08:54:09 CET 2026
#@# Sphere lh Tue Mar 10 08:54:52 CET 2026
#@# Surf Reg lh Tue Mar 10 08:57:29 CET 2026
#@# Jacobian white lh Tue Mar 10 09:00:55 CET 2026
#@# AvgCurv lh Tue Mar 10 09:00:56 CET 2026
#@# Cortical Parc lh Tue Mar 10 09:00:57 CET 2026
#@# white curv lh Tue Mar 10 09:06:50 CET 2026
#@# white area lh Tue Mar 10 09:06:52 CET 2026
#@# pial curv lh Tue Mar 10 09:06:53 CET 2026
#@# pial area lh Tue Mar 10 09:06:54 CET 2026
#@# thickness lh Tue Mar 10 09:06:55 CET 2026
#@# area and vertex vol lh Tue Mar 10 09:07:23 CET 2026
#@# Curvature Stats lh Tue Mar 10 09:07:24 CET 2026
#@# Cortical Parc 2 lh Tue Mar 10 09:07:27 CET 2026
#@# Cortical Parc 3 lh Tue Mar 10 09:07:39 CET 2026
#@# WM/GM Contrast lh Tue Mar 10 09:07:48 CET 2026
recon-all -s sub-v1s8x0051346_ses-1 finished without error at Tue Mar 10 09:07:51 CET 2026



#New# invocation of recon-all 



status file for recon-all
Tue Mar 10 09:31:53 CET 2026
#@# white curv lh Tue Mar 10 09:31:53 CET 2026
#@# white area lh Tue Mar 10 09:31:53 CET 2026
#@# pial curv lh Tue Mar 10 09:31:53 CET 2026
#@# pial area lh Tue Mar 10 09:31:53 CET 2026
#@# thickness lh Tue Mar 10 09:31:53 CET 2026
#@# area and vertex vol lh Tue Mar 10 09:31:53 CET 2026
#@# Parcellation Stats lh Tue Mar 10 09:31:53 CET 2026
#@# Parcellation Stats 2 lh Tue Mar 10 09:32:09 CET 2026
#@# Parcellation Stats 3 lh Tue Mar 10 09:32:17 CET 2026
#@# BA_exvivo Labels lh Tue Mar 10 09:32:25 CET 2026
recon-all -s sub-v1s8x0051346_ses-1 finished without error at Tue Mar 10 09:34:48 CET 2026
