status file for recon-all
Tue Mar 10 08:41:25 CET 2026
#@# Tessellate rh Tue Mar 10 08:41:25 CET 2026
#@# Smooth1 rh Tue Mar 10 08:41:28 CET 2026
#@# Inflation1 rh Tue Mar 10 08:41:30 CET 2026
#@# QSphere rh Tue Mar 10 08:41:39 CET 2026
#@# Fix Topology rh Tue Mar 10 08:42:35 CET 2026
#@# Smooth2 rh Tue Mar 10 08:46:56 CET 2026
#@# Inflation2 rh Tue Mar 10 08:46:58 CET 2026
#@# Curv .H and .K rh Tue Mar 10 08:47:09 CET 2026
#@# Sphere rh Tue Mar 10 08:47:53 CET 2026
#@# Surf Reg rh Tue Mar 10 08:48:54 CET 2026
#@# Jacobian white rh Tue Mar 10 08:51:47 CET 2026
#@# AvgCurv rh Tue Mar 10 08:51:48 CET 2026
#@# Cortical Parc rh Tue Mar 10 08:51:49 CET 2026
#@# white curv rh Tue Mar 10 08:57:16 CET 2026
#@# white area rh Tue Mar 10 08:57:17 CET 2026
#@# pial curv rh Tue Mar 10 08:57:18 CET 2026
#@# pial area rh Tue Mar 10 08:57:19 CET 2026
#@# thickness rh Tue Mar 10 08:57:20 CET 2026
#@# area and vertex vol rh Tue Mar 10 08:57:48 CET 2026
#@# Curvature Stats rh Tue Mar 10 08:57:49 CET 2026
#@# Cortical Parc 2 rh Tue Mar 10 08:57:51 CET 2026
#@# Cortical Parc 3 rh Tue Mar 10 08:58:03 CET 2026
#@# WM/GM Contrast rh Tue Mar 10 08:58:12 CET 2026
recon-all -s sub-v1s8x0051338_ses-1 finished without error at Tue Mar 10 08:58:15 CET 2026



#New# invocation of recon-all 



status file for recon-all
Tue Mar 10 09:07:07 CET 2026
#@# white curv rh Tue Mar 10 09:07:07 CET 2026
#@# white area rh Tue Mar 10 09:07:07 CET 2026
#@# pial curv rh Tue Mar 10 09:07:07 CET 2026
#@# pial area rh Tue Mar 10 09:07:07 CET 2026
#@# thickness rh Tue Mar 10 09:07:07 CET 2026
#@# area and vertex vol rh Tue Mar 10 09:07:08 CET 2026
#@# Parcellation Stats rh Tue Mar 10 09:07:08 CET 2026
#@# Parcellation Stats 2 rh Tue Mar 10 09:07:24 CET 2026
#@# Parcellation Stats 3 rh Tue Mar 10 09:07:32 CET 2026
#@# BA_exvivo Labels rh Tue Mar 10 09:07:41 CET 2026
recon-all -s sub-v1s8x0051338_ses-1 finished without error at Tue Mar 10 09:09:56 CET 2026
