/out/sourcedata/freesurfer/sub-v1s8x0051339_ses-1/mri
/opt/freesurfer/bin/talairach_avi
--i orig_nu.mgz --xfm transforms/talairach.auto.xfm
talairach_avi 7.3.2
Linux dna087 5.14.0-427.37.1.el9_4.x86_64 #1 SMP PREEMPT_DYNAMIC Fri Sep 13 12:41:50 EDT 2024 x86_64 x86_64 x86_64 GNU/Linux
Tue Mar 10 06:54:03 CET 2026
mri_convert orig_nu.mgz talsrcimg.img 
reading from orig_nu.mgz...
TR=0.00, TE=0.00, TI=0.00, flip angle=0.00
i_ras = (-1, 0, 0)
j_ras = (0, 0, -1)
k_ras = (0, 1, 0)
writing to talsrcimg.img...
Analyze Output Matrix
-1.00000   0.00000   0.00000   134.71741;
 0.00000   0.00000   1.00000  -125.62698;
 0.00000  -1.00000   0.00000   114.57626;
 0.00000   0.00000   0.00000   1.00000;
--------------------
INFO: set hdr.hist.orient to -1
mpr2mni305 talsrcimg
Tue Mar 10 06:54:04 CET 2026
/opt/freesurfer/bin/mpr2mni305 talsrcimg
mpr2mni305 7.3.2
target=711-2C_as_mni_average_305

---------------------------------------------------------------------
analyzeto4dfp talsrcimg -O0 -y
---------------------------------------------------------------------

freesurfer ifh2hdr.c
Tue Mar 10 06:54:04 2026
Writing: talsrcimg.4dfp.hdr
freesurfer analyzeto4dfp.c
Reading: talsrcimg.hdr
header size 348 bytes
hdr.dime.datatype	offset=70	value=2
hdr.dime.bitpix		offset=72	value=8
hdr.hist.orient		offset=252	value=-1
dimensionality     4
dimensions       256       256       256         1
Reading: talsrcimg.img
Writing: talsrcimg.4dfp.img
Writing: talsrcimg.4dfp.ifh
ifh2hdr talsrcimg -r0to224
ori=2

---------------------------------------------------------------------
gauss_4dfp talsrcimg 1.1
---------------------------------------------------------------------

freesurfer gauss_4dfp.c
Reading: talsrcimg.4dfp.img
Writing: talsrcimg_g11.4dfp.img
image dimensions 256 256 256 padded to 288 288 288
processing volume 1freesurfer ifh2hdr.c
Tue Mar 10 06:54:05 2026
Writing: talsrcimg_g11.4dfp.hdr

Writing: talsrcimg_g11.4dfp.ifh
including: talsrcimg.4dfp.img.rec in talsrcimg_g11.4dfp.img.rec

---------------------------------------------------------------------
imgreg_4dfp /opt/freesurfer/average/711-2C_as_mni_average_305 none talsrcimg_g11 none talsrcimg_to_711-2C_as_mni_average_305_t4 4355
---------------------------------------------------------------------

freesurfer imgreg_4dfp.c
/opt/freesurfer/average/711-2C_as_mni_average_305.4dfp.img
       256       256       256         1
  1.000000  1.000000  1.000000
orientation T byte_order littleendian
Reading image: /opt/freesurfer/average/711-2C_as_mni_average_305.4dfp.img
dimensions:      256       256       256
mmppix:       1.0000   -1.0000   -1.0000
center:     128.0000 -129.0000 -129.0000
talsrcimg_g11.4dfp.img
       256       256       256         1
  1.000000  1.000000  1.000000
orientation T byte_order littleendian
Reading image: talsrcimg_g11.4dfp.img
dimensions:      256       256       256
mmppix:       1.0000   -1.0000   -1.0000
center:     128.0000 -129.0000 -129.0000
t4_read: open error in t4_sub.f l:  41 t4_file(1:l)talsrcimg_to_711-2C_as_mni_average_305_t4 
t4_read: transform initialized to I4
rotation matrix determinant  1.000000
image alignment mode   4355 decimal     1103 hex
   -7.5000  -45.0000  -45.0000 6536.5239   13.8046
    0.0000  -45.0000  -45.0000 6876.8013   13.8634
    7.5000  -45.0000  -45.0000 6511.0332   13.8454
   -7.5000  -37.5000  -45.0000 7142.0869   13.4173
    0.0000  -37.5000  -45.0000 7510.9146   13.4801
    7.5000  -37.5000  -45.0000 7095.1040   13.4609
   -7.5000  -30.0000  -45.0000 8065.5459   13.1071
    0.0000  -30.0000  -45.0000 8464.7842   13.1730
    7.5000  -30.0000  -45.0000 7983.9409   13.1524
   -7.5000  -22.5000  -45.0000 9018.0742   12.8839
    0.0000  -22.5000  -45.0000 9437.5850   12.9422
    7.5000  -22.5000  -45.0000 8926.0625   12.9200
   -7.5000  -15.0000  -45.0000 9984.1211   12.7952
    0.0000  -15.0000  -45.000010420.0537   12.8435
    7.5000  -15.0000  -45.0000 9876.0156   12.8221
   -7.5000   -7.5000  -45.000010933.1982   12.7693
    0.0000   -7.5000  -45.000011404.3545   12.8138
    7.5000   -7.5000  -45.000010824.6602   12.7962
   -7.5000    0.0000  -45.000011809.9150   12.7727
    0.0000    0.0000  -45.000012333.6680   12.8215
    7.5000    0.0000  -45.000011696.3994   12.8068
   -7.5000    7.5000  -45.000011758.0107   12.7839
    0.0000    7.5000  -45.000012282.1865   12.8420
    7.5000    7.5000  -45.000011654.2998   12.8265
   -7.5000   15.0000  -45.000011609.8652   12.7911
    0.0000   15.0000  -45.000012126.4902   12.8543
    7.5000   15.0000  -45.000011523.9229   12.8352
   -7.5000   22.5000  -45.000011440.0361   12.7851
    0.0000   22.5000  -45.000011954.9385   12.8429
    7.5000   22.5000  -45.000011342.2510   12.8207
   -7.5000   30.0000  -45.000011102.5869   12.6054
    0.0000   30.0000  -45.000011596.6553   12.6531
    7.5000   30.0000  -45.000011002.8535   12.6319
   -7.5000   37.5000  -45.000010966.1992   12.5983
    0.0000   37.5000  -45.000011438.9775   12.6423
    7.5000   37.5000  -45.000010863.9307   12.6249
   -7.5000   45.0000  -45.000010439.9297   12.2824
    0.0000   45.0000  -45.000010902.9238   12.3294
    7.5000   45.0000  -45.000010328.4502   12.3153
   -7.5000  -45.0000  -37.5000 6837.1191   13.7386
    0.0000  -45.0000  -37.5000 7188.4150   13.8014
    7.5000  -45.0000  -37.5000 6793.6973   13.7812
   -7.5000  -37.5000  -37.5000 7482.3345   13.3615
    0.0000  -37.5000  -37.5000 7839.3750   13.4273
    7.5000  -37.5000  -37.5000 7411.9312   13.4048
   -7.5000  -30.0000  -37.5000 8472.1289   13.0560
    0.0000  -30.0000  -37.5000 8851.1611   13.1235
    7.5000  -30.0000  -37.5000 8372.9297   13.1003
   -7.5000  -22.5000  -37.5000 9478.3662   12.8316
    0.0000  -22.5000  -37.5000 9893.3145   12.8915
    7.5000  -22.5000  -37.5000 9377.2100   12.8688
   -7.5000  -15.0000  -37.500010512.0820   12.7385
    0.0000  -15.0000  -37.500010950.4121   12.7892
    7.5000  -15.0000  -37.500010401.0029   12.7690
   -7.5000   -7.5000  -37.500011511.0361   12.7110
    0.0000   -7.5000  -37.500011984.1963   12.7589
    7.5000   -7.5000  -37.500011403.4941   12.7418
   -7.5000    0.0000  -37.500012442.2451   12.7167
    0.0000    0.0000  -37.500012964.2402   12.7695
    7.5000    0.0000  -37.500012326.2793   12.7533
   -7.5000    7.5000  -37.500012391.4668   12.7328
    0.0000    7.5000  -37.500012935.2246   12.7939
    7.5000    7.5000  -37.500012290.9023   12.7753
   -7.5000   15.0000  -37.500012208.6885   12.7425
    0.0000   15.0000  -37.500012715.6328   12.8074
    7.5000   15.0000  -37.500012107.9951   12.7856
   -7.5000   22.5000  -37.500011998.0605   12.7331
    0.0000   22.5000  -37.500012512.5713   12.7925
    7.5000   22.5000  -37.500011907.4482   12.7700
   -7.5000   30.0000  -37.500011639.0869   12.5493
    0.0000   30.0000  -37.500012137.8926   12.5993
    7.5000   30.0000  -37.500011540.9102   12.5794
   -7.5000   37.5000  -37.500011502.6270   12.5408
    0.0000   37.5000  -37.500011974.9150   12.5881
    7.5000   37.5000  -37.500011417.2256   12.5712
   -7.5000   45.0000  -37.500010929.8350   12.2287
    0.0000   45.0000  -37.500011384.4570   12.2794
    7.5000   45.0000  -37.500010839.1123   12.2638
   -7.5000  -45.0000  -30.0000 7265.8320   14.3237
    0.0000  -45.0000  -30.0000 7603.6104   14.3906
    7.5000  -45.0000  -30.0000 7205.0908   14.3650
   -7.5000  -37.5000  -30.0000 7961.2471   13.9353
    0.0000  -37.5000  -30.0000 8308.3311   14.0046
    7.5000  -37.5000  -30.0000 7884.0864   13.9778
   -7.5000  -30.0000  -30.0000 8998.9453   13.6156
    0.0000  -30.0000  -30.0000 9395.0967   13.6856
    7.5000  -30.0000  -30.0000 8917.3770   13.6603
   -7.5000  -22.5000  -30.000010080.2725   13.3761
    0.0000  -22.5000  -30.000010515.8926   13.4384
    7.5000  -22.5000  -30.0000 9985.9346   13.4148
   -7.5000  -15.0000  -30.000011191.8906   13.2758
    0.0000  -15.0000  -30.000011633.0664   13.3288
    7.5000  -15.0000  -30.000011085.7197   13.3073
   -7.5000   -7.5000  -30.000012272.7656   13.2490
    0.0000   -7.5000  -30.000012755.8525   13.2999
    7.5000   -7.5000  -30.000012174.3262   13.2797
   -7.5000    0.0000  -30.000013298.0254   13.2598
    0.0000    0.0000  -30.000013828.7578   13.3163
    7.5000    0.0000  -30.000013162.9238   13.2957
   -7.5000    7.5000  -30.000013265.3105   13.2800
    0.0000    7.5000  -30.000013819.8232   13.3444
    7.5000    7.5000  -30.000013147.7686   13.3220
   -7.5000   15.0000  -30.000013031.5166   13.2889
    0.0000   15.0000  -30.000013547.7930   13.3562
    7.5000   15.0000  -30.000012907.2891   13.3323
   -7.5000   22.5000  -30.000012788.1143   13.2722
    0.0000   22.5000  -30.000013315.7324   13.3338
    7.5000   22.5000  -30.000012668.7754   13.3103
   -7.5000   30.0000  -30.000012398.6631   13.0796
    0.0000   30.0000  -30.000012908.2490   13.1319
    7.5000   30.0000  -30.000012296.9805   13.1106
   -7.5000   37.5000  -30.000012264.6484   13.0729
    0.0000   37.5000  -30.000012780.1445   13.1231
    7.5000   37.5000  -30.000012201.8076   13.1031
   -7.5000   45.0000  -30.000011629.8467   12.7602
    0.0000   45.0000  -30.000012111.7490   12.8146
    7.5000   45.0000  -30.000011553.2285   12.7948
   -7.5000  -45.0000  -22.5000 7662.5137   14.8206
    0.0000  -45.0000  -22.5000 7992.6016   14.8864
    7.5000  -45.0000  -22.5000 7583.2129   14.8583
   -7.5000  -37.5000  -22.5000 8413.9189   14.4148
    0.0000  -37.5000  -22.5000 8768.7246   14.4832
    7.5000  -37.5000  -22.5000 8327.7734   14.4560
   -7.5000  -30.0000  -22.5000 9522.6504   14.0795
    0.0000  -30.0000  -22.5000 9934.7246   14.1488
    7.5000  -30.0000  -22.5000 9439.9990   14.1245
   -7.5000  -22.5000  -22.500010678.8516   13.8302
    0.0000  -22.5000  -22.500011105.0986   13.8914
    7.5000  -22.5000  -22.500010563.3389   13.8678
   -7.5000  -15.0000  -22.500011849.2314   13.7299
    0.0000  -15.0000  -22.500012300.4150   13.7815
    7.5000  -15.0000  -22.500011735.4502   13.7579
   -7.5000   -7.5000  -22.500013006.1768   13.7074
    0.0000   -7.5000  -22.500013513.0449   13.7568
    7.5000   -7.5000  -22.500012890.6699   13.7337
   -7.5000    0.0000  -22.500014136.9238   13.7207
    0.0000    0.0000  -22.500014699.9629   13.7761
    7.5000    0.0000  -22.500013988.3740   13.7533
   -7.5000    7.5000  -22.500014141.1611   13.7383
    0.0000    7.5000  -22.500014748.8516   13.8017
    7.5000    7.5000  -22.500013998.9463   13.7791
   -7.5000   15.0000  -22.500013879.2949   13.7422
    0.0000   15.0000  -22.500014439.0361   13.8087
    7.5000   15.0000  -22.500013740.4717   13.7858
   -7.5000   22.5000  -22.500013618.1191   13.7222
    0.0000   22.5000  -22.500014174.0771   13.7828
    7.5000   22.5000  -22.500013490.9883   13.7594
   -7.5000   30.0000  -22.500013206.0068   13.5291
    0.0000   30.0000  -22.500013746.1494   13.5801
    7.5000   30.0000  -22.500013094.7129   13.5568
   -7.5000   37.5000  -22.500013078.2646   13.5272
    0.0000   37.5000  -22.500013646.7393   13.5760
    7.5000   37.5000  -22.500013024.7461   13.5532
   -7.5000   45.0000  -22.500012367.5078   13.2137
    0.0000   45.0000  -22.500012882.2480   13.2670
    7.5000   45.0000  -22.500012280.0615   13.2451
   -7.5000  -45.0000  -15.0000 8036.2622   15.1676
    0.0000  -45.0000  -15.0000 8368.0918   15.2312
    7.5000  -45.0000  -15.0000 7960.0845   15.2056
   -7.5000  -37.5000  -15.0000 8840.2842   14.7458
    0.0000  -37.5000  -15.0000 9206.1768   14.8123
    7.5000  -37.5000  -15.0000 8760.5869   14.7884
   -7.5000  -30.0000  -15.000010020.9648   14.4010
    0.0000  -30.0000  -15.000010435.0527   14.4691
    7.5000  -30.0000  -15.0000 9933.1006   14.4472
   -7.5000  -22.5000  -15.000011251.1904   14.1492
    0.0000  -22.5000  -15.000011676.1318   14.2090
    7.5000  -22.5000  -15.000011133.0938   14.1856
   -7.5000  -15.0000  -15.000012473.4814   14.0520
    0.0000  -15.0000  -15.000012947.9941   14.1019
    7.5000  -15.0000  -15.000012352.0635   14.0771
   -7.5000   -7.5000  -15.000013684.6416   14.0311
    0.0000   -7.5000  -15.000014227.6016   14.0785
    7.5000   -7.5000  -15.000013557.1025   14.0550
   -7.5000    0.0000  -15.000014894.1465   14.0421
    0.0000    0.0000  -15.000015518.9795   14.0951
    7.5000    0.0000  -15.000014715.6279   14.0742
   -7.5000    7.5000  -15.000014986.4570   14.0549
    0.0000    7.5000  -15.000015667.5439   14.1164
    7.5000    7.5000  -15.000014795.9863   14.0971
   -7.5000   15.0000  -15.000014785.0566   14.0563
    0.0000   15.0000  -15.000015434.9326   14.1215
    7.5000   15.0000  -15.000014604.6934   14.1011
   -7.5000   22.5000  -15.000014491.5947   14.0386
    0.0000   22.5000  -15.000015098.9277   14.0979
    7.5000   22.5000  -15.000014323.0283   14.0746
   -7.5000   30.0000  -15.000014033.4736   13.8488
    0.0000   30.0000  -15.000014632.6143   13.8982
    7.5000   30.0000  -15.000013904.4395   13.8736
   -7.5000   37.5000  -15.000013919.2207   13.8487
    0.0000   37.5000  -15.000014555.3857   13.8954
    7.5000   37.5000  -15.000013811.2520   13.8722
   -7.5000   45.0000  -15.000013153.1797   13.5314
    0.0000   45.0000  -15.000013728.8760   13.5824
    7.5000   45.0000  -15.000013019.0557   13.5623
   -7.5000  -45.0000   -7.5000 8440.6523   15.3325
    0.0000  -45.0000   -7.5000 8768.5713   15.3959
    7.5000  -45.0000   -7.5000 8348.0029   15.3747
   -7.5000  -37.5000   -7.5000 9307.9434   14.9028
    0.0000  -37.5000   -7.5000 9679.7090   14.9699
    7.5000  -37.5000   -7.5000 9220.7549   14.9493
   -7.5000  -30.0000   -7.500010547.4863   14.5572
    0.0000  -30.0000   -7.500010967.5410   14.6271
    7.5000  -30.0000   -7.500010445.6289   14.6062
   -7.5000  -22.5000   -7.500011810.9736   14.3085
    0.0000  -22.5000   -7.500012265.9170   14.3700
    7.5000  -22.5000   -7.500011704.7188   14.3462
   -7.5000  -15.0000   -7.500013072.7910   14.2125
    0.0000  -15.0000   -7.500013572.6543   14.2636
    7.5000  -15.0000   -7.500012971.5684   14.2387
   -7.5000   -7.5000   -7.500014330.2051   14.1878
    0.0000   -7.5000   -7.500014900.7012   14.2353
    7.5000   -7.5000   -7.500014236.1699   14.2139
   -7.5000    0.0000   -7.500015603.9238   14.1936
    0.0000    0.0000   -7.500016292.8223   14.2460
    7.5000    0.0000   -7.500015465.9209   14.2287
   -7.5000    7.5000   -7.500015811.8418   14.2044
    0.0000    7.5000   -7.500016612.9336   14.2664
    7.5000    7.5000   -7.500015595.5352   14.2499
   -7.5000   15.0000   -7.500015844.7363   14.2085
    0.0000   15.0000   -7.500016633.4609   14.2756
    7.5000   15.0000   -7.500015543.7217   14.2562
   -7.5000   22.5000   -7.500015573.1406   14.1950
    0.0000   22.5000   -7.500016300.5938   14.2562
    7.5000   22.5000   -7.500015270.3447   14.2325
   -7.5000   30.0000   -7.500015062.7891   14.0069
    0.0000   30.0000   -7.500015713.2637   14.0573
    7.5000   30.0000   -7.500014780.2773   14.0327
   -7.5000   37.5000   -7.500014934.9795   14.0029
    0.0000   37.5000   -7.500015572.8857   14.0498
    7.5000   37.5000   -7.500014599.0469   14.0286
   -7.5000   45.0000   -7.500014100.6348   13.6799
    0.0000   45.0000   -7.500014673.7812   13.7305
    7.5000   45.0000   -7.500013734.4600   13.7138
   -7.5000  -45.0000    0.0000 8679.1387   15.3597
    0.0000  -45.0000    0.0000 9052.1914   15.4254
    7.5000  -45.0000    0.0000 8615.8730   15.4058
   -7.5000  -37.5000    0.0000 9616.1953   14.9309
    0.0000  -37.5000    0.000010033.0283   15.0009
    7.5000  -37.5000    0.0000 9562.7227   14.9799
   -7.5000  -30.0000    0.000010919.1104   14.5881
    0.0000  -30.0000    0.000011394.9707   14.6613
    7.5000  -30.0000    0.000010851.5273   14.6385
   -7.5000  -22.5000    0.000012229.6914   14.3416
    0.0000  -22.5000    0.000012768.5156   14.4064
    7.5000  -22.5000    0.000012186.1504   14.3818
   -7.5000  -15.0000    0.000013547.1367   14.2434
    0.0000  -15.0000    0.000014170.1797   14.2973
    7.5000  -15.0000    0.000013537.6963   14.2737
   -7.5000   -7.5000    0.000014905.9824   14.2143
    0.0000   -7.5000    0.000015590.0840   14.2642
    7.5000   -7.5000    0.000014841.1367   14.2449
   -7.5000    0.0000    0.000016281.8027   14.2175
    0.0000    0.0000    0.000017062.6348   14.2721
    7.5000    0.0000    0.000016114.4463   14.2562
   -7.5000    7.5000    0.000016598.6797   14.2298
    0.0000    7.5000    0.000017477.8086   14.2946
    7.5000    7.5000    0.000016258.0537   14.2776
   -7.5000   15.0000    0.000016846.0156   14.2382
    0.0000   15.0000    0.000017782.2363   14.3085
    7.5000   15.0000    0.000016256.3486   14.2873
   -7.5000   22.5000    0.000016794.6211   14.2275
    0.0000   22.5000    0.000017686.4629   14.2917
    7.5000   22.5000    0.000016058.4902   14.2672
   -7.5000   30.0000    0.000016247.6670   14.0377
    0.0000   30.0000    0.000017001.2949   14.0909
    7.5000   30.0000    0.000015528.2920   14.0675
   -7.5000   37.5000    0.000015927.6523   14.0295
    0.0000   37.5000    0.000016660.5625   14.0787
    7.5000   37.5000    0.000015290.4912   14.0597
   -7.5000   45.0000    0.000014879.1777   13.7040
    0.0000   45.0000    0.000015560.5498   13.7567
    7.5000   45.0000    0.000014390.9561   13.7413
   -7.5000  -45.0000    7.5000 8241.2988   15.3683
    0.0000  -45.0000    7.5000 8675.0674   15.4385
    7.5000  -45.0000    7.5000 8231.4502   15.4160
   -7.5000  -37.5000    7.5000 9168.5225   14.9467
    0.0000  -37.5000    7.5000 9626.5771   15.0203
    7.5000  -37.5000    7.5000 9148.1826   14.9952
   -7.5000  -30.0000    7.500010428.5635   14.6054
    0.0000  -30.0000    7.500010938.5879   14.6808
    7.5000  -30.0000    7.500010395.3867   14.6548
   -7.5000  -22.5000    7.500011717.0820   14.3545
    0.0000  -22.5000    7.500012283.3564   14.4215
    7.5000  -22.5000    7.500011681.2197   14.3962
   -7.5000  -15.0000    7.500013069.4434   14.2504
    0.0000  -15.0000    7.500013694.4648   14.3072
    7.5000  -15.0000    7.500012981.5049   14.2846
   -7.5000   -7.5000    7.500014445.0684   14.2194
    0.0000   -7.5000    7.500015098.8936   14.2730
    7.5000   -7.5000    7.500014249.0957   14.2539
   -7.5000    0.0000    7.500015777.1904   14.2256
    0.0000    0.0000    7.500016504.4336   14.2846
    7.5000    0.0000    7.500015499.6230   14.2665
   -7.5000    7.5000    7.500016030.9258   14.2437
    0.0000    7.5000    7.500016905.1992   14.3120
    7.5000    7.5000    7.500015687.8057   14.2911
   -7.5000   15.0000    7.500016122.7354   14.2547
    0.0000   15.0000    7.500017200.4043   14.3273
    7.5000   15.0000    7.500015701.0498   14.3029
   -7.5000   22.5000    7.500015967.3936   14.2398
    0.0000   22.5000    7.500017067.0039   14.3062
    7.5000   22.5000    7.500015509.2178   14.2811
   -7.5000   30.0000    7.500015428.0586   14.0442
    0.0000   30.0000    7.500016406.0312   14.1002
    7.5000   30.0000    7.500015014.9941   14.0779
   -7.5000   37.5000    7.500015152.6562   14.0344
    0.0000   37.5000    7.500016098.1875   14.0874
    7.5000   37.5000    7.500014826.2734   14.0685
   -7.5000   45.0000    7.500014217.6006   13.7119
    0.0000   45.0000    7.500015065.1904   13.7687
    7.5000   45.0000    7.500013989.8105   13.7513
   -7.5000  -45.0000   15.0000 7716.8960   15.3865
    0.0000  -45.0000   15.0000 8160.8750   15.4583
    7.5000  -45.0000   15.0000 7700.6392   15.4307
   -7.5000  -37.5000   15.0000 8622.9414   14.9695
    0.0000  -37.5000   15.0000 9104.2197   15.0438
    7.5000  -37.5000   15.0000 8591.4688   15.0150
   -7.5000  -30.0000   15.0000 9846.1602   14.6259
    0.0000  -30.0000   15.000010404.1621   14.7011
    7.5000  -30.0000   15.0000 9811.2559   14.6739
   -7.5000  -22.5000   15.000011108.0420   14.3687
    0.0000  -22.5000   15.000011728.6221   14.4355
    7.5000  -22.5000   15.000011056.4570   14.4102
   -7.5000  -15.0000   15.000012392.5098   14.2608
    0.0000  -15.0000   15.000013057.2959   14.3178
    7.5000  -15.0000   15.000012302.4697   14.2946
   -7.5000   -7.5000   15.000013627.0830   14.2321
    0.0000   -7.5000   15.000014347.0088   14.2867
    7.5000   -7.5000   15.000013527.9395   14.2649
   -7.5000    0.0000   15.000014787.7119   14.2436
    0.0000    0.0000   15.000015581.2422   14.3042
    7.5000    0.0000   15.000014733.1162   14.2821
   -7.5000    7.5000   15.000014948.6348   14.2653
    0.0000    7.5000   15.000015914.1768   14.3344
    7.5000    7.5000   15.000014942.5039   14.3103
   -7.5000   15.0000   15.000014963.8691   14.2748
    0.0000   15.0000   15.000016151.7734   14.3471
    7.5000   15.0000   15.000014956.0859   14.3215
   -7.5000   22.5000   15.000014722.2539   14.2538
    0.0000   22.5000   15.000015779.8213   14.3199
    7.5000   22.5000   15.000014682.0039   14.2947
   -7.5000   30.0000   15.000014173.6445   14.0542
    0.0000   30.0000   15.000015053.4150   14.1104
    7.5000   30.0000   15.000014137.0098   14.0875
   -7.5000   37.5000   15.000014020.9854   14.0470
    0.0000   37.5000   15.000014887.8848   14.1009
    7.5000   37.5000   15.000014026.3740   14.0794
   -7.5000   45.0000   15.000013311.2910   13.7292
    0.0000   45.0000   15.000014136.5576   13.7876
    7.5000   45.0000   15.000013304.7295   13.7663
   -7.5000  -45.0000   22.5000 7112.9502   15.5496
    0.0000  -45.0000   22.5000 7521.2686   15.6182
    7.5000  -45.0000   22.5000 7114.3896   15.5884
   -7.5000  -37.5000   22.5000 7989.8291   15.1214
    0.0000  -37.5000   22.5000 8462.9824   15.1929
    7.5000  -37.5000   22.5000 8001.0244   15.1640
   -7.5000  -30.0000   22.5000 9150.4453   14.7662
    0.0000  -30.0000   22.5000 9709.8145   14.8389
    7.5000  -30.0000   22.5000 9184.5938   14.8130
   -7.5000  -22.5000   22.500010344.7490   14.5023
    0.0000  -22.5000   22.500010947.5986   14.5663
    7.5000  -22.5000   22.500010368.0332   14.5413
   -7.5000  -15.0000   22.500011520.6553   14.3962
    0.0000  -15.0000   22.500012153.6299   14.4500
    7.5000  -15.0000   22.500011518.4561   14.4250
   -7.5000   -7.5000   22.500012654.2588   14.3725
    0.0000   -7.5000   22.500013301.1387   14.4239
    7.5000   -7.5000   22.500012645.3857   14.3993
   -7.5000    0.0000   22.500013720.0215   14.3864
    0.0000    0.0000   22.500014442.9971   14.4441
    7.5000    0.0000   22.500013762.7764   14.4199
   -7.5000    7.5000   22.500013889.7559   14.4048
    0.0000    7.5000   22.500014765.3301   14.4711
    7.5000    7.5000   22.500013968.9971   14.4472
   -7.5000   15.0000   22.500013907.6143   14.4089
    0.0000   15.0000   22.500014839.7969   14.4785
    7.5000   15.0000   22.500013977.9092   14.4542
   -7.5000   22.5000   22.500013615.5684   14.3858
    0.0000   22.5000   22.500014384.1602   14.4492
    7.5000   22.5000   22.500013654.2598   14.4242
   -7.5000   30.0000   22.500013153.4502   14.1875
    0.0000   30.0000   22.500013796.4316   14.2407
    7.5000   30.0000   22.500013155.3750   14.2159
   -7.5000   37.5000   22.500013113.0498   14.1855
    0.0000   37.5000   22.500013807.6953   14.2363
    7.5000   37.5000   22.500013141.1172   14.2120
   -7.5000   45.0000   22.500012504.7764   13.8669
    0.0000   45.0000   22.500013196.4043   13.9224
    7.5000   45.0000   22.500012511.9150   13.8991
   -7.5000  -45.0000   30.0000 6500.6353   15.8639
    0.0000  -45.0000   30.0000 6845.6519   15.9306
    7.5000  -45.0000   30.0000 6486.1992   15.9029
   -7.5000  -37.5000   30.0000 7321.2798   15.4133
    0.0000  -37.5000   30.0000 7742.5625   15.4834
    7.5000  -37.5000   30.0000 7321.7554   15.4577
   -7.5000  -30.0000   30.0000 8432.9346   15.0425
    0.0000  -30.0000   30.0000 8913.0186   15.1145
    7.5000  -30.0000   30.0000 8438.2734   15.0910
   -7.5000  -22.5000   30.0000 9543.5234   14.7721
    0.0000  -22.5000   30.000010051.9756   14.8353
    7.5000  -22.5000   30.0000 9553.1865   14.8099
   -7.5000  -15.0000   30.000010636.4336   14.6683
    0.0000  -15.0000   30.000011153.9121   14.7206
    7.5000  -15.0000   30.000010616.0771   14.6937
   -7.5000   -7.5000   30.000011678.4902   14.6460
    0.0000   -7.5000   30.000012216.1777   14.6952
    7.5000   -7.5000   30.000011653.2432   14.6698
   -7.5000    0.0000   30.000012713.6768   14.6574
    0.0000    0.0000   30.000013297.0518   14.7126
    7.5000    0.0000   30.000012701.4600   14.6900
   -7.5000    7.5000   30.000012879.3389   14.6706
    0.0000    7.5000   30.000013577.4893   14.7352
    7.5000    7.5000   30.000012918.9648   14.7144
   -7.5000   15.0000   30.000012839.9688   14.6717
    0.0000   15.0000   30.000013530.1797   14.7407
    7.5000   15.0000   30.000012907.0176   14.7187
   -7.5000   22.5000   30.000012544.4365   14.6517
    0.0000   22.5000   30.000013128.7373   14.7144
    7.5000   22.5000   30.000012584.6758   14.6892
   -7.5000   30.0000   30.000012141.5508   14.4555
    0.0000   30.0000   30.000012681.5674   14.5072
    7.5000   30.0000   30.000012155.9697   14.4806
   -7.5000   37.5000   30.000012169.6699   14.4555
    0.0000   37.5000   30.000012779.3672   14.5041
    7.5000   37.5000   30.000012184.4297   14.4790
   -7.5000   45.0000   30.000011640.0371   14.1280
    0.0000   45.0000   30.000012237.4746   14.1812
    7.5000   45.0000   30.000011626.5449   14.1595
   -7.5000  -45.0000   37.5000 6221.1802   16.3708
    0.0000  -45.0000   37.5000 6534.9082   16.4398
    7.5000  -45.0000   37.5000 6189.2549   16.4141
   -7.5000  -37.5000   37.5000 7014.7104   15.8880
    0.0000  -37.5000   37.5000 7382.8037   15.9608
    7.5000  -37.5000   37.5000 6987.5503   15.9359
   -7.5000  -30.0000   37.5000 8092.7412   15.4979
    0.0000  -30.0000   37.5000 8503.9746   15.5738
    7.5000  -30.0000   37.5000 8071.6621   15.5487
   -7.5000  -22.5000   37.5000 9164.0830   15.2199
    0.0000  -22.5000   37.5000 9593.9316   15.2865
    7.5000  -22.5000   37.5000 9140.3301   15.2580
   -7.5000  -15.0000   37.500010238.5000   15.1146
    0.0000  -15.0000   37.500010680.3291   15.1696
    7.5000  -15.0000   37.500010188.8184   15.1400
   -7.5000   -7.5000   37.500011255.5576   15.0867
    0.0000   -7.5000   37.500011703.6494   15.1377
    7.5000   -7.5000   37.500011189.2236   15.1120
   -7.5000    0.0000   37.500012251.4277   15.0906
    0.0000    0.0000   37.500012770.8232   15.1470
    7.5000    0.0000   37.500012198.9473   15.1260
   -7.5000    7.5000   37.500012416.0283   15.0999
    0.0000    7.5000   37.500013014.4053   15.1668
    7.5000    7.5000   37.500012426.4395   15.1469
   -7.5000   15.0000   37.500012338.8965   15.1041
    0.0000   15.0000   37.500012894.9551   15.1767
    7.5000   15.0000   37.500012372.3555   15.1534
   -7.5000   22.5000   37.500012044.1182   15.0923
    0.0000   22.5000   37.500012550.9658   15.1584
    7.5000   22.5000   37.500012043.3770   15.1301
   -7.5000   30.0000   37.500011685.9727   14.8949
    0.0000   30.0000   37.500012193.2295   14.9492
    7.5000   30.0000   37.500011675.9912   14.9200
   -7.5000   37.5000   37.500011744.8926   14.8904
    0.0000   37.5000   37.500012311.4805   14.9408
    7.5000   37.5000   37.500011745.8936   14.9154
   -7.5000   45.0000   37.500011260.6836   14.5456
    0.0000   45.0000   37.500011815.4238   14.5999
    7.5000   45.0000   37.500011234.7324   14.5797
   -7.5000  -45.0000   45.0000 5719.5981   16.9512
    0.0000  -45.0000   45.0000 6016.9600   17.0301
    7.5000  -45.0000   45.0000 5712.5757   17.0042
   -7.5000  -37.5000   45.0000 6454.5928   16.4523
    0.0000  -37.5000   45.0000 6783.8135   16.5356
    7.5000  -37.5000   45.0000 6438.0840   16.5083
   -7.5000  -30.0000   45.0000 7458.8521   16.0403
    0.0000  -30.0000   45.0000 7815.5376   16.1266
    7.5000  -30.0000   45.0000 7431.6133   16.0977
   -7.5000  -22.5000   45.0000 8453.7539   15.7426
    0.0000  -22.5000   45.0000 8838.8701   15.8184
    7.5000  -22.5000   45.0000 8417.0156   15.7877
   -7.5000  -15.0000   45.0000 9448.4189   15.6234
    0.0000  -15.0000   45.0000 9844.3916   15.6863
    7.5000  -15.0000   45.0000 9388.8379   15.6566
   -7.5000   -7.5000   45.000010405.7002   15.5862
    0.0000   -7.5000   45.000010824.7676   15.6448
    7.5000   -7.5000   45.000010330.9189   15.6200
   -7.5000    0.0000   45.000011330.0986   15.5884
    0.0000    0.0000   45.000011791.5410   15.6528
    7.5000    0.0000   45.000011265.9443   15.6318
   -7.5000    7.5000   45.000011462.0781   15.6036
    0.0000    7.5000   45.000011966.9092   15.6798
    7.5000    7.5000   45.000011455.9941   15.6578
   -7.5000   15.0000   45.000011369.4229   15.6156
    0.0000   15.0000   45.000011848.3555   15.6981
    7.5000   15.0000   45.000011398.2812   15.6714
   -7.5000   22.5000   45.000011124.1406   15.6050
    0.0000   22.5000   45.000011588.9189   15.6801
    7.5000   22.5000   45.000011118.1426   15.6495
   -7.5000   30.0000   45.000010819.6533   15.3939
    0.0000   30.0000   45.000011287.0449   15.4561
    7.5000   30.0000   45.000010806.7969   15.4267
   -7.5000   37.5000   45.000010883.7207   15.3821
    0.0000   37.5000   45.000011377.4326   15.4399
    7.5000   37.5000   45.000010885.9648   15.4154
   -7.5000   45.0000   45.000010430.6074   15.0323
    0.0000   45.0000   45.000010930.9521   15.0943
    7.5000   45.0000   45.000010420.9297   15.0741

---------------------------------------------------------------------
imgreg_4dfp /opt/freesurfer/average/711-2C_as_mni_average_305 /opt/freesurfer/average/711-2B_as_mni_average_305_mask talsrcimg_g11 none talsrcimg_to_711-2C_as_mni_average_305_t4 4355
---------------------------------------------------------------------

freesurfer imgreg_4dfp.c
/opt/freesurfer/average/711-2C_as_mni_average_305.4dfp.img
       256       256       256         1
  1.000000  1.000000  1.000000
orientation T byte_order littleendian
Reading image: /opt/freesurfer/average/711-2C_as_mni_average_305.4dfp.img
dimensions:      256       256       256
mmppix:       1.0000   -1.0000   -1.0000
center:     128.0000 -129.0000 -129.0000
/opt/freesurfer/average/711-2B_as_mni_average_305_mask.4dfp.img
       256       256       256         1
  1.000000  1.000000  1.000000
orientation T byte_order littleendian
Reading mask: /opt/freesurfer/average/711-2B_as_mni_average_305_mask.4dfp.img (2306576 pixels)
talsrcimg_g11.4dfp.img
       256       256       256         1
  1.000000  1.000000  1.000000
orientation T byte_order littleendian
Reading image: talsrcimg_g11.4dfp.img
dimensions:      256       256       256
mmppix:       1.0000   -1.0000   -1.0000
center:     128.0000 -129.0000 -129.0000
rotation matrix determinant  1.000000
image alignment mode   4355 decimal     1103 hex
   -7.5000  -30.0000  -45.0000 2096.1157   17.1802
    0.0000  -30.0000  -45.0000 2098.7610   17.3319
    7.5000  -30.0000  -45.0000 2067.0645   17.4614
   -7.5000  -22.5000  -45.0000 2215.5046   15.5117
    0.0000  -22.5000  -45.0000 2218.0254   15.5813
    7.5000  -22.5000  -45.0000 2186.2969   15.7181
   -7.5000  -15.0000  -45.0000 2317.9807   14.1893
    0.0000  -15.0000  -45.0000 2314.2183   14.1910
    7.5000  -15.0000  -45.0000 2285.6318   14.3743
   -7.5000   -7.5000  -45.0000 2400.3884   13.1775
    0.0000   -7.5000  -45.0000 2395.0059   13.1413
    7.5000   -7.5000  -45.0000 2371.9307   13.3476
   -7.5000    0.0000  -45.0000 2456.8350   12.4506
    0.0000    0.0000  -45.0000 2455.4890   12.4045
    7.5000    0.0000  -45.0000 2432.3503   12.6159
   -7.5000    7.5000  -45.0000 2491.0383   12.0377
    0.0000    7.5000  -45.0000 2489.1350   11.9845
    7.5000    7.5000  -45.0000 2467.1870   12.1853
   -7.5000   15.0000  -45.0000 2511.2727   11.8623
    0.0000   15.0000  -45.0000 2508.5579   11.7883
    7.5000   15.0000  -45.0000 2490.3186   11.9523
   -7.5000   22.5000  -45.0000 2522.4075   11.9752
    0.0000   22.5000  -45.0000 2518.1743   11.8930
    7.5000   22.5000  -45.0000 2496.6475   12.0531
   -7.5000   30.0000  -45.0000 2503.2634   12.3591
    0.0000   30.0000  -45.0000 2505.6079   12.2861
    7.5000   30.0000  -45.0000 2482.2168   12.4165
   -7.5000   37.5000  -45.0000 2465.4639   12.9519
    0.0000   37.5000  -45.0000 2469.2036   12.8630
    7.5000   37.5000  -45.0000 2442.9312   13.0110
   -7.5000   45.0000  -45.0000 2406.0779   13.6841
    0.0000   45.0000  -45.0000 2415.6189   13.5902
    7.5000   45.0000  -45.0000 2388.2014   13.7518
   -7.5000   52.5000  -45.0000 2312.5374   14.5123
    0.0000   52.5000  -45.0000 2322.6860   14.4534
    7.5000   52.5000  -45.0000 2292.4851   14.5866
   -7.5000   60.0000  -45.0000 2176.4512   15.4880
    0.0000   60.0000  -45.0000 2187.9033   15.4455
    7.5000   60.0000  -45.0000 2155.0032   15.5618
   -7.5000  -30.0000  -37.5000 2152.4580   16.3319
    0.0000  -30.0000  -37.5000 2153.6074   16.4037
    7.5000  -30.0000  -37.5000 2118.7656   16.6050
   -7.5000  -22.5000  -37.5000 2278.7561   14.7075
    0.0000  -22.5000  -37.5000 2280.8445   14.7367
    7.5000  -22.5000  -37.5000 2245.4912   14.9391
   -7.5000  -15.0000  -37.5000 2389.4883   13.4285
    0.0000  -15.0000  -37.5000 2386.3035   13.4117
    7.5000  -15.0000  -37.5000 2357.7300   13.6330
   -7.5000   -7.5000  -37.5000 2478.8936   12.4558
    0.0000   -7.5000  -37.5000 2473.2358   12.4090
    7.5000   -7.5000  -37.5000 2451.7166   12.6374
   -7.5000    0.0000  -37.5000 2542.1045   11.7718
    0.0000    0.0000  -37.5000 2537.8882   11.7085
    7.5000    0.0000  -37.5000 2521.7703   11.9046
   -7.5000    7.5000  -37.5000 2580.1108   11.3340
    0.0000    7.5000  -37.5000 2578.8958   11.2599
    7.5000    7.5000  -37.5000 2560.4866   11.4543
   -7.5000   15.0000  -37.5000 2601.9834   11.0860
    0.0000   15.0000  -37.5000 2598.5693   11.0107
    7.5000   15.0000  -37.5000 2578.7168   11.1956
   -7.5000   22.5000  -37.5000 2609.0869   11.1776
    0.0000   22.5000  -37.5000 2606.0535   11.1167
    7.5000   22.5000  -37.5000 2589.4978   11.2808
   -7.5000   30.0000  -37.5000 2589.1809   11.5233
    0.0000   30.0000  -37.5000 2590.9543   11.4488
    7.5000   30.0000  -37.5000 2572.3286   11.6101
   -7.5000   37.5000  -37.5000 2553.6580   12.0209
    0.0000   37.5000  -37.5000 2553.4346   11.9388
    7.5000   37.5000  -37.5000 2535.6750   12.1156
   -7.5000   45.0000  -37.5000 2493.4966   12.6744
    0.0000   45.0000  -37.5000 2500.4805   12.5906
    7.5000   45.0000  -37.5000 2478.9065   12.7837
   -7.5000   52.5000  -37.5000 2396.6355   13.4389
    0.0000   52.5000  -37.5000 2405.0752   13.3857
    7.5000   52.5000  -37.5000 2381.7476   13.5571
   -7.5000   60.0000  -37.5000 2253.8225   14.3450
    0.0000   60.0000  -37.5000 2264.7170   14.2827
    7.5000   60.0000  -37.5000 2238.9414   14.4432
   -7.5000  -30.0000  -30.0000 2234.4441   16.2093
    0.0000  -30.0000  -30.0000 2236.7583   16.2118
    7.5000  -30.0000  -30.0000 2204.8655   16.4832
   -7.5000  -22.5000  -30.0000 2370.5786   14.5501
    0.0000  -22.5000  -30.0000 2371.4668   14.5327
    7.5000  -22.5000  -30.0000 2338.7292   14.7828
   -7.5000  -15.0000  -30.0000 2488.2324   13.2391
    0.0000  -15.0000  -30.0000 2487.0686   13.2242
    7.5000  -15.0000  -30.0000 2461.4268   13.4527
   -7.5000   -7.5000  -30.0000 2586.4338   12.2391
    0.0000   -7.5000  -30.0000 2582.9028   12.1931
    7.5000   -7.5000  -30.0000 2564.8972   12.4327
   -7.5000    0.0000  -30.0000 2661.6956   11.5338
    0.0000    0.0000  -30.0000 2656.4868   11.4723
    7.5000    0.0000  -30.0000 2636.5422   11.6631
   -7.5000    7.5000  -30.0000 2709.2776   11.0707
    0.0000    7.5000  -30.0000 2705.3887   11.0046
    7.5000    7.5000  -30.0000 2688.4368   11.1760
   -7.5000   15.0000  -30.0000 2732.0024   10.7757
    0.0000   15.0000  -30.0000 2728.3711   10.7123
    7.5000   15.0000  -30.0000 2708.8694   10.8921
   -7.5000   22.5000  -30.0000 2737.3218   10.8267
    0.0000   22.5000  -30.0000 2737.5081   10.7710
    7.5000   22.5000  -30.0000 2719.2751   10.9580
   -7.5000   30.0000  -30.0000 2722.0771   11.1372
    0.0000   30.0000  -30.0000 2723.7920   11.0651
    7.5000   30.0000  -30.0000 2709.2173   11.2549
   -7.5000   37.5000  -30.0000 2687.0017   11.5988
    0.0000   37.5000  -30.0000 2691.3689   11.5139
    7.5000   37.5000  -30.0000 2674.8589   11.7127
   -7.5000   45.0000  -30.0000 2628.3896   12.2297
    0.0000   45.0000  -30.0000 2638.9441   12.1379
    7.5000   45.0000  -30.0000 2618.8374   12.3340
   -7.5000   52.5000  -30.0000 2525.5627   12.9817
    0.0000   52.5000  -30.0000 2535.1016   12.8925
    7.5000   52.5000  -30.0000 2515.7522   13.0632
   -7.5000   60.0000  -30.0000 2377.0701   13.8729
    0.0000   60.0000  -30.0000 2382.6321   13.7658
    7.5000   60.0000  -30.0000 2362.3179   13.9345
   -7.5000  -30.0000  -22.5000 2287.6816   16.0270
    0.0000  -30.0000  -22.5000 2289.4089   15.9966
    7.5000  -30.0000  -22.5000 2257.3816   16.2900
   -7.5000  -22.5000  -22.5000 2426.3533   14.3333
    0.0000  -22.5000  -22.5000 2422.9978   14.2950
    7.5000  -22.5000  -22.5000 2389.7332   14.5524
   -7.5000  -15.0000  -22.5000 2546.2480   12.9772
    0.0000  -15.0000  -22.5000 2542.5547   12.9430
    7.5000  -15.0000  -22.5000 2516.7627   13.2098
   -7.5000   -7.5000  -22.5000 2653.5908   11.9646
    0.0000   -7.5000  -22.5000 2649.4485   11.9235
    7.5000   -7.5000  -22.5000 2628.4810   12.1717
   -7.5000    0.0000  -22.5000 2736.6570   11.2403
    0.0000    0.0000  -22.5000 2730.4702   11.2034
    7.5000    0.0000  -22.5000 2713.1890   11.3899
   -7.5000    7.5000  -22.5000 2793.3665   10.7392
    0.0000    7.5000  -22.5000 2791.9756   10.6851
    7.5000    7.5000  -22.5000 2772.7190   10.8631
   -7.5000   15.0000  -22.5000 2825.1697   10.4259
    0.0000   15.0000  -22.5000 2824.4385   10.3548
    7.5000   15.0000  -22.5000 2801.9255   10.5727
   -7.5000   22.5000  -22.5000 2839.1250   10.4049
    0.0000   22.5000  -22.5000 2840.5103   10.3444
    7.5000   22.5000  -22.5000 2817.8918   10.5686
   -7.5000   30.0000  -22.5000 2828.4343   10.6948
    0.0000   30.0000  -22.5000 2834.0950   10.6146
    7.5000   30.0000  -22.5000 2815.4817   10.8265
   -7.5000   37.5000  -22.5000 2791.5608   11.1547
    0.0000   37.5000  -22.5000 2802.7031   11.0496
    7.5000   37.5000  -22.5000 2785.2341   11.2655
   -7.5000   45.0000  -22.5000 2731.5361   11.7528
    0.0000   45.0000  -22.5000 2744.0688   11.6506
    7.5000   45.0000  -22.5000 2723.3799   11.8502
   -7.5000   52.5000  -22.5000 2625.7273   12.4750
    0.0000   52.5000  -22.5000 2638.4685   12.3913
    7.5000   52.5000  -22.5000 2618.2466   12.5590
   -7.5000   60.0000  -22.5000 2473.4092   13.3383
    0.0000   60.0000  -22.5000 2481.3862   13.2428
    7.5000   60.0000  -22.5000 2462.5562   13.4139
   -7.5000  -30.0000  -15.0000 2300.3208   15.8763
    0.0000  -30.0000  -15.0000 2296.7405   15.8236
    7.5000  -30.0000  -15.0000 2269.7800   16.1909
   -7.5000  -22.5000  -15.0000 2440.8359   14.1649
    0.0000  -22.5000  -15.0000 2432.3782   14.0822
    7.5000  -22.5000  -15.0000 2405.3616   14.4061
   -7.5000  -15.0000  -15.0000 2562.9927   12.7761
    0.0000  -15.0000  -15.0000 2556.5269   12.7124
    7.5000  -15.0000  -15.0000 2532.4102   13.0097
   -7.5000   -7.5000  -15.0000 2673.6438   11.7510
    0.0000   -7.5000  -15.0000 2670.1287   11.7037
    7.5000   -7.5000  -15.0000 2649.7434   11.9465
   -7.5000    0.0000  -15.0000 2766.2629   10.9874
    0.0000    0.0000  -15.0000 2762.6228   10.9585
    7.5000    0.0000  -15.0000 2742.3801   11.1462
   -7.5000    7.5000  -15.0000 2833.1106   10.4673
    0.0000    7.5000  -15.0000 2829.4722   10.4375
    7.5000    7.5000  -15.0000 2814.7258   10.5805
   -7.5000   15.0000  -15.0000 2875.3525   10.1798
    0.0000   15.0000  -15.0000 2878.3999   10.1463
    7.5000   15.0000  -15.0000 2858.2852   10.2867
   -7.5000   22.5000  -15.0000 2898.5352   10.0858
    0.0000   22.5000  -15.0000 2900.6924   10.0468
    7.5000   22.5000  -15.0000 2876.8496   10.2403
   -7.5000   30.0000  -15.0000 2892.3125   10.3162
    0.0000   30.0000  -15.0000 2900.0408   10.2597
    7.5000   30.0000  -15.0000 2877.2209   10.4795
   -7.5000   37.5000  -15.0000 2853.9048   10.7679
    0.0000   37.5000  -15.0000 2870.3999   10.6848
    7.5000   37.5000  -15.0000 2844.4829   10.8793
   -7.5000   45.0000  -15.0000 2797.8582   11.3427
    0.0000   45.0000  -15.0000 2811.7615   11.2551
    7.5000   45.0000  -15.0000 2785.3721   11.4247
   -7.5000   52.5000  -15.0000 2693.7981   12.0252
    0.0000   52.5000  -15.0000 2703.7737   11.9518
    7.5000   52.5000  -15.0000 2682.3862   12.0900
   -7.5000   60.0000  -15.0000 2539.4360   12.8577
    0.0000   60.0000  -15.0000 2546.0242   12.7652
    7.5000   60.0000  -15.0000 2522.4890   12.9076
   -7.5000  -30.0000   -7.5000 2289.9680   15.8246
    0.0000  -30.0000   -7.5000 2284.2998   15.7419
    7.5000  -30.0000   -7.5000 2263.9167   16.1623
   -7.5000  -22.5000   -7.5000 2425.6755   14.0518
    0.0000  -22.5000   -7.5000 2417.6938   13.9391
    7.5000  -22.5000   -7.5000 2400.4246   14.2973
   -7.5000  -15.0000   -7.5000 2548.4756   12.6376
    0.0000  -15.0000   -7.5000 2539.3818   12.5552
    7.5000  -15.0000   -7.5000 2526.5205   12.8422
   -7.5000   -7.5000   -7.5000 2664.1731   11.5961
    0.0000   -7.5000   -7.5000 2657.0969   11.5447
    7.5000   -7.5000   -7.5000 2645.8914   11.7753
   -7.5000    0.0000   -7.5000 2766.5371   10.8429
    0.0000    0.0000   -7.5000 2761.2520   10.8202
    7.5000    0.0000   -7.5000 2747.9409   10.9944
   -7.5000    7.5000   -7.5000 2849.8206   10.3203
    0.0000    7.5000   -7.5000 2847.6848   10.3306
    7.5000    7.5000   -7.5000 2835.8406   10.4406
   -7.5000   15.0000   -7.5000 2907.4148   10.0880
    0.0000   15.0000   -7.5000 2910.8276   10.0934
    7.5000   15.0000   -7.5000 2895.1208   10.1401
   -7.5000   22.5000   -7.5000 2938.1931   10.0091
    0.0000   22.5000   -7.5000 2947.5415    9.9983
    7.5000   22.5000   -7.5000 2920.4102   10.0494
   -7.5000   30.0000   -7.5000 2936.7251   10.1319
    0.0000   30.0000   -7.5000 2941.6606   10.0766
    7.5000   30.0000   -7.5000 2918.6497   10.1921
   -7.5000   37.5000   -7.5000 2903.6279   10.5149
    0.0000   37.5000   -7.5000 2906.1252   10.4159
    7.5000   37.5000   -7.5000 2879.3003   10.4984
   -7.5000   45.0000   -7.5000 2840.9736   11.0497
    0.0000   45.0000   -7.5000 2846.4546   10.9326
    7.5000   45.0000   -7.5000 2821.4553   10.9953
   -7.5000   52.5000   -7.5000 2732.8511   11.7139
    0.0000   52.5000   -7.5000 2738.1707   11.5881
    7.5000   52.5000   -7.5000 2713.7969   11.6527
   -7.5000   60.0000   -7.5000 2575.9343   12.5184
    0.0000   60.0000   -7.5000 2581.9761   12.3809
    7.5000   60.0000   -7.5000 2556.8855   12.4611
   -7.5000  -30.0000    0.0000 2264.1880   15.9970
    0.0000  -30.0000    0.0000 2255.5386   15.9857
    7.5000  -30.0000    0.0000 2239.9712   16.3393
   -7.5000  -22.5000    0.0000 2394.9177   14.1028
    0.0000  -22.5000    0.0000 2388.6340   14.1054
    7.5000  -22.5000    0.0000 2374.6904   14.4270
   -7.5000  -15.0000    0.0000 2516.9841   12.6613
    0.0000  -15.0000    0.0000 2513.0432   12.6872
    7.5000  -15.0000    0.0000 2504.0808   12.9573
   -7.5000   -7.5000    0.0000 2639.0437   11.6273
    0.0000   -7.5000    0.0000 2636.7795   11.6505
    7.5000   -7.5000    0.0000 2627.1523   11.8466
   -7.5000    0.0000    0.0000 2752.0933   10.9048
    0.0000    0.0000    0.0000 2752.3350   10.9319
    7.5000    0.0000    0.0000 2738.9412   11.0302
   -7.5000    7.5000    0.0000 2858.8115   10.4410
    0.0000    7.5000    0.0000 2862.5334   10.4924
    7.5000    7.5000    0.0000 2840.5369   10.4706
   -7.5000   15.0000    0.0000 2938.5776   10.2520
    0.0000   15.0000    0.0000 2950.5811   10.2688
    7.5000   15.0000    0.0000 2911.5330   10.1432
   -7.5000   22.5000    0.0000 2985.2158   10.1824
    0.0000   22.5000    0.0000 3000.9021   10.1885
    7.5000   22.5000    0.0000 2944.7588   10.0001
   -7.5000   30.0000    0.0000 2980.1958   10.2264
    0.0000   30.0000    0.0000 2989.6975   10.1574
    7.5000   30.0000    0.0000 2940.3738   10.0507
   -7.5000   37.5000    0.0000 2933.9819   10.4272
    0.0000   37.5000    0.0000 2943.0312   10.3452
    7.5000   37.5000    0.0000 2900.6089   10.2888
   -7.5000   45.0000    0.0000 2861.9363   10.8550
    0.0000   45.0000    0.0000 2875.1611   10.7701
    7.5000   45.0000    0.0000 2843.3660   10.7801
   -7.5000   52.5000    0.0000 2750.4038   11.4908
    0.0000   52.5000    0.0000 2760.0129   11.3880
    7.5000   52.5000    0.0000 2738.0122   11.4308
   -7.5000   60.0000    0.0000 2594.8008   12.3147
    0.0000   60.0000    0.0000 2603.1597   12.2085
    7.5000   60.0000    0.0000 2578.6543   12.2676
   -7.5000  -30.0000    7.5000 2225.3948   16.3403
    0.0000  -30.0000    7.5000 2225.0930   16.4362
    7.5000  -30.0000    7.5000 2213.0911   16.7716
   -7.5000  -22.5000    7.5000 2355.8867   14.4326
    0.0000  -22.5000    7.5000 2355.4062   14.4958
    7.5000  -22.5000    7.5000 2345.8972   14.7761
   -7.5000  -15.0000    7.5000 2486.7251   13.0145
    0.0000  -15.0000    7.5000 2483.9968   13.0955
    7.5000  -15.0000    7.5000 2475.1301   13.2689
   -7.5000   -7.5000    7.5000 2621.3328   12.0003
    0.0000   -7.5000    7.5000 2618.0793   12.0553
    7.5000   -7.5000    7.5000 2599.3943   12.1260
   -7.5000    0.0000    7.5000 2745.2502   11.2416
    0.0000    0.0000    7.5000 2748.1750   11.3022
    7.5000    0.0000    7.5000 2719.1868   11.3015
   -7.5000    7.5000    7.5000 2861.3135   10.7252
    0.0000    7.5000    7.5000 2871.5796   10.8143
    7.5000    7.5000    7.5000 2827.6987   10.7068
   -7.5000   15.0000    7.5000 2944.2573   10.4230
    0.0000   15.0000    7.5000 2969.1208   10.5094
    7.5000   15.0000    7.5000 2913.5737   10.3227
   -7.5000   22.5000    7.5000 2997.1194   10.2324
    0.0000   22.5000    7.5000 3024.4268   10.3187
    7.5000   22.5000    7.5000 2959.9775   10.1103
   -7.5000   30.0000    7.5000 2993.1733   10.2253
    0.0000   30.0000    7.5000 3013.3015   10.2033
    7.5000   30.0000    7.5000 2953.9844   10.0846
   -7.5000   37.5000    7.5000 2942.9490   10.4404
    0.0000   37.5000    7.5000 2962.3923   10.3822
    7.5000   37.5000    7.5000 2915.9412   10.3289
   -7.5000   45.0000    7.5000 2868.3992   10.9104
    0.0000   45.0000    7.5000 2884.7471   10.8280
    7.5000   45.0000    7.5000 2851.2280   10.8390
   -7.5000   52.5000    7.5000 2750.9783   11.5451
    0.0000   52.5000    7.5000 2762.7910   11.4479
    7.5000   52.5000    7.5000 2742.2090   11.4917
   -7.5000   60.0000    7.5000 2592.1318   12.3046
    0.0000   60.0000    7.5000 2600.4001   12.2077
    7.5000   60.0000    7.5000 2580.6121   12.2854
   -7.5000  -30.0000   15.0000 2189.7588   17.0661
    0.0000  -30.0000   15.0000 2194.6719   17.2473
    7.5000  -30.0000   15.0000 2174.8247   17.4883
   -7.5000  -22.5000   15.0000 2324.3682   15.0809
    0.0000  -22.5000   15.0000 2329.4045   15.2479
    7.5000  -22.5000   15.0000 2308.5037   15.4194
   -7.5000  -15.0000   15.0000 2456.7021   13.5640
    0.0000  -15.0000   15.0000 2459.1365   13.7117
    7.5000  -15.0000   15.0000 2437.3186   13.8090
   -7.5000   -7.5000   15.0000 2589.8979   12.4281
    0.0000   -7.5000   15.0000 2595.4404   12.5479
    7.5000   -7.5000   15.0000 2566.0146   12.6169
   -7.5000    0.0000   15.0000 2715.4802   11.5493
    0.0000    0.0000   15.0000 2725.8101   11.6686
    7.5000    0.0000   15.0000 2693.6267   11.7196
   -7.5000    7.5000   15.0000 2834.3496   10.9473
    0.0000    7.5000   15.0000 2847.0129   11.0575
    7.5000    7.5000   15.0000 2811.5757   11.0524
   -7.5000   15.0000   15.0000 2923.3550   10.5581
    0.0000   15.0000   15.0000 2945.0457   10.6685
    7.5000   15.0000   15.0000 2902.1367   10.5928
   -7.5000   22.5000   15.0000 2979.0525   10.2788
    0.0000   22.5000   15.0000 3007.1860   10.3728
    7.5000   22.5000   15.0000 2955.0522   10.2924
   -7.5000   30.0000   15.0000 2978.6746   10.1827
    0.0000   30.0000   15.0000 3001.2175   10.1346
    7.5000   30.0000   15.0000 2954.4102   10.1755
   -7.5000   37.5000   15.0000 2932.6787   10.4394
    0.0000   37.5000   15.0000 2953.0100   10.3092
    7.5000   37.5000   15.0000 2916.0854   10.4117
   -7.5000   45.0000   15.0000 2859.5669   11.0036
    0.0000   45.0000   15.0000 2882.8176   10.8610
    7.5000   45.0000   15.0000 2850.6494   10.9695
   -7.5000   52.5000   15.0000 2738.8877   11.7357
    0.0000   52.5000   15.0000 2752.3569   11.6341
    7.5000   52.5000   15.0000 2738.6118   11.6981
   -7.5000   60.0000   15.0000 2579.4165   12.5329
    0.0000   60.0000   15.0000 2582.9824   12.4374
    7.5000   60.0000   15.0000 2574.2427   12.4987
   -7.5000  -30.0000   22.5000 2155.7188   18.0006
    0.0000  -30.0000   22.5000 2163.4553   18.2371
    7.5000  -30.0000   22.5000 2142.2117   18.5348
   -7.5000  -22.5000   22.5000 2294.2864   15.8161
    0.0000  -22.5000   22.5000 2298.1877   15.9922
    7.5000  -22.5000   22.5000 2277.6746   16.2124
   -7.5000  -15.0000   22.5000 2421.7852   14.1286
    0.0000  -15.0000   22.5000 2427.0498   14.2488
    7.5000  -15.0000   22.5000 2404.1550   14.4275
   -7.5000   -7.5000   22.5000 2552.1353   12.8750
    0.0000   -7.5000   22.5000 2555.3367   12.9581
    7.5000   -7.5000   22.5000 2536.7952   13.1155
   -7.5000    0.0000   22.5000 2675.1621   11.9284
    0.0000    0.0000   22.5000 2682.6250   12.0083
    7.5000    0.0000   22.5000 2663.1479   12.1496
   -7.5000    7.5000   22.5000 2789.6990   11.2788
    0.0000    7.5000   22.5000 2797.9116   11.3462
    7.5000    7.5000   22.5000 2777.7126   11.4480
   -7.5000   15.0000   22.5000 2877.5710   10.8295
    0.0000   15.0000   22.5000 2892.4871   10.9033
    7.5000   15.0000   22.5000 2867.3704   10.9181
   -7.5000   22.5000   22.5000 2931.1721   10.4937
    0.0000   22.5000   22.5000 2953.3875   10.5018
    7.5000   22.5000   22.5000 2914.4878   10.5674
   -7.5000   30.0000   22.5000 2942.6475   10.3731
    0.0000   30.0000   22.5000 2951.3997   10.2400
    7.5000   30.0000   22.5000 2920.8938   10.4206
   -7.5000   37.5000   22.5000 2906.6160   10.6643
    0.0000   37.5000   22.5000 2922.0415   10.5248
    7.5000   37.5000   22.5000 2896.1001   10.6639
   -7.5000   45.0000   22.5000 2839.4338   11.2619
    0.0000   45.0000   22.5000 2856.1038   11.1260
    7.5000   45.0000   22.5000 2832.4307   11.2557
   -7.5000   52.5000   22.5000 2717.1042   12.0400
    0.0000   52.5000   22.5000 2728.5237   11.9118
    7.5000   52.5000   22.5000 2718.4714   11.9997
   -7.5000   60.0000   22.5000 2550.2476   12.8571
    0.0000   60.0000   22.5000 2561.1389   12.7491
    7.5000   60.0000   22.5000 2549.5505   12.8171
   -7.5000  -30.0000   30.0000 2111.8760   18.9934
    0.0000  -30.0000   30.0000 2116.8372   19.1830
    7.5000  -30.0000   30.0000 2094.4448   19.5543
   -7.5000  -22.5000   30.0000 2253.7554   16.6314
    0.0000  -22.5000   30.0000 2255.7747   16.6952
    7.5000  -22.5000   30.0000 2237.1582   17.0122
   -7.5000  -15.0000   30.0000 2386.1553   14.8204
    0.0000  -15.0000   30.0000 2386.7002   14.7901
    7.5000  -15.0000   30.0000 2368.6372   15.0628
   -7.5000   -7.5000   30.0000 2508.1399   13.4566
    0.0000   -7.5000   30.0000 2510.5693   13.4295
    7.5000   -7.5000   30.0000 2495.4561   13.6861
   -7.5000    0.0000   30.0000 2626.9099   12.4553
    0.0000    0.0000   30.0000 2630.7158   12.4501
    7.5000    0.0000   30.0000 2616.7151   12.6655
   -7.5000    7.5000   30.0000 2737.1042   11.7498
    0.0000    7.5000   30.0000 2741.0881   11.7576
    7.5000    7.5000   30.0000 2727.6350   11.9216
   -7.5000   15.0000   30.0000 2813.1997   11.2516
    0.0000   15.0000   30.0000 2825.2188   11.2765
    7.5000   15.0000   30.0000 2810.7107   11.3669
   -7.5000   22.5000   30.0000 2862.1499   10.9046
    0.0000   22.5000   30.0000 2875.7083   10.8128
    7.5000   22.5000   30.0000 2849.8813   10.9900
   -7.5000   30.0000   30.0000 2876.7852   10.7901
    0.0000   30.0000   30.0000 2881.9514   10.6701
    7.5000   30.0000   30.0000 2860.4880   10.8554
   -7.5000   37.5000   30.0000 2851.8269   11.0786
    0.0000   37.5000   30.0000 2866.5862   10.9810
    7.5000   37.5000   30.0000 2842.8103   11.1006
   -7.5000   45.0000   30.0000 2792.6111   11.6718
    0.0000   45.0000   30.0000 2805.7229   11.5588
    7.5000   45.0000   30.0000 2785.9683   11.6673
   -7.5000   52.5000   30.0000 2676.1021   12.4427
    0.0000   52.5000   30.0000 2688.5242   12.2905
    7.5000   52.5000   30.0000 2678.2378   12.3948
   -7.5000   60.0000   30.0000 2514.7917   13.2449
    0.0000   60.0000   30.0000 2524.3059   13.1310
    7.5000   60.0000   30.0000 2514.7581   13.2179
   -7.5000  -30.0000   37.5000 2059.6025   20.0909
    0.0000  -30.0000   37.5000 2062.7212   20.0861
    7.5000  -30.0000   37.5000 2044.6655   20.4950
   -7.5000  -22.5000   37.5000 2205.3313   17.5495
    0.0000  -22.5000   37.5000 2204.7671   17.4479
    7.5000  -22.5000   37.5000 2192.2314   17.8175
   -7.5000  -15.0000   37.5000 2339.3513   15.6144
    0.0000  -15.0000   37.5000 2338.3479   15.4749
    7.5000  -15.0000   37.5000 2325.7600   15.7912
   -7.5000   -7.5000   37.5000 2461.5967   14.1767
    0.0000   -7.5000   37.5000 2460.7788   14.0650
    7.5000   -7.5000   37.5000 2447.3994   14.3753
   -7.5000    0.0000   37.5000 2574.0486   13.1435
    0.0000    0.0000   37.5000 2575.9001   13.0581
    7.5000    0.0000   37.5000 2560.9226   13.3241
   -7.5000    7.5000   37.5000 2679.5178   12.3986
    0.0000    7.5000   37.5000 2679.4299   12.3351
    7.5000    7.5000   37.5000 2667.7373   12.5590
   -7.5000   15.0000   37.5000 2746.2917   11.8593
    0.0000   15.0000   37.5000 2754.0063   11.7691
    7.5000   15.0000   37.5000 2742.6565   11.9719
   -7.5000   22.5000   37.5000 2787.2815   11.4799
    0.0000   22.5000   37.5000 2795.3779   11.3444
    7.5000   22.5000   37.5000 2777.5833   11.5399
   -7.5000   30.0000   37.5000 2802.1841   11.3871
    0.0000   30.0000   37.5000 2806.1558   11.2888
    7.5000   30.0000   37.5000 2788.9409   11.4545
   -7.5000   37.5000   37.5000 2779.0198   11.6674
    0.0000   37.5000   37.5000 2790.2996   11.5820
    7.5000   37.5000   37.5000 2772.2266   11.7142
   -7.5000   45.0000   37.5000 2726.7903   12.2319
    0.0000   45.0000   37.5000 2741.7600   12.1214
    7.5000   45.0000   37.5000 2722.8049   12.2609
   -7.5000   52.5000   37.5000 2621.5325   12.9722
    0.0000   52.5000   37.5000 2636.7830   12.8359
    7.5000   52.5000   37.5000 2623.0061   12.9518
   -7.5000   60.0000   37.5000 2466.9324   13.7697
    0.0000   60.0000   37.5000 2481.9531   13.6429
    7.5000   60.0000   37.5000 2468.5842   13.7326
   -7.5000  -30.0000   45.0000 2003.8632   21.3717
    0.0000  -30.0000   45.0000 2002.6741   21.2318
    7.5000  -30.0000   45.0000 1987.4924   21.6177
   -7.5000  -22.5000   45.0000 2151.6096   18.6174
    0.0000  -22.5000   45.0000 2152.4260   18.3981
    7.5000  -22.5000   45.0000 2137.5579   18.7771
   -7.5000  -15.0000   45.0000 2285.8413   16.5481
    0.0000  -15.0000   45.0000 2281.9570   16.3387
    7.5000  -15.0000   45.0000 2268.7434   16.6932
   -7.5000   -7.5000   45.0000 2406.2712   15.0663
    0.0000   -7.5000   45.0000 2405.2461   14.8842
    7.5000   -7.5000   45.0000 2391.7915   15.2141
   -7.5000    0.0000   45.0000 2512.7048   13.9866
    0.0000    0.0000   45.0000 2511.2754   13.8519
    7.5000    0.0000   45.0000 2497.6694   14.1633
   -7.5000    7.5000   45.0000 2610.6873   13.1979
    0.0000    7.5000   45.0000 2607.1113   13.0807
    7.5000    7.5000   45.0000 2598.9160   13.3668
   -7.5000   15.0000   45.0000 2668.3979   12.6387
    0.0000   15.0000   45.0000 2673.7793   12.4780
    7.5000   15.0000   45.0000 2665.4753   12.7672
   -7.5000   22.5000   45.0000 2708.9690   12.2344
    0.0000   22.5000   45.0000 2711.0361   12.0987
    7.5000   22.5000   45.0000 2699.1577   12.3187
   -7.5000   30.0000   45.0000 2720.2786   12.1796
    0.0000   30.0000   45.0000 2724.8132   12.0560
    7.5000   30.0000   45.0000 2711.5898   12.2335
   -7.5000   37.5000   45.0000 2701.0864   12.4300
    0.0000   37.5000   45.0000 2708.5671   12.3167
    7.5000   37.5000   45.0000 2698.0164   12.4758
   -7.5000   45.0000   45.0000 2653.1970   12.9366
    0.0000   45.0000   45.0000 2664.7339   12.8014
    7.5000   45.0000   45.0000 2649.6824   12.9715
   -7.5000   52.5000   45.0000 2555.3770   13.6325
    0.0000   52.5000   45.0000 2572.7969   13.5000
    7.5000   52.5000   45.0000 2555.6257   13.6425
   -7.5000   60.0000   45.0000 2402.7686   14.4429
    0.0000   60.0000   45.0000 2419.1143   14.2949
    7.5000   60.0000   45.0000 2407.4609   14.4022

---------------------------------------------------------------------
imgreg_4dfp /opt/freesurfer/average/711-2C_as_mni_average_305 /opt/freesurfer/average/711-2B_as_mni_average_305_mask talsrcimg_g11 none talsrcimg_to_711-2C_as_mni_average_305_t4 1283
---------------------------------------------------------------------

freesurfer imgreg_4dfp.c
/opt/freesurfer/average/711-2C_as_mni_average_305.4dfp.img
       256       256       256         1
  1.000000  1.000000  1.000000
orientation T byte_order littleendian
Reading image: /opt/freesurfer/average/711-2C_as_mni_average_305.4dfp.img
dimensions:      256       256       256
mmppix:       1.0000   -1.0000   -1.0000
center:     128.0000 -129.0000 -129.0000
/opt/freesurfer/average/711-2B_as_mni_average_305_mask.4dfp.img
       256       256       256         1
  1.000000  1.000000  1.000000
orientation T byte_order littleendian
Reading mask: /opt/freesurfer/average/711-2B_as_mni_average_305_mask.4dfp.img (2306576 pixels)
talsrcimg_g11.4dfp.img
       256       256       256         1
  1.000000  1.000000  1.000000
orientation T byte_order littleendian
Reading image: talsrcimg_g11.4dfp.img
dimensions:      256       256       256
mmppix:       1.0000   -1.0000   -1.0000
center:     128.0000 -129.0000 -129.0000
rotation matrix determinant  1.000000
fimgreg.f
image alignment mode   1283 decimal      503 hex
parameters
    0.0000   22.5000    7.5000    0.0000    0.0000    0.0000
eta,q 0.94951 10.33499
niter,ni,del,rscale     5    3   12.0000    1.2000
parameter  4  1.329991 ->  0.500000 qaram    1.1500
parameter  6 -0.805025 -> -0.500000 qaram    1.1500
parameters
   -1.8981   24.6812    9.3417   -3.4500   -0.0598    3.4500
eta,q 0.96055 10.20798
  0.0559  0.0638  0.0515  0.0414  0.0485  0.0527
  0.0510  0.0574  0.0495  0.0420  0.0453  0.0487
  0.0490  0.0526  0.0483  0.0432  0.0431  0.0453
  0.0508  0.0489  0.0472  0.0462  0.0422  0.0422
  0.0554  0.0472  0.0461  0.0509  0.0427  0.0399
  0.0623  0.0482  0.0463  0.0551  0.0452  0.0395
  0.0682  0.0517  0.0486  0.0584  0.0491  0.0399
niter,ni,del,rscale     6    3   12.0000    1.2000
parameter  4  0.839704 ->  0.500000 qaram    1.3225
parameters
   -1.4851   25.5335    8.3874   -7.4175   -0.6337    4.2738
eta,q 0.96401 10.31209
  0.0555  0.0569  0.0429  0.0374  0.0427  0.0459
  0.0480  0.0480  0.0418  0.0363  0.0386  0.0413
  0.0421  0.0418  0.0408  0.0371  0.0362  0.0377
  0.0395  0.0394  0.0397  0.0402  0.0362  0.0360
  0.0404  0.0411  0.0401  0.0435  0.0379  0.0365
  0.0448  0.0445  0.0430  0.0473  0.0407  0.0387
  0.0521  0.0481  0.0481  0.0515  0.0453  0.0422
niter,ni,del,rscale     6    3   12.0000    1.2000
parameter  4  0.552028 ->  0.500000 qaram    1.5209
parameters
   -1.4246   26.9983    6.9315  -11.9801   -0.9752    3.9854
eta,q 0.96411 10.42707
  0.0527  0.0533  0.0387  0.0356  0.0434  0.0422
  0.0443  0.0457  0.0365  0.0360  0.0388  0.0386
  0.0381  0.0400  0.0351  0.0355  0.0365  0.0363
  0.0360  0.0360  0.0350  0.0349  0.0360  0.0360
  0.0380  0.0352  0.0368  0.0397  0.0374  0.0375
  0.0441  0.0382  0.0410  0.0450  0.0404  0.0397
  0.0519  0.0422  0.0463  0.0485  0.0449  0.0427
niter,ni,del,rscale     6    3   12.0000    1.2000
parameters
   -1.3775   28.5320    5.1687  -13.7011   -1.1341    4.1029
eta,q 0.96427 10.44062
  0.0540  0.0475  0.0377  0.0402  0.0427  0.0412
  0.0455  0.0416  0.0362  0.0352  0.0389  0.0388
  0.0383  0.0377  0.0357  0.0352  0.0368  0.0367
  0.0359  0.0359  0.0357  0.0357  0.0357  0.0357
  0.0383  0.0357  0.0369  0.0354  0.0363  0.0366
  0.0449  0.0359  0.0400  0.0402  0.0393  0.0382
  0.0535  0.0397  0.0449  0.0468  0.0439  0.0411
niter,ni,del,rscale     5    3   12.0000    1.2000
parameters
   -1.5823   28.1124    5.4133  -13.0315   -0.9511    4.0661
eta,q 0.96435 10.43184
  0.0530  0.0417  0.0424  0.0463  0.0437  0.0412
  0.0442  0.0377  0.0375  0.0374  0.0393  0.0387
  0.0376  0.0354  0.0358  0.0347  0.0370  0.0364
  0.0357  0.0357  0.0355  0.0355  0.0357  0.0357
  0.0385  0.0369  0.0358  0.0351  0.0360  0.0367
  0.0460  0.0381  0.0374  0.0363  0.0387  0.0385
  0.0553  0.0441  0.0408  0.0424  0.0430  0.0414
niter,ni,del,rscale     4    3   12.0000    1.2000
parameters
   -1.6053   28.1563    5.4146  -13.1663   -0.9273    4.0613
eta,q 0.96438 10.43267
  0.0537  0.0428  0.0414  0.0441  0.0433  0.0412
  0.0449  0.0385  0.0374  0.0362  0.0390  0.0387
  0.0380  0.0360  0.0361  0.0347  0.0369  0.0365
  0.0357  0.0357  0.0357  0.0357  0.0356  0.0356
  0.0379  0.0363  0.0359  0.0348  0.0361  0.0366
  0.0450  0.0374  0.0376  0.0376  0.0390  0.0384
  0.0541  0.0431  0.0413  0.0440  0.0434  0.0414
niter,ni,del,rscale     3    3   12.0000    1.2000
parameters
   -1.6166   28.1631    5.4161  -13.1620   -0.9181    4.0614
eta,q 0.96438 10.43239
  0.0538  0.0427  0.0415  0.0445  0.0433  0.0412
  0.0450  0.0385  0.0374  0.0364  0.0390  0.0387
  0.0380  0.0359  0.0360  0.0347  0.0368  0.0365
  0.0356  0.0356  0.0356  0.0356  0.0356  0.0356
  0.0379  0.0364  0.0359  0.0349  0.0361  0.0366
  0.0450  0.0375  0.0376  0.0374  0.0390  0.0384
  0.0541  0.0432  0.0413  0.0437  0.0434  0.0414
registration optimization eta report
parameter search radius
    6.0000    6.0000    6.0000    9.1253    6.0000    6.9000
100000*second partial in parameter space
       50.       21.       17.       12.       21.       12.
  0.0538  0.0427  0.0415  0.0445  0.0433  0.0412
  0.0450  0.0385  0.0374  0.0364  0.0390  0.0387
  0.0380  0.0359  0.0360  0.0347  0.0368  0.0365
  0.0356  0.0356  0.0356  0.0356  0.0356  0.0356
  0.0379  0.0364  0.0359  0.0349  0.0361  0.0366
  0.0450  0.0375  0.0376  0.0374  0.0390  0.0384
  0.0541  0.0432  0.0413  0.0437  0.0434  0.0414
   -1.6166   28.1631    5.4161  -13.1620   -0.9181    4.0614
eta,q 0.96438 10.43239

---------------------------------------------------------------------
imgreg_4dfp /opt/freesurfer/average/711-2C_as_mni_average_305 /opt/freesurfer/average/711-2B_as_mni_average_305_mask talsrcimg_g11 none talsrcimg_to_711-2C_as_mni_average_305_t4 3335
---------------------------------------------------------------------

freesurfer imgreg_4dfp.c
/opt/freesurfer/average/711-2C_as_mni_average_305.4dfp.img
       256       256       256         1
  1.000000  1.000000  1.000000
orientation T byte_order littleendian
Reading image: /opt/freesurfer/average/711-2C_as_mni_average_305.4dfp.img
dimensions:      256       256       256
mmppix:       1.0000   -1.0000   -1.0000
center:     128.0000 -129.0000 -129.0000
/opt/freesurfer/average/711-2B_as_mni_average_305_mask.4dfp.img
       256       256       256         1
  1.000000  1.000000  1.000000
orientation T byte_order littleendian
Reading mask: /opt/freesurfer/average/711-2B_as_mni_average_305_mask.4dfp.img (2306576 pixels)
talsrcimg_g11.4dfp.img
       256       256       256         1
  1.000000  1.000000  1.000000
orientation T byte_order littleendian
Reading image: talsrcimg_g11.4dfp.img
dimensions:      256       256       256
mmppix:       1.0000   -1.0000   -1.0000
center:     128.0000 -129.0000 -129.0000
fimgreg.f
image alignment mode   3335 decimal      D07 hex
parameters
   -1.6166   28.1631    5.4161   -0.2639   -2.8974   -2.6395
   -7.2604   -0.0564    7.0816   22.8238   -1.6024  -22.7676
eta,q 0.96707 10.44228
niter,ni,del,rscale     5    3    5.0000    1.2000
parameter  4  0.672738 ->  0.500000 qaram    1.1500
parameter  5  1.723283 ->  0.500000 qaram    1.1500
parameters
   -1.3592   28.5352    5.8506   -4.4039   -7.0374   -3.8610
   -5.5401    0.5178    8.9282   20.3982   -0.9163  -24.4508
eta,q 0.97397 10.06496
  0.0372  0.0363  0.0347  0.0314  0.0246  0.0282  0.0304  0.0313  0.0296  0.0277  0.0273  0.0268
  0.0351  0.0345  0.0338  0.0312  0.0264  0.0273  0.0287  0.0290  0.0282  0.0266  0.0267  0.0263
  0.0336  0.0333  0.0332  0.0316  0.0287  0.0269  0.0275  0.0274  0.0273  0.0261  0.0263  0.0260
  0.0329  0.0329  0.0329  0.0328  0.0312  0.0270  0.0269  0.0268  0.0268  0.0267  0.0261  0.0261
  0.0331  0.0330  0.0329  0.0353  0.0346  0.0272  0.0268  0.0271  0.0267  0.0278  0.0262  0.0265
  0.0340  0.0336  0.0331  0.0389  0.0390  0.0280  0.0273  0.0282  0.0270  0.0294  0.0264  0.0271
  0.0357  0.0346  0.0338  0.0430  0.0434  0.0301  0.0281  0.0300  0.0277  0.0318  0.0269  0.0279
niter,ni,del,rscale     6    3    5.0000    1.2000
parameter  5  1.101322 ->  0.500000 qaram    1.3225
parameters
   -1.1386   28.6255    5.8371   -5.9596  -11.7984   -3.5793
   -6.0772    0.0384    8.5072   21.0948   -1.3792  -26.4665
eta,q 0.97701  9.81418
  0.0297  0.0288  0.0275  0.0281  0.0223  0.0252  0.0255  0.0266  0.0251  0.0266  0.0240  0.0237
  0.0278  0.0275  0.0267  0.0269  0.0229  0.0241  0.0242  0.0247  0.0240  0.0248  0.0235  0.0232
  0.0266  0.0265  0.0262  0.0262  0.0242  0.0234  0.0234  0.0235  0.0234  0.0237  0.0232  0.0230
  0.0260  0.0260  0.0260  0.0260  0.0260  0.0233  0.0233  0.0233  0.0232  0.0232  0.0232  0.0232
  0.0262  0.0262  0.0262  0.0266  0.0288  0.0236  0.0238  0.0239  0.0236  0.0232  0.0233  0.0236
  0.0270  0.0271  0.0267  0.0283  0.0321  0.0239  0.0248  0.0254  0.0244  0.0239  0.0237  0.0242
  0.0286  0.0285  0.0276  0.0315  0.0363  0.0249  0.0262  0.0275  0.0256  0.0256  0.0243  0.0249
niter,ni,del,rscale     6    3    5.0000    1.2000
parameters
   -1.0759   28.5694    5.8574   -5.7906  -16.2890   -3.3971
   -6.1509   -0.0371    8.6240   21.6451   -1.4193  -27.2992
eta,q 0.97820  9.63045
  0.0264  0.0255  0.0246  0.0262  0.0232  0.0240  0.0244  0.0256  0.0242  0.0254  0.0228  0.0230
  0.0246  0.0240  0.0237  0.0247  0.0222  0.0227  0.0230  0.0235  0.0230  0.0237  0.0223  0.0222
  0.0235  0.0232  0.0232  0.0236  0.0219  0.0220  0.0221  0.0223  0.0221  0.0224  0.0220  0.0219
  0.0230  0.0230  0.0230  0.0230  0.0230  0.0218  0.0219  0.0219  0.0219  0.0219  0.0218  0.0218
  0.0233  0.0234  0.0232  0.0230  0.0248  0.0222  0.0222  0.0223  0.0221  0.0222  0.0220  0.0222
  0.0244  0.0242  0.0237  0.0240  0.0278  0.0226  0.0231  0.0237  0.0229  0.0231  0.0223  0.0228
  0.0261  0.0256  0.0245  0.0264  0.0313  0.0237  0.0245  0.0257  0.0240  0.0244  0.0229  0.0235
niter,ni,del,rscale     5    3    5.0000    1.2000
parameters
   -1.0870   28.7519    5.8925   -5.2813  -16.7272   -3.2565
   -6.1720    0.0034    8.7153   21.9520   -1.4324  -27.5619
eta,q 0.97826  9.64672
  0.0249  0.0250  0.0234  0.0250  0.0255  0.0239  0.0244  0.0256  0.0241  0.0251  0.0228  0.0231
  0.0232  0.0234  0.0225  0.0236  0.0236  0.0226  0.0230  0.0235  0.0228  0.0234  0.0222  0.0223
  0.0222  0.0223  0.0220  0.0225  0.0224  0.0219  0.0220  0.0222  0.0220  0.0222  0.0219  0.0219
  0.0218  0.0218  0.0218  0.0218  0.0217  0.0217  0.0217  0.0217  0.0217  0.0217  0.0217  0.0217
  0.0222  0.0220  0.0220  0.0217  0.0224  0.0221  0.0221  0.0222  0.0220  0.0222  0.0219  0.0220
  0.0233  0.0228  0.0225  0.0225  0.0238  0.0224  0.0230  0.0235  0.0228  0.0231  0.0222  0.0225
  0.0250  0.0242  0.0233  0.0248  0.0265  0.0237  0.0244  0.0255  0.0240  0.0245  0.0228  0.0232
niter,ni,del,rscale     4    3    5.0000    1.2000
parameters
   -1.0798   28.7939    5.8843   -5.2716  -16.7945   -3.1674
   -6.1779    0.0188    8.7235   22.0513   -1.4429  -27.6383
eta,q 0.97825  9.65108
  0.0249  0.0246  0.0232  0.0248  0.0257  0.0238  0.0244  0.0256  0.0241  0.0249  0.0228  0.0232
  0.0232  0.0231  0.0224  0.0234  0.0238  0.0226  0.0230  0.0235  0.0228  0.0233  0.0222  0.0224
  0.0221  0.0221  0.0219  0.0224  0.0225  0.0218  0.0221  0.0222  0.0220  0.0222  0.0219  0.0219
  0.0217  0.0217  0.0217  0.0217  0.0217  0.0217  0.0218  0.0217  0.0217  0.0217  0.0218  0.0218
  0.0221  0.0221  0.0219  0.0218  0.0223  0.0220  0.0221  0.0222  0.0220  0.0222  0.0219  0.0220
  0.0232  0.0230  0.0224  0.0228  0.0236  0.0224  0.0230  0.0235  0.0228  0.0232  0.0222  0.0225
  0.0249  0.0244  0.0233  0.0253  0.0262  0.0237  0.0244  0.0255  0.0240  0.0246  0.0228  0.0232
niter,ni,del,rscale     3    3    5.0000    1.2000
parameters
   -1.0756   28.8049    5.8851   -5.2635  -16.8121   -3.1362
   -6.1728    0.0259    8.7252   22.0861   -1.4458  -27.6488
eta,q 0.97825  9.65289
  0.0249  0.0245  0.0233  0.0248  0.0258  0.0238  0.0244  0.0256  0.0241  0.0248  0.0228  0.0232
  0.0232  0.0231  0.0225  0.0234  0.0238  0.0226  0.0230  0.0235  0.0228  0.0232  0.0222  0.0224
  0.0221  0.0221  0.0219  0.0224  0.0226  0.0218  0.0221  0.0222  0.0220  0.0221  0.0219  0.0219
  0.0218  0.0218  0.0217  0.0217  0.0217  0.0218  0.0218  0.0218  0.0218  0.0218  0.0218  0.0218
  0.0221  0.0221  0.0219  0.0218  0.0223  0.0220  0.0221  0.0222  0.0221  0.0223  0.0219  0.0220
  0.0232  0.0230  0.0224  0.0228  0.0236  0.0224  0.0230  0.0236  0.0228  0.0233  0.0222  0.0225
  0.0249  0.0245  0.0233  0.0253  0.0261  0.0238  0.0244  0.0255  0.0240  0.0247  0.0228  0.0232
registration optimization eta report
parameter search radius
    2.4000    2.4000    2.4000    8.2800    9.5220    7.2000
    7.2000    7.2000    7.2000    7.2000    7.2000    7.2000
100000*second partial in parameter space
       55.       47.       26.        5.        5.        4.
        5.        7.        4.        6.        2.        3.
  0.0249  0.0245  0.0233  0.0248  0.0258  0.0238  0.0244  0.0256  0.0241  0.0248  0.0228  0.0232
  0.0232  0.0231  0.0225  0.0234  0.0238  0.0226  0.0230  0.0235  0.0228  0.0232  0.0222  0.0224
  0.0221  0.0221  0.0219  0.0224  0.0226  0.0218  0.0221  0.0222  0.0220  0.0221  0.0219  0.0219
  0.0218  0.0218  0.0217  0.0217  0.0217  0.0218  0.0218  0.0218  0.0218  0.0218  0.0218  0.0218
  0.0221  0.0221  0.0219  0.0218  0.0223  0.0220  0.0221  0.0222  0.0221  0.0223  0.0219  0.0220
  0.0232  0.0230  0.0224  0.0228  0.0236  0.0224  0.0230  0.0236  0.0228  0.0233  0.0222  0.0225
  0.0249  0.0245  0.0233  0.0253  0.0261  0.0238  0.0244  0.0255  0.0240  0.0247  0.0228  0.0232
   -1.0756   28.8049    5.8851   -5.2635  -16.8121   -3.1362
   -6.1728    0.0259    8.7252   22.0861   -1.4458  -27.6488
eta,q 0.97825  9.65289

---------------------------------------------------------------------
imgreg_4dfp /opt/freesurfer/average/711-2C_as_mni_average_305 /opt/freesurfer/average/711-2B_as_mni_average_305_mask talsrcimg_g11 none talsrcimg_to_711-2C_as_mni_average_305_t4 2311
---------------------------------------------------------------------

freesurfer imgreg_4dfp.c
/opt/freesurfer/average/711-2C_as_mni_average_305.4dfp.img
       256       256       256         1
  1.000000  1.000000  1.000000
orientation T byte_order littleendian
Reading image: /opt/freesurfer/average/711-2C_as_mni_average_305.4dfp.img
dimensions:      256       256       256
mmppix:       1.0000   -1.0000   -1.0000
center:     128.0000 -129.0000 -129.0000
/opt/freesurfer/average/711-2B_as_mni_average_305_mask.4dfp.img
       256       256       256         1
  1.000000  1.000000  1.000000
orientation T byte_order littleendian
Reading mask: /opt/freesurfer/average/711-2B_as_mni_average_305_mask.4dfp.img (2306576 pixels)
talsrcimg_g11.4dfp.img
       256       256       256         1
  1.000000  1.000000  1.000000
orientation T byte_order littleendian
Reading image: talsrcimg_g11.4dfp.img
dimensions:      256       256       256
mmppix:       1.0000   -1.0000   -1.0000
center:     128.0000 -129.0000 -129.0000
fimgreg.f
image alignment mode   2311 decimal      907 hex
parameters
   -1.0756   28.8049    5.8851   -5.2635  -16.8121   -3.1362
   -6.1728    0.0259    8.7252   22.0861   -1.4458  -27.6488
eta,q 0.97825  9.65289
niter,ni,del,rscale     5    3    5.0000    0.8000
parameters
   -1.0704   28.8008    5.8949   -4.3201  -16.5175   -2.9717
   -6.1790    0.1094    8.7497   22.0157   -1.4228  -27.5964
eta,q 0.97834  9.71156
  0.0232  0.0230  0.0225  0.0231  0.0231  0.0225  0.0230  0.0235  0.0228  0.0231  0.0222  0.0224
  0.0224  0.0223  0.0221  0.0225  0.0225  0.0220  0.0223  0.0225  0.0222  0.0223  0.0219  0.0220
  0.0219  0.0219  0.0218  0.0221  0.0220  0.0217  0.0218  0.0219  0.0218  0.0218  0.0217  0.0218
  0.0218  0.0218  0.0218  0.0218  0.0217  0.0217  0.0217  0.0217  0.0217  0.0217  0.0217  0.0217
  0.0219  0.0219  0.0218  0.0217  0.0218  0.0218  0.0218  0.0219  0.0218  0.0219  0.0217  0.0218
  0.0224  0.0224  0.0221  0.0219  0.0222  0.0220  0.0223  0.0224  0.0222  0.0225  0.0219  0.0220
  0.0232  0.0231  0.0224  0.0224  0.0228  0.0223  0.0230  0.0234  0.0228  0.0232  0.0221  0.0224
niter,ni,del,rscale     4    3    5.0000    0.7000
parameters
   -1.0770   28.7966    5.8609   -4.2878  -16.4530   -3.1755
   -6.1822    0.0995    8.7349   21.9153   -1.4195  -27.6486
eta,q 0.97835  9.70484
  0.0228  0.0227  0.0222  0.0226  0.0228  0.0222  0.0227  0.0230  0.0225  0.0228  0.0220  0.0222
  0.0222  0.0221  0.0219  0.0221  0.0223  0.0218  0.0221  0.0222  0.0220  0.0222  0.0218  0.0219
  0.0218  0.0218  0.0217  0.0218  0.0218  0.0216  0.0218  0.0218  0.0217  0.0218  0.0217  0.0217
  0.0217  0.0217  0.0217  0.0217  0.0217  0.0217  0.0217  0.0217  0.0216  0.0216  0.0217  0.0216
  0.0218  0.0218  0.0217  0.0217  0.0218  0.0218  0.0218  0.0218  0.0218  0.0219  0.0217  0.0217
  0.0222  0.0221  0.0219  0.0220  0.0222  0.0220  0.0221  0.0223  0.0220  0.0223  0.0218  0.0219
  0.0228  0.0227  0.0222  0.0226  0.0227  0.0222  0.0227  0.0230  0.0225  0.0229  0.0220  0.0222
niter,ni,del,rscale     3    3    5.0000    0.6000
parameters
   -1.0857   28.7936    5.8355   -4.2181  -16.4365   -3.4450
   -6.1765    0.1020    8.7261   21.8086   -1.3975  -27.6969
eta,q 0.97837  9.69381
  0.0225  0.0224  0.0220  0.0223  0.0225  0.0220  0.0224  0.0226  0.0223  0.0225  0.0219  0.0220
  0.0220  0.0220  0.0218  0.0220  0.0221  0.0218  0.0220  0.0221  0.0219  0.0220  0.0217  0.0218
  0.0217  0.0217  0.0217  0.0218  0.0218  0.0216  0.0217  0.0217  0.0217  0.0217  0.0217  0.0217
  0.0216  0.0217  0.0217  0.0216  0.0216  0.0216  0.0216  0.0216  0.0216  0.0216  0.0216  0.0216
  0.0217  0.0217  0.0217  0.0217  0.0218  0.0218  0.0217  0.0217  0.0217  0.0218  0.0217  0.0217
  0.0220  0.0220  0.0218  0.0219  0.0221  0.0219  0.0220  0.0221  0.0219  0.0221  0.0217  0.0218
  0.0225  0.0224  0.0221  0.0223  0.0225  0.0221  0.0224  0.0226  0.0223  0.0226  0.0219  0.0221
niter,ni,del,rscale     2    3    5.0000    0.5000
parameters
   -1.0962   28.7895    5.8037   -4.1375  -16.4304   -3.6951
   -6.1704    0.1130    8.7170   21.7141   -1.3535  -27.7571
eta,q 0.97839  9.68411
  0.0222  0.0222  0.0219  0.0221  0.0223  0.0219  0.0222  0.0223  0.0221  0.0223  0.0218  0.0219
  0.0219  0.0219  0.0217  0.0219  0.0219  0.0217  0.0219  0.0219  0.0218  0.0219  0.0217  0.0217
  0.0217  0.0217  0.0217  0.0217  0.0217  0.0216  0.0217  0.0217  0.0217  0.0217  0.0216  0.0216
  0.0216  0.0216  0.0216  0.0216  0.0216  0.0216  0.0216  0.0216  0.0216  0.0216  0.0216  0.0216
  0.0217  0.0217  0.0217  0.0217  0.0217  0.0217  0.0217  0.0217  0.0217  0.0217  0.0216  0.0216
  0.0219  0.0219  0.0218  0.0218  0.0219  0.0219  0.0219  0.0219  0.0218  0.0220  0.0217  0.0218
  0.0222  0.0222  0.0219  0.0221  0.0223  0.0220  0.0222  0.0223  0.0221  0.0223  0.0218  0.0219
niter,ni,del,rscale     1    3    5.0000    0.4000
parameters
   -1.1008   28.7846    5.7748   -4.1099  -16.4133   -3.8818
   -6.1684    0.1047    8.7042   21.6473   -1.3267  -27.7866
eta,q 0.97839  9.67642
  0.0220  0.0220  0.0218  0.0219  0.0220  0.0218  0.0220  0.0220  0.0219  0.0220  0.0217  0.0218
  0.0218  0.0218  0.0217  0.0218  0.0218  0.0217  0.0218  0.0218  0.0217  0.0218  0.0217  0.0217
  0.0217  0.0216  0.0216  0.0217  0.0217  0.0216  0.0216  0.0217  0.0216  0.0216  0.0216  0.0216
  0.0216  0.0216  0.0216  0.0216  0.0216  0.0216  0.0216  0.0216  0.0216  0.0216  0.0216  0.0216
  0.0217  0.0217  0.0216  0.0216  0.0217  0.0217  0.0216  0.0217  0.0216  0.0217  0.0216  0.0216
  0.0218  0.0218  0.0217  0.0217  0.0218  0.0218  0.0218  0.0218  0.0217  0.0218  0.0217  0.0217
  0.0220  0.0220  0.0218  0.0219  0.0220  0.0219  0.0220  0.0220  0.0219  0.0221  0.0217  0.0218
registration optimization eta report
parameter search radius
    0.8000    0.8000    0.8000    2.4000    2.4000    2.4000
    2.4000    2.4000    2.4000    2.4000    2.4000    2.4000
100000*second partial in parameter space
       58.       54.       30.        5.        8.        4.
        6.        8.        5.        8.        2.        3.
  0.0220  0.0220  0.0218  0.0219  0.0220  0.0218  0.0220  0.0220  0.0219  0.0220  0.0217  0.0218
  0.0218  0.0218  0.0217  0.0218  0.0218  0.0217  0.0218  0.0218  0.0217  0.0218  0.0217  0.0217
  0.0217  0.0216  0.0216  0.0217  0.0217  0.0216  0.0216  0.0217  0.0216  0.0216  0.0216  0.0216
  0.0216  0.0216  0.0216  0.0216  0.0216  0.0216  0.0216  0.0216  0.0216  0.0216  0.0216  0.0216
  0.0217  0.0217  0.0216  0.0216  0.0217  0.0217  0.0216  0.0217  0.0216  0.0217  0.0216  0.0216
  0.0218  0.0218  0.0217  0.0217  0.0218  0.0218  0.0218  0.0218  0.0217  0.0218  0.0217  0.0217
  0.0220  0.0220  0.0218  0.0219  0.0220  0.0219  0.0220  0.0220  0.0219  0.0221  0.0217  0.0218
   -1.1008   28.7846    5.7748   -4.1099  -16.4133   -3.8818
   -6.1684    0.1047    8.7042   21.6473   -1.3267  -27.7866
eta,q 0.97839  9.67642

---------------------------------------------------------------------
imgreg_4dfp /opt/freesurfer/average/711-2C_as_mni_average_305 /opt/freesurfer/average/711-2B_as_mni_average_305_mask talsrcimg_g11 none talsrcimg_to_711-2C_as_mni_average_305_t4 2311
---------------------------------------------------------------------

freesurfer imgreg_4dfp.c
/opt/freesurfer/average/711-2C_as_mni_average_305.4dfp.img
       256       256       256         1
  1.000000  1.000000  1.000000
orientation T byte_order littleendian
Reading image: /opt/freesurfer/average/711-2C_as_mni_average_305.4dfp.img
dimensions:      256       256       256
mmppix:       1.0000   -1.0000   -1.0000
center:     128.0000 -129.0000 -129.0000
/opt/freesurfer/average/711-2B_as_mni_average_305_mask.4dfp.img
       256       256       256         1
  1.000000  1.000000  1.000000
orientation T byte_order littleendian
Reading mask: /opt/freesurfer/average/711-2B_as_mni_average_305_mask.4dfp.img (2306576 pixels)
talsrcimg_g11.4dfp.img
       256       256       256         1
  1.000000  1.000000  1.000000
orientation T byte_order littleendian
Reading image: talsrcimg_g11.4dfp.img
dimensions:      256       256       256
mmppix:       1.0000   -1.0000   -1.0000
center:     128.0000 -129.0000 -129.0000
fimgreg.f
image alignment mode   2311 decimal      907 hex
parameters
   -1.1008   28.7846    5.7748   -4.1099  -16.4133   -3.8818
   -6.1684    0.1047    8.7042   21.6473   -1.3267  -27.7866
eta,q 0.97839  9.67643
niter,ni,del,rscale     5    3    5.0000    0.8000
parameters
   -1.1008   28.7798    5.7409   -4.4753  -16.4499   -3.4392
   -6.1691    0.0719    8.7343   21.8725   -1.3861  -27.7673
eta,q 0.97836  9.68637
  0.0231  0.0229  0.0223  0.0226  0.0229  0.0227  0.0230  0.0234  0.0228  0.0233  0.0221  0.0224
  0.0223  0.0222  0.0219  0.0221  0.0223  0.0221  0.0222  0.0224  0.0221  0.0225  0.0219  0.0220
  0.0218  0.0218  0.0217  0.0217  0.0218  0.0217  0.0218  0.0218  0.0218  0.0219  0.0217  0.0217
  0.0216  0.0216  0.0216  0.0216  0.0216  0.0216  0.0216  0.0216  0.0216  0.0216  0.0216  0.0216
  0.0218  0.0218  0.0217  0.0217  0.0218  0.0218  0.0218  0.0219  0.0218  0.0218  0.0217  0.0217
  0.0223  0.0222  0.0220  0.0222  0.0223  0.0220  0.0223  0.0225  0.0221  0.0223  0.0219  0.0220
  0.0231  0.0229  0.0224  0.0231  0.0230  0.0223  0.0229  0.0234  0.0227  0.0230  0.0221  0.0223
niter,ni,del,rscale     4    3    5.0000    0.7000
parameters
   -1.0895   28.7909    5.7956   -4.3326  -16.4510   -3.3553
   -6.1765    0.0930    8.7303   21.8748   -1.3917  -27.7379
eta,q 0.97837  9.69515
  0.0228  0.0227  0.0222  0.0225  0.0227  0.0223  0.0227  0.0230  0.0225  0.0229  0.0220  0.0222
  0.0222  0.0221  0.0219  0.0221  0.0222  0.0219  0.0221  0.0222  0.0220  0.0222  0.0218  0.0219
  0.0218  0.0218  0.0217  0.0218  0.0218  0.0217  0.0217  0.0218  0.0217  0.0218  0.0217  0.0217
  0.0216  0.0216  0.0216  0.0216  0.0216  0.0216  0.0216  0.0216  0.0216  0.0216  0.0216  0.0216
  0.0218  0.0218  0.0217  0.0217  0.0218  0.0218  0.0218  0.0218  0.0217  0.0218  0.0217  0.0217
  0.0221  0.0221  0.0219  0.0219  0.0222  0.0220  0.0221  0.0222  0.0220  0.0223  0.0218  0.0219
  0.0228  0.0226  0.0222  0.0225  0.0227  0.0222  0.0227  0.0230  0.0225  0.0228  0.0220  0.0222
niter,ni,del,rscale     3    3    5.0000    0.6000
parameters
   -1.0889   28.7919    5.8104   -4.2293  -16.4484   -3.5039
   -6.1790    0.1024    8.7257   21.7997   -1.3755  -27.7342
eta,q 0.97838  9.69039
  0.0225  0.0224  0.0221  0.0223  0.0225  0.0221  0.0224  0.0226  0.0223  0.0225  0.0219  0.0220
  0.0220  0.0220  0.0218  0.0220  0.0221  0.0218  0.0220  0.0221  0.0219  0.0220  0.0217  0.0218
  0.0217  0.0217  0.0217  0.0218  0.0218  0.0216  0.0217  0.0217  0.0217  0.0217  0.0217  0.0217
  0.0216  0.0216  0.0216  0.0216  0.0216  0.0216  0.0216  0.0216  0.0216  0.0216  0.0216  0.0216
  0.0217  0.0217  0.0217  0.0217  0.0217  0.0218  0.0217  0.0217  0.0217  0.0218  0.0217  0.0217
  0.0220  0.0220  0.0218  0.0219  0.0221  0.0219  0.0220  0.0221  0.0219  0.0221  0.0217  0.0218
  0.0225  0.0224  0.0220  0.0223  0.0225  0.0221  0.0224  0.0226  0.0223  0.0226  0.0219  0.0220
niter,ni,del,rscale     2    3    5.0000    0.5000
parameters
   -1.0955   28.7877    5.7948   -4.1589  -16.4256   -3.7078
   -6.1728    0.1138    8.7234   21.7140   -1.3368  -27.7582
eta,q 0.97839  9.68306
  0.0222  0.0222  0.0219  0.0221  0.0223  0.0219  0.0222  0.0223  0.0221  0.0223  0.0218  0.0219
  0.0219  0.0219  0.0217  0.0219  0.0219  0.0217  0.0219  0.0219  0.0218  0.0219  0.0217  0.0217
  0.0217  0.0217  0.0217  0.0217  0.0217  0.0216  0.0217  0.0217  0.0217  0.0217  0.0216  0.0216
  0.0216  0.0216  0.0216  0.0216  0.0216  0.0216  0.0216  0.0216  0.0216  0.0216  0.0216  0.0216
  0.0217  0.0217  0.0217  0.0217  0.0217  0.0217  0.0217  0.0217  0.0217  0.0217  0.0216  0.0216
  0.0219  0.0219  0.0218  0.0218  0.0219  0.0218  0.0219  0.0219  0.0218  0.0220  0.0217  0.0218
  0.0222  0.0222  0.0219  0.0221  0.0223  0.0220  0.0222  0.0223  0.0221  0.0223  0.0218  0.0219
niter,ni,del,rscale     1    3    5.0000    0.4000
parameters
   -1.0974   28.7809    5.7647   -4.1010  -16.4133   -3.8829
   -6.1685    0.1104    8.6990   21.6536   -1.3121  -27.8014
eta,q 0.97839  9.67698
  0.0220  0.0220  0.0218  0.0219  0.0220  0.0218  0.0220  0.0221  0.0219  0.0220  0.0217  0.0218
  0.0218  0.0218  0.0217  0.0218  0.0218  0.0217  0.0218  0.0218  0.0217  0.0218  0.0217  0.0217
  0.0217  0.0216  0.0216  0.0217  0.0217  0.0216  0.0216  0.0217  0.0216  0.0216  0.0216  0.0216
  0.0216  0.0216  0.0216  0.0216  0.0216  0.0216  0.0216  0.0216  0.0216  0.0216  0.0216  0.0216
  0.0217  0.0217  0.0216  0.0216  0.0217  0.0217  0.0216  0.0217  0.0216  0.0217  0.0216  0.0216
  0.0218  0.0218  0.0217  0.0217  0.0218  0.0218  0.0218  0.0218  0.0217  0.0218  0.0217  0.0217
  0.0220  0.0220  0.0218  0.0219  0.0220  0.0219  0.0220  0.0220  0.0219  0.0221  0.0217  0.0218
registration optimization eta report
parameter search radius
    0.8000    0.8000    0.8000    2.4000    2.4000    2.4000
    2.4000    2.4000    2.4000    2.4000    2.4000    2.4000
100000*second partial in parameter space
       58.       54.       30.        5.        8.        4.
        6.        8.        5.        8.        2.        3.
  0.0220  0.0220  0.0218  0.0219  0.0220  0.0218  0.0220  0.0221  0.0219  0.0220  0.0217  0.0218
  0.0218  0.0218  0.0217  0.0218  0.0218  0.0217  0.0218  0.0218  0.0217  0.0218  0.0217  0.0217
  0.0217  0.0216  0.0216  0.0217  0.0217  0.0216  0.0216  0.0217  0.0216  0.0216  0.0216  0.0216
  0.0216  0.0216  0.0216  0.0216  0.0216  0.0216  0.0216  0.0216  0.0216  0.0216  0.0216  0.0216
  0.0217  0.0217  0.0216  0.0216  0.0217  0.0217  0.0216  0.0217  0.0216  0.0217  0.0216  0.0216
  0.0218  0.0218  0.0217  0.0217  0.0218  0.0218  0.0218  0.0218  0.0217  0.0218  0.0217  0.0217
  0.0220  0.0220  0.0218  0.0219  0.0220  0.0219  0.0220  0.0220  0.0219  0.0221  0.0217  0.0218
   -1.0974   28.7809    5.7647   -4.1010  -16.4133   -3.8829
   -6.1685    0.1104    8.6990   21.6536   -1.3121  -27.8014
eta,q 0.97839  9.67698

---------------------------------------------------------------------
compute_vox2vox talsrcimg talsrcimg_to_711-2C_as_mni_average_305_t4 /opt/freesurfer/average/711-2C_as_mni_average_305
---------------------------------------------------------------------

freesurfer compute_vox2vox.c
Reading: talsrcimg.4dfp.ifh
Reading: talsrcimg_to_711-2C_as_mni_average_305_t4
Reading: /opt/freesurfer/average/711-2C_as_mni_average_305.4dfp.ifh
Writing: talsrcimg_to_711-2C_as_mni_average_305_t4_vox2vox.txt

start time Tue Mar 10 06:54:04 CET 2026
end		time Tue Mar 10 06:54:17 CET 2026

mpr2mni305 success

avi2talxfm orig_nu.mgz /opt/freesurfer/average/mni305.cor.mgz talsrcimg_to_711-2C_as_mni_average_305_t4_vox2vox.txt transforms/talairach.auto.xfm
avi2talxfm done
mv -f /out/sourcedata/freesurfer/sub-v1s8x0051339_ses-1/mri/talsrcimg_to_711-2C_as_mni_average_305_t4_vox2vox.txt /out/sourcedata/freesurfer/sub-v1s8x0051339_ses-1/mri/transforms/talsrcimg_to_711-2C_as_mni_average_305_t4_vox2vox.txt
lta_convert --src orig_nu.mgz --trg /opt/freesurfer/average/mni305.cor.mgz --inxfm transforms/talairach.auto.xfm --outlta transforms/talairach.auto.xfm.lta --subject fsaverage
7.3.2

--src: orig_nu.mgz src image (geometry).
--trg: /opt/freesurfer/average/mni305.cor.mgz trg image (geometry).
--inmni: transforms/talairach.auto.xfm input MNI/XFM transform.
--outlta: transforms/talairach.auto.xfm.lta output LTA.
--s: fsaverage subject name
 LTA read, type : 1
 1.03611  -0.01713   0.07076  -5.66336;
-0.01586   0.96814   0.32084  -13.41146;
-0.10372  -0.24902   1.10588  -13.37170;
 0.00000   0.00000   0.00000   1.00000;
setting subject to fsaverage
Writing  LTA to file transforms/talairach.auto.xfm.lta...
lta_convert successful.
 
 
Started at Tue Mar 10 06:54:03 CET 2026
Ended   at Tue Mar 10 06:54:17 CET 2026
talairach_avi done
