status file for recon-all
Tue Mar 10 09:03:04 CET 2026
#@# Tessellate lh Tue Mar 10 09:03:04 CET 2026
#@# Smooth1 lh Tue Mar 10 09:03:07 CET 2026
#@# Inflation1 lh Tue Mar 10 09:03:11 CET 2026
#@# QSphere lh Tue Mar 10 09:03:26 CET 2026
#@# Fix Topology lh Tue Mar 10 09:05:22 CET 2026
#@# Smooth2 lh Tue Mar 10 09:11:34 CET 2026
#@# Inflation2 lh Tue Mar 10 09:11:38 CET 2026
#@# Curv .H and .K lh Tue Mar 10 09:11:55 CET 2026
#@# Sphere lh Tue Mar 10 09:12:44 CET 2026
#@# Surf Reg lh Tue Mar 10 09:15:30 CET 2026
#@# Jacobian white lh Tue Mar 10 09:20:51 CET 2026
#@# AvgCurv lh Tue Mar 10 09:20:52 CET 2026
#@# Cortical Parc lh Tue Mar 10 09:20:53 CET 2026
#@# white curv lh Tue Mar 10 09:28:04 CET 2026
#@# white area lh Tue Mar 10 09:28:06 CET 2026
#@# pial curv lh Tue Mar 10 09:28:07 CET 2026
#@# pial area lh Tue Mar 10 09:28:09 CET 2026
#@# thickness lh Tue Mar 10 09:28:10 CET 2026
#@# area and vertex vol lh Tue Mar 10 09:28:45 CET 2026
#@# Curvature Stats lh Tue Mar 10 09:28:46 CET 2026
#@# Cortical Parc 2 lh Tue Mar 10 09:28:49 CET 2026
#@# Cortical Parc 3 lh Tue Mar 10 09:29:04 CET 2026
#@# WM/GM Contrast lh Tue Mar 10 09:29:15 CET 2026
recon-all -s sub-v1s8x0051347_ses-1 finished without error at Tue Mar 10 09:29:18 CET 2026



#New# invocation of recon-all 



status file for recon-all
Tue Mar 10 10:00:22 CET 2026
#@# white curv lh Tue Mar 10 10:00:22 CET 2026
#@# white area lh Tue Mar 10 10:00:22 CET 2026
#@# pial curv lh Tue Mar 10 10:00:22 CET 2026
#@# pial area lh Tue Mar 10 10:00:22 CET 2026
#@# thickness lh Tue Mar 10 10:00:22 CET 2026
#@# area and vertex vol lh Tue Mar 10 10:00:22 CET 2026
#@# Parcellation Stats lh Tue Mar 10 10:00:22 CET 2026
#@# Parcellation Stats 2 lh Tue Mar 10 10:00:43 CET 2026
#@# Parcellation Stats 3 lh Tue Mar 10 10:00:54 CET 2026
#@# BA_exvivo Labels lh Tue Mar 10 10:01:04 CET 2026
recon-all -s sub-v1s8x0051347_ses-1 finished without error at Tue Mar 10 10:03:57 CET 2026
