status file for recon-all
Tue Mar 10 09:29:21 CET 2026
#@# Tessellate rh Tue Mar 10 09:29:21 CET 2026
#@# Smooth1 rh Tue Mar 10 09:29:25 CET 2026
#@# Inflation1 rh Tue Mar 10 09:29:28 CET 2026
#@# QSphere rh Tue Mar 10 09:29:43 CET 2026
#@# Fix Topology rh Tue Mar 10 09:31:12 CET 2026
#@# Smooth2 rh Tue Mar 10 09:36:50 CET 2026
#@# Inflation2 rh Tue Mar 10 09:36:53 CET 2026
#@# Curv .H and .K rh Tue Mar 10 09:37:11 CET 2026
#@# Sphere rh Tue Mar 10 09:38:01 CET 2026
#@# Surf Reg rh Tue Mar 10 09:40:26 CET 2026
#@# Jacobian white rh Tue Mar 10 09:45:35 CET 2026
#@# AvgCurv rh Tue Mar 10 09:45:36 CET 2026
#@# Cortical Parc rh Tue Mar 10 09:45:37 CET 2026
#@# white curv rh Tue Mar 10 09:52:40 CET 2026
#@# white area rh Tue Mar 10 09:52:42 CET 2026
#@# pial curv rh Tue Mar 10 09:52:43 CET 2026
#@# pial area rh Tue Mar 10 09:52:45 CET 2026
#@# thickness rh Tue Mar 10 09:52:46 CET 2026
#@# area and vertex vol rh Tue Mar 10 09:53:20 CET 2026
#@# Curvature Stats rh Tue Mar 10 09:53:22 CET 2026
#@# Cortical Parc 2 rh Tue Mar 10 09:53:25 CET 2026
#@# Cortical Parc 3 rh Tue Mar 10 09:53:39 CET 2026
#@# WM/GM Contrast rh Tue Mar 10 09:53:51 CET 2026
recon-all -s sub-v1s8x0051347_ses-1 finished without error at Tue Mar 10 09:53:55 CET 2026



#New# invocation of recon-all 



status file for recon-all
Tue Mar 10 10:04:00 CET 2026
#@# white curv rh Tue Mar 10 10:04:00 CET 2026
#@# white area rh Tue Mar 10 10:04:00 CET 2026
#@# pial curv rh Tue Mar 10 10:04:00 CET 2026
#@# pial area rh Tue Mar 10 10:04:00 CET 2026
#@# thickness rh Tue Mar 10 10:04:00 CET 2026
#@# area and vertex vol rh Tue Mar 10 10:04:00 CET 2026
#@# Parcellation Stats rh Tue Mar 10 10:04:00 CET 2026
#@# Parcellation Stats 2 rh Tue Mar 10 10:04:21 CET 2026
#@# Parcellation Stats 3 rh Tue Mar 10 10:04:31 CET 2026
#@# BA_exvivo Labels rh Tue Mar 10 10:04:41 CET 2026
recon-all -s sub-v1s8x0051347_ses-1 finished without error at Tue Mar 10 10:07:32 CET 2026
