status file for recon-all
Tue Mar 10 08:58:43 CET 2026
#@# Tessellate rh Tue Mar 10 08:58:43 CET 2026
#@# Smooth1 rh Tue Mar 10 08:58:46 CET 2026
#@# Inflation1 rh Tue Mar 10 08:58:49 CET 2026
#@# QSphere rh Tue Mar 10 08:59:02 CET 2026
#@# Fix Topology rh Tue Mar 10 09:00:11 CET 2026
#@# Smooth2 rh Tue Mar 10 09:05:19 CET 2026
#@# Inflation2 rh Tue Mar 10 09:05:22 CET 2026
#@# Curv .H and .K rh Tue Mar 10 09:05:35 CET 2026
#@# Sphere rh Tue Mar 10 09:06:19 CET 2026
#@# Surf Reg rh Tue Mar 10 09:08:13 CET 2026
#@# Jacobian white rh Tue Mar 10 09:12:07 CET 2026
#@# AvgCurv rh Tue Mar 10 09:12:08 CET 2026
#@# Cortical Parc rh Tue Mar 10 09:12:09 CET 2026
#@# white curv rh Tue Mar 10 09:18:19 CET 2026
#@# white area rh Tue Mar 10 09:18:20 CET 2026
#@# pial curv rh Tue Mar 10 09:18:21 CET 2026
#@# pial area rh Tue Mar 10 09:18:23 CET 2026
#@# thickness rh Tue Mar 10 09:18:24 CET 2026
#@# area and vertex vol rh Tue Mar 10 09:18:51 CET 2026
#@# Curvature Stats rh Tue Mar 10 09:18:53 CET 2026
#@# Cortical Parc 2 rh Tue Mar 10 09:18:55 CET 2026
#@# Cortical Parc 3 rh Tue Mar 10 09:19:08 CET 2026
#@# WM/GM Contrast rh Tue Mar 10 09:19:18 CET 2026
recon-all -s sub-v1s8x0051340_ses-1 finished without error at Tue Mar 10 09:19:21 CET 2026



#New# invocation of recon-all 



status file for recon-all
Tue Mar 10 09:26:40 CET 2026
#@# white curv rh Tue Mar 10 09:26:40 CET 2026
#@# white area rh Tue Mar 10 09:26:40 CET 2026
#@# pial curv rh Tue Mar 10 09:26:40 CET 2026
#@# pial area rh Tue Mar 10 09:26:40 CET 2026
#@# thickness rh Tue Mar 10 09:26:40 CET 2026
#@# area and vertex vol rh Tue Mar 10 09:26:40 CET 2026
#@# Parcellation Stats rh Tue Mar 10 09:26:40 CET 2026
#@# Parcellation Stats 2 rh Tue Mar 10 09:26:57 CET 2026
#@# Parcellation Stats 3 rh Tue Mar 10 09:27:05 CET 2026
#@# BA_exvivo Labels rh Tue Mar 10 09:27:14 CET 2026
recon-all -s sub-v1s8x0051340_ses-1 finished without error at Tue Mar 10 09:29:45 CET 2026
