status file for recon-all
Tue Mar 10 06:51:58 CET 2026
#@# MotionCor Tue Mar 10 06:52:00 CET 2026
#@# Talairach Tue Mar 10 06:52:07 CET 2026
#@# Talairach Failure Detection Tue Mar 10 06:56:33 CET 2026
#@# Nu Intensity Correction Tue Mar 10 06:56:33 CET 2026
#@# Intensity Normalization Tue Mar 10 06:59:48 CET 2026
recon-all -s sub-v1s8x0051340_ses-1 finished without error at Tue Mar 10 07:01:21 CET 2026



#New# invocation of recon-all 



status file for recon-all
Tue Mar 10 07:08:48 CET 2026
#@# EM Registration Tue Mar 10 07:08:48 CET 2026
recon-all -s sub-v1s8x0051340_ses-1 finished without error at Tue Mar 10 07:10:47 CET 2026



#New# invocation of recon-all 



status file for recon-all
Tue Mar 10 07:10:50 CET 2026
#@# CA Normalize Tue Mar 10 07:10:50 CET 2026
#@# CA Reg Tue Mar 10 07:12:11 CET 2026
#@# SubCort Seg Tue Mar 10 08:00:15 CET 2026
#@# CC Seg Tue Mar 10 08:31:25 CET 2026
#@# Merge ASeg Tue Mar 10 08:32:03 CET 2026
#@# Intensity Normalization2 Tue Mar 10 08:32:03 CET 2026
#@# Mask BFS Tue Mar 10 08:34:23 CET 2026
#@# WM Segmentation Tue Mar 10 08:34:24 CET 2026
#@# Fill Tue Mar 10 08:36:24 CET 2026
recon-all -s sub-v1s8x0051340_ses-1 finished without error at Tue Mar 10 08:37:25 CET 2026



#New# invocation of recon-all 



status file for recon-all
Tue Mar 10 09:19:27 CET 2026
#@# white curv lh Tue Mar 10 09:19:27 CET 2026
#@# white area lh Tue Mar 10 09:19:27 CET 2026
#@# pial curv lh Tue Mar 10 09:19:27 CET 2026
#@# pial area lh Tue Mar 10 09:19:27 CET 2026
#@# thickness lh Tue Mar 10 09:19:27 CET 2026
#@# area and vertex vol lh Tue Mar 10 09:19:27 CET 2026
#@# white curv rh Tue Mar 10 09:19:27 CET 2026
#@# white area rh Tue Mar 10 09:19:27 CET 2026
#@# pial curv rh Tue Mar 10 09:19:27 CET 2026
#@# pial area rh Tue Mar 10 09:19:27 CET 2026
#@# thickness rh Tue Mar 10 09:19:27 CET 2026
#@# area and vertex vol rh Tue Mar 10 09:19:27 CET 2026
#@# Cortical ribbon mask Tue Mar 10 09:19:27 CET 2026
recon-all -s sub-v1s8x0051340_ses-1 finished without error at Tue Mar 10 09:23:28 CET 2026



#New# invocation of recon-all 



status file for recon-all
Tue Mar 10 09:29:50 CET 2026
#@# white curv lh Tue Mar 10 09:29:50 CET 2026
#@# white area lh Tue Mar 10 09:29:50 CET 2026
#@# pial curv lh Tue Mar 10 09:29:50 CET 2026
#@# pial area lh Tue Mar 10 09:29:50 CET 2026
#@# thickness lh Tue Mar 10 09:29:50 CET 2026
#@# area and vertex vol lh Tue Mar 10 09:29:50 CET 2026
#@# white curv rh Tue Mar 10 09:29:50 CET 2026
#@# white area rh Tue Mar 10 09:29:50 CET 2026
#@# pial curv rh Tue Mar 10 09:29:50 CET 2026
#@# pial area rh Tue Mar 10 09:29:50 CET 2026
#@# thickness rh Tue Mar 10 09:29:50 CET 2026
#@# area and vertex vol rh Tue Mar 10 09:29:50 CET 2026
#@# Curvature Stats lh Tue Mar 10 09:29:50 CET 2026
#@# Curvature Stats rh Tue Mar 10 09:29:52 CET 2026
#@# Relabel Hypointensities Tue Mar 10 09:29:55 CET 2026
#@# APas-to-ASeg Tue Mar 10 09:30:10 CET 2026
#@# AParc-to-ASeg aparc Tue Mar 10 09:30:17 CET 2026
#@# AParc-to-ASeg aparc.a2009s Tue Mar 10 09:30:48 CET 2026
#@# AParc-to-ASeg aparc.DKTatlas Tue Mar 10 09:31:17 CET 2026
#@# WMParc Tue Mar 10 09:31:45 CET 2026
#@# ASeg Stats Tue Mar 10 09:35:34 CET 2026
recon-all -s sub-v1s8x0051340_ses-1 finished without error at Tue Mar 10 09:36:19 CET 2026
