status file for recon-all
Tue Mar 10 08:37:29 CET 2026
#@# Tessellate lh Tue Mar 10 08:37:29 CET 2026
#@# Smooth1 lh Tue Mar 10 08:37:33 CET 2026
#@# Inflation1 lh Tue Mar 10 08:37:35 CET 2026
#@# QSphere lh Tue Mar 10 08:37:48 CET 2026
#@# Fix Topology lh Tue Mar 10 08:38:58 CET 2026
#@# Smooth2 lh Tue Mar 10 08:43:46 CET 2026
#@# Inflation2 lh Tue Mar 10 08:43:48 CET 2026
#@# Curv .H and .K lh Tue Mar 10 08:44:03 CET 2026
#@# Sphere lh Tue Mar 10 08:44:48 CET 2026
#@# Surf Reg lh Tue Mar 10 08:47:55 CET 2026
#@# Jacobian white lh Tue Mar 10 08:51:33 CET 2026
#@# AvgCurv lh Tue Mar 10 08:51:34 CET 2026
#@# Cortical Parc lh Tue Mar 10 08:51:35 CET 2026
#@# white curv lh Tue Mar 10 08:57:38 CET 2026
#@# white area lh Tue Mar 10 08:57:40 CET 2026
#@# pial curv lh Tue Mar 10 08:57:41 CET 2026
#@# pial area lh Tue Mar 10 08:57:42 CET 2026
#@# thickness lh Tue Mar 10 08:57:43 CET 2026
#@# area and vertex vol lh Tue Mar 10 08:58:11 CET 2026
#@# Curvature Stats lh Tue Mar 10 08:58:12 CET 2026
#@# Cortical Parc 2 lh Tue Mar 10 08:58:15 CET 2026
#@# Cortical Parc 3 lh Tue Mar 10 08:58:27 CET 2026
#@# WM/GM Contrast lh Tue Mar 10 08:58:37 CET 2026
recon-all -s sub-v1s8x0051340_ses-1 finished without error at Tue Mar 10 08:58:40 CET 2026



#New# invocation of recon-all 



status file for recon-all
Tue Mar 10 09:23:32 CET 2026
#@# white curv lh Tue Mar 10 09:23:32 CET 2026
#@# white area lh Tue Mar 10 09:23:32 CET 2026
#@# pial curv lh Tue Mar 10 09:23:32 CET 2026
#@# pial area lh Tue Mar 10 09:23:32 CET 2026
#@# thickness lh Tue Mar 10 09:23:32 CET 2026
#@# area and vertex vol lh Tue Mar 10 09:23:32 CET 2026
#@# Parcellation Stats lh Tue Mar 10 09:23:32 CET 2026
#@# Parcellation Stats 2 lh Tue Mar 10 09:23:49 CET 2026
#@# Parcellation Stats 3 lh Tue Mar 10 09:23:58 CET 2026
#@# BA_exvivo Labels lh Tue Mar 10 09:24:07 CET 2026
recon-all -s sub-v1s8x0051340_ses-1 finished without error at Tue Mar 10 09:26:38 CET 2026
