/out/sourcedata/freesurfer/sub-v1s8x0051340_ses-1/mri
/opt/freesurfer/bin/talairach_avi
--i orig_nu.mgz --xfm transforms/talairach.auto.xfm
talairach_avi 7.3.2
Linux dna063 5.14.0-427.37.1.el9_4.x86_64 #1 SMP PREEMPT_DYNAMIC Fri Sep 13 12:41:50 EDT 2024 x86_64 x86_64 x86_64 GNU/Linux
Tue Mar 10 06:55:03 CET 2026
mri_convert orig_nu.mgz talsrcimg.img 
reading from orig_nu.mgz...
TR=0.00, TE=0.00, TI=0.00, flip angle=0.00
i_ras = (-1, 0, 0)
j_ras = (0, 0, -1)
k_ras = (0, 1, 0)
writing to talsrcimg.img...
Analyze Output Matrix
-1.00000   0.00000   0.00000   127.74404;
 0.00000   0.00000   1.00000  -130.27589;
 0.00000  -1.00000   0.00000   134.72154;
 0.00000   0.00000   0.00000   1.00000;
--------------------
INFO: set hdr.hist.orient to -1
mpr2mni305 talsrcimg
Tue Mar 10 06:55:04 CET 2026
/opt/freesurfer/bin/mpr2mni305 talsrcimg
mpr2mni305 7.3.2
target=711-2C_as_mni_average_305

---------------------------------------------------------------------
analyzeto4dfp talsrcimg -O0 -y
---------------------------------------------------------------------

freesurfer ifh2hdr.c
Tue Mar 10 06:55:04 2026
Writing: talsrcimg.4dfp.hdr
freesurfer analyzeto4dfp.c
Reading: talsrcimg.hdr
header size 348 bytes
hdr.dime.datatype	offset=70	value=2
hdr.dime.bitpix		offset=72	value=8
hdr.hist.orient		offset=252	value=-1
dimensionality     4
dimensions       256       256       256         1
Reading: talsrcimg.img
Writing: talsrcimg.4dfp.img
Writing: talsrcimg.4dfp.ifh
ifh2hdr talsrcimg -r0to218
ori=2

---------------------------------------------------------------------
gauss_4dfp talsrcimg 1.1
---------------------------------------------------------------------

freesurfer gauss_4dfp.c
Reading: talsrcimg.4dfp.img
Writing: talsrcimg_g11.4dfp.img
image dimensions 256 256 256 padded to 288 288 288
processing volume 1freesurfer ifh2hdr.c
Tue Mar 10 06:55:05 2026
Writing: talsrcimg_g11.4dfp.hdr

Writing: talsrcimg_g11.4dfp.ifh
including: talsrcimg.4dfp.img.rec in talsrcimg_g11.4dfp.img.rec

---------------------------------------------------------------------
imgreg_4dfp /opt/freesurfer/average/711-2C_as_mni_average_305 none talsrcimg_g11 none talsrcimg_to_711-2C_as_mni_average_305_t4 4355
---------------------------------------------------------------------

freesurfer imgreg_4dfp.c
/opt/freesurfer/average/711-2C_as_mni_average_305.4dfp.img
       256       256       256         1
  1.000000  1.000000  1.000000
orientation T byte_order littleendian
Reading image: /opt/freesurfer/average/711-2C_as_mni_average_305.4dfp.img
dimensions:      256       256       256
mmppix:       1.0000   -1.0000   -1.0000
center:     128.0000 -129.0000 -129.0000
talsrcimg_g11.4dfp.img
       256       256       256         1
  1.000000  1.000000  1.000000
orientation T byte_order littleendian
Reading image: talsrcimg_g11.4dfp.img
dimensions:      256       256       256
mmppix:       1.0000   -1.0000   -1.0000
center:     128.0000 -129.0000 -129.0000
t4_read: open error in t4_sub.f l:  41 t4_file(1:l)talsrcimg_to_711-2C_as_mni_average_305_t4 
t4_read: transform initialized to I4
rotation matrix determinant  1.000000
image alignment mode   4355 decimal     1103 hex
   -7.5000  -45.0000  -45.0000 5932.7207   15.3973
    0.0000  -45.0000  -45.0000 6195.0508   15.4051
    7.5000  -45.0000  -45.0000 5937.7915   15.4126
   -7.5000  -37.5000  -45.0000 6534.9009   14.9140
    0.0000  -37.5000  -45.0000 6819.9990   14.9239
    7.5000  -37.5000  -45.0000 6547.6084   14.9360
   -7.5000  -30.0000  -45.0000 7464.5737   14.5847
    0.0000  -30.0000  -45.0000 7814.8735   14.5983
    7.5000  -30.0000  -45.0000 7485.7896   14.6064
   -7.5000  -22.5000  -45.0000 8434.9814   14.3635
    0.0000  -22.5000  -45.0000 8838.6553   14.3772
    7.5000  -22.5000  -45.0000 8441.9443   14.3780
   -7.5000  -15.0000  -45.0000 9424.7783   14.3272
    0.0000  -15.0000  -45.0000 9880.8828   14.3380
    7.5000  -15.0000  -45.0000 9417.6855   14.3344
   -7.5000   -7.5000  -45.000010396.6709   14.3110
    0.0000   -7.5000  -45.000010887.3711   14.3183
    7.5000   -7.5000  -45.000010366.0488   14.3171
   -7.5000    0.0000  -45.000011364.5420   14.2846
    0.0000    0.0000  -45.000011904.7129   14.2909
    7.5000    0.0000  -45.000011297.2061   14.2958
   -7.5000    7.5000  -45.000011373.4521   14.2516
    0.0000    7.5000  -45.000011912.6621   14.2603
    7.5000    7.5000  -45.000011287.4424   14.2688
   -7.5000   15.0000  -45.000011192.9834   14.2421
    0.0000   15.0000  -45.000011731.2041   14.2542
    7.5000   15.0000  -45.000011106.3145   14.2607
   -7.5000   22.5000  -45.000011018.5244   14.2667
    0.0000   22.5000  -45.000011513.0674   14.2797
    7.5000   22.5000  -45.000010917.5449   14.2799
   -7.5000   30.0000  -45.000010800.2725   14.1131
    0.0000   30.0000  -45.000011295.7871   14.1234
    7.5000   30.0000  -45.000010695.0586   14.1197
   -7.5000   37.5000  -45.000010876.7871   14.1193
    0.0000   37.5000  -45.000011394.8105   14.1265
    7.5000   37.5000  -45.000010782.7324   14.1253
   -7.5000   45.0000  -45.000010447.2256   13.7363
    0.0000   45.0000  -45.000010969.1943   13.7424
    7.5000   45.0000  -45.000010364.0693   13.7471
   -7.5000  -45.0000  -37.5000 6256.2866   15.3059
    0.0000  -45.0000  -37.5000 6522.7485   15.3176
    7.5000  -45.0000  -37.5000 6243.8584   15.3274
   -7.5000  -37.5000  -37.5000 6893.0308   14.8265
    0.0000  -37.5000  -37.5000 7198.5146   14.8396
    7.5000  -37.5000  -37.5000 6906.2656   14.8529
   -7.5000  -30.0000  -37.5000 7880.4731   14.4982
    0.0000  -30.0000  -37.5000 8254.1660   14.5158
    7.5000  -30.0000  -37.5000 7895.9150   14.5263
   -7.5000  -22.5000  -37.5000 8904.9824   14.2801
    0.0000  -22.5000  -37.5000 9339.6377   14.3003
    7.5000  -22.5000  -37.5000 8925.0088   14.3055
   -7.5000  -15.0000  -37.5000 9961.8203   14.2478
    0.0000  -15.0000  -37.500010440.8760   14.2663
    7.5000  -15.0000  -37.5000 9964.1699   14.2675
   -7.5000   -7.5000  -37.500011004.2598   14.2349
    0.0000   -7.5000  -37.500011522.4268   14.2483
    7.5000   -7.5000  -37.500010972.4980   14.2506
   -7.5000    0.0000  -37.500012016.0762   14.2089
    0.0000    0.0000  -37.500012585.3125   14.2188
    7.5000    0.0000  -37.500011959.6797   14.2255
   -7.5000    7.5000  -37.500012025.4854   14.1730
    0.0000    7.5000  -37.500012590.5811   14.1843
    7.5000    7.5000  -37.500011950.9727   14.1941
   -7.5000   15.0000  -37.500011847.7441   14.1598
    0.0000   15.0000  -37.500012395.5986   14.1760
    7.5000   15.0000  -37.500011768.3008   14.1849
   -7.5000   22.5000  -37.500011625.3340   14.1842
    0.0000   22.5000  -37.500012163.2959   14.2036
    7.5000   22.5000  -37.500011519.2158   14.2082
   -7.5000   30.0000  -37.500011358.4053   14.0349
    0.0000   30.0000  -37.500011892.0059   14.0527
    7.5000   30.0000  -37.500011241.2578   14.0537
   -7.5000   37.5000  -37.500011414.3359   14.0443
    0.0000   37.5000  -37.500011959.5264   14.0575
    7.5000   37.5000  -37.500011295.7070   14.0597
   -7.5000   45.0000  -37.500010950.2285   13.6636
    0.0000   45.0000  -37.500011507.4297   13.6731
    7.5000   45.0000  -37.500010853.5664   13.6795
   -7.5000  -45.0000  -30.0000 6662.5552   15.9627
    0.0000  -45.0000  -30.0000 6959.9141   15.9793
    7.5000  -45.0000  -30.0000 6677.3857   15.9883
   -7.5000  -37.5000  -30.0000 7371.5278   15.4620
    0.0000  -37.5000  -30.0000 7717.6030   15.4788
    7.5000  -37.5000  -30.0000 7407.6387   15.4914
   -7.5000  -30.0000  -30.0000 8450.9004   15.1159
    0.0000  -30.0000  -30.0000 8849.8594   15.1379
    7.5000  -30.0000  -30.0000 8465.5352   15.1483
   -7.5000  -22.5000  -30.0000 9562.4092   14.8876
    0.0000  -22.5000  -30.000010032.9131   14.9152
    7.5000  -22.5000  -30.0000 9576.4121   14.9202
   -7.5000  -15.0000  -30.000010697.2227   14.8560
    0.0000  -15.0000  -30.000011222.9971   14.8828
    7.5000  -15.0000  -30.000010687.8164   14.8828
   -7.5000   -7.5000  -30.000011798.9521   14.8457
    0.0000   -7.5000  -30.000012360.0176   14.8659
    7.5000   -7.5000  -30.000011762.7217   14.8661
   -7.5000    0.0000  -30.000012851.8486   14.8203
    0.0000    0.0000  -30.000013472.9932   14.8345
    7.5000    0.0000  -30.000012809.5518   14.8394
   -7.5000    7.5000  -30.000012865.9092   14.7808
    0.0000    7.5000  -30.000013482.1748   14.7952
    7.5000    7.5000  -30.000012788.0723   14.8042
   -7.5000   15.0000  -30.000012702.0537   14.7636
    0.0000   15.0000  -30.000013282.8740   14.7841
    7.5000   15.0000  -30.000012589.6123   14.7931
   -7.5000   22.5000  -30.000012455.7061   14.7863
    0.0000   22.5000  -30.000013044.6670   14.8128
    7.5000   22.5000  -30.000012324.0430   14.8173
   -7.5000   30.0000  -30.000012171.5420   14.6353
    0.0000   30.0000  -30.000012752.5410   14.6614
    7.5000   30.0000  -30.000012012.7461   14.6612
   -7.5000   37.5000  -30.000012229.1104   14.6483
    0.0000   37.5000  -30.000012808.7715   14.6682
    7.5000   37.5000  -30.000012075.1650   14.6684
   -7.5000   45.0000  -30.000011697.8965   14.2619
    0.0000   45.0000  -30.000012283.2383   14.2756
    7.5000   45.0000  -30.000011565.0127   14.2804
   -7.5000  -45.0000  -22.5000 7083.1260   16.5110
    0.0000  -45.0000  -22.5000 7416.7461   16.5286
    7.5000  -45.0000  -22.5000 7115.6079   16.5323
   -7.5000  -37.5000  -22.5000 7859.8433   15.9947
    0.0000  -37.5000  -22.5000 8250.7705   16.0119
    7.5000  -37.5000  -22.5000 7906.5669   16.0207
   -7.5000  -30.0000  -22.5000 9029.4795   15.6370
    0.0000  -30.0000  -22.5000 9475.7822   15.6591
    7.5000  -30.0000  -22.5000 9053.1133   15.6657
   -7.5000  -22.5000  -22.500010233.9443   15.4005
    0.0000  -22.5000  -22.500010737.8887   15.4282
    7.5000  -22.5000  -22.500010247.2266   15.4273
   -7.5000  -15.0000  -22.500011435.4658   15.3657
    0.0000  -15.0000  -22.500011962.1006   15.3926
    7.5000  -15.0000  -22.500011420.6250   15.3847
   -7.5000   -7.5000  -22.500012596.9844   15.3539
    0.0000   -7.5000  -22.500013174.5791   15.3744
    7.5000   -7.5000  -22.500012556.6377   15.3670
   -7.5000    0.0000  -22.500013707.7617   15.3286
    0.0000    0.0000  -22.500014350.6543   15.3431
    7.5000    0.0000  -22.500013650.8096   15.3428
   -7.5000    7.5000  -22.500013726.6816   15.2894
    0.0000    7.5000  -22.500014357.5498   15.3040
    7.5000    7.5000  -22.500013616.8057   15.3095
   -7.5000   15.0000  -22.500013539.6377   15.2731
    0.0000   15.0000  -22.500014152.1895   15.2937
    7.5000   15.0000  -22.500013392.2773   15.2989
   -7.5000   22.5000  -22.500013279.1895   15.2950
    0.0000   22.5000  -22.500013895.6484   15.3217
    7.5000   22.5000  -22.500013095.6865   15.3203
   -7.5000   30.0000  -22.500012985.6201   15.1399
    0.0000   30.0000  -22.500013603.1191   15.1661
    7.5000   30.0000  -22.500012781.6777   15.1581
   -7.5000   37.5000  -22.500013060.2490   15.1521
    0.0000   37.5000  -22.500013672.5068   15.1723
    7.5000   37.5000  -22.500012851.1133   15.1649
   -7.5000   45.0000  -22.500012457.8135   14.7622
    0.0000   45.0000  -22.500013068.1475   14.7762
    7.5000   45.0000  -22.500012295.0967   14.7758
   -7.5000  -45.0000  -15.0000 7516.4800   16.8908
    0.0000  -45.0000  -15.0000 7863.8042   16.9054
    7.5000  -45.0000  -15.0000 7527.2783   16.9058
   -7.5000  -37.5000  -15.0000 8353.0283   16.3660
    0.0000  -37.5000  -15.0000 8749.9912   16.3806
    7.5000  -37.5000  -15.0000 8374.2539   16.3876
   -7.5000  -30.0000  -15.0000 9587.6230   16.0045
    0.0000  -30.0000  -15.000010052.6211   16.0228
    7.5000  -30.0000  -15.0000 9595.0068   16.0264
   -7.5000  -22.5000  -15.000010867.9043   15.7623
    0.0000  -22.5000  -15.000011381.2705   15.7836
    7.5000  -22.5000  -15.000010846.6426   15.7770
   -7.5000  -15.0000  -15.000012118.3350   15.7218
    0.0000  -15.0000  -15.000012685.2129   15.7414
    7.5000  -15.0000  -15.000012078.6143   15.7267
   -7.5000   -7.5000  -15.000013322.7080   15.7053
    0.0000   -7.5000  -15.000013950.2539   15.7201
    7.5000   -7.5000  -15.000013283.5264   15.7075
   -7.5000    0.0000  -15.000014500.8115   15.6789
    0.0000    0.0000  -15.000015177.9570   15.6905
    7.5000    0.0000  -15.000014441.2617   15.6873
   -7.5000    7.5000  -15.000014552.0977   15.6435
    0.0000    7.5000  -15.000015221.5918   15.6558
    7.5000    7.5000  -15.000014436.4043   15.6596
   -7.5000   15.0000  -15.000014348.1641   15.6320
    0.0000   15.0000  -15.000014985.8379   15.6488
    7.5000   15.0000  -15.000014192.3516   15.6509
   -7.5000   22.5000  -15.000014070.0654   15.6540
    0.0000   22.5000  -15.000014703.7275   15.6743
    7.5000   22.5000  -15.000013867.3105   15.6673
   -7.5000   30.0000  -15.000013784.1436   15.4932
    0.0000   30.0000  -15.000014406.9199   15.5121
    7.5000   30.0000  -15.000013541.1172   15.4975
   -7.5000   37.5000  -15.000013871.7070   15.5010
    0.0000   37.5000  -15.000014507.8975   15.5156
    7.5000   37.5000  -15.000013620.7441   15.5031
   -7.5000   45.0000  -15.000013217.8291   15.1087
    0.0000   45.0000  -15.000013830.5908   15.1199
    7.5000   45.0000  -15.000012988.6191   15.1168
   -7.5000  -45.0000   -7.5000 7907.2275   17.0734
    0.0000  -45.0000   -7.5000 8271.7314   17.0837
    7.5000  -45.0000   -7.5000 7884.1836   17.0865
   -7.5000  -37.5000   -7.5000 8832.5244   16.5433
    0.0000  -37.5000   -7.5000 9246.9883   16.5549
    7.5000  -37.5000   -7.5000 8810.4307   16.5640
   -7.5000  -30.0000   -7.500010175.7598   16.1813
    0.0000  -30.0000   -7.500010651.3193   16.1962
    7.5000  -30.0000   -7.500010131.4082   16.2011
   -7.5000  -22.5000   -7.500011522.7988   15.9376
    0.0000  -22.5000   -7.500012037.9688   15.9526
    7.5000  -22.5000   -7.500011454.9863   15.9471
   -7.5000  -15.0000   -7.500012828.8564   15.8953
    0.0000  -15.0000   -7.500013395.2842   15.9075
    7.5000  -15.0000   -7.500012744.4268   15.8951
   -7.5000   -7.5000   -7.500014092.3008   15.8757
    0.0000   -7.5000   -7.500014728.2920   15.8845
    7.5000   -7.5000   -7.500014006.8379   15.8752
   -7.5000    0.0000   -7.500015349.5186   15.8471
    0.0000    0.0000   -7.500016016.8379   15.8550
    7.5000    0.0000   -7.500015235.4707   15.8548
   -7.5000    7.5000   -7.500015433.4189   15.8127
    0.0000    7.5000   -7.500016107.5879   15.8227
    7.5000    7.5000   -7.500015304.6689   15.8283
   -7.5000   15.0000   -7.500015262.9648   15.8042
    0.0000   15.0000   -7.500015903.0264   15.8175
    7.5000   15.0000   -7.500015089.8037   15.8207
   -7.5000   22.5000   -7.500014939.2861   15.8262
    0.0000   22.5000   -7.500015547.5020   15.8404
    7.5000   22.5000   -7.500014722.4385   15.8344
   -7.5000   30.0000   -7.500014619.3467   15.6638
    0.0000   30.0000   -7.500015200.8154   15.6754
    7.5000   30.0000   -7.500014354.9326   15.6630
   -7.5000   37.5000   -7.500014745.2734   15.6687
    0.0000   37.5000   -7.500015346.1611   15.6775
    7.5000   37.5000   -7.500014422.0195   15.6683
   -7.5000   45.0000   -7.500014066.3906   15.2736
    0.0000   45.0000   -7.500014626.5293   15.2812
    7.5000   45.0000   -7.500013726.4502   15.2810
   -7.5000  -45.0000    0.0000 8264.1133   17.1087
    0.0000  -45.0000    0.0000 8611.6172   17.1176
    7.5000  -45.0000    0.0000 8196.4531   17.1253
   -7.5000  -37.5000    0.0000 9257.4746   16.5749
    0.0000  -37.5000    0.0000 9667.0264   16.5862
    7.5000  -37.5000    0.0000 9173.3027   16.5988
   -7.5000  -30.0000    0.000010646.5234   16.2119
    0.0000  -30.0000    0.000011150.7031   16.2272
    7.5000  -30.0000    0.000010573.1445   16.2357
   -7.5000  -22.5000    0.000012046.4209   15.9686
    0.0000  -22.5000    0.000012597.7529   15.9840
    7.5000  -22.5000    0.000011941.8330   15.9846
   -7.5000  -15.0000    0.000013418.9814   15.9289
    0.0000  -15.0000    0.000014043.8223   15.9411
    7.5000  -15.0000    0.000013311.2695   15.9369
   -7.5000   -7.5000    0.000014718.2461   15.9104
    0.0000   -7.5000    0.000015405.4512   15.9188
    7.5000   -7.5000    0.000014623.9697   15.9170
   -7.5000    0.0000    0.000015984.4062   15.8804
    0.0000    0.0000    0.000016728.9062   15.8876
    7.5000    0.0000    0.000015892.0059   15.8924
   -7.5000    7.5000    0.000016144.8428   15.8435
    0.0000    7.5000    0.000016929.1562   15.8534
    7.5000    7.5000    0.000016050.7490   15.8623
   -7.5000   15.0000    0.000016211.7852   15.8336
    0.0000   15.0000    0.000016938.9180   15.8472
    7.5000   15.0000    0.000016036.2471   15.8540
   -7.5000   22.5000    0.000015978.2334   15.8565
    0.0000   22.5000    0.000016562.8320   15.8711
    7.5000   22.5000    0.000015690.4531   15.8712
   -7.5000   30.0000    0.000015608.8115   15.6972
    0.0000   30.0000    0.000016140.2627   15.7089
    7.5000   30.0000    0.000015217.2539   15.7045
   -7.5000   37.5000    0.000015660.8252   15.7035
    0.0000   37.5000    0.000016214.9082   15.7117
    7.5000   37.5000    0.000015181.5859   15.7099
   -7.5000   45.0000    0.000014882.6416   15.3068
    0.0000   45.0000    0.000015427.1787   15.3138
    7.5000   45.0000    0.000014362.7148   15.3184
   -7.5000  -45.0000    7.5000 7907.8315   17.1249
    0.0000  -45.0000    7.5000 8254.3301   17.1380
    7.5000  -45.0000    7.5000 7824.9878   17.1489
   -7.5000  -37.5000    7.5000 8920.7607   16.5887
    0.0000  -37.5000    7.5000 9349.6758   16.6033
    7.5000  -37.5000    7.5000 8833.3613   16.6183
   -7.5000  -30.0000    7.500010283.7832   16.2215
    0.0000  -30.0000    7.500010789.8965   16.2413
    7.5000  -30.0000    7.500010221.1846   16.2529
   -7.5000  -22.5000    7.500011621.2939   15.9774
    0.0000  -22.5000    7.500012173.5244   16.0001
    7.5000  -22.5000    7.500011558.3867   16.0059
   -7.5000  -15.0000    7.500012954.0928   15.9413
    0.0000  -15.0000    7.500013553.0205   15.9620
    7.5000  -15.0000    7.500012886.6455   15.9633
   -7.5000   -7.5000    7.500014218.2598   15.9268
    0.0000   -7.5000    7.500014886.3350   15.9418
    7.5000   -7.5000    7.500014133.4463   15.9444
   -7.5000    0.0000    7.500015474.5361   15.8977
    0.0000    0.0000    7.500016186.5527   15.9088
    7.5000    0.0000    7.500015350.7061   15.9163
   -7.5000    7.5000    7.500015684.8389   15.8576
    0.0000    7.5000    7.500016538.0996   15.8703
    7.5000    7.5000    7.500015506.3359   15.8812
   -7.5000   15.0000    7.500015904.9756   15.8430
    0.0000   15.0000    7.500016853.4863   15.8611
    7.5000   15.0000    7.500015564.4355   15.8711
   -7.5000   22.5000    7.500015848.5410   15.8650
    0.0000   22.5000    7.500016594.6836   15.8868
    7.5000   22.5000    7.500015298.0918   15.8920
   -7.5000   30.0000    7.500015408.4336   15.7091
    0.0000   30.0000    7.500015984.9844   15.7292
    7.5000   30.0000    7.500014773.7666   15.7303
   -7.5000   37.5000    7.500015314.5361   15.7196
    0.0000   37.5000    7.500015843.8975   15.7344
    7.5000   37.5000    7.500014664.3291   15.7369
   -7.5000   45.0000    7.500014434.3867   15.3235
    0.0000   45.0000    7.500014955.4092   15.3343
    7.5000   45.0000    7.500013894.7998   15.3414
   -7.5000  -45.0000   15.0000 7481.0928   17.1443
    0.0000  -45.0000   15.0000 7802.7671   17.1621
    7.5000  -45.0000   15.0000 7398.4253   17.1718
   -7.5000  -37.5000   15.0000 8468.2598   16.6065
    0.0000  -37.5000   15.0000 8872.9551   16.6245
    7.5000  -37.5000   15.0000 8389.9746   16.6381
   -7.5000  -30.0000   15.0000 9758.2031   16.2347
    0.0000  -30.0000   15.000010248.3457   16.2584
    7.5000  -30.0000   15.0000 9703.0596   16.2695
   -7.5000  -22.5000   15.000011049.2188   15.9895
    0.0000  -22.5000   15.000011585.4629   16.0191
    7.5000  -22.5000   15.000010963.2783   16.0245
   -7.5000  -15.0000   15.000012365.6904   15.9556
    0.0000  -15.0000   15.000012965.4824   15.9844
    7.5000  -15.0000   15.000012248.2822   15.9843
   -7.5000   -7.5000   15.000013645.1514   15.9445
    0.0000   -7.5000   15.000014300.5361   15.9662
    7.5000   -7.5000   15.000013459.9951   15.9664
   -7.5000    0.0000   15.000014886.9033   15.9172
    0.0000    0.0000   15.000015580.0225   15.9324
    7.5000    0.0000   15.000014634.5918   15.9377
   -7.5000    7.5000   15.000015061.4873   15.8748
    0.0000    7.5000   15.000015865.4658   15.8902
    7.5000    7.5000   15.000014783.8730   15.8999
   -7.5000   15.0000   15.000015082.2227   15.8563
    0.0000   15.0000   15.000015885.8057   15.8784
    7.5000   15.0000   15.000014775.1670   15.8879
   -7.5000   22.5000   15.000014797.4551   15.8771
    0.0000   22.5000   15.000015425.5195   15.9057
    7.5000   22.5000   15.000014447.6455   15.9105
   -7.5000   30.0000   15.000014360.4229   15.7231
    0.0000   30.0000   15.000014930.3359   15.7512
    7.5000   30.0000   15.000014001.7334   15.7509
   -7.5000   37.5000   15.000014376.4785   15.7371
    0.0000   37.5000   15.000014960.0996   15.7585
    7.5000   37.5000   15.000014003.2588   15.7587
   -7.5000   45.0000   15.000013633.2500   15.3423
    0.0000   45.0000   15.000014194.7129   15.3570
    7.5000   45.0000   15.000013302.7920   15.3621
   -7.5000  -45.0000   22.5000 6960.3325   17.2129
    0.0000  -45.0000   22.5000 7260.9922   17.2311
    7.5000  -45.0000   22.5000 6870.6382   17.2356
   -7.5000  -37.5000   22.5000 7895.2549   16.6743
    0.0000  -37.5000   22.5000 8268.6670   16.6921
    7.5000  -37.5000   22.5000 7805.8730   16.7017
   -7.5000  -30.0000   22.5000 9138.6006   16.3009
    0.0000  -30.0000   22.5000 9581.8525   16.3238
    7.5000  -30.0000   22.5000 9054.7705   16.3311
   -7.5000  -22.5000   22.500010400.0430   16.0536
    0.0000  -22.5000   22.500010877.9619   16.0824
    7.5000  -22.5000   22.500010274.4854   16.0818
   -7.5000  -15.0000   22.500011640.0176   16.0171
    0.0000  -15.0000   22.500012166.5303   16.0451
    7.5000  -15.0000   22.500011496.0410   16.0372
   -7.5000   -7.5000   22.500012778.3936   16.0048
    0.0000   -7.5000   22.500013352.2207   16.0259
    7.5000   -7.5000   22.500012649.6943   16.0186
   -7.5000    0.0000   22.500013872.6738   15.9782
    0.0000    0.0000   22.500014501.8721   15.9932
    7.5000    0.0000   22.500013774.3926   15.9932
   -7.5000    7.5000   22.500013988.7578   15.9374
    0.0000    7.5000   22.500014684.2881   15.9524
    7.5000    7.5000   22.500013923.0420   15.9585
   -7.5000   15.0000   22.500013907.9473   15.9204
    0.0000   15.0000   22.500014537.7656   15.9417
    7.5000   15.0000   22.500013858.1045   15.9474
   -7.5000   22.5000   22.500013557.0801   15.9408
    0.0000   22.5000   22.500014099.8184   15.9685
    7.5000   22.5000   22.500013486.3799   15.9674
   -7.5000   30.0000   22.500013199.0908   15.7838
    0.0000   30.0000   22.500013725.7266   15.8111
    7.5000   30.0000   22.500013122.7441   15.8031
   -7.5000   37.5000   22.500013316.7295   15.7966
    0.0000   37.5000   22.500013872.7705   15.8175
    7.5000   37.5000   22.500013201.3730   15.8102
   -7.5000   45.0000   22.500012755.7979   15.4011
    0.0000   45.0000   22.500013270.9375   15.4156
    7.5000   45.0000   22.500012586.2539   15.4156
   -7.5000  -45.0000   30.0000 6392.9897   17.4378
    0.0000  -45.0000   30.0000 6694.6650   17.4518
    7.5000  -45.0000   30.0000 6327.7412   17.4530
   -7.5000  -37.5000   30.0000 7259.1577   16.8919
    0.0000  -37.5000   30.0000 7623.5107   16.9062
    7.5000  -37.5000   30.0000 7207.2803   16.9142
   -7.5000  -30.0000   30.0000 8444.7480   16.5164
    0.0000  -30.0000   30.0000 8862.5869   16.5346
    7.5000  -30.0000   30.0000 8395.0693   16.5392
   -7.5000  -22.5000   30.0000 9582.0371   16.2635
    0.0000  -22.5000   30.000010053.3066   16.2850
    7.5000  -22.5000   30.0000 9553.2227   16.2789
   -7.5000  -15.0000   30.000010699.7207   16.2209
    0.0000  -15.0000   30.000011230.0605   16.2405
    7.5000  -15.0000   30.000010689.2100   16.2258
   -7.5000   -7.5000   30.000011730.4062   16.2037
    0.0000   -7.5000   30.000012311.4209   16.2181
    7.5000   -7.5000   30.000011762.1465   16.2056
   -7.5000    0.0000   30.000012769.0781   16.1763
    0.0000    0.0000   30.000013407.5439   16.1873
    7.5000    0.0000   30.000012814.0273   16.1845
   -7.5000    7.5000   30.000012885.6260   16.1392
    0.0000    7.5000   30.000013532.6396   16.1511
    7.5000    7.5000   30.000012938.6260   16.1556
   -7.5000   15.0000   30.000012792.8955   16.1271
    0.0000   15.0000   30.000013365.1357   16.1437
    7.5000   15.0000   30.000012827.7812   16.1466
   -7.5000   22.5000   30.000012498.3105   16.1482
    0.0000   22.5000   30.000013014.4131   16.1687
    7.5000   22.5000   30.000012498.0996   16.1620
   -7.5000   30.0000   30.000012199.5381   15.9845
    0.0000   30.0000   30.000012706.5938   16.0035
    7.5000   30.0000   30.000012161.2812   15.9888
   -7.5000   37.5000   30.000012335.5430   15.9929
    0.0000   37.5000   30.000012827.7588   16.0071
    7.5000   37.5000   30.000012264.8154   15.9947
   -7.5000   45.0000   30.000011858.8906   15.5921
    0.0000   45.0000   30.000012317.8164   15.6027
    7.5000   45.0000   30.000011747.7812   15.6000
   -7.5000  -45.0000   37.5000 6128.6572   17.7890
    0.0000  -45.0000   37.5000 6406.8442   17.7979
    7.5000  -45.0000   37.5000 6072.0342   17.8024
   -7.5000  -37.5000   37.5000 6928.2319   17.2242
    0.0000  -37.5000   37.5000 7275.8745   17.2347
    7.5000  -37.5000   37.5000 6912.9419   17.2460
   -7.5000  -30.0000   37.5000 8063.3247   16.8402
    0.0000  -30.0000   37.5000 8470.9492   16.8543
    7.5000  -30.0000   37.5000 8050.4141   16.8610
   -7.5000  -22.5000   37.5000 9149.5400   16.5807
    0.0000  -22.5000   37.5000 9640.2070   16.5951
    7.5000  -22.5000   37.5000 9182.5273   16.5905
   -7.5000  -15.0000   37.500010223.9502   16.5359
    0.0000  -15.0000   37.500010753.2861   16.5473
    7.5000  -15.0000   37.500010282.1514   16.5352
   -7.5000   -7.5000   37.500011237.9434   16.5157
    0.0000   -7.5000   37.500011826.3105   16.5235
    7.5000   -7.5000   37.500011306.4893   16.5145
   -7.5000    0.0000   37.500012244.4561   16.4851
    0.0000    0.0000   37.500012881.0459   16.4918
    7.5000    0.0000   37.500012333.6475   16.4926
   -7.5000    7.5000   37.500012356.9502   16.4471
    0.0000    7.5000   37.500012981.4766   16.4560
    7.5000    7.5000   37.500012424.6533   16.4633
   -7.5000   15.0000   37.500012261.0371   16.4369
    0.0000   15.0000   37.500012814.4590   16.4493
    7.5000   15.0000   37.500012282.0332   16.4541
   -7.5000   22.5000   37.500011982.4834   16.4608
    0.0000   22.5000   37.500012507.3193   16.4743
    7.5000   22.5000   37.500011994.0332   16.4692
   -7.5000   30.0000   37.500011691.4648   16.2945
    0.0000   30.0000   37.500012209.5625   16.3053
    7.5000   30.0000   37.500011689.3301   16.2932
   -7.5000   37.5000   37.500011836.5703   16.3008
    0.0000   37.5000   37.500012341.4805   16.3085
    7.5000   37.5000   37.500011799.2617   16.2996
   -7.5000   45.0000   37.500011403.9648   15.8897
    0.0000   45.0000   37.500011883.4541   15.8962
    7.5000   45.0000   37.500011321.1289   15.8970
   -7.5000  -45.0000   45.0000 5625.9395   18.1799
    0.0000  -45.0000   45.0000 5869.5767   18.1922
    7.5000  -45.0000   45.0000 5575.1216   18.2033
   -7.5000  -37.5000   45.0000 6358.1108   17.5913
    0.0000  -37.5000   45.0000 6667.0044   17.6059
    7.5000  -37.5000   45.0000 6343.4922   17.6233
   -7.5000  -30.0000   45.0000 7373.1562   17.1950
    0.0000  -30.0000   45.0000 7753.5684   17.2143
    7.5000  -30.0000   45.0000 7387.1084   17.2274
   -7.5000  -22.5000   45.0000 8381.1377   16.9260
    0.0000  -22.5000   45.0000 8825.9902   16.9455
    7.5000  -22.5000   45.0000 8430.7871   16.9495
   -7.5000  -15.0000   45.0000 9384.1094   16.8797
    0.0000  -15.0000   45.0000 9878.4326   16.8955
    7.5000  -15.0000   45.0000 9428.6445   16.8933
   -7.5000   -7.5000   45.000010348.5947   16.8575
    0.0000   -7.5000   45.000010888.5352   16.8689
    7.5000   -7.5000   45.000010392.0098   16.8688
   -7.5000    0.0000   45.000011274.9990   16.8237
    0.0000    0.0000   45.000011865.3193   16.8336
    7.5000    0.0000   45.000011335.5889   16.8409
   -7.5000    7.5000   45.000011347.1426   16.7838
    0.0000    7.5000   45.000011929.0059   16.7967
    7.5000    7.5000   45.000011392.0391   16.8092
   -7.5000   15.0000   45.000011242.3945   16.7740
    0.0000   15.0000   45.000011766.6729   16.7914
    7.5000   15.0000   45.000011248.0449   16.8022
   -7.5000   22.5000   45.000011007.1875   16.8000
    0.0000   22.5000   45.000011513.7197   16.8185
    7.5000   22.5000   45.000011016.6934   16.8218
   -7.5000   30.0000   45.000010733.6924   16.6308
    0.0000   30.0000   45.000011231.3975   16.6461
    7.5000   30.0000   45.000010739.6025   16.6436
   -7.5000   37.5000   45.000010853.3779   16.6367
    0.0000   37.5000   45.000011348.7393   16.6479
    7.5000   37.5000   45.000010842.5830   16.6478
   -7.5000   45.0000   45.000010490.2480   16.2234
    0.0000   45.0000   45.000010963.7832   16.2330
    7.5000   45.0000   45.000010448.0508   16.2401

---------------------------------------------------------------------
imgreg_4dfp /opt/freesurfer/average/711-2C_as_mni_average_305 /opt/freesurfer/average/711-2B_as_mni_average_305_mask talsrcimg_g11 none talsrcimg_to_711-2C_as_mni_average_305_t4 4355
---------------------------------------------------------------------

freesurfer imgreg_4dfp.c
/opt/freesurfer/average/711-2C_as_mni_average_305.4dfp.img
       256       256       256         1
  1.000000  1.000000  1.000000
orientation T byte_order littleendian
Reading image: /opt/freesurfer/average/711-2C_as_mni_average_305.4dfp.img
dimensions:      256       256       256
mmppix:       1.0000   -1.0000   -1.0000
center:     128.0000 -129.0000 -129.0000
/opt/freesurfer/average/711-2B_as_mni_average_305_mask.4dfp.img
       256       256       256         1
  1.000000  1.000000  1.000000
orientation T byte_order littleendian
Reading mask: /opt/freesurfer/average/711-2B_as_mni_average_305_mask.4dfp.img (2306576 pixels)
talsrcimg_g11.4dfp.img
       256       256       256         1
  1.000000  1.000000  1.000000
orientation T byte_order littleendian
Reading image: talsrcimg_g11.4dfp.img
dimensions:      256       256       256
mmppix:       1.0000   -1.0000   -1.0000
center:     128.0000 -129.0000 -129.0000
rotation matrix determinant  1.000000
image alignment mode   4355 decimal     1103 hex
   -7.5000  -30.0000  -45.0000 1933.4359   20.0227
    0.0000  -30.0000  -45.0000 1947.7922   19.8798
    7.5000  -30.0000  -45.0000 1944.7289   19.8137
   -7.5000  -22.5000  -45.0000 2064.4304   17.8152
    0.0000  -22.5000  -45.0000 2078.1448   17.7280
    7.5000  -22.5000  -45.0000 2070.9788   17.5925
   -7.5000  -15.0000  -45.0000 2176.3440   16.1091
    0.0000  -15.0000  -45.0000 2190.2061   16.0312
    7.5000  -15.0000  -45.0000 2182.2664   15.9474
   -7.5000   -7.5000  -45.0000 2272.7883   14.8285
    0.0000   -7.5000  -45.0000 2283.3018   14.7474
    7.5000   -7.5000  -45.0000 2273.3914   14.6988
   -7.5000    0.0000  -45.0000 2351.4155   13.8533
    0.0000    0.0000  -45.0000 2360.5750   13.7907
    7.5000    0.0000  -45.0000 2345.3572   13.7847
   -7.5000    7.5000  -45.0000 2387.1799   13.1893
    0.0000    7.5000  -45.0000 2401.6721   13.1010
    7.5000    7.5000  -45.0000 2383.0916   13.1112
   -7.5000   15.0000  -45.0000 2402.4570   12.8043
    0.0000   15.0000  -45.0000 2422.4619   12.7087
    7.5000   15.0000  -45.0000 2408.7058   12.7006
   -7.5000   22.5000  -45.0000 2410.0999   12.7079
    0.0000   22.5000  -45.0000 2430.5217   12.5749
    7.5000   22.5000  -45.0000 2420.9724   12.5934
   -7.5000   30.0000  -45.0000 2395.5774   12.9232
    0.0000   30.0000  -45.0000 2415.9651   12.8157
    7.5000   30.0000  -45.0000 2408.9536   12.8199
   -7.5000   37.5000  -45.0000 2364.9729   13.4336
    0.0000   37.5000  -45.0000 2388.7532   13.2968
    7.5000   37.5000  -45.0000 2380.2483   13.3203
   -7.5000   45.0000  -45.0000 2317.5029   14.1585
    0.0000   45.0000  -45.0000 2339.2405   14.0293
    7.5000   45.0000  -45.0000 2329.6482   14.0623
   -7.5000   52.5000  -45.0000 2229.2449   15.0471
    0.0000   52.5000  -45.0000 2248.8511   14.8960
    7.5000   52.5000  -45.0000 2237.9746   14.9621
   -7.5000   60.0000  -45.0000 2101.7710   16.0696
    0.0000   60.0000  -45.0000 2114.3528   15.8752
    7.5000   60.0000  -45.0000 2102.8835   15.9831
   -7.5000  -30.0000  -37.5000 1990.2025   18.8139
    0.0000  -30.0000  -37.5000 2006.2189   18.7046
    7.5000  -30.0000  -37.5000 1999.1982   18.6213
   -7.5000  -22.5000  -37.5000 2127.1262   16.7192
    0.0000  -22.5000  -37.5000 2144.3655   16.6516
    7.5000  -22.5000  -37.5000 2131.7722   16.5703
   -7.5000  -15.0000  -37.5000 2247.6736   15.1541
    0.0000  -15.0000  -37.5000 2261.5547   15.0716
    7.5000  -15.0000  -37.5000 2247.6250   15.0331
   -7.5000   -7.5000  -37.5000 2351.2778   13.9333
    0.0000   -7.5000  -37.5000 2363.7656   13.8486
    7.5000   -7.5000  -37.5000 2346.4255   13.8261
   -7.5000    0.0000  -37.5000 2430.1538   12.9851
    0.0000    0.0000  -37.5000 2444.1221   12.8950
    7.5000    0.0000  -37.5000 2427.1816   12.8991
   -7.5000    7.5000  -37.5000 2475.1904   12.3371
    0.0000    7.5000  -37.5000 2490.2502   12.2387
    7.5000    7.5000  -37.5000 2475.2512   12.2702
   -7.5000   15.0000  -37.5000 2495.7429   11.9478
    0.0000   15.0000  -37.5000 2514.4824   11.8432
    7.5000   15.0000  -37.5000 2505.4080   11.8741
   -7.5000   22.5000  -37.5000 2507.5935   11.8486
    0.0000   22.5000  -37.5000 2525.6536   11.7316
    7.5000   22.5000  -37.5000 2518.6099   11.7643
   -7.5000   30.0000  -37.5000 2488.3438   12.0389
    0.0000   30.0000  -37.5000 2515.4624   11.9500
    7.5000   30.0000  -37.5000 2504.6267   11.9592
   -7.5000   37.5000  -37.5000 2458.0725   12.4757
    0.0000   37.5000  -37.5000 2485.2803   12.3710
    7.5000   37.5000  -37.5000 2473.2268   12.3979
   -7.5000   45.0000  -37.5000 2409.1294   13.1239
    0.0000   45.0000  -37.5000 2435.0110   13.0082
    7.5000   45.0000  -37.5000 2423.7163   13.0341
   -7.5000   52.5000  -37.5000 2318.5332   13.9071
    0.0000   52.5000  -37.5000 2341.8416   13.7839
    7.5000   52.5000  -37.5000 2329.8354   13.8147
   -7.5000   60.0000  -37.5000 2180.7439   14.8269
    0.0000   60.0000  -37.5000 2201.2168   14.6983
    7.5000   60.0000  -37.5000 2186.5298   14.7776
   -7.5000  -30.0000  -30.0000 2077.6833   18.3776
    0.0000  -30.0000  -30.0000 2094.2529   18.2720
    7.5000  -30.0000  -30.0000 2085.7671   18.2342
   -7.5000  -22.5000  -30.0000 2222.7358   16.3189
    0.0000  -22.5000  -30.0000 2239.4136   16.2229
    7.5000  -22.5000  -30.0000 2229.4731   16.2015
   -7.5000  -15.0000  -30.0000 2348.4609   14.7614
    0.0000  -15.0000  -30.0000 2363.8801   14.6626
    7.5000  -15.0000  -30.0000 2348.8831   14.6334
   -7.5000   -7.5000  -30.0000 2456.9380   13.5325
    0.0000   -7.5000  -30.0000 2470.9546   13.4435
    7.5000   -7.5000  -30.0000 2453.7625   13.4235
   -7.5000    0.0000  -30.0000 2538.7234   12.5959
    0.0000    0.0000  -30.0000 2558.2566   12.4880
    7.5000    0.0000  -30.0000 2546.7576   12.4820
   -7.5000    7.5000  -30.0000 2592.5398   11.9335
    0.0000    7.5000  -30.0000 2613.1162   11.8269
    7.5000    7.5000  -30.0000 2603.0232   11.8346
   -7.5000   15.0000  -30.0000 2626.9514   11.5316
    0.0000   15.0000  -30.0000 2649.6770   11.4322
    7.5000   15.0000  -30.0000 2639.2009   11.4540
   -7.5000   22.5000  -30.0000 2645.9885   11.4191
    0.0000   22.5000  -30.0000 2666.2112   11.3435
    7.5000   22.5000  -30.0000 2657.2109   11.3365
   -7.5000   30.0000  -30.0000 2634.2288   11.5822
    0.0000   30.0000  -30.0000 2660.9658   11.5147
    7.5000   30.0000  -30.0000 2646.6409   11.5241
   -7.5000   37.5000  -30.0000 2602.7810   12.0048
    0.0000   37.5000  -30.0000 2630.9009   11.9003
    7.5000   37.5000  -30.0000 2619.1931   11.9414
   -7.5000   45.0000  -30.0000 2546.0681   12.6133
    0.0000   45.0000  -30.0000 2578.5596   12.4981
    7.5000   45.0000  -30.0000 2561.8940   12.5483
   -7.5000   52.5000  -30.0000 2449.2563   13.3734
    0.0000   52.5000  -30.0000 2476.2783   13.2473
    7.5000   52.5000  -30.0000 2464.3257   13.2951
   -7.5000   60.0000  -30.0000 2303.5967   14.2560
    0.0000   60.0000  -30.0000 2327.2603   14.1310
    7.5000   60.0000  -30.0000 2315.5588   14.2139
   -7.5000  -30.0000  -22.5000 2133.3159   17.8599
    0.0000  -30.0000  -22.5000 2153.8718   17.7503
    7.5000  -30.0000  -22.5000 2145.3616   17.7663
   -7.5000  -22.5000  -22.5000 2282.4277   15.8516
    0.0000  -22.5000  -22.5000 2305.2927   15.7290
    7.5000  -22.5000  -22.5000 2295.5400   15.7411
   -7.5000  -15.0000  -22.5000 2410.6316   14.2773
    0.0000  -15.0000  -22.5000 2429.3728   14.1521
    7.5000  -15.0000  -22.5000 2419.1091   14.1843
   -7.5000   -7.5000  -22.5000 2525.4285   13.0763
    0.0000   -7.5000  -22.5000 2540.8694   12.9107
    7.5000   -7.5000  -22.5000 2528.8538   12.9596
   -7.5000    0.0000  -22.5000 2616.2205   12.1248
    0.0000    0.0000  -22.5000 2638.0647   11.9944
    7.5000    0.0000  -22.5000 2631.0056   11.9963
   -7.5000    7.5000  -22.5000 2682.7119   11.4627
    0.0000    7.5000  -22.5000 2705.6013   11.3450
    7.5000    7.5000  -22.5000 2699.7146   11.3530
   -7.5000   15.0000  -22.5000 2727.0513   11.0174
    0.0000   15.0000  -22.5000 2752.4033   10.9092
    7.5000   15.0000  -22.5000 2741.6785   10.9405
   -7.5000   22.5000  -22.5000 2757.8740   10.8742
    0.0000   22.5000  -22.5000 2778.1323   10.7924
    7.5000   22.5000  -22.5000 2768.2991   10.8079
   -7.5000   30.0000  -22.5000 2753.9221   11.0490
    0.0000   30.0000  -22.5000 2780.5024   10.9625
    7.5000   30.0000  -22.5000 2764.8994   10.9893
   -7.5000   37.5000  -22.5000 2724.0046   11.4556
    0.0000   37.5000  -22.5000 2750.0247   11.3501
    7.5000   37.5000  -22.5000 2735.6035   11.3885
   -7.5000   45.0000  -22.5000 2664.0115   12.0378
    0.0000   45.0000  -22.5000 2692.4346   11.9099
    7.5000   45.0000  -22.5000 2676.7183   11.9517
   -7.5000   52.5000  -22.5000 2556.0437   12.7373
    0.0000   52.5000  -22.5000 2579.9705   12.6228
    7.5000   52.5000  -22.5000 2568.3262   12.6706
   -7.5000   60.0000  -22.5000 2394.3105   13.6202
    0.0000   60.0000  -22.5000 2418.1160   13.5036
    7.5000   60.0000  -22.5000 2407.0466   13.5598
   -7.5000  -30.0000  -15.0000 2154.8398   17.4611
    0.0000  -30.0000  -15.0000 2176.7024   17.2864
    7.5000  -30.0000  -15.0000 2170.6028   17.3940
   -7.5000  -22.5000  -15.0000 2310.8206   15.4205
    0.0000  -22.5000  -15.0000 2328.3811   15.2566
    7.5000  -22.5000  -15.0000 2318.6003   15.3422
   -7.5000  -15.0000  -15.0000 2438.3748   13.8566
    0.0000  -15.0000  -15.0000 2458.3938   13.6914
    7.5000  -15.0000  -15.0000 2445.7444   13.7749
   -7.5000   -7.5000  -15.0000 2549.3423   12.6256
    0.0000   -7.5000  -15.0000 2573.0620   12.4712
    7.5000   -7.5000  -15.0000 2564.0144   12.5424
   -7.5000    0.0000  -15.0000 2651.8181   11.6994
    0.0000    0.0000  -15.0000 2678.3276   11.5389
    7.5000    0.0000  -15.0000 2672.9033   11.5916
   -7.5000    7.5000  -15.0000 2735.6028   11.0070
    0.0000    7.5000  -15.0000 2762.5952   10.8817
    7.5000    7.5000  -15.0000 2754.4688   10.9396
   -7.5000   15.0000  -15.0000 2793.9038   10.5517
    0.0000   15.0000  -15.0000 2821.3025   10.4234
    7.5000   15.0000  -15.0000 2811.7568   10.5012
   -7.5000   22.5000  -15.0000 2836.1528   10.3704
    0.0000   22.5000  -15.0000 2858.4182   10.2658
    7.5000   22.5000  -15.0000 2847.7961   10.3217
   -7.5000   30.0000  -15.0000 2844.9141   10.5386
    0.0000   30.0000  -15.0000 2863.9636   10.4419
    7.5000   30.0000  -15.0000 2849.8572   10.4806
   -7.5000   37.5000  -15.0000 2805.0073   10.9542
    0.0000   37.5000  -15.0000 2831.6882   10.8325
    7.5000   37.5000  -15.0000 2818.7117   10.8791
   -7.5000   45.0000  -15.0000 2741.4478   11.5020
    0.0000   45.0000  -15.0000 2766.5454   11.3795
    7.5000   45.0000  -15.0000 2753.3484   11.4401
   -7.5000   52.5000  -15.0000 2627.4856   12.1974
    0.0000   52.5000  -15.0000 2649.2961   12.0704
    7.5000   52.5000  -15.0000 2635.8950   12.1424
   -7.5000   60.0000  -15.0000 2461.3779   13.0419
    0.0000   60.0000  -15.0000 2484.4771   12.9156
    7.5000   60.0000  -15.0000 2470.1619   13.0103
   -7.5000  -30.0000   -7.5000 2164.4285   17.1852
    0.0000  -30.0000   -7.5000 2186.7212   17.0270
    7.5000  -30.0000   -7.5000 2179.4124   17.1980
   -7.5000  -22.5000   -7.5000 2317.0288   15.1558
    0.0000  -22.5000   -7.5000 2337.2039   14.9517
    7.5000  -22.5000   -7.5000 2323.6394   15.1206
   -7.5000  -15.0000   -7.5000 2443.3237   13.5602
    0.0000  -15.0000   -7.5000 2461.2673   13.3492
    7.5000  -15.0000   -7.5000 2451.0002   13.5265
   -7.5000   -7.5000   -7.5000 2558.1162   12.3138
    0.0000   -7.5000   -7.5000 2581.2712   12.1206
    7.5000   -7.5000   -7.5000 2572.2222   12.2584
   -7.5000    0.0000   -7.5000 2668.5557   11.3796
    0.0000    0.0000   -7.5000 2695.6494   11.1905
    7.5000    0.0000   -7.5000 2689.1562   11.3076
   -7.5000    7.5000   -7.5000 2768.5081   10.6849
    0.0000    7.5000   -7.5000 2796.7158   10.5180
    7.5000    7.5000   -7.5000 2792.1692   10.6351
   -7.5000   15.0000   -7.5000 2841.8599   10.2237
    0.0000   15.0000   -7.5000 2874.1899   10.0622
    7.5000   15.0000   -7.5000 2864.7375   10.1992
   -7.5000   22.5000   -7.5000 2894.1423   10.0242
    0.0000   22.5000   -7.5000 2922.7422    9.8481
    7.5000   22.5000   -7.5000 2906.3418    9.9899
   -7.5000   30.0000   -7.5000 2905.6482   10.1568
    0.0000   30.0000   -7.5000 2925.1619   10.0075
    7.5000   30.0000   -7.5000 2913.2634   10.1178
   -7.5000   37.5000   -7.5000 2865.8132   10.5600
    0.0000   37.5000   -7.5000 2889.4722   10.4139
    7.5000   37.5000   -7.5000 2876.4534   10.5061
   -7.5000   45.0000   -7.5000 2797.2542   11.0719
    0.0000   45.0000   -7.5000 2821.7981   10.9229
    7.5000   45.0000   -7.5000 2808.8516   11.0314
   -7.5000   52.5000   -7.5000 2676.3408   11.7568
    0.0000   52.5000   -7.5000 2700.7668   11.5954
    7.5000   52.5000   -7.5000 2685.8218   11.7286
   -7.5000   60.0000   -7.5000 2503.7034   12.6083
    0.0000   60.0000   -7.5000 2527.5964   12.4438
    7.5000   60.0000   -7.5000 2511.0801   12.5730
   -7.5000  -30.0000    0.0000 2158.1299   17.1276
    0.0000  -30.0000    0.0000 2178.5320   16.9512
    7.5000  -30.0000    0.0000 2176.8101   17.1590
   -7.5000  -22.5000    0.0000 2304.4343   15.0275
    0.0000  -22.5000    0.0000 2323.0408   14.8477
    7.5000  -22.5000    0.0000 2316.2722   15.0634
   -7.5000  -15.0000    0.0000 2430.0051   13.4320
    0.0000  -15.0000    0.0000 2450.5508   13.2513
    7.5000  -15.0000    0.0000 2442.3289   13.4348
   -7.5000   -7.5000    0.0000 2549.7856   12.1844
    0.0000   -7.5000    0.0000 2575.9631   12.0003
    7.5000   -7.5000    0.0000 2566.6863   12.1665
   -7.5000    0.0000    0.0000 2667.9905   11.2071
    0.0000    0.0000    0.0000 2696.6367   11.0404
    7.5000    0.0000    0.0000 2689.9861   11.1964
   -7.5000    7.5000    0.0000 2779.9275   10.5122
    0.0000    7.5000    0.0000 2809.7529   10.3659
    7.5000    7.5000    0.0000 2806.8054   10.5182
   -7.5000   15.0000    0.0000 2874.7395   10.1392
    0.0000   15.0000    0.0000 2907.6211   10.0063
    7.5000   15.0000    0.0000 2898.4265   10.1235
   -7.5000   22.5000    0.0000 2940.5271    9.9732
    0.0000   22.5000    0.0000 2976.0593    9.7871
    7.5000   22.5000    0.0000 2952.9294    9.9404
   -7.5000   30.0000    0.0000 2956.1411   10.0245
    0.0000   30.0000    0.0000 2984.7983    9.8542
    7.5000   30.0000    0.0000 2959.3872    9.9727
   -7.5000   37.5000    0.0000 2906.7874   10.3436
    0.0000   37.5000    0.0000 2931.1021   10.2065
    7.5000   37.5000    0.0000 2913.4263   10.2713
   -7.5000   45.0000    0.0000 2830.2742   10.8248
    0.0000   45.0000    0.0000 2853.8459   10.6753
    7.5000   45.0000    0.0000 2838.6091   10.7533
   -7.5000   52.5000    0.0000 2704.2700   11.4939
    0.0000   52.5000    0.0000 2730.3232   11.3460
    7.5000   52.5000    0.0000 2711.3962   11.4250
   -7.5000   60.0000    0.0000 2526.1306   12.3345
    0.0000   60.0000    0.0000 2550.8535   12.2068
    7.5000   60.0000    0.0000 2534.3718   12.2572
   -7.5000  -30.0000    7.5000 2143.4746   17.3223
    0.0000  -30.0000    7.5000 2166.0518   17.1875
    7.5000  -30.0000    7.5000 2159.3416   17.3870
   -7.5000  -22.5000    7.5000 2285.9006   15.1306
    0.0000  -22.5000    7.5000 2304.4766   14.9703
    7.5000  -22.5000    7.5000 2299.8169   15.2192
   -7.5000  -15.0000    7.5000 2412.7595   13.4972
    0.0000  -15.0000    7.5000 2430.9292   13.3045
    7.5000  -15.0000    7.5000 2430.5061   13.5475
   -7.5000   -7.5000    7.5000 2532.5779   12.2522
    0.0000   -7.5000    7.5000 2554.1543   12.0621
    7.5000   -7.5000    7.5000 2556.3560   12.2488
   -7.5000    0.0000    7.5000 2657.6846   11.2993
    0.0000    0.0000    7.5000 2683.5598   11.1282
    7.5000    0.0000    7.5000 2683.0745   11.2662
   -7.5000    7.5000    7.5000 2780.7419   10.6130
    0.0000    7.5000    7.5000 2810.7041   10.4934
    7.5000    7.5000    7.5000 2803.8262   10.5834
   -7.5000   15.0000    7.5000 2888.0369   10.2411
    0.0000   15.0000    7.5000 2924.4937   10.1663
    7.5000   15.0000    7.5000 2902.9595   10.1655
   -7.5000   22.5000    7.5000 2961.9551   10.0955
    0.0000   22.5000    7.5000 3005.3606   10.0016
    7.5000   22.5000    7.5000 2965.9558    9.9721
   -7.5000   30.0000    7.5000 2980.9612   10.0719
    0.0000   30.0000    7.5000 3018.5007    9.9464
    7.5000   30.0000    7.5000 2976.8579    9.9460
   -7.5000   37.5000    7.5000 2926.5825   10.2926
    0.0000   37.5000    7.5000 2954.6121   10.1449
    7.5000   37.5000    7.5000 2924.1145   10.1868
   -7.5000   45.0000    7.5000 2838.1470   10.7469
    0.0000   45.0000    7.5000 2865.4424   10.5909
    7.5000   45.0000    7.5000 2847.0691   10.6650
   -7.5000   52.5000    7.5000 2709.3557   11.3860
    0.0000   52.5000    7.5000 2732.4243   11.2323
    7.5000   52.5000    7.5000 2720.2007   11.3094
   -7.5000   60.0000    7.5000 2535.0000   12.1840
    0.0000   60.0000    7.5000 2557.2117   12.0662
    7.5000   60.0000    7.5000 2543.9124   12.1162
   -7.5000  -30.0000   15.0000 2112.9451   17.7218
    0.0000  -30.0000   15.0000 2142.1814   17.5273
    7.5000  -30.0000   15.0000 2138.2324   17.7972
   -7.5000  -22.5000   15.0000 2256.9253   15.4748
    0.0000  -22.5000   15.0000 2276.6318   15.2794
    7.5000  -22.5000   15.0000 2274.9502   15.5419
   -7.5000  -15.0000   15.0000 2390.8455   13.8480
    0.0000  -15.0000   15.0000 2406.9045   13.6658
    7.5000  -15.0000   15.0000 2402.2964   13.8831
   -7.5000   -7.5000   15.0000 2513.0151   12.6075
    0.0000   -7.5000   15.0000 2531.9795   12.4366
    7.5000   -7.5000   15.0000 2524.0303   12.5922
   -7.5000    0.0000   15.0000 2637.4202   11.6398
    0.0000    0.0000   15.0000 2662.3125   11.4732
    7.5000    0.0000   15.0000 2650.9021   11.5699
   -7.5000    7.5000   15.0000 2761.6260   10.9133
    0.0000    7.5000   15.0000 2788.3069   10.7592
    7.5000    7.5000   15.0000 2771.4141   10.8230
   -7.5000   15.0000   15.0000 2866.5784   10.4653
    0.0000   15.0000   15.0000 2903.1968   10.3344
    7.5000   15.0000   15.0000 2873.4253   10.3544
   -7.5000   22.5000   15.0000 2940.7659   10.1725
    0.0000   22.5000   15.0000 2980.7737   10.0262
    7.5000   22.5000   15.0000 2941.6465   10.0871
   -7.5000   30.0000   15.0000 2955.8638   10.1312
    0.0000   30.0000   15.0000 2989.5288    9.9497
    7.5000   30.0000   15.0000 2953.2366   10.0537
   -7.5000   37.5000   15.0000 2906.3906   10.4099
    0.0000   37.5000   15.0000 2934.1338   10.2658
    7.5000   37.5000   15.0000 2905.0320   10.3483
   -7.5000   45.0000   15.0000 2820.3481   10.9066
    0.0000   45.0000   15.0000 2844.3086   10.7818
    7.5000   45.0000   15.0000 2827.4756   10.8562
   -7.5000   52.5000   15.0000 2695.2507   11.5240
    0.0000   52.5000   15.0000 2715.8782   11.3823
    7.5000   52.5000   15.0000 2704.2344   11.4500
   -7.5000   60.0000   15.0000 2521.5151   12.2789
    0.0000   60.0000   15.0000 2543.4939   12.1427
    7.5000   60.0000   15.0000 2531.0896   12.1927
   -7.5000  -30.0000   22.5000 2073.7524   18.4585
    0.0000  -30.0000   22.5000 2099.9177   18.2630
    7.5000  -30.0000   22.5000 2098.4438   18.4976
   -7.5000  -22.5000   22.5000 2226.4172   16.0753
    0.0000  -22.5000   22.5000 2245.2634   15.9327
    7.5000  -22.5000   22.5000 2237.8887   16.1653
   -7.5000  -15.0000   22.5000 2359.9731   14.3671
    0.0000  -15.0000   22.5000 2378.0774   14.2213
    7.5000  -15.0000   22.5000 2366.0642   14.4410
   -7.5000   -7.5000   22.5000 2478.7390   13.0628
    0.0000   -7.5000   22.5000 2502.3745   12.8760
    7.5000   -7.5000   22.5000 2490.3582   13.0659
   -7.5000    0.0000   22.5000 2599.4868   12.0204
    0.0000    0.0000   22.5000 2627.4009   11.8093
    7.5000    0.0000   22.5000 2616.3926   11.9958
   -7.5000    7.5000   22.5000 2722.8054   11.2390
    0.0000    7.5000   22.5000 2748.7690   11.0502
    7.5000    7.5000   22.5000 2736.9014   11.2173
   -7.5000   15.0000   22.5000 2818.6404   10.7337
    0.0000   15.0000   22.5000 2850.8250   10.5709
    7.5000   15.0000   22.5000 2833.9197   10.7081
   -7.5000   22.5000   22.5000 2875.2419   10.4385
    0.0000   22.5000   22.5000 2912.6611   10.1938
    7.5000   22.5000   22.5000 2889.1956   10.4004
   -7.5000   30.0000   22.5000 2892.8616   10.4044
    0.0000   30.0000   22.5000 2926.9956   10.1988
    7.5000   30.0000   22.5000 2904.2651   10.3656
   -7.5000   37.5000   22.5000 2858.9558   10.7086
    0.0000   37.5000   22.5000 2886.7214   10.5599
    7.5000   37.5000   22.5000 2865.1660   10.6809
   -7.5000   45.0000   22.5000 2784.6335   11.2353
    0.0000   45.0000   22.5000 2806.4443   11.1013
    7.5000   45.0000   22.5000 2789.3762   11.1940
   -7.5000   52.5000   22.5000 2663.0288   11.8606
    0.0000   52.5000   22.5000 2682.0251   11.7176
    7.5000   52.5000   22.5000 2670.2595   11.7990
   -7.5000   60.0000   22.5000 2492.5371   12.5878
    0.0000   60.0000   22.5000 2513.3945   12.4568
    7.5000   60.0000   22.5000 2500.0674   12.5088
   -7.5000  -30.0000   30.0000 2028.0824   19.2704
    0.0000  -30.0000   30.0000 2050.3787   19.1505
    7.5000  -30.0000   30.0000 2048.0771   19.4431
   -7.5000  -22.5000   30.0000 2186.7756   16.7201
    0.0000  -22.5000   30.0000 2206.6653   16.6231
    7.5000  -22.5000   30.0000 2197.9622   16.9376
   -7.5000  -15.0000   30.0000 2323.0115   14.8730
    0.0000  -15.0000   30.0000 2344.0154   14.7487
    7.5000  -15.0000   30.0000 2329.2986   15.0671
   -7.5000   -7.5000   30.0000 2439.9775   13.4996
    0.0000   -7.5000   30.0000 2465.4219   13.3604
    7.5000   -7.5000   30.0000 2452.7722   13.6456
   -7.5000    0.0000   30.0000 2558.6863   12.4527
    0.0000    0.0000   30.0000 2587.1558   12.2754
    7.5000    0.0000   30.0000 2575.5437   12.5437
   -7.5000    7.5000   30.0000 2673.9370   11.6901
    0.0000    7.5000   30.0000 2699.1147   11.5077
    7.5000    7.5000   30.0000 2688.0989   11.7448
   -7.5000   15.0000   30.0000 2755.3474   11.1906
    0.0000   15.0000   30.0000 2785.2817   10.9761
    7.5000   15.0000   30.0000 2770.7190   11.2192
   -7.5000   22.5000   30.0000 2804.1807   10.8844
    0.0000   22.5000   30.0000 2834.1011   10.6447
    7.5000   22.5000   30.0000 2821.2861   10.8734
   -7.5000   30.0000   30.0000 2818.1499   10.8953
    0.0000   30.0000   30.0000 2847.0332   10.7044
    7.5000   30.0000   30.0000 2832.2568   10.8584
   -7.5000   37.5000   30.0000 2791.6045   11.1848
    0.0000   37.5000   30.0000 2812.5774   11.0262
    7.5000   37.5000   30.0000 2799.9814   11.1496
   -7.5000   45.0000   30.0000 2728.2695   11.6970
    0.0000   45.0000   30.0000 2744.9663   11.5437
    7.5000   45.0000   30.0000 2733.6460   11.6588
   -7.5000   52.5000   30.0000 2615.4832   12.2852
    0.0000   52.5000   30.0000 2630.5188   12.1380
    7.5000   52.5000   30.0000 2617.5525   12.2565
   -7.5000   60.0000   30.0000 2450.0559   13.0144
    0.0000   60.0000   30.0000 2471.9065   12.8800
    7.5000   60.0000   30.0000 2457.4888   12.9401
   -7.5000  -30.0000   37.5000 1978.2651   20.1676
    0.0000  -30.0000   37.5000 1997.8859   20.1330
    7.5000  -30.0000   37.5000 1995.1041   20.5431
   -7.5000  -22.5000   37.5000 2138.7876   17.5074
    0.0000  -22.5000   37.5000 2159.9607   17.4506
    7.5000  -22.5000   37.5000 2151.2891   17.8418
   -7.5000  -15.0000   37.5000 2278.9517   15.5473
    0.0000  -15.0000   37.5000 2298.2651   15.4727
    7.5000  -15.0000   37.5000 2282.4153   15.8526
   -7.5000   -7.5000   37.5000 2398.7556   14.1361
    0.0000   -7.5000   37.5000 2422.7161   14.0071
    7.5000   -7.5000   37.5000 2403.2104   14.3742
   -7.5000    0.0000   37.5000 2512.0183   13.0942
    0.0000    0.0000   37.5000 2536.7317   12.9292
    7.5000    0.0000   37.5000 2519.3328   13.2382
   -7.5000    7.5000   37.5000 2615.5430   12.3221
    0.0000    7.5000   37.5000 2639.2473   12.1444
    7.5000    7.5000   37.5000 2623.2361   12.4214
   -7.5000   15.0000   37.5000 2685.6401   11.7921
    0.0000   15.0000   37.5000 2714.1768   11.5840
    7.5000   15.0000   37.5000 2695.9980   11.8541
   -7.5000   22.5000   37.5000 2728.9856   11.4907
    0.0000   22.5000   37.5000 2753.4336   11.3057
    7.5000   22.5000   37.5000 2743.1235   11.5146
   -7.5000   30.0000   37.5000 2735.6316   11.5169
    0.0000   30.0000   37.5000 2764.8206   11.3537
    7.5000   30.0000   37.5000 2754.2087   11.5108
   -7.5000   37.5000   37.5000 2717.4595   11.7799
    0.0000   37.5000   37.5000 2737.8989   11.6305
    7.5000   37.5000   37.5000 2726.8425   11.7659
   -7.5000   45.0000   37.5000 2659.0364   12.2686
    0.0000   45.0000   37.5000 2676.6836   12.1134
    7.5000   45.0000   37.5000 2666.5874   12.2298
   -7.5000   52.5000   37.5000 2549.3406   12.8496
    0.0000   52.5000   37.5000 2568.9995   12.6873
    7.5000   52.5000   37.5000 2556.9255   12.7950
   -7.5000   60.0000   37.5000 2396.6104   13.5314
    0.0000   60.0000   37.5000 2421.5247   13.3998
    7.5000   60.0000   37.5000 2406.7617   13.4666
   -7.5000  -30.0000   45.0000 1924.0657   21.3995
    0.0000  -30.0000   45.0000 1941.5171   21.3757
    7.5000  -30.0000   45.0000 1934.0101   21.8979
   -7.5000  -22.5000   45.0000 2084.8655   18.5668
    0.0000  -22.5000   45.0000 2104.0803   18.5391
    7.5000  -22.5000   45.0000 2091.5525   18.9981
   -7.5000  -15.0000   45.0000 2226.5054   16.4885
    0.0000  -15.0000   45.0000 2243.8499   16.4222
    7.5000  -15.0000   45.0000 2224.8237   16.8423
   -7.5000   -7.5000   45.0000 2346.8496   15.0446
    0.0000   -7.5000   45.0000 2367.2678   14.8962
    7.5000   -7.5000   45.0000 2343.9070   15.2599
   -7.5000    0.0000   45.0000 2454.3074   13.9503
    0.0000    0.0000   45.0000 2474.9490   13.7874
    7.5000    0.0000   45.0000 2453.7671   14.1061
   -7.5000    7.5000   45.0000 2542.8364   13.1512
    0.0000    7.5000   45.0000 2569.6516   12.9668
    7.5000    7.5000   45.0000 2548.5588   13.2427
   -7.5000   15.0000   45.0000 2604.4333   12.5772
    0.0000   15.0000   45.0000 2629.2136   12.4141
    7.5000   15.0000   45.0000 2609.3889   12.6433
   -7.5000   22.5000   45.0000 2643.6313   12.2858
    0.0000   22.5000   45.0000 2665.5186   12.1514
    7.5000   22.5000   45.0000 2653.9951   12.3238
   -7.5000   30.0000   45.0000 2646.1570   12.3056
    0.0000   30.0000   45.0000 2671.2039   12.1952
    7.5000   30.0000   45.0000 2660.4495   12.3304
   -7.5000   37.5000   45.0000 2632.3269   12.5127
    0.0000   37.5000   45.0000 2653.1501   12.4151
    7.5000   37.5000   45.0000 2639.7720   12.5269
   -7.5000   45.0000   45.0000 2581.5237   12.9647
    0.0000   45.0000   45.0000 2599.6042   12.8635
    7.5000   45.0000   45.0000 2586.0205   12.9678
   -7.5000   52.5000   45.0000 2480.0500   13.5283
    0.0000   52.5000   45.0000 2497.6877   13.4252
    7.5000   52.5000   45.0000 2484.6917   13.5274
   -7.5000   60.0000   45.0000 2330.4949   14.1957
    0.0000   60.0000   45.0000 2352.8545   14.0876
    7.5000   60.0000   45.0000 2338.0688   14.1706

---------------------------------------------------------------------
imgreg_4dfp /opt/freesurfer/average/711-2C_as_mni_average_305 /opt/freesurfer/average/711-2B_as_mni_average_305_mask talsrcimg_g11 none talsrcimg_to_711-2C_as_mni_average_305_t4 1283
---------------------------------------------------------------------

freesurfer imgreg_4dfp.c
/opt/freesurfer/average/711-2C_as_mni_average_305.4dfp.img
       256       256       256         1
  1.000000  1.000000  1.000000
orientation T byte_order littleendian
Reading image: /opt/freesurfer/average/711-2C_as_mni_average_305.4dfp.img
dimensions:      256       256       256
mmppix:       1.0000   -1.0000   -1.0000
center:     128.0000 -129.0000 -129.0000
/opt/freesurfer/average/711-2B_as_mni_average_305_mask.4dfp.img
       256       256       256         1
  1.000000  1.000000  1.000000
orientation T byte_order littleendian
Reading mask: /opt/freesurfer/average/711-2B_as_mni_average_305_mask.4dfp.img (2306576 pixels)
talsrcimg_g11.4dfp.img
       256       256       256         1
  1.000000  1.000000  1.000000
orientation T byte_order littleendian
Reading image: talsrcimg_g11.4dfp.img
dimensions:      256       256       256
mmppix:       1.0000   -1.0000   -1.0000
center:     128.0000 -129.0000 -129.0000
rotation matrix determinant  1.000000
fimgreg.f
image alignment mode   1283 decimal      503 hex
parameters
    0.0000   30.0000    7.5000    0.0000    0.0000    0.0000
eta,q 0.94840  9.94374
niter,ni,del,rscale     5    3   12.0000    1.2000
parameter  2  0.722491 ->  0.500000 qaram    1.1500
parameter  6  1.211812 ->  0.500000 qaram    1.1500
parameters
   -0.1406   26.5500    7.0056   -1.8520    1.9240   -3.4500
eta,q 0.95680  9.84316
  0.0635  0.0512  0.0549  0.0512  0.0535  0.0430
  0.0577  0.0488  0.0504  0.0494  0.0514  0.0429
  0.0539  0.0499  0.0480  0.0483  0.0495  0.0445
  0.0538  0.0535  0.0485  0.0483  0.0482  0.0475
  0.0554  0.0581  0.0504  0.0509  0.0475  0.0514
  0.0581  0.0636  0.0529  0.0550  0.0477  0.0555
  0.0642  0.0691  0.0560  0.0590  0.0497  0.0593
niter,ni,del,rscale     6    3   12.0000    1.2000
parameters
   -1.0517   27.4376    7.1909   -3.2264    2.3963   -6.0470
eta,q 0.95818  9.90933
  0.0547  0.0627  0.0525  0.0467  0.0510  0.0445
  0.0469  0.0526  0.0475  0.0457  0.0471  0.0424
  0.0430  0.0463  0.0435  0.0433  0.0441  0.0418
  0.0432  0.0426  0.0423  0.0423  0.0427  0.0427
  0.0473  0.0433  0.0434  0.0447  0.0432  0.0452
  0.0547  0.0479  0.0465  0.0497  0.0451  0.0490
  0.0624  0.0543  0.0513  0.0551  0.0491  0.0536
niter,ni,del,rscale     5    3   12.0000    1.2000
parameters
   -1.2483   27.9606    6.6299   -4.3757    2.4277   -6.0830
eta,q 0.95818  9.94016
  0.0578  0.0581  0.0500  0.0449  0.0501  0.0484
  0.0490  0.0501  0.0448  0.0441  0.0455  0.0449
  0.0432  0.0453  0.0416  0.0426  0.0426  0.0425
  0.0418  0.0418  0.0414  0.0412  0.0418  0.0418
  0.0442  0.0420  0.0437  0.0422  0.0426  0.0424
  0.0506  0.0471  0.0479  0.0461  0.0454  0.0448
  0.0599  0.0545  0.0532  0.0521  0.0499  0.0487
niter,ni,del,rscale     4    3   12.0000    1.2000
parameters
   -1.1852   28.1572    6.1964   -4.9499    2.3130   -6.1758
eta,q 0.95820  9.95124
  0.0592  0.0560  0.0508  0.0452  0.0497  0.0483
  0.0502  0.0488  0.0451  0.0442  0.0452  0.0448
  0.0438  0.0449  0.0417  0.0430  0.0424  0.0424
  0.0418  0.0418  0.0416  0.0414  0.0418  0.0418
  0.0435  0.0419  0.0438  0.0414  0.0429  0.0423
  0.0494  0.0475  0.0478  0.0442  0.0458  0.0449
  0.0587  0.0555  0.0528  0.0492  0.0501  0.0488
niter,ni,del,rscale     3    3   12.0000    1.2000
parameters
   -1.1277   28.2080    6.0091   -5.1489    2.2496   -6.2213
eta,q 0.95821  9.95232
  0.0593  0.0553  0.0521  0.0455  0.0499  0.0484
  0.0504  0.0483  0.0461  0.0443  0.0453  0.0448
  0.0439  0.0446  0.0421  0.0432  0.0425  0.0425
  0.0418  0.0418  0.0417  0.0417  0.0418  0.0418
  0.0435  0.0420  0.0439  0.0412  0.0429  0.0423
  0.0495  0.0477  0.0477  0.0434  0.0457  0.0448
  0.0589  0.0559  0.0524  0.0478  0.0500  0.0488
niter,ni,del,rscale     2    3   12.0000    1.2000
parameters
   -1.1012   28.2209    5.9508   -5.1911    2.2231   -6.2322
eta,q 0.95822  9.95159
  0.0592  0.0551  0.0527  0.0456  0.0500  0.0485
  0.0502  0.0482  0.0466  0.0444  0.0454  0.0449
  0.0438  0.0445  0.0423  0.0433  0.0425  0.0425
  0.0418  0.0418  0.0418  0.0417  0.0418  0.0418
  0.0435  0.0420  0.0439  0.0412  0.0429  0.0423
  0.0497  0.0477  0.0476  0.0432  0.0457  0.0447
  0.0592  0.0561  0.0521  0.0474  0.0499  0.0487
registration optimization eta report
parameter search radius
    6.0000    6.9000    6.0000    6.0000    6.0000    6.9000
100000*second partial in parameter space
       48.       29.       29.       13.       23.       14.
  0.0592  0.0551  0.0527  0.0456  0.0500  0.0485
  0.0502  0.0482  0.0466  0.0444  0.0454  0.0449
  0.0438  0.0445  0.0423  0.0433  0.0425  0.0425
  0.0418  0.0418  0.0418  0.0417  0.0418  0.0418
  0.0435  0.0420  0.0439  0.0412  0.0429  0.0423
  0.0497  0.0477  0.0476  0.0432  0.0457  0.0447
  0.0592  0.0561  0.0521  0.0474  0.0499  0.0487
   -1.1012   28.2209    5.9508   -5.1911    2.2231   -6.2322
eta,q 0.95822  9.95159

---------------------------------------------------------------------
imgreg_4dfp /opt/freesurfer/average/711-2C_as_mni_average_305 /opt/freesurfer/average/711-2B_as_mni_average_305_mask talsrcimg_g11 none talsrcimg_to_711-2C_as_mni_average_305_t4 3335
---------------------------------------------------------------------

freesurfer imgreg_4dfp.c
/opt/freesurfer/average/711-2C_as_mni_average_305.4dfp.img
       256       256       256         1
  1.000000  1.000000  1.000000
orientation T byte_order littleendian
Reading image: /opt/freesurfer/average/711-2C_as_mni_average_305.4dfp.img
dimensions:      256       256       256
mmppix:       1.0000   -1.0000   -1.0000
center:     128.0000 -129.0000 -129.0000
/opt/freesurfer/average/711-2B_as_mni_average_305_mask.4dfp.img
       256       256       256         1
  1.000000  1.000000  1.000000
orientation T byte_order littleendian
Reading mask: /opt/freesurfer/average/711-2B_as_mni_average_305_mask.4dfp.img (2306576 pixels)
talsrcimg_g11.4dfp.img
       256       256       256         1
  1.000000  1.000000  1.000000
orientation T byte_order littleendian
Reading image: talsrcimg_g11.4dfp.img
dimensions:      256       256       256
mmppix:       1.0000   -1.0000   -1.0000
center:     128.0000 -129.0000 -129.0000
fimgreg.f
image alignment mode   3335 decimal      D07 hex
parameters
   -1.1012   28.2209    5.9508   -0.6658   -1.0368   -0.4851
   11.1601   -2.8581  -10.8476    9.4138    3.8790   -9.0411
eta,q 0.95982  9.97752
niter,ni,del,rscale     5    3    5.0000    1.2000
parameter  4  1.504168 ->  0.500000 qaram    1.1500
parameter  5  1.972744 ->  0.500000 qaram    1.1500
parameters
   -1.2504   28.7923    6.2149   -4.8058   -5.1768   -4.0068
   10.1712   -2.6743   -7.9762    8.9759    3.2170   -8.9201
eta,q 0.96990  9.61693
  0.0428  0.0433  0.0422  0.0340  0.0292  0.0307  0.0328  0.0351  0.0346  0.0330  0.0311  0.0316
  0.0413  0.0418  0.0410  0.0347  0.0306  0.0305  0.0314  0.0325  0.0328  0.0313  0.0305  0.0308
  0.0404  0.0408  0.0403  0.0368  0.0325  0.0307  0.0306  0.0310  0.0314  0.0304  0.0301  0.0303
  0.0402  0.0402  0.0400  0.0400  0.0352  0.0311  0.0306  0.0305  0.0305  0.0301  0.0301  0.0301
  0.0406  0.0400  0.0401  0.0437  0.0383  0.0320  0.0312  0.0310  0.0301  0.0305  0.0304  0.0303
  0.0418  0.0404  0.0406  0.0479  0.0417  0.0344  0.0325  0.0323  0.0303  0.0319  0.0308  0.0308
  0.0435  0.0413  0.0414  0.0522  0.0453  0.0384  0.0344  0.0346  0.0310  0.0338  0.0314  0.0315
niter,ni,del,rscale     6    3    5.0000    1.2000
parameter  5  0.713792 ->  0.500000 qaram    1.3225
parameters
   -1.0447   28.7336    5.7675   -8.6241   -9.9378   -4.9594
   10.1337   -3.1475   -7.8463    9.2252    2.3461   -9.3331
eta,q 0.97269  9.24866
  0.0346  0.0326  0.0311  0.0305  0.0279  0.0287  0.0297  0.0307  0.0294  0.0308  0.0281  0.0285
  0.0323  0.0310  0.0304  0.0298  0.0274  0.0279  0.0285  0.0287  0.0284  0.0291  0.0276  0.0278
  0.0308  0.0302  0.0301  0.0293  0.0280  0.0274  0.0277  0.0276  0.0276  0.0278  0.0274  0.0274
  0.0301  0.0301  0.0301  0.0300  0.0294  0.0274  0.0274  0.0274  0.0273  0.0273  0.0273  0.0273
  0.0303  0.0304  0.0304  0.0324  0.0314  0.0278  0.0276  0.0281  0.0275  0.0278  0.0276  0.0275
  0.0314  0.0313  0.0312  0.0359  0.0344  0.0283  0.0285  0.0295  0.0282  0.0289  0.0280  0.0280
  0.0333  0.0327  0.0323  0.0400  0.0377  0.0298  0.0299  0.0316  0.0293  0.0303  0.0286  0.0287
niter,ni,del,rscale     6    3    5.0000    1.2000
parameters
   -0.8546   29.0662    6.0014   -9.2147  -11.5465   -5.0056
   10.3123   -3.0728   -7.7652    9.6906    2.1831   -9.7004
eta,q 0.97264  9.14486
  0.0310  0.0308  0.0290  0.0298  0.0303  0.0291  0.0297  0.0311  0.0292  0.0307  0.0283  0.0284
  0.0291  0.0291  0.0281  0.0287  0.0286  0.0281  0.0285  0.0290  0.0283  0.0290  0.0278  0.0278
  0.0279  0.0279  0.0275  0.0279  0.0277  0.0275  0.0277  0.0278  0.0276  0.0279  0.0274  0.0274
  0.0273  0.0273  0.0272  0.0272  0.0273  0.0274  0.0274  0.0274  0.0274  0.0274  0.0274  0.0274
  0.0275  0.0273  0.0273  0.0273  0.0285  0.0276  0.0275  0.0278  0.0276  0.0276  0.0275  0.0276
  0.0284  0.0281  0.0277  0.0287  0.0304  0.0281  0.0283  0.0290  0.0282  0.0286  0.0278  0.0280
  0.0301  0.0293  0.0284  0.0315  0.0334  0.0292  0.0296  0.0309  0.0292  0.0299  0.0284  0.0287
niter,ni,del,rscale     5    3    5.0000    1.2000
parameters
   -0.8345   29.1859    6.0745   -9.2713  -11.7581   -4.8242
   10.3151   -3.0403   -7.7232    9.9038    2.1189   -9.8459
eta,q 0.97261  9.14285
  0.0304  0.0302  0.0289  0.0299  0.0312  0.0292  0.0296  0.0311  0.0291  0.0305  0.0284  0.0286
  0.0288  0.0286  0.0281  0.0288  0.0293  0.0282  0.0285  0.0290  0.0282  0.0289  0.0278  0.0279
  0.0277  0.0277  0.0276  0.0280  0.0280  0.0276  0.0277  0.0278  0.0276  0.0278  0.0275  0.0275
  0.0274  0.0274  0.0274  0.0274  0.0274  0.0274  0.0274  0.0274  0.0274  0.0274  0.0274  0.0274
  0.0276  0.0276  0.0275  0.0272  0.0278  0.0276  0.0276  0.0278  0.0276  0.0277  0.0275  0.0276
  0.0287  0.0284  0.0279  0.0283  0.0294  0.0280  0.0284  0.0291  0.0282  0.0287  0.0279  0.0280
  0.0303  0.0295  0.0287  0.0307  0.0318  0.0290  0.0297  0.0309  0.0291  0.0301  0.0284  0.0286
niter,ni,del,rscale     4    3    5.0000    1.2000
parameters
   -0.8292   29.2212    6.0731   -9.2889  -11.8165   -4.7765
   10.3159   -3.0220   -7.7029    9.9863    2.0762   -9.9187
eta,q 0.97260  9.14240
  0.0304  0.0300  0.0288  0.0299  0.0313  0.0291  0.0296  0.0311  0.0291  0.0304  0.0284  0.0286
  0.0288  0.0285  0.0281  0.0288  0.0293  0.0282  0.0285  0.0290  0.0282  0.0288  0.0278  0.0279
  0.0278  0.0276  0.0276  0.0281  0.0281  0.0276  0.0277  0.0278  0.0276  0.0278  0.0275  0.0275
  0.0274  0.0274  0.0274  0.0274  0.0274  0.0274  0.0274  0.0274  0.0274  0.0274  0.0274  0.0274
  0.0277  0.0277  0.0275  0.0272  0.0277  0.0276  0.0276  0.0279  0.0276  0.0278  0.0275  0.0276
  0.0287  0.0285  0.0280  0.0283  0.0293  0.0280  0.0284  0.0291  0.0282  0.0288  0.0279  0.0280
  0.0304  0.0297  0.0289  0.0306  0.0316  0.0291  0.0297  0.0309  0.0291  0.0302  0.0284  0.0286
niter,ni,del,rscale     3    3    5.0000    1.2000
parameters
   -0.8272   29.2365    6.0645   -9.2985  -11.8422   -4.7618
   10.3176   -3.0183   -7.6841   10.0209    2.0559   -9.9586
eta,q 0.97259  9.14171
  0.0304  0.0299  0.0288  0.0300  0.0313  0.0291  0.0296  0.0310  0.0291  0.0303  0.0284  0.0286
  0.0288  0.0285  0.0281  0.0288  0.0294  0.0282  0.0285  0.0290  0.0282  0.0288  0.0279  0.0279
  0.0278  0.0276  0.0276  0.0281  0.0281  0.0276  0.0277  0.0278  0.0276  0.0278  0.0275  0.0275
  0.0274  0.0274  0.0274  0.0274  0.0274  0.0274  0.0274  0.0274  0.0274  0.0274  0.0274  0.0274
  0.0277  0.0278  0.0276  0.0272  0.0277  0.0276  0.0276  0.0279  0.0276  0.0278  0.0275  0.0276
  0.0287  0.0286  0.0280  0.0283  0.0293  0.0280  0.0284  0.0291  0.0282  0.0288  0.0279  0.0280
  0.0304  0.0297  0.0289  0.0306  0.0316  0.0292  0.0297  0.0309  0.0291  0.0302  0.0284  0.0286
registration optimization eta report
parameter search radius
    2.4000    2.4000    2.4000    8.2800    9.5220    7.2000
    7.2000    7.2000    7.2000    7.2000    7.2000    7.2000
100000*second partial in parameter space
       52.       42.       25.        4.        4.        3.
        4.        7.        3.        5.        2.        2.
  0.0304  0.0299  0.0288  0.0300  0.0313  0.0291  0.0296  0.0310  0.0291  0.0303  0.0284  0.0286
  0.0288  0.0285  0.0281  0.0288  0.0294  0.0282  0.0285  0.0290  0.0282  0.0288  0.0279  0.0279
  0.0278  0.0276  0.0276  0.0281  0.0281  0.0276  0.0277  0.0278  0.0276  0.0278  0.0275  0.0275
  0.0274  0.0274  0.0274  0.0274  0.0274  0.0274  0.0274  0.0274  0.0274  0.0274  0.0274  0.0274
  0.0277  0.0278  0.0276  0.0272  0.0277  0.0276  0.0276  0.0279  0.0276  0.0278  0.0275  0.0276
  0.0287  0.0286  0.0280  0.0283  0.0293  0.0280  0.0284  0.0291  0.0282  0.0288  0.0279  0.0280
  0.0304  0.0297  0.0289  0.0306  0.0316  0.0292  0.0297  0.0309  0.0291  0.0302  0.0284  0.0286
   -0.8272   29.2365    6.0645   -9.2985  -11.8422   -4.7618
   10.3176   -3.0183   -7.6841   10.0209    2.0559   -9.9586
eta,q 0.97259  9.14171

---------------------------------------------------------------------
imgreg_4dfp /opt/freesurfer/average/711-2C_as_mni_average_305 /opt/freesurfer/average/711-2B_as_mni_average_305_mask talsrcimg_g11 none talsrcimg_to_711-2C_as_mni_average_305_t4 2311
---------------------------------------------------------------------

freesurfer imgreg_4dfp.c
/opt/freesurfer/average/711-2C_as_mni_average_305.4dfp.img
       256       256       256         1
  1.000000  1.000000  1.000000
orientation T byte_order littleendian
Reading image: /opt/freesurfer/average/711-2C_as_mni_average_305.4dfp.img
dimensions:      256       256       256
mmppix:       1.0000   -1.0000   -1.0000
center:     128.0000 -129.0000 -129.0000
/opt/freesurfer/average/711-2B_as_mni_average_305_mask.4dfp.img
       256       256       256         1
  1.000000  1.000000  1.000000
orientation T byte_order littleendian
Reading mask: /opt/freesurfer/average/711-2B_as_mni_average_305_mask.4dfp.img (2306576 pixels)
talsrcimg_g11.4dfp.img
       256       256       256         1
  1.000000  1.000000  1.000000
orientation T byte_order littleendian
Reading image: talsrcimg_g11.4dfp.img
dimensions:      256       256       256
mmppix:       1.0000   -1.0000   -1.0000
center:     128.0000 -129.0000 -129.0000
fimgreg.f
image alignment mode   2311 decimal      907 hex
parameters
   -0.8272   29.2365    6.0645   -9.2985  -11.8422   -4.7618
   10.3176   -3.0183   -7.6841   10.0209    2.0559   -9.9586
eta,q 0.97259  9.14171
niter,ni,del,rscale     5    3    5.0000    0.8000
parameters
   -0.8105   29.1722    6.0924   -7.8683  -11.3668   -4.5196
   10.2951   -2.9439   -7.6553    9.7123    1.9778  -10.0141
eta,q 0.97287  9.23259
  0.0288  0.0285  0.0281  0.0286  0.0285  0.0280  0.0282  0.0290  0.0280  0.0284  0.0276  0.0277
  0.0280  0.0278  0.0277  0.0282  0.0280  0.0275  0.0277  0.0280  0.0275  0.0277  0.0273  0.0274
  0.0276  0.0275  0.0275  0.0278  0.0275  0.0272  0.0273  0.0273  0.0272  0.0273  0.0272  0.0272
  0.0274  0.0274  0.0274  0.0274  0.0272  0.0271  0.0271  0.0271  0.0271  0.0271  0.0271  0.0271
  0.0275  0.0276  0.0275  0.0272  0.0271  0.0272  0.0272  0.0273  0.0272  0.0274  0.0272  0.0272
  0.0280  0.0280  0.0277  0.0273  0.0275  0.0274  0.0276  0.0279  0.0275  0.0280  0.0274  0.0274
  0.0287  0.0286  0.0280  0.0279  0.0282  0.0278  0.0283  0.0289  0.0280  0.0288  0.0276  0.0277
niter,ni,del,rscale     4    3    5.0000    0.7000
parameters
   -0.8420   29.0990    6.0251   -7.8881  -11.1657   -4.6245
   10.3194   -3.0040   -7.6436    9.6106    1.9790   -9.9341
eta,q 0.97290  9.23530
  0.0282  0.0280  0.0276  0.0281  0.0282  0.0276  0.0280  0.0285  0.0278  0.0283  0.0275  0.0276
  0.0276  0.0275  0.0273  0.0277  0.0277  0.0273  0.0275  0.0277  0.0274  0.0277  0.0273  0.0273
  0.0272  0.0272  0.0272  0.0274  0.0274  0.0271  0.0272  0.0272  0.0272  0.0273  0.0271  0.0272
  0.0271  0.0271  0.0271  0.0271  0.0271  0.0271  0.0271  0.0271  0.0271  0.0271  0.0271  0.0271
  0.0273  0.0273  0.0272  0.0272  0.0271  0.0272  0.0272  0.0273  0.0272  0.0273  0.0272  0.0272
  0.0277  0.0276  0.0274  0.0275  0.0275  0.0274  0.0275  0.0278  0.0274  0.0277  0.0273  0.0273
  0.0284  0.0281  0.0277  0.0283  0.0281  0.0277  0.0280  0.0285  0.0278  0.0284  0.0275  0.0275
niter,ni,del,rscale     3    3    5.0000    0.6000
parameters
   -0.8474   29.0815    6.0169   -7.7223  -11.0232   -4.7155
   10.2959   -2.9951   -7.6414    9.5374    1.9805   -9.8777
eta,q 0.97292  9.24335
  0.0280  0.0278  0.0275  0.0279  0.0279  0.0275  0.0277  0.0281  0.0276  0.0280  0.0274  0.0274
  0.0275  0.0274  0.0273  0.0276  0.0276  0.0272  0.0274  0.0275  0.0273  0.0275  0.0272  0.0272
  0.0272  0.0272  0.0271  0.0273  0.0273  0.0271  0.0272  0.0272  0.0271  0.0272  0.0271  0.0271
  0.0271  0.0271  0.0271  0.0271  0.0271  0.0271  0.0271  0.0271  0.0271  0.0271  0.0271  0.0271
  0.0272  0.0272  0.0271  0.0271  0.0271  0.0272  0.0271  0.0272  0.0271  0.0272  0.0271  0.0271
  0.0275  0.0275  0.0273  0.0274  0.0274  0.0273  0.0274  0.0276  0.0273  0.0275  0.0272  0.0272
  0.0280  0.0278  0.0275  0.0279  0.0279  0.0275  0.0278  0.0281  0.0276  0.0281  0.0274  0.0274
niter,ni,del,rscale     2    3    5.0000    0.5000
parameters
   -0.8589   29.0711    6.0081   -7.5769  -10.8904   -4.7981
   10.2651   -2.9874   -7.6614    9.4838    1.9776   -9.8421
eta,q 0.97293  9.25085
  0.0277  0.0276  0.0273  0.0277  0.0277  0.0274  0.0275  0.0278  0.0274  0.0277  0.0273  0.0273
  0.0273  0.0273  0.0272  0.0274  0.0274  0.0272  0.0273  0.0274  0.0272  0.0274  0.0272  0.0272
  0.0271  0.0271  0.0271  0.0272  0.0272  0.0271  0.0271  0.0271  0.0271  0.0272  0.0271  0.0271
  0.0271  0.0271  0.0271  0.0271  0.0271  0.0271  0.0271  0.0271  0.0271  0.0271  0.0271  0.0271
  0.0271  0.0271  0.0271  0.0271  0.0271  0.0271  0.0271  0.0271  0.0271  0.0271  0.0271  0.0271
  0.0274  0.0273  0.0272  0.0273  0.0273  0.0272  0.0273  0.0274  0.0272  0.0274  0.0272  0.0272
  0.0277  0.0276  0.0274  0.0276  0.0277  0.0274  0.0275  0.0278  0.0274  0.0278  0.0273  0.0273
niter,ni,del,rscale     1    3    5.0000    0.4000
parameters
   -0.8668   29.0641    5.9961   -7.4556  -10.7755   -4.8700
   10.2409   -2.9868   -7.6878    9.4513    1.9894   -9.8059
eta,q 0.97294  9.25726
  0.0275  0.0274  0.0272  0.0275  0.0275  0.0272  0.0274  0.0275  0.0273  0.0275  0.0272  0.0272
  0.0272  0.0272  0.0271  0.0273  0.0273  0.0271  0.0272  0.0273  0.0272  0.0273  0.0271  0.0271
  0.0271  0.0271  0.0271  0.0271  0.0272  0.0271  0.0271  0.0271  0.0271  0.0271  0.0271  0.0271
  0.0271  0.0271  0.0271  0.0271  0.0271  0.0271  0.0271  0.0271  0.0271  0.0271  0.0271  0.0271
  0.0271  0.0271  0.0271  0.0271  0.0271  0.0271  0.0271  0.0271  0.0271  0.0271  0.0271  0.0271
  0.0272  0.0272  0.0271  0.0272  0.0272  0.0272  0.0272  0.0273  0.0272  0.0273  0.0271  0.0271
  0.0275  0.0274  0.0272  0.0274  0.0275  0.0273  0.0274  0.0275  0.0273  0.0275  0.0272  0.0272
registration optimization eta report
parameter search radius
    0.8000    0.8000    0.8000    2.4000    2.4000    2.4000
    2.4000    2.4000    2.4000    2.4000    2.4000    2.4000
100000*second partial in parameter space
       62.       52.       27.        7.        7.        3.
        5.        8.        4.        8.        2.        3.
  0.0275  0.0274  0.0272  0.0275  0.0275  0.0272  0.0274  0.0275  0.0273  0.0275  0.0272  0.0272
  0.0272  0.0272  0.0271  0.0273  0.0273  0.0271  0.0272  0.0273  0.0272  0.0273  0.0271  0.0271
  0.0271  0.0271  0.0271  0.0271  0.0272  0.0271  0.0271  0.0271  0.0271  0.0271  0.0271  0.0271
  0.0271  0.0271  0.0271  0.0271  0.0271  0.0271  0.0271  0.0271  0.0271  0.0271  0.0271  0.0271
  0.0271  0.0271  0.0271  0.0271  0.0271  0.0271  0.0271  0.0271  0.0271  0.0271  0.0271  0.0271
  0.0272  0.0272  0.0271  0.0272  0.0272  0.0272  0.0272  0.0273  0.0272  0.0273  0.0271  0.0271
  0.0275  0.0274  0.0272  0.0274  0.0275  0.0273  0.0274  0.0275  0.0273  0.0275  0.0272  0.0272
   -0.8668   29.0641    5.9961   -7.4556  -10.7755   -4.8700
   10.2409   -2.9868   -7.6878    9.4513    1.9894   -9.8059
eta,q 0.97294  9.25726

---------------------------------------------------------------------
imgreg_4dfp /opt/freesurfer/average/711-2C_as_mni_average_305 /opt/freesurfer/average/711-2B_as_mni_average_305_mask talsrcimg_g11 none talsrcimg_to_711-2C_as_mni_average_305_t4 2311
---------------------------------------------------------------------

freesurfer imgreg_4dfp.c
/opt/freesurfer/average/711-2C_as_mni_average_305.4dfp.img
       256       256       256         1
  1.000000  1.000000  1.000000
orientation T byte_order littleendian
Reading image: /opt/freesurfer/average/711-2C_as_mni_average_305.4dfp.img
dimensions:      256       256       256
mmppix:       1.0000   -1.0000   -1.0000
center:     128.0000 -129.0000 -129.0000
/opt/freesurfer/average/711-2B_as_mni_average_305_mask.4dfp.img
       256       256       256         1
  1.000000  1.000000  1.000000
orientation T byte_order littleendian
Reading mask: /opt/freesurfer/average/711-2B_as_mni_average_305_mask.4dfp.img (2306576 pixels)
talsrcimg_g11.4dfp.img
       256       256       256         1
  1.000000  1.000000  1.000000
orientation T byte_order littleendian
Reading image: talsrcimg_g11.4dfp.img
dimensions:      256       256       256
mmppix:       1.0000   -1.0000   -1.0000
center:     128.0000 -129.0000 -129.0000
fimgreg.f
image alignment mode   2311 decimal      907 hex
parameters
   -0.8668   29.0641    5.9961   -7.4556  -10.7755   -4.8700
   10.2409   -2.9868   -7.6878    9.4513    1.9894   -9.8059
eta,q 0.97294  9.25726
niter,ni,del,rscale     5    3    5.0000    0.8000
parameters
   -0.8754   29.0933    5.9743   -7.9946  -11.1448   -4.7367
   10.3164   -3.0201   -7.6404    9.5704    2.0217   -9.9210
eta,q 0.97289  9.22669
  0.0286  0.0284  0.0277  0.0281  0.0282  0.0279  0.0283  0.0289  0.0280  0.0287  0.0276  0.0277
  0.0277  0.0277  0.0274  0.0277  0.0277  0.0275  0.0277  0.0279  0.0275  0.0279  0.0273  0.0273
  0.0272  0.0272  0.0271  0.0273  0.0273  0.0272  0.0273  0.0273  0.0272  0.0274  0.0272  0.0272
  0.0271  0.0271  0.0271  0.0271  0.0271  0.0271  0.0271  0.0271  0.0271  0.0271  0.0271  0.0271
  0.0272  0.0272  0.0271  0.0272  0.0273  0.0272  0.0272  0.0274  0.0272  0.0273  0.0272  0.0272
  0.0278  0.0276  0.0274  0.0279  0.0279  0.0274  0.0276  0.0280  0.0275  0.0278  0.0273  0.0274
  0.0286  0.0283  0.0278  0.0290  0.0287  0.0278  0.0282  0.0289  0.0280  0.0286  0.0276  0.0277
niter,ni,del,rscale     4    3    5.0000    0.7000
parameters
   -0.8474   29.0909    6.0182   -7.8913  -11.1230   -4.6911
   10.3164   -3.0136   -7.6495    9.5681    1.9975   -9.9099
eta,q 0.97290  9.23360
  0.0283  0.0281  0.0277  0.0281  0.0281  0.0277  0.0280  0.0285  0.0278  0.0283  0.0275  0.0275
  0.0277  0.0275  0.0274  0.0277  0.0277  0.0273  0.0275  0.0277  0.0274  0.0277  0.0273  0.0273
  0.0273  0.0272  0.0272  0.0274  0.0273  0.0272  0.0272  0.0272  0.0272  0.0273  0.0271  0.0271
  0.0271  0.0271  0.0271  0.0271  0.0271  0.0271  0.0271  0.0271  0.0271  0.0271  0.0271  0.0271
  0.0272  0.0272  0.0272  0.0271  0.0271  0.0272  0.0272  0.0273  0.0272  0.0272  0.0272  0.0271
  0.0276  0.0276  0.0273  0.0275  0.0275  0.0274  0.0275  0.0277  0.0274  0.0277  0.0273  0.0273
  0.0282  0.0281  0.0276  0.0282  0.0282  0.0276  0.0280  0.0285  0.0278  0.0283  0.0275  0.0275
niter,ni,del,rscale     3    3    5.0000    0.6000
parameters
   -0.8487   29.0833    6.0186   -7.7179  -11.0179   -4.7368
   10.2897   -3.0022   -7.6561    9.5315    1.9940   -9.8746
eta,q 0.97292  9.24277
  0.0280  0.0278  0.0275  0.0279  0.0279  0.0275  0.0277  0.0281  0.0276  0.0280  0.0274  0.0274
  0.0275  0.0274  0.0273  0.0276  0.0276  0.0273  0.0274  0.0275  0.0273  0.0275  0.0272  0.0272
  0.0272  0.0272  0.0271  0.0273  0.0273  0.0271  0.0272  0.0272  0.0271  0.0272  0.0271  0.0271
  0.0271  0.0271  0.0271  0.0271  0.0271  0.0271  0.0271  0.0271  0.0271  0.0271  0.0271  0.0271
  0.0272  0.0272  0.0271  0.0271  0.0271  0.0271  0.0271  0.0272  0.0271  0.0272  0.0271  0.0271
  0.0275  0.0274  0.0273  0.0274  0.0274  0.0273  0.0274  0.0276  0.0273  0.0275  0.0272  0.0272
  0.0280  0.0278  0.0275  0.0279  0.0279  0.0275  0.0278  0.0281  0.0276  0.0281  0.0274  0.0274
niter,ni,del,rscale     2    3    5.0000    0.5000
parameters
   -0.8603   29.0702    6.0082   -7.5718  -10.8931   -4.8120
   10.2695   -2.9894   -7.6709    9.4863    1.9863   -9.8205
eta,q 0.97294  9.25036
  0.0277  0.0276  0.0273  0.0277  0.0277  0.0274  0.0275  0.0278  0.0274  0.0277  0.0273  0.0273
  0.0273  0.0273  0.0272  0.0274  0.0274  0.0272  0.0273  0.0274  0.0272  0.0274  0.0271  0.0272
  0.0271  0.0271  0.0271  0.0272  0.0272  0.0271  0.0271  0.0271  0.0271  0.0272  0.0271  0.0271
  0.0271  0.0271  0.0271  0.0271  0.0271  0.0271  0.0271  0.0271  0.0271  0.0271  0.0271  0.0271
  0.0272  0.0271  0.0271  0.0271  0.0271  0.0271  0.0271  0.0271  0.0271  0.0271  0.0271  0.0271
  0.0274  0.0273  0.0272  0.0273  0.0273  0.0272  0.0273  0.0274  0.0272  0.0274  0.0272  0.0272
  0.0277  0.0276  0.0274  0.0276  0.0277  0.0274  0.0275  0.0278  0.0274  0.0278  0.0273  0.0273
niter,ni,del,rscale     1    3    5.0000    0.4000
parameters
   -0.8690   29.0650    6.0045   -7.4557  -10.7786   -4.8737
   10.2491   -2.9862   -7.6817    9.4445    1.9827   -9.7680
eta,q 0.97295  9.25672
  0.0275  0.0274  0.0272  0.0275  0.0275  0.0273  0.0274  0.0275  0.0273  0.0275  0.0272  0.0272
  0.0272  0.0272  0.0271  0.0273  0.0273  0.0271  0.0272  0.0273  0.0272  0.0273  0.0271  0.0271
  0.0271  0.0271  0.0271  0.0271  0.0271  0.0271  0.0271  0.0271  0.0271  0.0271  0.0271  0.0271
  0.0271  0.0271  0.0271  0.0271  0.0271  0.0271  0.0271  0.0271  0.0271  0.0271  0.0270  0.0270
  0.0271  0.0271  0.0271  0.0271  0.0271  0.0271  0.0271  0.0271  0.0271  0.0271  0.0271  0.0271
  0.0272  0.0272  0.0271  0.0272  0.0272  0.0272  0.0272  0.0273  0.0272  0.0273  0.0271  0.0271
  0.0275  0.0274  0.0272  0.0274  0.0275  0.0273  0.0274  0.0275  0.0273  0.0275  0.0272  0.0272
registration optimization eta report
parameter search radius
    0.8000    0.8000    0.8000    2.4000    2.4000    2.4000
    2.4000    2.4000    2.4000    2.4000    2.4000    2.4000
100000*second partial in parameter space
       62.       51.       27.        7.        7.        3.
        5.        8.        4.        8.        2.        3.
  0.0275  0.0274  0.0272  0.0275  0.0275  0.0273  0.0274  0.0275  0.0273  0.0275  0.0272  0.0272
  0.0272  0.0272  0.0271  0.0273  0.0273  0.0271  0.0272  0.0273  0.0272  0.0273  0.0271  0.0271
  0.0271  0.0271  0.0271  0.0271  0.0271  0.0271  0.0271  0.0271  0.0271  0.0271  0.0271  0.0271
  0.0271  0.0271  0.0271  0.0271  0.0271  0.0271  0.0271  0.0271  0.0271  0.0271  0.0270  0.0270
  0.0271  0.0271  0.0271  0.0271  0.0271  0.0271  0.0271  0.0271  0.0271  0.0271  0.0271  0.0271
  0.0272  0.0272  0.0271  0.0272  0.0272  0.0272  0.0272  0.0273  0.0272  0.0273  0.0271  0.0271
  0.0275  0.0274  0.0272  0.0274  0.0275  0.0273  0.0274  0.0275  0.0273  0.0275  0.0272  0.0272
   -0.8690   29.0650    6.0045   -7.4557  -10.7786   -4.8737
   10.2491   -2.9862   -7.6817    9.4445    1.9827   -9.7680
eta,q 0.97295  9.25672

---------------------------------------------------------------------
compute_vox2vox talsrcimg talsrcimg_to_711-2C_as_mni_average_305_t4 /opt/freesurfer/average/711-2C_as_mni_average_305
---------------------------------------------------------------------

freesurfer compute_vox2vox.c
Reading: talsrcimg.4dfp.ifh
Reading: talsrcimg_to_711-2C_as_mni_average_305_t4
Reading: /opt/freesurfer/average/711-2C_as_mni_average_305.4dfp.ifh
Writing: talsrcimg_to_711-2C_as_mni_average_305_t4_vox2vox.txt

start time Tue Mar 10 06:55:04 CET 2026
end		time Tue Mar 10 06:56:30 CET 2026

mpr2mni305 success

avi2talxfm orig_nu.mgz /opt/freesurfer/average/mni305.cor.mgz talsrcimg_to_711-2C_as_mni_average_305_t4_vox2vox.txt transforms/talairach.auto.xfm
avi2talxfm done
mv -f /out/sourcedata/freesurfer/sub-v1s8x0051340_ses-1/mri/talsrcimg_to_711-2C_as_mni_average_305_t4_vox2vox.txt /out/sourcedata/freesurfer/sub-v1s8x0051340_ses-1/mri/transforms/talsrcimg_to_711-2C_as_mni_average_305_t4_vox2vox.txt
lta_convert --src orig_nu.mgz --trg /opt/freesurfer/average/mni305.cor.mgz --inxfm transforms/talairach.auto.xfm --outlta transforms/talairach.auto.xfm.lta --subject fsaverage
7.3.2

--src: orig_nu.mgz src image (geometry).
--trg: /opt/freesurfer/average/mni305.cor.mgz trg image (geometry).
--inmni: transforms/talairach.auto.xfm input MNI/XFM transform.
--outlta: transforms/talairach.auto.xfm.lta output LTA.
--s: fsaverage subject name
 LTA read, type : 1
 1.06980   0.04529  -0.11793   6.20692;
-0.01270   1.03939   0.11525  -8.91169;
 0.09345  -0.10612   1.09845  -37.61711;
 0.00000   0.00000   0.00000   1.00000;
setting subject to fsaverage
Writing  LTA to file transforms/talairach.auto.xfm.lta...
lta_convert successful.
 
 
Started at Tue Mar 10 06:55:03 CET 2026
Ended   at Tue Mar 10 06:56:30 CET 2026
talairach_avi done
