status file for recon-all
Tue Mar 10 08:22:02 CET 2026
#@# Tessellate rh Tue Mar 10 08:22:02 CET 2026
#@# Smooth1 rh Tue Mar 10 08:22:04 CET 2026
#@# Inflation1 rh Tue Mar 10 08:22:06 CET 2026
#@# QSphere rh Tue Mar 10 08:22:14 CET 2026
#@# Fix Topology rh Tue Mar 10 08:23:01 CET 2026
#@# Smooth2 rh Tue Mar 10 08:26:59 CET 2026
#@# Inflation2 rh Tue Mar 10 08:27:01 CET 2026
#@# Curv .H and .K rh Tue Mar 10 08:27:10 CET 2026
#@# Sphere rh Tue Mar 10 08:27:48 CET 2026
#@# Surf Reg rh Tue Mar 10 08:29:02 CET 2026
#@# Jacobian white rh Tue Mar 10 08:31:26 CET 2026
#@# AvgCurv rh Tue Mar 10 08:31:26 CET 2026
#@# Cortical Parc rh Tue Mar 10 08:31:27 CET 2026
#@# white curv rh Tue Mar 10 08:36:46 CET 2026
#@# white area rh Tue Mar 10 08:36:47 CET 2026
#@# pial curv rh Tue Mar 10 08:36:48 CET 2026
#@# pial area rh Tue Mar 10 08:36:49 CET 2026
#@# thickness rh Tue Mar 10 08:36:49 CET 2026
#@# area and vertex vol rh Tue Mar 10 08:37:09 CET 2026
#@# Curvature Stats rh Tue Mar 10 08:37:10 CET 2026
#@# Cortical Parc 2 rh Tue Mar 10 08:37:11 CET 2026
#@# Cortical Parc 3 rh Tue Mar 10 08:37:21 CET 2026
#@# WM/GM Contrast rh Tue Mar 10 08:37:29 CET 2026
recon-all -s sub-v1s8x0051342_ses-1 finished without error at Tue Mar 10 08:37:31 CET 2026



#New# invocation of recon-all 



status file for recon-all
Tue Mar 10 08:44:29 CET 2026
#@# white curv rh Tue Mar 10 08:44:29 CET 2026
#@# white area rh Tue Mar 10 08:44:29 CET 2026
#@# pial curv rh Tue Mar 10 08:44:29 CET 2026
#@# pial area rh Tue Mar 10 08:44:29 CET 2026
#@# thickness rh Tue Mar 10 08:44:29 CET 2026
#@# area and vertex vol rh Tue Mar 10 08:44:29 CET 2026
#@# Parcellation Stats rh Tue Mar 10 08:44:29 CET 2026
#@# Parcellation Stats 2 rh Tue Mar 10 08:44:43 CET 2026
#@# Parcellation Stats 3 rh Tue Mar 10 08:44:51 CET 2026
#@# BA_exvivo Labels rh Tue Mar 10 08:44:58 CET 2026
recon-all -s sub-v1s8x0051342_ses-1 finished without error at Tue Mar 10 08:46:47 CET 2026
