status file for recon-all
Tue Mar 10 08:05:57 CET 2026
#@# Tessellate lh Tue Mar 10 08:05:57 CET 2026
#@# Smooth1 lh Tue Mar 10 08:05:59 CET 2026
#@# Inflation1 lh Tue Mar 10 08:06:01 CET 2026
#@# QSphere lh Tue Mar 10 08:06:09 CET 2026
#@# Fix Topology lh Tue Mar 10 08:06:57 CET 2026
#@# Smooth2 lh Tue Mar 10 08:11:09 CET 2026
#@# Inflation2 lh Tue Mar 10 08:11:12 CET 2026
#@# Curv .H and .K lh Tue Mar 10 08:11:20 CET 2026
#@# Sphere lh Tue Mar 10 08:11:58 CET 2026
#@# Surf Reg lh Tue Mar 10 08:13:26 CET 2026
#@# Jacobian white lh Tue Mar 10 08:15:56 CET 2026
#@# AvgCurv lh Tue Mar 10 08:15:56 CET 2026
#@# Cortical Parc lh Tue Mar 10 08:15:57 CET 2026
#@# white curv lh Tue Mar 10 08:21:13 CET 2026
#@# white area lh Tue Mar 10 08:21:14 CET 2026
#@# pial curv lh Tue Mar 10 08:21:15 CET 2026
#@# pial area lh Tue Mar 10 08:21:16 CET 2026
#@# thickness lh Tue Mar 10 08:21:17 CET 2026
#@# area and vertex vol lh Tue Mar 10 08:21:37 CET 2026
#@# Curvature Stats lh Tue Mar 10 08:21:38 CET 2026
#@# Cortical Parc 2 lh Tue Mar 10 08:21:40 CET 2026
#@# Cortical Parc 3 lh Tue Mar 10 08:21:50 CET 2026
#@# WM/GM Contrast lh Tue Mar 10 08:21:57 CET 2026
recon-all -s sub-v1s8x0051342_ses-1 finished without error at Tue Mar 10 08:21:59 CET 2026



#New# invocation of recon-all 



status file for recon-all
Tue Mar 10 08:42:05 CET 2026
#@# white curv lh Tue Mar 10 08:42:05 CET 2026
#@# white area lh Tue Mar 10 08:42:05 CET 2026
#@# pial curv lh Tue Mar 10 08:42:05 CET 2026
#@# pial area lh Tue Mar 10 08:42:05 CET 2026
#@# thickness lh Tue Mar 10 08:42:05 CET 2026
#@# area and vertex vol lh Tue Mar 10 08:42:05 CET 2026
#@# Parcellation Stats lh Tue Mar 10 08:42:05 CET 2026
#@# Parcellation Stats 2 lh Tue Mar 10 08:42:20 CET 2026
#@# Parcellation Stats 3 lh Tue Mar 10 08:42:27 CET 2026
#@# BA_exvivo Labels lh Tue Mar 10 08:42:35 CET 2026
recon-all -s sub-v1s8x0051342_ses-1 finished without error at Tue Mar 10 08:44:25 CET 2026
