/out/sourcedata/freesurfer/sub-v1s8x0051342_ses-1/mri
/opt/freesurfer/bin/talairach_avi
--i orig_nu.mgz --xfm transforms/talairach.auto.xfm
talairach_avi 7.3.2
Linux dna079 5.14.0-427.37.1.el9_4.x86_64 #1 SMP PREEMPT_DYNAMIC Fri Sep 13 12:41:50 EDT 2024 x86_64 x86_64 x86_64 GNU/Linux
Tue Mar 10 06:54:56 CET 2026
mri_convert orig_nu.mgz talsrcimg.img 
reading from orig_nu.mgz...
TR=0.00, TE=0.00, TI=0.00, flip angle=0.00
i_ras = (-1, 0, 0)
j_ras = (0, 0, -1)
k_ras = (0, 1, 0)
writing to talsrcimg.img...
Analyze Output Matrix
-1.00000   0.00000   0.00000   124.64476;
 0.00000   0.00000   1.00000  -133.37517;
 0.00000  -1.00000   0.00000   117.67554;
 0.00000   0.00000   0.00000   1.00000;
--------------------
INFO: set hdr.hist.orient to -1
mpr2mni305 talsrcimg
Tue Mar 10 06:54:56 CET 2026
/opt/freesurfer/bin/mpr2mni305 talsrcimg
mpr2mni305 7.3.2
target=711-2C_as_mni_average_305

---------------------------------------------------------------------
analyzeto4dfp talsrcimg -O0 -y
---------------------------------------------------------------------

freesurfer ifh2hdr.c
Tue Mar 10 06:54:57 2026
Writing: talsrcimg.4dfp.hdr
freesurfer analyzeto4dfp.c
Reading: talsrcimg.hdr
header size 348 bytes
hdr.dime.datatype	offset=70	value=2
hdr.dime.bitpix		offset=72	value=8
hdr.hist.orient		offset=252	value=-1
dimensionality     4
dimensions       256       256       256         1
Reading: talsrcimg.img
Writing: talsrcimg.4dfp.img
Writing: talsrcimg.4dfp.ifh
ifh2hdr talsrcimg -r0to216
ori=2

---------------------------------------------------------------------
gauss_4dfp talsrcimg 1.1
---------------------------------------------------------------------

freesurfer gauss_4dfp.c
Reading: talsrcimg.4dfp.img
Writing: talsrcimg_g11.4dfp.img
image dimensions 256 256 256 padded to 288 288 288
processing volume 1freesurfer ifh2hdr.c
Tue Mar 10 06:54:58 2026
Writing: talsrcimg_g11.4dfp.hdr

Writing: talsrcimg_g11.4dfp.ifh
including: talsrcimg.4dfp.img.rec in talsrcimg_g11.4dfp.img.rec

---------------------------------------------------------------------
imgreg_4dfp /opt/freesurfer/average/711-2C_as_mni_average_305 none talsrcimg_g11 none talsrcimg_to_711-2C_as_mni_average_305_t4 4355
---------------------------------------------------------------------

freesurfer imgreg_4dfp.c
/opt/freesurfer/average/711-2C_as_mni_average_305.4dfp.img
       256       256       256         1
  1.000000  1.000000  1.000000
orientation T byte_order littleendian
Reading image: /opt/freesurfer/average/711-2C_as_mni_average_305.4dfp.img
dimensions:      256       256       256
mmppix:       1.0000   -1.0000   -1.0000
center:     128.0000 -129.0000 -129.0000
talsrcimg_g11.4dfp.img
       256       256       256         1
  1.000000  1.000000  1.000000
orientation T byte_order littleendian
Reading image: talsrcimg_g11.4dfp.img
dimensions:      256       256       256
mmppix:       1.0000   -1.0000   -1.0000
center:     128.0000 -129.0000 -129.0000
t4_read: open error in t4_sub.f l:  41 t4_file(1:l)talsrcimg_to_711-2C_as_mni_average_305_t4 
t4_read: transform initialized to I4
rotation matrix determinant  1.000000
image alignment mode   4355 decimal     1103 hex
   -7.5000  -45.0000  -45.0000 5839.9854   16.1931
    0.0000  -45.0000  -45.0000 6129.3525   16.2399
    7.5000  -45.0000  -45.0000 5896.0239   16.2267
   -7.5000  -37.5000  -45.0000 6533.3105   15.6050
    0.0000  -37.5000  -45.0000 6841.0820   15.6545
    7.5000  -37.5000  -45.0000 6568.7129   15.6414
   -7.5000  -30.0000  -45.0000 7482.6680   15.2192
    0.0000  -30.0000  -45.0000 7844.7925   15.2644
    7.5000  -30.0000  -45.0000 7510.9365   15.2509
   -7.5000  -22.5000  -45.0000 8404.7090   15.0860
    0.0000  -22.5000  -45.0000 8832.6367   15.1229
    7.5000  -22.5000  -45.0000 8443.9307   15.1043
   -7.5000  -15.0000  -45.0000 9319.2998   15.1122
    0.0000  -15.0000  -45.0000 9808.1191   15.1455
    7.5000  -15.0000  -45.0000 9371.0986   15.1241
   -7.5000   -7.5000  -45.000010315.4854   15.1309
    0.0000   -7.5000  -45.000010839.7246   15.1678
    7.5000   -7.5000  -45.000010346.9785   15.1483
   -7.5000    0.0000  -45.000011391.5781   15.0568
    0.0000    0.0000  -45.000011967.2109   15.1007
    7.5000    0.0000  -45.000011392.6387   15.0863
   -7.5000    7.5000  -45.000011493.7891   14.9447
    0.0000    7.5000  -45.000012075.3086   14.9924
    7.5000    7.5000  -45.000011472.5127   14.9808
   -7.5000   15.0000  -45.000011375.7803   14.8885
    0.0000   15.0000  -45.000011961.9863   14.9328
    7.5000   15.0000  -45.000011346.7539   14.9192
   -7.5000   22.5000  -45.000011107.6230   14.9792
    0.0000   22.5000  -45.000011685.4268   15.0163
    7.5000   22.5000  -45.000011087.1221   14.9978
   -7.5000   30.0000  -45.000010757.8818   14.9108
    0.0000   30.0000  -45.000011316.5781   14.9437
    7.5000   30.0000  -45.000010735.8057   14.9226
   -7.5000   37.5000  -45.000010835.1025   14.9293
    0.0000   37.5000  -45.000011406.3506   14.9656
    7.5000   37.5000  -45.000010800.5234   14.9464
   -7.5000   45.0000  -45.000010637.2686   14.4789
    0.0000   45.0000  -45.000011200.2109   14.5212
    7.5000   45.0000  -45.000010584.7041   14.5073
   -7.5000  -45.0000  -37.5000 6204.1348   16.1190
    0.0000  -45.0000  -37.5000 6517.3726   16.1567
    7.5000  -45.0000  -37.5000 6257.8105   16.1363
   -7.5000  -37.5000  -37.5000 6934.6655   15.5317
    0.0000  -37.5000  -37.5000 7273.4326   15.5731
    7.5000  -37.5000  -37.5000 6969.4912   15.5537
   -7.5000  -30.0000  -37.5000 7948.9312   15.1407
    0.0000  -30.0000  -37.5000 8337.7734   15.1812
    7.5000  -30.0000  -37.5000 7974.6450   15.1641
   -7.5000  -22.5000  -37.5000 8943.9922   15.0031
    0.0000  -22.5000  -37.5000 9390.5303   15.0387
    7.5000  -22.5000  -37.5000 8967.5615   15.0200
   -7.5000  -15.0000  -37.5000 9937.0586   15.0310
    0.0000  -15.0000  -37.500010449.6934   15.0632
    7.5000  -15.0000  -37.5000 9974.1016   15.0421
   -7.5000   -7.5000  -37.500010971.5381   15.0564
    0.0000   -7.5000  -37.500011526.9229   15.0884
    7.5000   -7.5000  -37.500010991.2852   15.0663
   -7.5000    0.0000  -37.500012097.1299   14.9880
    0.0000    0.0000  -37.500012677.3447   15.0239
    7.5000    0.0000  -37.500012087.8398   15.0032
   -7.5000    7.5000  -37.500012192.2559   14.8751
    0.0000    7.5000  -37.500012785.4434   14.9152
    7.5000    7.5000  -37.500012174.4521   14.8970
   -7.5000   15.0000  -37.500012071.4385   14.8124
    0.0000   15.0000  -37.500012671.8389   14.8523
    7.5000   15.0000  -37.500012038.5293   14.8352
   -7.5000   22.5000  -37.500011788.5449   14.8974
    0.0000   22.5000  -37.500012399.8818   14.9333
    7.5000   22.5000  -37.500011760.2461   14.9146
   -7.5000   30.0000  -37.500011399.4014   14.8307
    0.0000   30.0000  -37.500011978.7949   14.8624
    7.5000   30.0000  -37.500011348.6611   14.8417
   -7.5000   37.5000  -37.500011441.7783   14.8558
    0.0000   37.5000  -37.500012031.6465   14.8873
    7.5000   37.5000  -37.500011378.7520   14.8655
   -7.5000   45.0000  -37.500011208.7412   14.4128
    0.0000   45.0000  -37.500011784.0576   14.4473
    7.5000   45.0000  -37.500011139.4629   14.4274
   -7.5000  -45.0000  -30.0000 6680.0376   16.7940
    0.0000  -45.0000  -30.0000 7007.7612   16.8314
    7.5000  -45.0000  -30.0000 6724.8169   16.8034
   -7.5000  -37.5000  -30.0000 7471.6089   16.1893
    0.0000  -37.5000  -30.0000 7820.4805   16.2264
    7.5000  -37.5000  -30.0000 7484.5962   16.1987
   -7.5000  -30.0000  -30.0000 8579.1924   15.7863
    0.0000  -30.0000  -30.0000 8977.8291   15.8231
    7.5000  -30.0000  -30.0000 8567.1084   15.8001
   -7.5000  -22.5000  -30.0000 9655.4092   15.6396
    0.0000  -22.5000  -30.000010111.2900   15.6754
    7.5000  -22.5000  -30.0000 9656.5596   15.6535
   -7.5000  -15.0000  -30.000010723.5146   15.6635
    0.0000  -15.0000  -30.000011228.8760   15.6994
    7.5000  -15.0000  -30.000010721.3398   15.6757
   -7.5000   -7.5000  -30.000011833.4609   15.6876
    0.0000   -7.5000  -30.000012373.0811   15.7226
    7.5000   -7.5000  -30.000011808.3379   15.6961
   -7.5000    0.0000  -30.000012986.3408   15.6186
    0.0000    0.0000  -30.000013582.1152   15.6541
    7.5000    0.0000  -30.000012967.7070   15.6266
   -7.5000    7.5000  -30.000013075.7764   15.5061
    0.0000    7.5000  -30.000013681.7725   15.5427
    7.5000    7.5000  -30.000013042.2422   15.5169
   -7.5000   15.0000  -30.000012960.2227   15.4435
    0.0000   15.0000  -30.000013593.4658   15.4799
    7.5000   15.0000  -30.000012923.3799   15.4573
   -7.5000   22.5000  -30.000012682.6689   15.5277
    0.0000   22.5000  -30.000013315.5820   15.5638
    7.5000   22.5000  -30.000012616.0146   15.5422
   -7.5000   30.0000  -30.000012236.1943   15.4563
    0.0000   30.0000  -30.000012842.3779   15.4916
    7.5000   30.0000  -30.000012135.2529   15.4683
   -7.5000   37.5000  -30.000012237.5352   15.4800
    0.0000   37.5000  -30.000012850.8281   15.5145
    7.5000   37.5000  -30.000012151.7764   15.4884
   -7.5000   45.0000  -30.000011966.7910   15.0302
    0.0000   45.0000  -30.000012568.5459   15.0643
    7.5000   45.0000  -30.000011882.5176   15.0378
   -7.5000  -45.0000  -22.5000 7127.3916   17.3721
    0.0000  -45.0000  -22.5000 7460.0889   17.4182
    7.5000  -45.0000  -22.5000 7149.8223   17.3904
   -7.5000  -37.5000  -22.5000 7993.1299   16.7573
    0.0000  -37.5000  -22.5000 8349.5469   16.7978
    7.5000  -37.5000  -22.5000 7986.5000   16.7689
   -7.5000  -30.0000  -22.5000 9202.7539   16.3525
    0.0000  -30.0000  -22.5000 9614.8389   16.3894
    7.5000  -30.0000  -22.5000 9184.3467   16.3643
   -7.5000  -22.5000  -22.500010367.9004   16.2020
    0.0000  -22.5000  -22.500010833.4336   16.2383
    7.5000  -22.5000  -22.500010345.8291   16.2131
   -7.5000  -15.0000  -22.500011484.6680   16.2186
    0.0000  -15.0000  -22.500011990.2510   16.2580
    7.5000  -15.0000  -22.500011468.1484   16.2311
   -7.5000   -7.5000  -22.500012642.5205   16.2334
    0.0000   -7.5000  -22.500013195.1641   16.2756
    7.5000   -7.5000  -22.500012619.1328   16.2477
   -7.5000    0.0000  -22.500013828.0029   16.1597
    0.0000    0.0000  -22.500014475.8730   16.2026
    7.5000    0.0000  -22.500013803.2207   16.1750
   -7.5000    7.5000  -22.500013924.9531   16.0515
    0.0000    7.5000  -22.500014562.1299   16.0917
    7.5000    7.5000  -22.500013880.2812   16.0656
   -7.5000   15.0000  -22.500013810.1465   15.9973
    0.0000   15.0000  -22.500014455.3945   16.0337
    7.5000   15.0000  -22.500013749.0771   16.0093
   -7.5000   22.5000  -22.500013503.9893   16.0850
    0.0000   22.5000  -22.500014170.8369   16.1215
    7.5000   22.5000  -22.500013406.7148   16.0966
   -7.5000   30.0000  -22.500013012.4541   16.0064
    0.0000   30.0000  -22.500013658.3896   16.0454
    7.5000   30.0000  -22.500012917.6484   16.0188
   -7.5000   37.5000  -22.500013021.5654   16.0211
    0.0000   37.5000  -22.500013681.8379   16.0627
    7.5000   37.5000  -22.500012933.0225   16.0352
   -7.5000   45.0000  -22.500012724.1152   15.5625
    0.0000   45.0000  -22.500013354.3018   15.6039
    7.5000   45.0000  -22.500012608.7822   15.5773
   -7.5000  -45.0000  -15.0000 7546.1943   17.7903
    0.0000  -45.0000  -15.0000 7889.7441   17.8467
    7.5000  -45.0000  -15.0000 7551.5762   17.8251
   -7.5000  -37.5000  -15.0000 8498.4307   17.1648
    0.0000  -37.5000  -15.0000 8886.6729   17.2134
    7.5000  -37.5000  -15.0000 8484.4287   17.1896
   -7.5000  -30.0000  -15.0000 9813.9092   16.7583
    0.0000  -30.0000  -15.000010261.9609   16.7994
    7.5000  -30.0000  -15.0000 9787.6973   16.7764
   -7.5000  -22.5000  -15.000011058.4980   16.6093
    0.0000  -22.5000  -15.000011569.7256   16.6464
    7.5000  -22.5000  -15.000011028.6465   16.6199
   -7.5000  -15.0000  -15.000012231.7383   16.6229
    0.0000  -15.0000  -15.000012792.8877   16.6640
    7.5000  -15.0000  -15.000012221.7812   16.6354
   -7.5000   -7.5000  -15.000013408.3779   16.6300
    0.0000   -7.5000  -15.000014031.4092   16.6781
    7.5000   -7.5000  -15.000013393.8584   16.6519
   -7.5000    0.0000  -15.000014656.6699   16.5494
    0.0000    0.0000  -15.000015344.7871   16.6014
    7.5000    0.0000  -15.000014601.6738   16.5792
   -7.5000    7.5000  -15.000014775.9092   16.4418
    0.0000    7.5000  -15.000015462.8018   16.4899
    7.5000    7.5000  -15.000014697.6475   16.4693
   -7.5000   15.0000  -15.000014629.5586   16.3946
    0.0000   15.0000  -15.000015309.9619   16.4351
    7.5000   15.0000  -15.000014531.5938   16.4127
   -7.5000   22.5000  -15.000014272.8047   16.4886
    0.0000   22.5000  -15.000014979.6816   16.5260
    7.5000   22.5000  -15.000014145.3828   16.4997
   -7.5000   30.0000  -15.000013744.7939   16.4077
    0.0000   30.0000  -15.000014425.8926   16.4483
    7.5000   30.0000  -15.000013612.7920   16.4201
   -7.5000   37.5000  -15.000013761.8350   16.4148
    0.0000   37.5000  -15.000014472.7246   16.4622
    7.5000   37.5000  -15.000013636.6895   16.4364
   -7.5000   45.0000  -15.000013439.2334   15.9475
    0.0000   45.0000  -15.000014090.4404   15.9976
    7.5000   45.0000  -15.000013307.1836   15.9762
   -7.5000  -45.0000   -7.5000 7983.8408   18.0001
    0.0000  -45.0000   -7.5000 8369.4609   18.0593
    7.5000  -45.0000   -7.5000 7994.8511   18.0440
   -7.5000  -37.5000   -7.5000 9022.8721   17.3584
    0.0000  -37.5000   -7.5000 9466.8340   17.4139
    7.5000  -37.5000   -7.5000 9007.2119   17.3969
   -7.5000  -30.0000   -7.500010422.2617   16.9413
    0.0000  -30.0000   -7.500010927.2764   16.9890
    7.5000  -30.0000   -7.500010391.6436   16.9707
   -7.5000  -22.5000   -7.500011731.0820   16.7948
    0.0000  -22.5000   -7.500012291.8154   16.8344
    7.5000  -22.5000   -7.500011701.4531   16.8099
   -7.5000  -15.0000   -7.500012957.1162   16.8152
    0.0000  -15.0000   -7.500013571.4111   16.8553
    7.5000  -15.0000   -7.500012935.5586   16.8283
   -7.5000   -7.5000   -7.500014149.5928   16.8256
    0.0000   -7.5000   -7.500014832.8135   16.8731
    7.5000   -7.5000   -7.500014135.5449   16.8500
   -7.5000    0.0000   -7.500015447.4961   16.7412
    0.0000    0.0000   -7.500016145.5215   16.7959
    7.5000    0.0000   -7.500015381.5391   16.7792
   -7.5000    7.5000   -7.500015626.2139   16.6258
    0.0000    7.5000   -7.500016316.8369   16.6798
    7.5000    7.5000   -7.500015537.5898   16.6655
   -7.5000   15.0000   -7.500015500.2949   16.5742
    0.0000   15.0000   -7.500016235.7168   16.6210
    7.5000   15.0000   -7.500015407.4160   16.6028
   -7.5000   22.5000   -7.500015100.2432   16.6709
    0.0000   22.5000   -7.500015827.2812   16.7107
    7.5000   22.5000   -7.500014964.4648   16.6865
   -7.5000   30.0000   -7.500014508.2021   16.5971
    0.0000   30.0000   -7.500015199.4570   16.6367
    7.5000   30.0000   -7.500014364.3652   16.6101
   -7.5000   37.5000   -7.500014517.9561   16.6074
    0.0000   37.5000   -7.500015221.5664   16.6543
    7.5000   37.5000   -7.500014370.9668   16.6315
   -7.5000   45.0000   -7.500014147.5869   16.1353
    0.0000   45.0000   -7.500014826.2559   16.1881
    7.5000   45.0000   -7.500013994.1289   16.1720
   -7.5000  -45.0000    0.0000 8341.6152   18.0378
    0.0000  -45.0000    0.0000 8730.3701   18.0898
    7.5000  -45.0000    0.0000 8329.4834   18.0747
   -7.5000  -37.5000    0.0000 9478.4248   17.3828
    0.0000  -37.5000    0.0000 9939.7969   17.4377
    7.5000  -37.5000    0.0000 9433.1592   17.4227
   -7.5000  -30.0000    0.000010943.2080   16.9521
    0.0000  -30.0000    0.000011475.6436   17.0023
    7.5000  -30.0000    0.000010896.4541   16.9868
   -7.5000  -22.5000    0.000012311.1729   16.8038
    0.0000  -22.5000    0.000012892.3740   16.8447
    7.5000  -22.5000    0.000012267.5869   16.8236
   -7.5000  -15.0000    0.000013575.0986   16.8330
    0.0000  -15.0000    0.000014216.7256   16.8700
    7.5000  -15.0000    0.000013537.9668   16.8458
   -7.5000   -7.5000    0.000014784.8760   16.8543
    0.0000   -7.5000    0.000015491.9561   16.8952
    7.5000   -7.5000    0.000014768.0098   16.8731
   -7.5000    0.0000    0.000016040.7646   16.7724
    0.0000    0.0000    0.000016785.4258   16.8212
    7.5000    0.0000    0.000016009.1074   16.8047
   -7.5000    7.5000    0.000016260.8350   16.6478
    0.0000    7.5000    0.000017064.1191   16.7007
    7.5000    7.5000    0.000016209.6484   16.6874
   -7.5000   15.0000    0.000016299.7422   16.5851
    0.0000   15.0000    0.000017161.8281   16.6342
    7.5000   15.0000    0.000016227.2441   16.6186
   -7.5000   22.5000    0.000015938.7383   16.6799
    0.0000   22.5000    0.000016692.4531   16.7210
    7.5000   22.5000    0.000015806.4141   16.7001
   -7.5000   30.0000    0.000015272.6162   16.6151
    0.0000   30.0000    0.000015958.9375   16.6517
    7.5000   30.0000    0.000015111.4912   16.6278
   -7.5000   37.5000    0.000015230.2871   16.6362
    0.0000   37.5000    0.000015958.4033   16.6765
    7.5000   37.5000    0.000015083.9824   16.6548
   -7.5000   45.0000    0.000014820.1211   16.1666
    0.0000   45.0000    0.000015567.1064   16.2137
    7.5000   45.0000    0.000014665.4600   16.1978
   -7.5000  -45.0000    7.5000 8028.2153   18.0362
    0.0000  -45.0000    7.5000 8438.9492   18.0784
    7.5000  -45.0000    7.5000 8006.6094   18.0555
   -7.5000  -37.5000    7.5000 9113.3389   17.3791
    0.0000  -37.5000    7.5000 9594.9912   17.4254
    7.5000  -37.5000    7.5000 9082.5664   17.4036
   -7.5000  -30.0000    7.500010527.0469   16.9416
    0.0000  -30.0000    7.500011052.6699   16.9869
    7.5000  -30.0000    7.500010489.7305   16.9676
   -7.5000  -22.5000    7.500011864.4883   16.7876
    0.0000  -22.5000    7.500012420.2764   16.8275
    7.5000  -22.5000    7.500011822.4062   16.8065
   -7.5000  -15.0000    7.500013109.6562   16.8188
    0.0000  -15.0000    7.500013723.2451   16.8548
    7.5000  -15.0000    7.500013071.7793   16.8312
   -7.5000   -7.5000    7.500014325.5479   16.8473
    0.0000   -7.5000    7.500015004.6045   16.8831
    7.5000   -7.5000    7.500014295.6006   16.8583
   -7.5000    0.0000    7.500015552.9629   16.7708
    0.0000    0.0000    7.500016259.8691   16.8109
    7.5000    0.0000    7.500015525.3018   16.7877
   -7.5000    7.5000    7.500015686.7637   16.6444
    0.0000    7.5000    7.500016541.1895   16.6893
    7.5000    7.5000    7.500015705.9844   16.6689
   -7.5000   15.0000    7.500015779.8008   16.5743
    0.0000   15.0000    7.500016671.2988   16.6189
    7.5000   15.0000    7.500015736.3184   16.5997
   -7.5000   22.5000    7.500015578.1631   16.6639
    0.0000   22.5000    7.500016408.2812   16.7041
    7.5000   22.5000    7.500015448.5693   16.6832
   -7.5000   30.0000    7.500015010.7744   16.6012
    0.0000   30.0000    7.500015769.2549   16.6367
    7.5000   30.0000    7.500014812.5947   16.6134
   -7.5000   37.5000    7.500014916.3311   16.6292
    0.0000   37.5000    7.500015667.3955   16.6646
    7.5000   37.5000    7.500014714.0801   16.6401
   -7.5000   45.0000    7.500014441.2686   16.1651
    0.0000   45.0000    7.500015156.5840   16.2038
    7.5000   45.0000    7.500014233.5410   16.1815
   -7.5000  -45.0000   15.0000 7611.3867   18.0354
    0.0000  -45.0000   15.0000 8010.2002   18.0755
    7.5000  -45.0000   15.0000 7593.9287   18.0455
   -7.5000  -37.5000   15.0000 8668.3008   17.3859
    0.0000  -37.5000   15.0000 9127.3672   17.4257
    7.5000  -37.5000   15.0000 8664.5400   17.3961
   -7.5000  -30.0000   15.000010037.2188   16.9532
    0.0000  -30.0000   15.000010542.2559   16.9926
    7.5000  -30.0000   15.000010027.0918   16.9679
   -7.5000  -22.5000   15.000011309.1660   16.7955
    0.0000  -22.5000   15.000011860.0771   16.8340
    7.5000  -22.5000   15.000011290.2266   16.8105
   -7.5000  -15.0000   15.000012464.4551   16.8212
    0.0000  -15.0000   15.000013090.5195   16.8597
    7.5000  -15.0000   15.000012450.8486   16.8343
   -7.5000   -7.5000   15.000013607.8193   16.8471
    0.0000   -7.5000   15.000014331.7695   16.8846
    7.5000   -7.5000   15.000013603.0391   16.8563
   -7.5000    0.0000   15.000014791.1533   16.7730
    0.0000    0.0000   15.000015625.8926   16.8111
    7.5000    0.0000   15.000014779.9385   16.7816
   -7.5000    7.5000   15.000014908.2490   16.6522
    0.0000    7.5000   15.000015848.9521   16.6914
    7.5000    7.5000   15.000014923.7197   16.6638
   -7.5000   15.0000   15.000014885.7969   16.5849
    0.0000   15.0000   15.000015813.3867   16.6240
    7.5000   15.0000   15.000014858.5312   16.5998
   -7.5000   22.5000   15.000014689.3809   16.6717
    0.0000   22.5000   15.000015514.9814   16.7105
    7.5000   22.5000   15.000014565.7871   16.6872
   -7.5000   30.0000   15.000014234.8564   16.6035
    0.0000   30.0000   15.000015015.7627   16.6415
    7.5000   30.0000   15.000014073.8535   16.6165
   -7.5000   37.5000   15.000014168.5957   16.6291
    0.0000   37.5000   15.000014929.0137   16.6661
    7.5000   37.5000   15.000014020.9336   16.6381
   -7.5000   45.0000   15.000013688.3369   16.1673
    0.0000   45.0000   15.000014367.8740   16.2039
    7.5000   45.0000   15.000013543.1758   16.1755
   -7.5000  -45.0000   22.5000 7112.2925   18.1061
    0.0000  -45.0000   22.5000 7484.9355   18.1538
    7.5000  -45.0000   22.5000 7104.7153   18.1249
   -7.5000  -37.5000   22.5000 8104.0815   17.4640
    0.0000  -37.5000   22.5000 8538.6025   17.5058
    7.5000  -37.5000   22.5000 8091.1191   17.4757
   -7.5000  -30.0000   22.5000 9382.5488   17.0408
    0.0000  -30.0000   22.5000 9900.3877   17.0787
    7.5000  -30.0000   22.5000 9367.5527   17.0527
   -7.5000  -22.5000   22.500010564.1260   16.8825
    0.0000  -22.5000   22.500011137.0176   16.9199
    7.5000  -22.5000   22.500010561.3652   16.8937
   -7.5000  -15.0000   22.500011672.6377   16.8991
    0.0000  -15.0000   22.500012291.1455   16.9398
    7.5000  -15.0000   22.500011677.5557   16.9117
   -7.5000   -7.5000   22.500012786.7002   16.9148
    0.0000   -7.5000   22.500013446.7158   16.9583
    7.5000   -7.5000   22.500012792.7002   16.9293
   -7.5000    0.0000   22.500013926.6992   16.8382
    0.0000    0.0000   22.500014665.7354   16.8827
    7.5000    0.0000   22.500013932.5479   16.8540
   -7.5000    7.5000   22.500014038.6846   16.7257
    0.0000    7.5000   22.500014793.2432   16.7673
    7.5000    7.5000   22.500014062.7969   16.7401
   -7.5000   15.0000   22.500013960.0820   16.6691
    0.0000   15.0000   22.500014620.7949   16.7068
    7.5000   15.0000   22.500013951.1943   16.6814
   -7.5000   22.5000   22.500013668.4326   16.7576
    0.0000   22.5000   22.500014250.9033   16.7953
    7.5000   22.5000   22.500013625.2139   16.7693
   -7.5000   30.0000   22.500013230.6445   16.6804
    0.0000   30.0000   22.500013767.0771   16.7206
    7.5000   30.0000   22.500013160.1514   16.6929
   -7.5000   37.5000   22.500013234.9463   16.6959
    0.0000   37.5000   22.500013765.3711   16.7388
    7.5000   37.5000   22.500013153.6953   16.7102
   -7.5000   45.0000   22.500012839.2949   16.2301
    0.0000   45.0000   22.500013356.9150   16.2729
    7.5000   45.0000   22.500012741.2754   16.2453
   -7.5000  -45.0000   30.0000 6562.2134   18.2216
    0.0000  -45.0000   30.0000 6893.2354   18.2786
    7.5000  -45.0000   30.0000 6565.3657   18.2567
   -7.5000  -37.5000   30.0000 7479.9043   17.5800
    0.0000  -37.5000   30.0000 7864.7788   17.6289
    7.5000  -37.5000   30.0000 7475.0938   17.6046
   -7.5000  -30.0000   30.0000 8669.7578   17.1621
    0.0000  -30.0000   30.0000 9108.3086   17.2032
    7.5000  -30.0000   30.0000 8660.1377   17.1797
   -7.5000  -22.5000   30.0000 9778.4014   17.0073
    0.0000  -22.5000   30.000010251.3320   17.0443
    7.5000  -22.5000   30.0000 9770.9482   17.0170
   -7.5000  -15.0000   30.000010809.8857   17.0198
    0.0000  -15.0000   30.000011330.2471   17.0610
    7.5000  -15.0000   30.000010824.7090   17.0316
   -7.5000   -7.5000   30.000011835.9072   17.0273
    0.0000   -7.5000   30.000012395.6260   17.0758
    7.5000   -7.5000   30.000011852.7227   17.0489
   -7.5000    0.0000   30.000012886.5420   16.9452
    0.0000    0.0000   30.000013492.7070   16.9978
    7.5000    0.0000   30.000012901.6602   16.9751
   -7.5000    7.5000   30.000012965.9707   16.8355
    0.0000    7.5000   30.000013548.9814   16.8839
    7.5000    7.5000   30.000012978.5293   16.8628
   -7.5000   15.0000   30.000012856.3955   16.7871
    0.0000   15.0000   30.000013390.2012   16.8275
    7.5000   15.0000   30.000012848.8535   16.8046
   -7.5000   22.5000   30.000012559.5186   16.8809
    0.0000   22.5000   30.000013079.9463   16.9182
    7.5000   22.5000   30.000012552.5010   16.8912
   -7.5000   30.0000   30.000012158.5234   16.7996
    0.0000   30.0000   30.000012663.1543   16.8402
    7.5000   30.0000   30.000012119.6895   16.8112
   -7.5000   37.5000   30.000012179.6533   16.8070
    0.0000   37.5000   30.000012678.1709   16.8548
    7.5000   37.5000   30.000012124.1475   16.8283
   -7.5000   45.0000   30.000011864.1553   16.3333
    0.0000   45.0000   30.000012336.9277   16.3839
    7.5000   45.0000   30.000011787.7666   16.3621
   -7.5000  -45.0000   37.5000 6290.8574   18.5387
    0.0000  -45.0000   37.5000 6583.9106   18.5989
    7.5000  -45.0000   37.5000 6300.0952   18.5832
   -7.5000  -37.5000   37.5000 7148.8726   17.8709
    0.0000  -37.5000   37.5000 7482.5620   17.9273
    7.5000  -37.5000   37.5000 7156.5156   17.9099
   -7.5000  -30.0000   37.5000 8290.9434   17.4367
    0.0000  -30.0000   37.5000 8680.6113   17.4851
    7.5000  -30.0000   37.5000 8289.0664   17.4666
   -7.5000  -22.5000   37.5000 9367.6055   17.2836
    0.0000  -22.5000   37.5000 9801.5312   17.3236
    7.5000  -22.5000   37.5000 9352.6191   17.2987
   -7.5000  -15.0000   37.500010353.6562   17.3050
    0.0000  -15.0000   37.500010845.2227   17.3456
    7.5000  -15.0000   37.500010366.5332   17.3180
   -7.5000   -7.5000   37.500011335.2002   17.3162
    0.0000   -7.5000   37.500011872.0225   17.3643
    7.5000   -7.5000   37.500011362.1396   17.3405
   -7.5000    0.0000   37.500012321.6777   17.2289
    0.0000    0.0000   37.500012919.9971   17.2845
    7.5000    0.0000   37.500012367.6309   17.2672
   -7.5000    7.5000   37.500012393.6963   17.1091
    0.0000    7.5000   37.500012949.7705   17.1641
    7.5000    7.5000   37.500012400.8418   17.1494
   -7.5000   15.0000   37.500012284.2861   17.0553
    0.0000   15.0000   37.500012805.2119   17.1028
    7.5000   15.0000   37.500012300.0439   17.0844
   -7.5000   22.5000   37.500011992.3096   17.1554
    0.0000   22.5000   37.500012505.1797   17.1957
    7.5000   22.5000   37.500012019.0879   17.1710
   -7.5000   30.0000   37.500011602.5752   17.0810
    0.0000   30.0000   37.500012106.6191   17.1211
    7.5000   30.0000   37.500011606.0312   17.0939
   -7.5000   37.5000   37.500011639.5928   17.0921
    0.0000   37.5000   37.500012143.7344   17.1396
    7.5000   37.5000   37.500011637.9062   17.1161
   -7.5000   45.0000   37.500011350.0166   16.6067
    0.0000   45.0000   37.500011838.5049   16.6602
    7.5000   45.0000   37.500011322.3750   16.6436
   -7.5000  -45.0000   45.0000 5788.0405   18.9721
    0.0000  -45.0000   45.0000 6062.0654   19.0264
    7.5000  -45.0000   45.0000 5792.7432   19.0089
   -7.5000  -37.5000   45.0000 6560.6484   18.2670
    0.0000  -37.5000   45.0000 6864.6777   18.3253
    7.5000  -37.5000   45.0000 6573.8247   18.3089
   -7.5000  -30.0000   45.0000 7610.6646   17.8025
    0.0000  -30.0000   45.0000 7970.7412   17.8552
    7.5000  -30.0000   45.0000 7614.0459   17.8387
   -7.5000  -22.5000   45.0000 8601.4355   17.6374
    0.0000  -22.5000   45.0000 9013.2070   17.6788
    7.5000  -22.5000   45.0000 8589.2734   17.6555
   -7.5000  -15.0000   45.0000 9521.2324   17.6659
    0.0000  -15.0000   45.0000 9986.1543   17.7024
    7.5000  -15.0000   45.0000 9521.5811   17.6748
   -7.5000   -7.5000   45.000010404.8047   17.6895
    0.0000   -7.5000   45.000010920.6475   17.7305
    7.5000   -7.5000   45.000010432.5547   17.7051
   -7.5000    0.0000   45.000011307.5215   17.6052
    0.0000    0.0000   45.000011858.3633   17.6558
    7.5000    0.0000   45.000011343.2617   17.6370
   -7.5000    7.5000   45.000011359.9834   17.4752
    0.0000    7.5000   45.000011897.2178   17.5311
    7.5000    7.5000   45.000011383.8457   17.5166
   -7.5000   15.0000   45.000011260.3301   17.4087
    0.0000   15.0000   45.000011766.6758   17.4602
    7.5000   15.0000   45.000011281.1162   17.4435
   -7.5000   22.5000   45.000010992.6787   17.5063
    0.0000   22.5000   45.000011485.3262   17.5480
    7.5000   22.5000   45.000011017.1357   17.5249
   -7.5000   30.0000   45.000010636.7695   17.4358
    0.0000   30.0000   45.000011104.3633   17.4717
    7.5000   30.0000   45.000010640.3486   17.4446
   -7.5000   37.5000   45.000010707.4141   17.4590
    0.0000   37.5000   45.000011181.7129   17.4995
    7.5000   37.5000   45.000010695.8184   17.4744
   -7.5000   45.0000   45.000010442.6807   16.9771
    0.0000   45.0000   45.000010918.0371   17.0259
    7.5000   45.0000   45.000010434.6045   17.0077

---------------------------------------------------------------------
imgreg_4dfp /opt/freesurfer/average/711-2C_as_mni_average_305 /opt/freesurfer/average/711-2B_as_mni_average_305_mask talsrcimg_g11 none talsrcimg_to_711-2C_as_mni_average_305_t4 4355
---------------------------------------------------------------------

freesurfer imgreg_4dfp.c
/opt/freesurfer/average/711-2C_as_mni_average_305.4dfp.img
       256       256       256         1
  1.000000  1.000000  1.000000
orientation T byte_order littleendian
Reading image: /opt/freesurfer/average/711-2C_as_mni_average_305.4dfp.img
dimensions:      256       256       256
mmppix:       1.0000   -1.0000   -1.0000
center:     128.0000 -129.0000 -129.0000
/opt/freesurfer/average/711-2B_as_mni_average_305_mask.4dfp.img
       256       256       256         1
  1.000000  1.000000  1.000000
orientation T byte_order littleendian
Reading mask: /opt/freesurfer/average/711-2B_as_mni_average_305_mask.4dfp.img (2306576 pixels)
talsrcimg_g11.4dfp.img
       256       256       256         1
  1.000000  1.000000  1.000000
orientation T byte_order littleendian
Reading image: talsrcimg_g11.4dfp.img
dimensions:      256       256       256
mmppix:       1.0000   -1.0000   -1.0000
center:     128.0000 -129.0000 -129.0000
rotation matrix determinant  1.000000
image alignment mode   4355 decimal     1103 hex
   -7.5000  -30.0000  -45.0000 1899.6163   20.9196
    0.0000  -30.0000  -45.0000 1910.1139   20.9132
    7.5000  -30.0000  -45.0000 1902.4950   20.9332
   -7.5000  -22.5000  -45.0000 2016.6426   18.7477
    0.0000  -22.5000  -45.0000 2032.6742   18.7575
    7.5000  -22.5000  -45.0000 2026.6823   18.7417
   -7.5000  -15.0000  -45.0000 2112.6680   17.1249
    0.0000  -15.0000  -45.0000 2132.4072   17.1239
    7.5000  -15.0000  -45.0000 2124.7241   17.0987
   -7.5000   -7.5000  -45.0000 2212.0383   15.6852
    0.0000   -7.5000  -45.0000 2225.6663   15.6786
    7.5000   -7.5000  -45.0000 2219.5701   15.6807
   -7.5000    0.0000  -45.0000 2306.9624   14.5502
    0.0000    0.0000  -45.0000 2322.1006   14.5652
    7.5000    0.0000  -45.0000 2310.8503   14.5744
   -7.5000    7.5000  -45.0000 2356.7788   13.7675
    0.0000    7.5000  -45.0000 2378.1187   13.7618
    7.5000    7.5000  -45.0000 2361.4919   13.7738
   -7.5000   15.0000  -45.0000 2383.1472   13.3091
    0.0000   15.0000  -45.0000 2401.1030   13.2735
    7.5000   15.0000  -45.0000 2387.1726   13.3150
   -7.5000   22.5000  -45.0000 2386.9355   13.2458
    0.0000   22.5000  -45.0000 2407.2366   13.1695
    7.5000   22.5000  -45.0000 2394.4246   13.1891
   -7.5000   30.0000  -45.0000 2373.6343   13.4098
    0.0000   30.0000  -45.0000 2395.6848   13.3196
    7.5000   30.0000  -45.0000 2382.1309   13.3195
   -7.5000   37.5000  -45.0000 2348.2979   13.8455
    0.0000   37.5000  -45.0000 2370.6494   13.7457
    7.5000   37.5000  -45.0000 2355.0688   13.7707
   -7.5000   45.0000  -45.0000 2308.1497   14.5820
    0.0000   45.0000  -45.0000 2326.8638   14.4986
    7.5000   45.0000  -45.0000 2313.8333   14.5260
   -7.5000   52.5000  -45.0000 2227.1221   15.5762
    0.0000   52.5000  -45.0000 2245.5508   15.4478
    7.5000   52.5000  -45.0000 2234.4204   15.5161
   -7.5000   60.0000  -45.0000 2103.5828   16.6667
    0.0000   60.0000  -45.0000 2119.2166   16.4685
    7.5000   60.0000  -45.0000 2104.3862   16.6085
   -7.5000  -30.0000  -37.5000 1968.9312   19.4003
    0.0000  -30.0000  -37.5000 1979.1479   19.4011
    7.5000  -30.0000  -37.5000 1972.1747   19.3846
   -7.5000  -22.5000  -37.5000 2093.4771   17.4114
    0.0000  -22.5000  -37.5000 2109.8723   17.4083
    7.5000  -22.5000  -37.5000 2101.5396   17.3993
   -7.5000  -15.0000  -37.5000 2195.7710   15.9581
    0.0000  -15.0000  -37.5000 2216.3579   15.9055
    7.5000  -15.0000  -37.5000 2206.4521   15.9420
   -7.5000   -7.5000  -37.5000 2296.8689   14.5887
    0.0000   -7.5000  -37.5000 2314.9165   14.5554
    7.5000   -7.5000  -37.5000 2303.0337   14.5772
   -7.5000    0.0000  -37.5000 2396.1655   13.5231
    0.0000    0.0000  -37.5000 2413.7295   13.4794
    7.5000    0.0000  -37.5000 2399.0740   13.5050
   -7.5000    7.5000  -37.5000 2452.1484   12.7801
    0.0000    7.5000  -37.5000 2468.7207   12.7215
    7.5000    7.5000  -37.5000 2457.5386   12.7585
   -7.5000   15.0000  -37.5000 2486.1919   12.3531
    0.0000   15.0000  -37.5000 2502.7957   12.2915
    7.5000   15.0000  -37.5000 2488.8594   12.3334
   -7.5000   22.5000  -37.5000 2495.2417   12.2532
    0.0000   22.5000  -37.5000 2513.7966   12.1661
    7.5000   22.5000  -37.5000 2499.9646   12.2140
   -7.5000   30.0000  -37.5000 2480.1062   12.3932
    0.0000   30.0000  -37.5000 2503.2117   12.3169
    7.5000   30.0000  -37.5000 2488.0330   12.3516
   -7.5000   37.5000  -37.5000 2451.5205   12.7816
    0.0000   37.5000  -37.5000 2476.3008   12.7063
    7.5000   37.5000  -37.5000 2456.9648   12.7308
   -7.5000   45.0000  -37.5000 2405.7473   13.4661
    0.0000   45.0000  -37.5000 2429.1665   13.4074
    7.5000   45.0000  -37.5000 2410.9255   13.4356
   -7.5000   52.5000  -37.5000 2317.9951   14.3864
    0.0000   52.5000  -37.5000 2342.0237   14.3083
    7.5000   52.5000  -37.5000 2323.2122   14.3476
   -7.5000   60.0000  -37.5000 2188.5515   15.3903
    0.0000   60.0000  -37.5000 2206.9587   15.2727
    7.5000   60.0000  -37.5000 2189.0527   15.3550
   -7.5000  -30.0000  -30.0000 2064.1821   18.8425
    0.0000  -30.0000  -30.0000 2075.2361   18.7312
    7.5000  -30.0000  -30.0000 2065.3926   18.8085
   -7.5000  -22.5000  -30.0000 2200.5078   16.9049
    0.0000  -22.5000  -30.0000 2214.0479   16.8048
    7.5000  -22.5000  -30.0000 2201.7405   16.8745
   -7.5000  -15.0000  -30.0000 2308.9302   15.4235
    0.0000  -15.0000  -30.0000 2325.6860   15.3326
    7.5000  -15.0000  -30.0000 2313.0840   15.4307
   -7.5000   -7.5000  -30.0000 2415.1272   14.0888
    0.0000   -7.5000  -30.0000 2428.9336   14.0310
    7.5000   -7.5000  -30.0000 2417.9812   14.0771
   -7.5000    0.0000  -30.0000 2516.2937   13.0455
    0.0000    0.0000  -30.0000 2532.4600   12.9599
    7.5000    0.0000  -30.0000 2522.8850   13.0162
   -7.5000    7.5000  -30.0000 2580.8257   12.2932
    0.0000    7.5000  -30.0000 2596.1797   12.2123
    7.5000    7.5000  -30.0000 2587.3933   12.2611
   -7.5000   15.0000  -30.0000 2629.2883   11.8674
    0.0000   15.0000  -30.0000 2648.2920   11.7902
    7.5000   15.0000  -30.0000 2633.4172   11.8567
   -7.5000   22.5000  -30.0000 2648.7605   11.7610
    0.0000   22.5000  -30.0000 2667.0840   11.6817
    7.5000   22.5000  -30.0000 2653.2314   11.7513
   -7.5000   30.0000  -30.0000 2634.8015   11.8939
    0.0000   30.0000  -30.0000 2658.9932   11.8157
    7.5000   30.0000  -30.0000 2639.8916   11.8763
   -7.5000   37.5000  -30.0000 2603.1621   12.2501
    0.0000   37.5000  -30.0000 2629.0764   12.1750
    7.5000   37.5000  -30.0000 2608.8306   12.2345
   -7.5000   45.0000  -30.0000 2548.4500   12.9310
    0.0000   45.0000  -30.0000 2576.0186   12.8817
    7.5000   45.0000  -30.0000 2555.3821   12.9081
   -7.5000   52.5000  -30.0000 2450.6565   13.8216
    0.0000   52.5000  -30.0000 2476.8367   13.7590
    7.5000   52.5000  -30.0000 2455.3521   13.7940
   -7.5000   60.0000  -30.0000 2309.0786   14.8089
    0.0000   60.0000  -30.0000 2333.8958   14.7257
    7.5000   60.0000  -30.0000 2313.0005   14.7705
   -7.5000  -30.0000  -22.5000 2132.5815   18.2740
    0.0000  -30.0000  -22.5000 2146.0632   18.0987
    7.5000  -30.0000  -22.5000 2136.6401   18.2206
   -7.5000  -22.5000  -22.5000 2276.4316   16.3437
    0.0000  -22.5000  -22.5000 2292.3315   16.1858
    7.5000  -22.5000  -22.5000 2281.4517   16.3313
   -7.5000  -15.0000  -22.5000 2386.6550   14.8512
    0.0000  -15.0000  -22.5000 2400.7737   14.7196
    7.5000  -15.0000  -22.5000 2394.0281   14.8679
   -7.5000   -7.5000  -22.5000 2494.9902   13.5304
    0.0000   -7.5000  -22.5000 2508.2390   13.4082
    7.5000   -7.5000  -22.5000 2502.3838   13.5107
   -7.5000    0.0000  -22.5000 2601.0757   12.4715
    0.0000    0.0000  -22.5000 2620.6836   12.3748
    7.5000    0.0000  -22.5000 2609.1614   12.4575
   -7.5000    7.5000  -22.5000 2678.0273   11.7444
    0.0000    7.5000  -22.5000 2695.6880   11.6526
    7.5000    7.5000  -22.5000 2689.7134   11.7161
   -7.5000   15.0000  -22.5000 2738.0244   11.3182
    0.0000   15.0000  -22.5000 2759.3257   11.2232
    7.5000   15.0000  -22.5000 2744.4382   11.3109
   -7.5000   22.5000  -22.5000 2764.7888   11.2053
    0.0000   22.5000  -22.5000 2787.6099   11.1370
    7.5000   22.5000  -22.5000 2768.3818   11.2095
   -7.5000   30.0000  -22.5000 2754.4426   11.3146
    0.0000   30.0000  -22.5000 2781.2507   11.2469
    7.5000   30.0000  -22.5000 2761.9468   11.3316
   -7.5000   37.5000  -22.5000 2725.8823   11.6807
    0.0000   37.5000  -22.5000 2754.1606   11.5969
    7.5000   37.5000  -22.5000 2734.3015   11.6817
   -7.5000   45.0000  -22.5000 2671.2422   12.3750
    0.0000   45.0000  -22.5000 2694.8806   12.2925
    7.5000   45.0000  -22.5000 2674.5322   12.3619
   -7.5000   52.5000  -22.5000 2557.9097   13.2279
    0.0000   52.5000  -22.5000 2580.0964   13.1521
    7.5000   52.5000  -22.5000 2561.1904   13.2023
   -7.5000   60.0000  -22.5000 2399.2656   14.1843
    0.0000   60.0000  -22.5000 2425.9170   14.1130
    7.5000   60.0000  -22.5000 2405.8745   14.1403
   -7.5000  -30.0000  -15.0000 2176.5386   17.7293
    0.0000  -30.0000  -15.0000 2189.5049   17.5839
    7.5000  -30.0000  -15.0000 2180.4143   17.7488
   -7.5000  -22.5000  -15.0000 2321.6436   15.8207
    0.0000  -22.5000  -15.0000 2339.1340   15.6778
    7.5000  -22.5000  -15.0000 2326.5674   15.8459
   -7.5000  -15.0000  -15.0000 2429.9966   14.3243
    0.0000  -15.0000  -15.0000 2445.9297   14.1884
    7.5000  -15.0000  -15.0000 2440.0583   14.3476
   -7.5000   -7.5000  -15.0000 2536.8384   13.0204
    0.0000   -7.5000  -15.0000 2556.2004   12.9068
    7.5000   -7.5000  -15.0000 2550.9937   13.0359
   -7.5000    0.0000  -15.0000 2652.8323   11.9711
    0.0000    0.0000  -15.0000 2677.1162   11.8641
    7.5000    0.0000  -15.0000 2665.1858   11.9800
   -7.5000    7.5000  -15.0000 2749.2954   11.2358
    0.0000    7.5000  -15.0000 2771.4204   11.1413
    7.5000    7.5000  -15.0000 2759.8943   11.2256
   -7.5000   15.0000  -15.0000 2815.6643   10.8195
    0.0000   15.0000  -15.0000 2841.2324   10.7113
    7.5000   15.0000  -15.0000 2822.1013   10.8132
   -7.5000   22.5000  -15.0000 2850.3218   10.7050
    0.0000   22.5000  -15.0000 2876.7598   10.6122
    7.5000   22.5000  -15.0000 2849.9224   10.7145
   -7.5000   30.0000  -15.0000 2844.2141   10.8095
    0.0000   30.0000  -15.0000 2869.7366   10.7015
    7.5000   30.0000  -15.0000 2847.6438   10.8131
   -7.5000   37.5000  -15.0000 2811.9014   11.1556
    0.0000   37.5000  -15.0000 2842.4380   11.0629
    7.5000   37.5000  -15.0000 2820.4561   11.1559
   -7.5000   45.0000  -15.0000 2749.9717   11.8279
    0.0000   45.0000  -15.0000 2772.1499   11.7534
    7.5000   45.0000  -15.0000 2754.4165   11.8469
   -7.5000   52.5000  -15.0000 2628.6370   12.6658
    0.0000   52.5000  -15.0000 2649.7112   12.5948
    7.5000   52.5000  -15.0000 2635.3047   12.6631
   -7.5000   60.0000  -15.0000 2462.6230   13.6261
    0.0000   60.0000  -15.0000 2485.3232   13.5326
    7.5000   60.0000  -15.0000 2469.0042   13.5953
   -7.5000  -30.0000   -7.5000 2195.2307   17.2891
    0.0000  -30.0000   -7.5000 2214.0520   17.1859
    7.5000  -30.0000   -7.5000 2205.6362   17.3666
   -7.5000  -22.5000   -7.5000 2339.1187   15.3743
    0.0000  -22.5000   -7.5000 2357.7900   15.2453
    7.5000  -22.5000   -7.5000 2348.5964   15.4345
   -7.5000  -15.0000   -7.5000 2450.1025   13.9087
    0.0000  -15.0000   -7.5000 2468.9404   13.7572
    7.5000  -15.0000   -7.5000 2461.4199   13.9304
   -7.5000   -7.5000   -7.5000 2557.0642   12.6114
    0.0000   -7.5000   -7.5000 2580.6274   12.4832
    7.5000   -7.5000   -7.5000 2571.4263   12.6275
   -7.5000    0.0000   -7.5000 2680.8442   11.5872
    0.0000    0.0000   -7.5000 2706.1616   11.4531
    7.5000    0.0000   -7.5000 2693.4702   11.5927
   -7.5000    7.5000   -7.5000 2795.7693   10.8645
    0.0000    7.5000   -7.5000 2818.9331   10.7248
    7.5000    7.5000   -7.5000 2805.8496   10.8617
   -7.5000   15.0000   -7.5000 2876.4241   10.4328
    0.0000   15.0000   -7.5000 2905.0684   10.3001
    7.5000   15.0000   -7.5000 2882.7019   10.4403
   -7.5000   22.5000   -7.5000 2921.8474   10.3110
    0.0000   22.5000   -7.5000 2956.9890   10.1597
    7.5000   22.5000   -7.5000 2921.3987   10.3121
   -7.5000   30.0000   -7.5000 2916.6521   10.3890
    0.0000   30.0000   -7.5000 2941.6541   10.2482
    7.5000   30.0000   -7.5000 2917.2856   10.3860
   -7.5000   37.5000   -7.5000 2876.8689   10.7382
    0.0000   37.5000   -7.5000 2903.0623   10.6225
    7.5000   37.5000   -7.5000 2885.1853   10.7381
   -7.5000   45.0000   -7.5000 2800.5620   11.3844
    0.0000   45.0000   -7.5000 2824.3765   11.2756
    7.5000   45.0000   -7.5000 2807.9778   11.4129
   -7.5000   52.5000   -7.5000 2670.6807   12.2309
    0.0000   52.5000   -7.5000 2693.3716   12.1166
    7.5000   52.5000   -7.5000 2677.0181   12.2528
   -7.5000   60.0000   -7.5000 2497.7781   13.1804
    0.0000   60.0000   -7.5000 2526.0007   13.0569
    7.5000   60.0000   -7.5000 2502.9207   13.1791
   -7.5000  -30.0000    0.0000 2208.0474   17.2012
    0.0000  -30.0000    0.0000 2225.3252   17.0346
    7.5000  -30.0000    0.0000 2215.6445   17.2810
   -7.5000  -22.5000    0.0000 2348.0679   15.2498
    0.0000  -22.5000    0.0000 2361.4263   15.0640
    7.5000  -22.5000    0.0000 2355.0537   15.3050
   -7.5000  -15.0000    0.0000 2457.1331   13.7473
    0.0000  -15.0000    0.0000 2471.3472   13.5469
    7.5000  -15.0000    0.0000 2464.9629   13.7701
   -7.5000   -7.5000    0.0000 2565.7991   12.4390
    0.0000   -7.5000    0.0000 2586.2678   12.2729
    7.5000   -7.5000    0.0000 2577.4783   12.4562
   -7.5000    0.0000    0.0000 2688.6160   11.3943
    0.0000    0.0000    0.0000 2713.2683   11.2516
    7.5000    0.0000    0.0000 2701.0054   11.4111
   -7.5000    7.5000    0.0000 2809.2786   10.6318
    0.0000    7.5000    0.0000 2836.0037   10.5033
    7.5000    7.5000    0.0000 2821.3286   10.6556
   -7.5000   15.0000    0.0000 2910.9741   10.2432
    0.0000   15.0000    0.0000 2942.4014   10.1115
    7.5000   15.0000    0.0000 2919.3740   10.2421
   -7.5000   22.5000    0.0000 2970.1519   10.1273
    0.0000   22.5000    0.0000 3019.7144    9.9545
    7.5000   22.5000    0.0000 2974.7202   10.1345
   -7.5000   30.0000    0.0000 2967.6414   10.1679
    0.0000   30.0000    0.0000 3002.3838   10.0062
    7.5000   30.0000    0.0000 2966.2800   10.1921
   -7.5000   37.5000    0.0000 2914.1733   10.5175
    0.0000   37.5000    0.0000 2943.8616   10.3727
    7.5000   37.5000    0.0000 2921.0667   10.5219
   -7.5000   45.0000    0.0000 2825.4526   11.1522
    0.0000   45.0000    0.0000 2853.2881   11.0248
    7.5000   45.0000    0.0000 2835.7102   11.1536
   -7.5000   52.5000    0.0000 2691.6099   11.9900
    0.0000   52.5000    0.0000 2718.7876   11.8788
    7.5000   52.5000    0.0000 2698.6091   11.9696
   -7.5000   60.0000    0.0000 2516.0349   12.9230
    0.0000   60.0000    0.0000 2543.0623   12.8301
    7.5000   60.0000    0.0000 2520.5791   12.8783
   -7.5000  -30.0000    7.5000 2201.8455   17.2077
    0.0000  -30.0000    7.5000 2223.7722   17.0452
    7.5000  -30.0000    7.5000 2207.8352   17.2603
   -7.5000  -22.5000    7.5000 2342.3501   15.2495
    0.0000  -22.5000    7.5000 2356.1428   15.0424
    7.5000  -22.5000    7.5000 2345.6372   15.3156
   -7.5000  -15.0000    7.5000 2451.8184   13.7902
    0.0000  -15.0000    7.5000 2465.6775   13.5737
    7.5000  -15.0000    7.5000 2455.6157   13.8304
   -7.5000   -7.5000    7.5000 2565.8191   12.4850
    0.0000   -7.5000    7.5000 2581.4944   12.2988
    7.5000   -7.5000    7.5000 2570.5991   12.5297
   -7.5000    0.0000    7.5000 2689.9358   11.4322
    0.0000    0.0000    7.5000 2706.6199   11.2747
    7.5000    0.0000    7.5000 2698.5168   11.4695
   -7.5000    7.5000    7.5000 2812.8350   10.6401
    0.0000    7.5000    7.5000 2834.0449   10.5362
    7.5000    7.5000    7.5000 2822.0444   10.6998
   -7.5000   15.0000    7.5000 2922.3250   10.2288
    0.0000   15.0000    7.5000 2958.9695   10.1718
    7.5000   15.0000    7.5000 2928.8296   10.2676
   -7.5000   22.5000    7.5000 2986.8950   10.1506
    0.0000   22.5000    7.5000 3053.2148   10.0633
    7.5000   22.5000    7.5000 2992.2661   10.1708
   -7.5000   30.0000    7.5000 2980.7249   10.2409
    0.0000   30.0000    7.5000 3036.8398   10.1271
    7.5000   30.0000    7.5000 2984.2344   10.2515
   -7.5000   37.5000    7.5000 2920.7986   10.5429
    0.0000   37.5000    7.5000 2961.1638   10.4504
    7.5000   37.5000    7.5000 2933.1121   10.5254
   -7.5000   45.0000    7.5000 2830.0378   11.1149
    0.0000   45.0000    7.5000 2859.5288   10.9904
    7.5000   45.0000    7.5000 2843.3384   11.0697
   -7.5000   52.5000    7.5000 2690.7166   11.9352
    0.0000   52.5000    7.5000 2712.9399   11.8005
    7.5000   52.5000    7.5000 2699.6350   11.8560
   -7.5000   60.0000    7.5000 2511.5845   12.8415
    0.0000   60.0000    7.5000 2532.3809   12.7179
    7.5000   60.0000    7.5000 2515.9651   12.7918
   -7.5000  -30.0000   15.0000 2185.5994   17.5017
    0.0000  -30.0000   15.0000 2202.9832   17.3748
    7.5000  -30.0000   15.0000 2191.1948   17.6414
   -7.5000  -22.5000   15.0000 2327.8835   15.4796
    0.0000  -22.5000   15.0000 2342.9587   15.3206
    7.5000  -22.5000   15.0000 2333.0491   15.5895
   -7.5000  -15.0000   15.0000 2437.4565   13.9859
    0.0000  -15.0000   15.0000 2454.0527   13.8220
    7.5000  -15.0000   15.0000 2442.3147   14.0595
   -7.5000   -7.5000   15.0000 2552.8171   12.6741
    0.0000   -7.5000   15.0000 2572.7520   12.5443
    7.5000   -7.5000   15.0000 2559.4075   12.7133
   -7.5000    0.0000   15.0000 2680.0938   11.6426
    0.0000    0.0000   15.0000 2700.7571   11.5354
    7.5000    0.0000   15.0000 2686.0999   11.6921
   -7.5000    7.5000   15.0000 2797.4509   10.8699
    0.0000    7.5000   15.0000 2825.3835   10.8190
    7.5000    7.5000   15.0000 2802.5205   10.9314
   -7.5000   15.0000   15.0000 2897.1313   10.4355
    0.0000   15.0000   15.0000 2940.9302   10.4177
    7.5000   15.0000   15.0000 2903.9819   10.4838
   -7.5000   22.5000   15.0000 2953.6770   10.3447
    0.0000   22.5000   15.0000 3004.8540   10.2451
    7.5000   22.5000   15.0000 2954.6936   10.3810
   -7.5000   30.0000   15.0000 2946.6877   10.4750
    0.0000   30.0000   15.0000 2991.1775   10.3871
    7.5000   30.0000   15.0000 2952.1089   10.4752
   -7.5000   37.5000   15.0000 2888.1177   10.7919
    0.0000   37.5000   15.0000 2925.3293   10.7136
    7.5000   37.5000   15.0000 2898.0645   10.7759
   -7.5000   45.0000   15.0000 2799.1775   11.3436
    0.0000   45.0000   15.0000 2828.4592   11.2450
    7.5000   45.0000   15.0000 2810.6816   11.3067
   -7.5000   52.5000   15.0000 2661.6721   12.1091
    0.0000   52.5000   15.0000 2680.2292   12.0034
    7.5000   52.5000   15.0000 2669.3796   12.0383
   -7.5000   60.0000   15.0000 2483.2029   12.9436
    0.0000   60.0000   15.0000 2500.3960   12.8272
    7.5000   60.0000   15.0000 2492.5156   12.8835
   -7.5000  -30.0000   22.5000 2155.4932   18.0166
    0.0000  -30.0000   22.5000 2171.9431   17.9196
    7.5000  -30.0000   22.5000 2160.1042   18.1563
   -7.5000  -22.5000   22.5000 2305.3745   15.9449
    0.0000  -22.5000   22.5000 2322.0378   15.8507
    7.5000  -22.5000   22.5000 2306.8140   16.0830
   -7.5000  -15.0000   22.5000 2419.6604   14.4243
    0.0000  -15.0000   22.5000 2435.5701   14.3224
    7.5000  -15.0000   22.5000 2419.1233   14.5427
   -7.5000   -7.5000   22.5000 2535.2629   13.1328
    0.0000   -7.5000   22.5000 2552.9304   13.0097
    7.5000   -7.5000   22.5000 2535.3738   13.2241
   -7.5000    0.0000   22.5000 2657.0088   12.1138
    0.0000    0.0000   22.5000 2674.7749   11.9885
    7.5000    0.0000   22.5000 2656.3999   12.1961
   -7.5000    7.5000   22.5000 2766.8411   11.3530
    0.0000    7.5000   22.5000 2789.8074   11.2414
    7.5000    7.5000   22.5000 2770.2136   11.4146
   -7.5000   15.0000   22.5000 2851.7300   10.9037
    0.0000   15.0000   22.5000 2885.4990   10.7271
    7.5000   15.0000   22.5000 2858.5479   10.9266
   -7.5000   22.5000   22.5000 2893.4968   10.7347
    0.0000   22.5000   22.5000 2927.9019   10.5398
    7.5000   22.5000   22.5000 2898.3372   10.7374
   -7.5000   30.0000   22.5000 2885.9216   10.8192
    0.0000   30.0000   22.5000 2918.7915   10.6707
    7.5000   30.0000   22.5000 2890.3372   10.8134
   -7.5000   37.5000   22.5000 2832.8843   11.1655
    0.0000   37.5000   22.5000 2860.7686   11.0169
    7.5000   37.5000   22.5000 2839.7412   11.1281
   -7.5000   45.0000   22.5000 2746.7810   11.7269
    0.0000   45.0000   22.5000 2770.6318   11.5891
    7.5000   45.0000   22.5000 2755.0002   11.6822
   -7.5000   52.5000   22.5000 2613.2722   12.4569
    0.0000   52.5000   22.5000 2631.8975   12.3566
    7.5000   52.5000   22.5000 2621.5754   12.4205
   -7.5000   60.0000   22.5000 2440.4478   13.2641
    0.0000   60.0000   22.5000 2459.9280   13.1535
    7.5000   60.0000   22.5000 2449.8408   13.2035
   -7.5000  -30.0000   30.0000 2117.7544   18.7862
    0.0000  -30.0000   30.0000 2133.0576   18.6851
    7.5000  -30.0000   30.0000 2119.6106   18.9469
   -7.5000  -22.5000   30.0000 2269.5396   16.6727
    0.0000  -22.5000   30.0000 2285.8264   16.5083
    7.5000  -22.5000   30.0000 2265.8999   16.7922
   -7.5000  -15.0000   30.0000 2385.9404   15.0939
    0.0000  -15.0000   30.0000 2407.2268   14.9046
    7.5000  -15.0000   30.0000 2384.1050   15.2095
   -7.5000   -7.5000   30.0000 2501.3030   13.7542
    0.0000   -7.5000   30.0000 2524.1506   13.5647
    7.5000   -7.5000   30.0000 2503.1477   13.8417
   -7.5000    0.0000   30.0000 2618.7183   12.7229
    0.0000    0.0000   30.0000 2638.6443   12.5510
    7.5000    0.0000   30.0000 2619.2444   12.8024
   -7.5000    7.5000   30.0000 2720.1223   11.9311
    0.0000    7.5000   30.0000 2739.5295   11.7516
    7.5000    7.5000   30.0000 2722.0750   11.9797
   -7.5000   15.0000   30.0000 2793.0254   11.4520
    0.0000   15.0000   30.0000 2819.5847   11.2191
    7.5000   15.0000   30.0000 2795.1667   11.4613
   -7.5000   22.5000   30.0000 2819.7544   11.2653
    0.0000   22.5000   30.0000 2845.4355   11.0528
    7.5000   22.5000   30.0000 2824.0220   11.2542
   -7.5000   30.0000   30.0000 2805.0728   11.3567
    0.0000   30.0000   30.0000 2831.8127   11.1746
    7.5000   30.0000   30.0000 2804.5977   11.3296
   -7.5000   37.5000   30.0000 2750.7305   11.6837
    0.0000   37.5000   30.0000 2773.3513   11.5174
    7.5000   37.5000   30.0000 2754.8357   11.6280
   -7.5000   45.0000   30.0000 2674.8201   12.2673
    0.0000   45.0000   30.0000 2692.5679   12.1002
    7.5000   45.0000   30.0000 2681.4783   12.2023
   -7.5000   52.5000   30.0000 2552.6208   12.9720
    0.0000   52.5000   30.0000 2570.7693   12.8344
    7.5000   52.5000   30.0000 2560.9604   12.9271
   -7.5000   60.0000   30.0000 2389.3254   13.7896
    0.0000   60.0000   30.0000 2407.3953   13.6657
    7.5000   60.0000   30.0000 2396.8118   13.6974
   -7.5000  -30.0000   37.5000 2077.8774   19.7318
    0.0000  -30.0000   37.5000 2093.8584   19.5609
    7.5000  -30.0000   37.5000 2074.2625   19.9150
   -7.5000  -22.5000   37.5000 2229.4590   17.5473
    0.0000  -22.5000   37.5000 2249.3416   17.3247
    7.5000  -22.5000   37.5000 2221.9680   17.6691
   -7.5000  -15.0000   37.5000 2346.2168   15.9028
    0.0000  -15.0000   37.5000 2369.5125   15.6816
    7.5000  -15.0000   37.5000 2343.3044   15.9816
   -7.5000   -7.5000   37.5000 2457.4004   14.5336
    0.0000   -7.5000   37.5000 2480.0659   14.3360
    7.5000   -7.5000   37.5000 2457.7544   14.6010
   -7.5000    0.0000   37.5000 2563.5994   13.4825
    0.0000    0.0000   37.5000 2586.9529   13.2877
    7.5000    0.0000   37.5000 2565.2979   13.5604
   -7.5000    7.5000   37.5000 2654.7803   12.6502
    0.0000    7.5000   37.5000 2678.4583   12.4432
    7.5000    7.5000   37.5000 2654.7158   12.7055
   -7.5000   15.0000   37.5000 2717.2310   12.1317
    0.0000   15.0000   37.5000 2741.5894   11.9244
    7.5000   15.0000   37.5000 2719.1572   12.1774
   -7.5000   22.5000   37.5000 2734.5090   11.9382
    0.0000   22.5000   37.5000 2756.2097   11.7545
    7.5000   22.5000   37.5000 2739.0322   11.9709
   -7.5000   30.0000   37.5000 2716.1147   12.0219
    0.0000   30.0000   37.5000 2740.2454   11.8601
    7.5000   30.0000   37.5000 2715.4719   12.0127
   -7.5000   37.5000   37.5000 2666.3687   12.3342
    0.0000   37.5000   37.5000 2688.9780   12.1826
    7.5000   37.5000   37.5000 2671.1724   12.3095
   -7.5000   45.0000   37.5000 2596.3726   12.9462
    0.0000   45.0000   37.5000 2614.2659   12.7935
    7.5000   45.0000   37.5000 2601.0139   12.8991
   -7.5000   52.5000   37.5000 2483.5630   13.6411
    0.0000   52.5000   37.5000 2504.5552   13.5047
    7.5000   52.5000   37.5000 2489.1345   13.5988
   -7.5000   60.0000   37.5000 2326.3044   14.4526
    0.0000   60.0000   37.5000 2345.2998   14.3219
    7.5000   60.0000   37.5000 2332.3054   14.3740
   -7.5000  -30.0000   45.0000 2029.0552   20.8460
    0.0000  -30.0000   45.0000 2046.6733   20.7154
    7.5000  -30.0000   45.0000 2026.2396   21.0924
   -7.5000  -22.5000   45.0000 2180.2563   18.5854
    0.0000  -22.5000   45.0000 2203.1890   18.4245
    7.5000  -22.5000   45.0000 2173.7405   18.7329
   -7.5000  -15.0000   45.0000 2294.6592   16.8964
    0.0000  -15.0000   45.0000 2320.1125   16.7376
    7.5000  -15.0000   45.0000 2290.2920   17.0017
   -7.5000   -7.5000   45.0000 2397.4487   15.4760
    0.0000   -7.5000   45.0000 2422.1208   15.3246
    7.5000   -7.5000   45.0000 2395.4187   15.5825
   -7.5000    0.0000   45.0000 2493.7322   14.3636
    0.0000    0.0000   45.0000 2518.2380   14.2164
    7.5000    0.0000   45.0000 2492.0254   14.4826
   -7.5000    7.5000   45.0000 2576.5100   13.5135
    0.0000    7.5000   45.0000 2600.5742   13.3429
    7.5000    7.5000   45.0000 2573.4509   13.6077
   -7.5000   15.0000   45.0000 2631.1809   12.9585
    0.0000   15.0000   45.0000 2650.2917   12.8283
    7.5000   15.0000   45.0000 2630.0151   13.0556
   -7.5000   22.5000   45.0000 2643.5332   12.7693
    0.0000   22.5000   45.0000 2662.3882   12.6373
    7.5000   22.5000   45.0000 2643.1528   12.8359
   -7.5000   30.0000   45.0000 2619.8621   12.8579
    0.0000   30.0000   45.0000 2640.5056   12.7328
    7.5000   30.0000   45.0000 2619.5479   12.8748
   -7.5000   37.5000   45.0000 2585.1997   13.1819
    0.0000   37.5000   45.0000 2605.7388   13.0377
    7.5000   37.5000   45.0000 2583.7068   13.1741
   -7.5000   45.0000   45.0000 2515.0630   13.7945
    0.0000   45.0000   45.0000 2536.8499   13.6550
    7.5000   45.0000   45.0000 2518.8423   13.7771
   -7.5000   52.5000   45.0000 2407.0522   14.4767
    0.0000   52.5000   45.0000 2427.9482   14.3533
    7.5000   52.5000   45.0000 2409.4272   14.4590
   -7.5000   60.0000   45.0000 2256.6541   15.2539
    0.0000   60.0000   45.0000 2272.5178   15.1501
    7.5000   60.0000   45.0000 2257.9602   15.2080

---------------------------------------------------------------------
imgreg_4dfp /opt/freesurfer/average/711-2C_as_mni_average_305 /opt/freesurfer/average/711-2B_as_mni_average_305_mask talsrcimg_g11 none talsrcimg_to_711-2C_as_mni_average_305_t4 1283
---------------------------------------------------------------------

freesurfer imgreg_4dfp.c
/opt/freesurfer/average/711-2C_as_mni_average_305.4dfp.img
       256       256       256         1
  1.000000  1.000000  1.000000
orientation T byte_order littleendian
Reading image: /opt/freesurfer/average/711-2C_as_mni_average_305.4dfp.img
dimensions:      256       256       256
mmppix:       1.0000   -1.0000   -1.0000
center:     128.0000 -129.0000 -129.0000
/opt/freesurfer/average/711-2B_as_mni_average_305_mask.4dfp.img
       256       256       256         1
  1.000000  1.000000  1.000000
orientation T byte_order littleendian
Reading mask: /opt/freesurfer/average/711-2B_as_mni_average_305_mask.4dfp.img (2306576 pixels)
talsrcimg_g11.4dfp.img
       256       256       256         1
  1.000000  1.000000  1.000000
orientation T byte_order littleendian
Reading image: talsrcimg_g11.4dfp.img
dimensions:      256       256       256
mmppix:       1.0000   -1.0000   -1.0000
center:     128.0000 -129.0000 -129.0000
rotation matrix determinant  1.000000
fimgreg.f
image alignment mode   1283 decimal      503 hex
parameters
    0.0000   22.5000    7.5000    0.0000    0.0000    0.0000
eta,q 0.95544 10.10244
niter,ni,del,rscale     5    3   12.0000    1.2000
parameter  2 -0.668438 -> -0.500000 qaram    1.1500
parameter  5 -0.678072 -> -0.500000 qaram    1.1500
parameters
    0.4142   25.9500    7.1343   -0.4281    3.4500   -0.6585
eta,q 0.95907 10.05377
  0.0622  0.0645  0.0521  0.0460  0.0552  0.0448
  0.0543  0.0559  0.0481  0.0452  0.0510  0.0424
  0.0491  0.0510  0.0450  0.0449  0.0477  0.0411
  0.0473  0.0470  0.0446  0.0446  0.0446  0.0410
  0.0482  0.0449  0.0463  0.0435  0.0418  0.0420
  0.0519  0.0442  0.0493  0.0448  0.0411  0.0440
  0.0585  0.0442  0.0540  0.0479  0.0433  0.0467
niter,ni,del,rscale     6    3   12.0000    1.2000
parameters
   -0.6216   26.1307    7.1834    0.3499    3.6314   -0.9551
eta,q 0.96053 10.05085
  0.0529  0.0526  0.0516  0.0437  0.0507  0.0446
  0.0451  0.0464  0.0467  0.0421  0.0464  0.0420
  0.0407  0.0418  0.0417  0.0413  0.0423  0.0401
  0.0409  0.0402  0.0401  0.0401  0.0395  0.0395
  0.0462  0.0399  0.0422  0.0384  0.0408  0.0403
  0.0543  0.0440  0.0462  0.0392  0.0448  0.0427
  0.0625  0.0527  0.0512  0.0434  0.0506  0.0459
niter,ni,del,rscale     5    3   12.0000    1.2000
parameters
   -0.7920   25.9432    7.2162    0.3402    3.7280   -1.0430
eta,q 0.96044 10.04842
  0.0564  0.0517  0.0513  0.0427  0.0507  0.0450
  0.0478  0.0455  0.0462  0.0417  0.0463  0.0424
  0.0416  0.0412  0.0410  0.0408  0.0420  0.0403
  0.0395  0.0395  0.0396  0.0396  0.0396  0.0396
  0.0424  0.0396  0.0417  0.0381  0.0410  0.0402
  0.0497  0.0454  0.0458  0.0401  0.0451  0.0423
  0.0580  0.0546  0.0510  0.0447  0.0509  0.0455
niter,ni,del,rscale     4    3   12.0000    1.2000
parameters
   -0.8435   25.9291    7.2232    0.3865    3.7621   -1.0571
eta,q 0.96047 10.04783
  0.0572  0.0523  0.0512  0.0428  0.0506  0.0451
  0.0485  0.0459  0.0461  0.0417  0.0461  0.0425
  0.0420  0.0414  0.0410  0.0409  0.0418  0.0404
  0.0396  0.0396  0.0396  0.0396  0.0395  0.0395
  0.0421  0.0394  0.0417  0.0381  0.0411  0.0401
  0.0492  0.0447  0.0459  0.0400  0.0452  0.0422
  0.0576  0.0539  0.0511  0.0446  0.0511  0.0454
registration optimization eta report
parameter search radius
    6.0000    6.9000    6.0000    6.0000    6.9000    6.0000
100000*second partial in parameter space
       49.       29.       31.       13.       23.       16.
  0.0572  0.0523  0.0512  0.0428  0.0506  0.0451
  0.0485  0.0459  0.0461  0.0417  0.0461  0.0425
  0.0420  0.0414  0.0410  0.0409  0.0418  0.0404
  0.0396  0.0396  0.0396  0.0396  0.0395  0.0395
  0.0421  0.0394  0.0417  0.0381  0.0411  0.0401
  0.0492  0.0447  0.0459  0.0400  0.0452  0.0422
  0.0576  0.0539  0.0511  0.0446  0.0511  0.0454
   -0.8435   25.9291    7.2232    0.3865    3.7621   -1.0571
eta,q 0.96047 10.04783

---------------------------------------------------------------------
imgreg_4dfp /opt/freesurfer/average/711-2C_as_mni_average_305 /opt/freesurfer/average/711-2B_as_mni_average_305_mask talsrcimg_g11 none talsrcimg_to_711-2C_as_mni_average_305_t4 3335
---------------------------------------------------------------------

freesurfer imgreg_4dfp.c
/opt/freesurfer/average/711-2C_as_mni_average_305.4dfp.img
       256       256       256         1
  1.000000  1.000000  1.000000
orientation T byte_order littleendian
Reading image: /opt/freesurfer/average/711-2C_as_mni_average_305.4dfp.img
dimensions:      256       256       256
mmppix:       1.0000   -1.0000   -1.0000
center:     128.0000 -129.0000 -129.0000
/opt/freesurfer/average/711-2B_as_mni_average_305_mask.4dfp.img
       256       256       256         1
  1.000000  1.000000  1.000000
orientation T byte_order littleendian
Reading mask: /opt/freesurfer/average/711-2B_as_mni_average_305_mask.4dfp.img (2306576 pixels)
talsrcimg_g11.4dfp.img
       256       256       256         1
  1.000000  1.000000  1.000000
orientation T byte_order littleendian
Reading image: talsrcimg_g11.4dfp.img
dimensions:      256       256       256
mmppix:       1.0000   -1.0000   -1.0000
center:     128.0000 -129.0000 -129.0000
fimgreg.f
image alignment mode   3335 decimal      D07 hex
parameters
   -0.8435   25.9291    7.2232   -0.2325   -0.0185   -0.2178
    1.8007   -6.5727   -1.8410   -0.5534    6.5615    0.6731
eta,q 0.96258 10.04414
niter,ni,del,rscale     5    3    5.0000    1.2000
parameter  4  1.284378 ->  0.500000 qaram    1.1500
parameter  5  1.952109 ->  0.500000 qaram    1.1500
parameter  6  0.731338 ->  0.500000 qaram    1.1500
parameters
   -0.8736   25.9973    7.1937   -4.3725   -4.1585   -4.3578
    1.4981   -5.0777   -0.1425   -2.6348    6.0701   -2.0964
eta,q 0.97532  9.73770
  0.0406  0.0396  0.0395  0.0324  0.0259  0.0261  0.0285  0.0328  0.0290  0.0270  0.0263  0.0253
  0.0388  0.0383  0.0384  0.0329  0.0275  0.0255  0.0269  0.0295  0.0274  0.0257  0.0255  0.0248
  0.0378  0.0376  0.0376  0.0346  0.0300  0.0260  0.0258  0.0268  0.0261  0.0250  0.0250  0.0247
  0.0374  0.0374  0.0374  0.0374  0.0332  0.0281  0.0255  0.0255  0.0253  0.0251  0.0249  0.0249
  0.0378  0.0376  0.0377  0.0410  0.0365  0.0318  0.0260  0.0254  0.0251  0.0266  0.0252  0.0255
  0.0389  0.0382  0.0384  0.0450  0.0403  0.0360  0.0273  0.0264  0.0257  0.0288  0.0258  0.0265
  0.0407  0.0393  0.0396  0.0491  0.0451  0.0408  0.0291  0.0286  0.0268  0.0315  0.0267  0.0279
niter,ni,del,rscale     7    3    5.0000    1.2000
parameter  3  0.557059 ->  0.500000 qaram    1.1500
parameter  5  0.667509 ->  0.500000 qaram    1.3225
parameters
   -0.7692   25.8149    5.8137   -6.1480   -8.9195   -7.0340
    1.3981   -5.1084    0.4720   -2.5078    5.7430   -2.0910
eta,q 0.97735  9.38297
  0.0289  0.0274  0.0245  0.0270  0.0227  0.0235  0.0253  0.0265  0.0250  0.0261  0.0234  0.0239
  0.0266  0.0257  0.0241  0.0254  0.0223  0.0229  0.0239  0.0243  0.0239  0.0242  0.0230  0.0232
  0.0252  0.0248  0.0241  0.0243  0.0228  0.0227  0.0230  0.0230  0.0231  0.0230  0.0227  0.0228
  0.0247  0.0247  0.0246  0.0241  0.0240  0.0224  0.0227  0.0227  0.0227  0.0226  0.0227  0.0227
  0.0250  0.0253  0.0256  0.0254  0.0265  0.0231  0.0230  0.0232  0.0228  0.0231  0.0228  0.0228
  0.0262  0.0265  0.0269  0.0281  0.0302  0.0261  0.0240  0.0244  0.0234  0.0241  0.0231  0.0232
  0.0282  0.0282  0.0286  0.0318  0.0341  0.0302  0.0255  0.0265  0.0244  0.0258  0.0236  0.0239
niter,ni,del,rscale     7    3    5.0000    1.2000
parameters
   -0.6030   26.0022    5.6176   -5.8671  -10.4745   -7.7891
    1.1987   -5.0043    0.6136   -2.2537    5.5258   -2.2588
eta,q 0.97739  9.28440
  0.0265  0.0258  0.0241  0.0259  0.0255  0.0244  0.0250  0.0265  0.0246  0.0261  0.0234  0.0237
  0.0245  0.0242  0.0232  0.0247  0.0239  0.0233  0.0237  0.0243  0.0236  0.0243  0.0229  0.0231
  0.0232  0.0231  0.0227  0.0235  0.0228  0.0227  0.0229  0.0230  0.0229  0.0231  0.0227  0.0227
  0.0227  0.0226  0.0226  0.0226  0.0225  0.0225  0.0226  0.0226  0.0226  0.0226  0.0226  0.0226
  0.0229  0.0228  0.0229  0.0226  0.0234  0.0223  0.0229  0.0230  0.0228  0.0231  0.0227  0.0228
  0.0239  0.0236  0.0236  0.0238  0.0254  0.0231  0.0239  0.0242  0.0234  0.0241  0.0230  0.0232
  0.0255  0.0250  0.0246  0.0261  0.0291  0.0263  0.0253  0.0262  0.0245  0.0255  0.0235  0.0238
niter,ni,del,rscale     6    3    5.0000    1.2000
parameters
   -0.5705   26.0274    5.6477   -5.8691  -10.6381   -7.6560
    1.1946   -4.9755    0.6580   -2.1583    5.5087   -2.2767
eta,q 0.97739  9.28385
  0.0259  0.0254  0.0243  0.0255  0.0264  0.0248  0.0251  0.0265  0.0245  0.0259  0.0234  0.0238
  0.0241  0.0239  0.0234  0.0244  0.0246  0.0235  0.0238  0.0242  0.0235  0.0242  0.0230  0.0231
  0.0230  0.0229  0.0228  0.0234  0.0234  0.0229  0.0229  0.0229  0.0229  0.0230  0.0227  0.0227
  0.0226  0.0226  0.0226  0.0226  0.0226  0.0226  0.0226  0.0226  0.0226  0.0226  0.0226  0.0226
  0.0229  0.0230  0.0228  0.0227  0.0230  0.0223  0.0229  0.0231  0.0228  0.0231  0.0227  0.0228
  0.0240  0.0239  0.0233  0.0239  0.0243  0.0227  0.0237  0.0243  0.0235  0.0242  0.0230  0.0232
  0.0257  0.0252  0.0242  0.0261  0.0272  0.0252  0.0252  0.0263  0.0245  0.0256  0.0234  0.0238
niter,ni,del,rscale     5    3    5.0000    1.2000
parameters
   -0.5685   26.0268    5.6542   -5.8391  -10.6512   -7.6704
    1.1929   -4.9666    0.6561   -2.1526    5.5057   -2.2634
eta,q 0.97739  9.28370
  0.0258  0.0253  0.0243  0.0255  0.0264  0.0247  0.0251  0.0264  0.0245  0.0258  0.0234  0.0238
  0.0240  0.0238  0.0233  0.0244  0.0247  0.0235  0.0238  0.0242  0.0235  0.0242  0.0230  0.0231
  0.0230  0.0229  0.0228  0.0234  0.0234  0.0228  0.0229  0.0229  0.0229  0.0230  0.0227  0.0227
  0.0226  0.0226  0.0226  0.0226  0.0226  0.0226  0.0226  0.0226  0.0226  0.0226  0.0226  0.0226
  0.0230  0.0230  0.0228  0.0227  0.0229  0.0223  0.0229  0.0231  0.0228  0.0231  0.0227  0.0228
  0.0240  0.0239  0.0233  0.0239  0.0241  0.0228  0.0237  0.0243  0.0235  0.0243  0.0230  0.0231
  0.0258  0.0253  0.0242  0.0261  0.0270  0.0254  0.0252  0.0263  0.0245  0.0257  0.0234  0.0238
registration optimization eta report
parameter search radius
    2.4000    2.4000    2.7600    8.2800    9.5220    8.2800
    7.2000    7.2000    7.2000    7.2000    7.2000    7.2000
100000*second partial in parameter space
       55.       46.       22.        5.        4.        4.
        5.        7.        4.        6.        2.        2.
  0.0258  0.0253  0.0243  0.0255  0.0264  0.0247  0.0251  0.0264  0.0245  0.0258  0.0234  0.0238
  0.0240  0.0238  0.0233  0.0244  0.0247  0.0235  0.0238  0.0242  0.0235  0.0242  0.0230  0.0231
  0.0230  0.0229  0.0228  0.0234  0.0234  0.0228  0.0229  0.0229  0.0229  0.0230  0.0227  0.0227
  0.0226  0.0226  0.0226  0.0226  0.0226  0.0226  0.0226  0.0226  0.0226  0.0226  0.0226  0.0226
  0.0230  0.0230  0.0228  0.0227  0.0229  0.0223  0.0229  0.0231  0.0228  0.0231  0.0227  0.0228
  0.0240  0.0239  0.0233  0.0239  0.0241  0.0228  0.0237  0.0243  0.0235  0.0243  0.0230  0.0231
  0.0258  0.0253  0.0242  0.0261  0.0270  0.0254  0.0252  0.0263  0.0245  0.0257  0.0234  0.0238
   -0.5685   26.0268    5.6542   -5.8391  -10.6512   -7.6704
    1.1929   -4.9666    0.6561   -2.1526    5.5057   -2.2634
eta,q 0.97739  9.28370

---------------------------------------------------------------------
imgreg_4dfp /opt/freesurfer/average/711-2C_as_mni_average_305 /opt/freesurfer/average/711-2B_as_mni_average_305_mask talsrcimg_g11 none talsrcimg_to_711-2C_as_mni_average_305_t4 2311
---------------------------------------------------------------------

freesurfer imgreg_4dfp.c
/opt/freesurfer/average/711-2C_as_mni_average_305.4dfp.img
       256       256       256         1
  1.000000  1.000000  1.000000
orientation T byte_order littleendian
Reading image: /opt/freesurfer/average/711-2C_as_mni_average_305.4dfp.img
dimensions:      256       256       256
mmppix:       1.0000   -1.0000   -1.0000
center:     128.0000 -129.0000 -129.0000
/opt/freesurfer/average/711-2B_as_mni_average_305_mask.4dfp.img
       256       256       256         1
  1.000000  1.000000  1.000000
orientation T byte_order littleendian
Reading mask: /opt/freesurfer/average/711-2B_as_mni_average_305_mask.4dfp.img (2306576 pixels)
talsrcimg_g11.4dfp.img
       256       256       256         1
  1.000000  1.000000  1.000000
orientation T byte_order littleendian
Reading image: talsrcimg_g11.4dfp.img
dimensions:      256       256       256
mmppix:       1.0000   -1.0000   -1.0000
center:     128.0000 -129.0000 -129.0000
fimgreg.f
image alignment mode   2311 decimal      907 hex
parameters
   -0.5685   26.0268    5.6542   -5.8391  -10.6512   -7.6704
    1.1929   -4.9666    0.6561   -2.1526    5.5057   -2.2634
eta,q 0.97739  9.28370
niter,ni,del,rscale     5    3    5.0000    0.8000
parameter  6 -0.617599 -> -0.500000 qaram    1.1500
parameters
   -0.5738   26.0010    5.6527   -4.9670  -10.0204   -4.9104
    1.4255   -4.8473    0.7595   -2.0824    6.0964   -2.6095
eta,q 0.97790  9.46694
  0.0240  0.0238  0.0231  0.0241  0.0239  0.0232  0.0235  0.0244  0.0232  0.0239  0.0227  0.0225
  0.0232  0.0231  0.0228  0.0235  0.0233  0.0229  0.0228  0.0231  0.0226  0.0230  0.0224  0.0223
  0.0228  0.0227  0.0227  0.0230  0.0228  0.0227  0.0223  0.0223  0.0222  0.0223  0.0222  0.0221
  0.0226  0.0226  0.0226  0.0226  0.0225  0.0225  0.0221  0.0221  0.0221  0.0221  0.0221  0.0221
  0.0228  0.0228  0.0227  0.0225  0.0226  0.0222  0.0222  0.0223  0.0222  0.0223  0.0221  0.0222
  0.0233  0.0232  0.0228  0.0228  0.0229  0.0221  0.0226  0.0230  0.0225  0.0229  0.0222  0.0224
  0.0240  0.0239  0.0231  0.0234  0.0234  0.0224  0.0233  0.0241  0.0231  0.0238  0.0225  0.0227
niter,ni,del,rscale     5    3    5.0000    0.8000
parameters
   -0.6331   25.9955    5.9748   -4.7747  -10.0952   -5.9625
    1.3630   -4.9957    0.6183   -2.0151    6.0897   -1.9899
eta,q 0.97780  9.42902
  0.0236  0.0234  0.0232  0.0237  0.0233  0.0229  0.0234  0.0240  0.0231  0.0239  0.0226  0.0229
  0.0227  0.0227  0.0226  0.0230  0.0227  0.0226  0.0228  0.0229  0.0226  0.0230  0.0224  0.0226
  0.0222  0.0223  0.0223  0.0224  0.0222  0.0224  0.0224  0.0223  0.0223  0.0224  0.0223  0.0223
  0.0221  0.0221  0.0221  0.0221  0.0220  0.0220  0.0222  0.0222  0.0222  0.0222  0.0222  0.0222
  0.0223  0.0223  0.0221  0.0221  0.0222  0.0222  0.0224  0.0225  0.0223  0.0224  0.0222  0.0222
  0.0229  0.0227  0.0222  0.0227  0.0227  0.0229  0.0228  0.0231  0.0227  0.0230  0.0224  0.0224
  0.0238  0.0234  0.0226  0.0237  0.0233  0.0250  0.0235  0.0241  0.0233  0.0238  0.0226  0.0226
niter,ni,del,rscale     4    3    5.0000    0.7000
parameters
   -0.6562   25.9621    5.7651   -4.7028  -10.0459   -6.0299
    1.3664   -4.9959    0.6377   -2.1277    6.2845   -2.0762
eta,q 0.97782  9.42823
  0.0233  0.0232  0.0226  0.0234  0.0232  0.0229  0.0231  0.0236  0.0230  0.0235  0.0225  0.0226
  0.0227  0.0226  0.0223  0.0228  0.0227  0.0227  0.0226  0.0228  0.0225  0.0227  0.0224  0.0224
  0.0223  0.0223  0.0222  0.0224  0.0223  0.0225  0.0223  0.0223  0.0223  0.0223  0.0222  0.0222
  0.0222  0.0222  0.0222  0.0222  0.0222  0.0222  0.0222  0.0222  0.0222  0.0222  0.0222  0.0222
  0.0223  0.0223  0.0223  0.0222  0.0223  0.0221  0.0223  0.0223  0.0223  0.0224  0.0222  0.0222
  0.0228  0.0227  0.0225  0.0227  0.0226  0.0224  0.0226  0.0228  0.0225  0.0229  0.0223  0.0224
  0.0234  0.0233  0.0229  0.0234  0.0231  0.0233  0.0232  0.0236  0.0230  0.0235  0.0225  0.0226
niter,ni,del,rscale     3    3    5.0000    0.6000
parameters
   -0.6557   25.9592    5.7324   -4.6298  -10.0270   -5.5468
    1.4028   -5.0110    0.6161   -2.1376    6.3447   -2.1634
eta,q 0.97790  9.45195
  0.0231  0.0229  0.0226  0.0231  0.0229  0.0228  0.0228  0.0232  0.0227  0.0231  0.0224  0.0224
  0.0226  0.0225  0.0223  0.0227  0.0226  0.0226  0.0224  0.0225  0.0224  0.0226  0.0222  0.0222
  0.0223  0.0223  0.0222  0.0223  0.0223  0.0224  0.0222  0.0222  0.0222  0.0222  0.0221  0.0221
  0.0222  0.0222  0.0222  0.0222  0.0222  0.0222  0.0221  0.0221  0.0221  0.0221  0.0221  0.0221
  0.0223  0.0223  0.0222  0.0222  0.0223  0.0220  0.0222  0.0222  0.0222  0.0222  0.0221  0.0221
  0.0226  0.0225  0.0224  0.0225  0.0225  0.0222  0.0224  0.0226  0.0224  0.0226  0.0222  0.0223
  0.0230  0.0229  0.0226  0.0231  0.0229  0.0228  0.0228  0.0232  0.0227  0.0231  0.0224  0.0224
niter,ni,del,rscale     2    3    5.0000    0.5000
parameters
   -0.6663   25.9582    5.8437   -4.5422  -10.0820   -5.0560
    1.4446   -5.0496    0.5794   -2.1424    6.3859   -2.1351
eta,q 0.97797  9.47359
  0.0227  0.0226  0.0225  0.0228  0.0226  0.0227  0.0225  0.0228  0.0224  0.0228  0.0222  0.0223
  0.0224  0.0223  0.0223  0.0225  0.0224  0.0225  0.0223  0.0224  0.0222  0.0224  0.0221  0.0221
  0.0222  0.0222  0.0221  0.0222  0.0222  0.0223  0.0221  0.0221  0.0221  0.0221  0.0221  0.0221
  0.0221  0.0221  0.0221  0.0221  0.0221  0.0221  0.0220  0.0220  0.0220  0.0220  0.0220  0.0220
  0.0222  0.0222  0.0221  0.0221  0.0222  0.0220  0.0221  0.0221  0.0221  0.0221  0.0221  0.0221
  0.0224  0.0223  0.0222  0.0224  0.0224  0.0222  0.0222  0.0224  0.0222  0.0224  0.0221  0.0221
  0.0227  0.0226  0.0223  0.0228  0.0227  0.0226  0.0225  0.0228  0.0225  0.0228  0.0222  0.0223
niter,ni,del,rscale     1    3    5.0000    0.4000
parameters
   -0.6862   25.9484    5.9965   -4.4674  -10.1497   -4.6166
    1.4680   -5.1058    0.5254   -2.1418    6.3724   -2.0351
eta,q 0.97801  9.49204
  0.0224  0.0224  0.0223  0.0225  0.0224  0.0225  0.0223  0.0225  0.0222  0.0225  0.0221  0.0222
  0.0222  0.0222  0.0222  0.0223  0.0222  0.0224  0.0221  0.0222  0.0221  0.0222  0.0221  0.0221
  0.0221  0.0221  0.0221  0.0221  0.0221  0.0222  0.0220  0.0220  0.0220  0.0221  0.0220  0.0220
  0.0220  0.0220  0.0220  0.0220  0.0220  0.0220  0.0220  0.0220  0.0220  0.0220  0.0220  0.0220
  0.0221  0.0221  0.0220  0.0221  0.0221  0.0220  0.0220  0.0221  0.0220  0.0221  0.0220  0.0220
  0.0222  0.0222  0.0221  0.0222  0.0222  0.0221  0.0221  0.0222  0.0221  0.0222  0.0220  0.0221
  0.0225  0.0224  0.0222  0.0225  0.0224  0.0224  0.0223  0.0225  0.0223  0.0225  0.0221  0.0221
registration optimization eta report
parameter search radius
    0.8000    0.8000    0.8000    2.4000    2.4000    2.7600
    2.4000    2.4000    2.4000    2.4000    2.4000    2.4000
100000*second partial in parameter space
       62.       55.       31.        8.        7.        6.
        6.        9.        5.        9.        2.        3.
  0.0224  0.0224  0.0223  0.0225  0.0224  0.0225  0.0223  0.0225  0.0222  0.0225  0.0221  0.0222
  0.0222  0.0222  0.0222  0.0223  0.0222  0.0224  0.0221  0.0222  0.0221  0.0222  0.0221  0.0221
  0.0221  0.0221  0.0221  0.0221  0.0221  0.0222  0.0220  0.0220  0.0220  0.0221  0.0220  0.0220
  0.0220  0.0220  0.0220  0.0220  0.0220  0.0220  0.0220  0.0220  0.0220  0.0220  0.0220  0.0220
  0.0221  0.0221  0.0220  0.0221  0.0221  0.0220  0.0220  0.0221  0.0220  0.0221  0.0220  0.0220
  0.0222  0.0222  0.0221  0.0222  0.0222  0.0221  0.0221  0.0222  0.0221  0.0222  0.0220  0.0221
  0.0225  0.0224  0.0222  0.0225  0.0224  0.0224  0.0223  0.0225  0.0223  0.0225  0.0221  0.0221
   -0.6862   25.9484    5.9965   -4.4674  -10.1497   -4.6166
    1.4680   -5.1058    0.5254   -2.1418    6.3724   -2.0351
eta,q 0.97801  9.49204

---------------------------------------------------------------------
imgreg_4dfp /opt/freesurfer/average/711-2C_as_mni_average_305 /opt/freesurfer/average/711-2B_as_mni_average_305_mask talsrcimg_g11 none talsrcimg_to_711-2C_as_mni_average_305_t4 2311
---------------------------------------------------------------------

freesurfer imgreg_4dfp.c
/opt/freesurfer/average/711-2C_as_mni_average_305.4dfp.img
       256       256       256         1
  1.000000  1.000000  1.000000
orientation T byte_order littleendian
Reading image: /opt/freesurfer/average/711-2C_as_mni_average_305.4dfp.img
dimensions:      256       256       256
mmppix:       1.0000   -1.0000   -1.0000
center:     128.0000 -129.0000 -129.0000
/opt/freesurfer/average/711-2B_as_mni_average_305_mask.4dfp.img
       256       256       256         1
  1.000000  1.000000  1.000000
orientation T byte_order littleendian
Reading mask: /opt/freesurfer/average/711-2B_as_mni_average_305_mask.4dfp.img (2306576 pixels)
talsrcimg_g11.4dfp.img
       256       256       256         1
  1.000000  1.000000  1.000000
orientation T byte_order littleendian
Reading image: talsrcimg_g11.4dfp.img
dimensions:      256       256       256
mmppix:       1.0000   -1.0000   -1.0000
center:     128.0000 -129.0000 -129.0000
fimgreg.f
image alignment mode   2311 decimal      907 hex
parameters
   -0.6862   25.9484    5.9965   -4.4674  -10.1497   -4.6166
    1.4680   -5.1058    0.5254   -2.1418    6.3724   -2.0351
eta,q 0.97801  9.49205
niter,ni,del,rscale     5    3    5.0000    0.8000
parameters
   -0.6854   25.9355    6.1355   -4.7477  -10.2022   -5.4369
    1.3781   -5.0364    0.5391   -2.0703    6.2805   -1.8236
eta,q 0.97789  9.44985
  0.0237  0.0233  0.0230  0.0235  0.0232  0.0227  0.0233  0.0241  0.0231  0.0239  0.0226  0.0227
  0.0227  0.0226  0.0225  0.0228  0.0226  0.0226  0.0226  0.0229  0.0226  0.0229  0.0223  0.0224
  0.0222  0.0221  0.0221  0.0222  0.0222  0.0223  0.0222  0.0223  0.0222  0.0223  0.0222  0.0222
  0.0220  0.0220  0.0220  0.0220  0.0220  0.0220  0.0221  0.0221  0.0221  0.0221  0.0221  0.0221
  0.0222  0.0222  0.0220  0.0222  0.0222  0.0221  0.0222  0.0223  0.0222  0.0223  0.0221  0.0222
  0.0227  0.0226  0.0223  0.0229  0.0226  0.0227  0.0227  0.0229  0.0226  0.0229  0.0223  0.0223
  0.0236  0.0234  0.0227  0.0240  0.0233  0.0243  0.0234  0.0240  0.0231  0.0237  0.0226  0.0226
niter,ni,del,rscale     4    3    5.0000    0.7000
parameters
   -0.6681   25.9242    5.9283   -4.6738  -10.1259   -5.4593
    1.3990   -5.0147    0.5779   -2.1409    6.3609   -1.9714
eta,q 0.97792  9.45200
  0.0233  0.0231  0.0225  0.0234  0.0231  0.0227  0.0231  0.0236  0.0229  0.0234  0.0225  0.0225
  0.0227  0.0226  0.0222  0.0228  0.0226  0.0226  0.0225  0.0227  0.0225  0.0227  0.0223  0.0223
  0.0222  0.0222  0.0221  0.0223  0.0222  0.0224  0.0222  0.0222  0.0222  0.0222  0.0221  0.0221
  0.0221  0.0221  0.0221  0.0221  0.0221  0.0221  0.0221  0.0221  0.0221  0.0221  0.0221  0.0221
  0.0222  0.0222  0.0222  0.0222  0.0222  0.0220  0.0222  0.0223  0.0222  0.0223  0.0221  0.0221
  0.0226  0.0226  0.0225  0.0226  0.0226  0.0223  0.0225  0.0227  0.0224  0.0228  0.0222  0.0223
  0.0233  0.0232  0.0228  0.0234  0.0230  0.0231  0.0231  0.0236  0.0229  0.0235  0.0224  0.0226
niter,ni,del,rscale     3    3    5.0000    0.6000
parameters
   -0.6671   25.9333    5.8987   -4.5928  -10.1029   -5.1099
    1.4278   -5.0328    0.5595   -2.1521    6.3746   -2.0526
eta,q 0.97797  9.46950
  0.0230  0.0229  0.0225  0.0231  0.0229  0.0227  0.0228  0.0232  0.0226  0.0231  0.0223  0.0224
  0.0225  0.0224  0.0223  0.0226  0.0225  0.0225  0.0224  0.0225  0.0223  0.0225  0.0222  0.0222
  0.0222  0.0222  0.0221  0.0222  0.0222  0.0223  0.0221  0.0221  0.0221  0.0222  0.0221  0.0221
  0.0221  0.0221  0.0221  0.0221  0.0221  0.0221  0.0220  0.0220  0.0220  0.0220  0.0220  0.0220
  0.0222  0.0222  0.0221  0.0221  0.0222  0.0220  0.0221  0.0222  0.0221  0.0222  0.0221  0.0221
  0.0225  0.0224  0.0223  0.0225  0.0225  0.0222  0.0223  0.0226  0.0223  0.0225  0.0222  0.0222
  0.0230  0.0228  0.0225  0.0230  0.0228  0.0227  0.0227  0.0232  0.0226  0.0231  0.0223  0.0224
niter,ni,del,rscale     2    3    5.0000    0.5000
parameters
   -0.6797   25.9374    5.9845   -4.5233  -10.1385   -4.7294
    1.4543   -5.0693    0.5357   -2.1596    6.3780   -2.0259
eta,q 0.97800  9.48628
  0.0226  0.0226  0.0224  0.0227  0.0226  0.0226  0.0225  0.0228  0.0224  0.0228  0.0222  0.0222
  0.0223  0.0223  0.0222  0.0224  0.0223  0.0224  0.0222  0.0223  0.0222  0.0224  0.0221  0.0221
  0.0221  0.0221  0.0221  0.0221  0.0221  0.0222  0.0221  0.0221  0.0220  0.0221  0.0220  0.0220
  0.0220  0.0220  0.0220  0.0220  0.0220  0.0220  0.0220  0.0220  0.0220  0.0220  0.0220  0.0220
  0.0221  0.0221  0.0221  0.0221  0.0221  0.0220  0.0220  0.0221  0.0220  0.0221  0.0220  0.0220
  0.0223  0.0223  0.0221  0.0223  0.0223  0.0221  0.0222  0.0224  0.0222  0.0224  0.0221  0.0221
  0.0227  0.0226  0.0223  0.0227  0.0226  0.0225  0.0225  0.0228  0.0224  0.0228  0.0222  0.0222
niter,ni,del,rscale     1    3    5.0000    0.4000
parameters
   -0.6952   25.9340    6.1029   -4.4609  -10.1867   -4.4193
    1.4667   -5.1233    0.5012   -2.1629    6.3533   -1.9747
eta,q 0.97802  9.49938
  0.0224  0.0223  0.0223  0.0225  0.0224  0.0225  0.0223  0.0225  0.0222  0.0225  0.0221  0.0221
  0.0222  0.0222  0.0221  0.0222  0.0222  0.0223  0.0221  0.0222  0.0221  0.0222  0.0220  0.0221
  0.0220  0.0220  0.0220  0.0221  0.0220  0.0221  0.0220  0.0220  0.0220  0.0220  0.0220  0.0220
  0.0220  0.0220  0.0220  0.0220  0.0220  0.0220  0.0220  0.0220  0.0220  0.0220  0.0220  0.0220
  0.0220  0.0220  0.0220  0.0220  0.0220  0.0220  0.0220  0.0220  0.0220  0.0220  0.0220  0.0220
  0.0222  0.0222  0.0220  0.0222  0.0222  0.0221  0.0221  0.0222  0.0221  0.0222  0.0220  0.0220
  0.0224  0.0224  0.0221  0.0224  0.0224  0.0223  0.0223  0.0225  0.0223  0.0225  0.0221  0.0221
registration optimization eta report
parameter search radius
    0.8000    0.8000    0.8000    2.4000    2.4000    2.4000
    2.4000    2.4000    2.4000    2.4000    2.4000    2.4000
100000*second partial in parameter space
       64.       56.       33.        8.        7.        7.
        5.       10.        5.        9.        3.        3.
  0.0224  0.0223  0.0223  0.0225  0.0224  0.0225  0.0223  0.0225  0.0222  0.0225  0.0221  0.0221
  0.0222  0.0222  0.0221  0.0222  0.0222  0.0223  0.0221  0.0222  0.0221  0.0222  0.0220  0.0221
  0.0220  0.0220  0.0220  0.0221  0.0220  0.0221  0.0220  0.0220  0.0220  0.0220  0.0220  0.0220
  0.0220  0.0220  0.0220  0.0220  0.0220  0.0220  0.0220  0.0220  0.0220  0.0220  0.0220  0.0220
  0.0220  0.0220  0.0220  0.0220  0.0220  0.0220  0.0220  0.0220  0.0220  0.0220  0.0220  0.0220
  0.0222  0.0222  0.0220  0.0222  0.0222  0.0221  0.0221  0.0222  0.0221  0.0222  0.0220  0.0220
  0.0224  0.0224  0.0221  0.0224  0.0224  0.0223  0.0223  0.0225  0.0223  0.0225  0.0221  0.0221
   -0.6952   25.9340    6.1029   -4.4609  -10.1867   -4.4193
    1.4667   -5.1233    0.5012   -2.1629    6.3533   -1.9747
eta,q 0.97802  9.49938

---------------------------------------------------------------------
compute_vox2vox talsrcimg talsrcimg_to_711-2C_as_mni_average_305_t4 /opt/freesurfer/average/711-2C_as_mni_average_305
---------------------------------------------------------------------

freesurfer compute_vox2vox.c
Reading: talsrcimg.4dfp.ifh
Reading: talsrcimg_to_711-2C_as_mni_average_305_t4
Reading: /opt/freesurfer/average/711-2C_as_mni_average_305.4dfp.ifh
Writing: talsrcimg_to_711-2C_as_mni_average_305_t4_vox2vox.txt

start time Tue Mar 10 06:54:56 CET 2026
end		time Tue Mar 10 06:55:10 CET 2026

mpr2mni305 success

avi2talxfm orig_nu.mgz /opt/freesurfer/average/mni305.cor.mgz talsrcimg_to_711-2C_as_mni_average_305_t4_vox2vox.txt transforms/talairach.auto.xfm
avi2talxfm done
mv -f /out/sourcedata/freesurfer/sub-v1s8x0051342_ses-1/mri/talsrcimg_to_711-2C_as_mni_average_305_t4_vox2vox.txt /out/sourcedata/freesurfer/sub-v1s8x0051342_ses-1/mri/transforms/talsrcimg_to_711-2C_as_mni_average_305_t4_vox2vox.txt
lta_convert --src orig_nu.mgz --trg /opt/freesurfer/average/mni305.cor.mgz --inxfm transforms/talairach.auto.xfm --outlta transforms/talairach.auto.xfm.lta --subject fsaverage
7.3.2

--src: orig_nu.mgz src image (geometry).
--trg: /opt/freesurfer/average/mni305.cor.mgz trg image (geometry).
--inmni: transforms/talairach.auto.xfm input MNI/XFM transform.
--outlta: transforms/talairach.auto.xfm.lta output LTA.
--s: fsaverage subject name
 LTA read, type : 1
 1.04308   0.05555  -0.01581   5.45862;
-0.06949   1.04306   0.02407  -2.46161;
-0.00749   0.02481   1.11409  -16.33218;
 0.00000   0.00000   0.00000   1.00000;
setting subject to fsaverage
Writing  LTA to file transforms/talairach.auto.xfm.lta...
lta_convert successful.
 
 
Started at Tue Mar 10 06:54:56 CET 2026
Ended   at Tue Mar 10 06:55:10 CET 2026
talairach_avi done
