/out/sourcedata/freesurfer/sub-v1s8x0051333_ses-1/mri
/opt/freesurfer/bin/talairach_avi
--i orig_nu.mgz --xfm transforms/talairach.auto.xfm
talairach_avi 7.3.2
Linux dna029 5.14.0-427.37.1.el9_4.x86_64 #1 SMP PREEMPT_DYNAMIC Fri Sep 13 12:41:50 EDT 2024 x86_64 x86_64 x86_64 GNU/Linux
Tue Mar 10 06:48:25 CET 2026
mri_convert orig_nu.mgz talsrcimg.img 
reading from orig_nu.mgz...
TR=0.00, TE=0.00, TI=0.00, flip angle=0.00
i_ras = (-1, 0, 0)
j_ras = (0, 0, -1)
k_ras = (0, 1, 0)
writing to talsrcimg.img...
Analyze Output Matrix
-1.00000   0.00000   0.00000   130.00143;
 0.00000   0.00000   1.00000  -130.95483;
 0.00000  -1.00000   0.00000   113.14223;
 0.00000   0.00000   0.00000   1.00000;
--------------------
INFO: set hdr.hist.orient to -1
mpr2mni305 talsrcimg
Tue Mar 10 06:48:26 CET 2026
/opt/freesurfer/bin/mpr2mni305 talsrcimg
mpr2mni305 7.3.2
target=711-2C_as_mni_average_305

---------------------------------------------------------------------
analyzeto4dfp talsrcimg -O0 -y
---------------------------------------------------------------------

freesurfer ifh2hdr.c
Tue Mar 10 06:48:26 2026
Writing: talsrcimg.4dfp.hdr
freesurfer analyzeto4dfp.c
Reading: talsrcimg.hdr
header size 348 bytes
hdr.dime.datatype	offset=70	value=2
hdr.dime.bitpix		offset=72	value=8
hdr.hist.orient		offset=252	value=-1
dimensionality     4
dimensions       256       256       256         1
Reading: talsrcimg.img
Writing: talsrcimg.4dfp.img
Writing: talsrcimg.4dfp.ifh
ifh2hdr talsrcimg -r0to255
ori=2

---------------------------------------------------------------------
gauss_4dfp talsrcimg 1.1
---------------------------------------------------------------------

freesurfer gauss_4dfp.c
Reading: talsrcimg.4dfp.img
Writing: talsrcimg_g11.4dfp.img
image dimensions 256 256 256 padded to 288 288 288
processing volume 1freesurfer ifh2hdr.c
Tue Mar 10 06:48:28 2026
Writing: talsrcimg_g11.4dfp.hdr

Writing: talsrcimg_g11.4dfp.ifh
including: talsrcimg.4dfp.img.rec in talsrcimg_g11.4dfp.img.rec

---------------------------------------------------------------------
imgreg_4dfp /opt/freesurfer/average/711-2C_as_mni_average_305 none talsrcimg_g11 none talsrcimg_to_711-2C_as_mni_average_305_t4 4355
---------------------------------------------------------------------

freesurfer imgreg_4dfp.c
/opt/freesurfer/average/711-2C_as_mni_average_305.4dfp.img
       256       256       256         1
  1.000000  1.000000  1.000000
orientation T byte_order littleendian
Reading image: /opt/freesurfer/average/711-2C_as_mni_average_305.4dfp.img
dimensions:      256       256       256
mmppix:       1.0000   -1.0000   -1.0000
center:     128.0000 -129.0000 -129.0000
talsrcimg_g11.4dfp.img
       256       256       256         1
  1.000000  1.000000  1.000000
orientation T byte_order littleendian
Reading image: talsrcimg_g11.4dfp.img
dimensions:      256       256       256
mmppix:       1.0000   -1.0000   -1.0000
center:     128.0000 -129.0000 -129.0000
t4_read: open error in t4_sub.f l:  41 t4_file(1:l)talsrcimg_to_711-2C_as_mni_average_305_t4 
t4_read: transform initialized to I4
rotation matrix determinant  1.000000
image alignment mode   4355 decimal     1103 hex
   -7.5000  -45.0000  -45.0000 6460.7446   11.7459
    0.0000  -45.0000  -45.0000 6680.7007   11.7499
    7.5000  -45.0000  -45.0000 6416.2271   11.7657
   -7.5000  -37.5000  -45.0000 7020.2920   11.3624
    0.0000  -37.5000  -45.0000 7266.0669   11.3635
    7.5000  -37.5000  -45.0000 6959.8687   11.3796
   -7.5000  -30.0000  -45.0000 7890.4966   11.1191
    0.0000  -30.0000  -45.0000 8180.9341   11.1194
    7.5000  -30.0000  -45.0000 7810.5684   11.1353
   -7.5000  -22.5000  -45.0000 8845.5996   10.9901
    0.0000  -22.5000  -45.0000 9179.5146   10.9911
    7.5000  -22.5000  -45.0000 8749.2881   11.0059
   -7.5000  -15.0000  -45.0000 9773.2734   10.9302
    0.0000  -15.0000  -45.000010146.8037   10.9332
    7.5000  -15.0000  -45.0000 9679.7412   10.9469
   -7.5000   -7.5000  -45.000010756.9678   10.9212
    0.0000   -7.5000  -45.000011175.1094   10.9257
    7.5000   -7.5000  -45.000010644.7334   10.9391
   -7.5000    0.0000  -45.000011661.9180   10.9240
    0.0000    0.0000  -45.000012138.6885   10.9281
    7.5000    0.0000  -45.000011539.5391   10.9429
   -7.5000    7.5000  -45.000011689.6904   10.9247
    0.0000    7.5000  -45.000012168.5264   10.9269
    7.5000    7.5000  -45.000011550.2344   10.9430
   -7.5000   15.0000  -45.000011571.7549   10.9229
    0.0000   15.0000  -45.000012064.3369   10.9235
    7.5000   15.0000  -45.000011451.7510   10.9394
   -7.5000   22.5000  -45.000011352.4863   10.9175
    0.0000   22.5000  -45.000011826.1367   10.9186
    7.5000   22.5000  -45.000011230.5879   10.9334
   -7.5000   30.0000  -45.000010938.5400   10.7724
    0.0000   30.0000  -45.000011397.9990   10.7754
    7.5000   30.0000  -45.000010817.4297   10.7890
   -7.5000   37.5000  -45.000010882.5195   10.7757
    0.0000   37.5000  -45.000011315.2002   10.7801
    7.5000   37.5000  -45.000010743.5254   10.7933
   -7.5000   45.0000  -45.000010412.9600   10.5047
    0.0000   45.0000  -45.000010837.5439   10.5087
    7.5000   45.0000  -45.000010256.5840   10.5229
   -7.5000  -45.0000  -37.5000 6764.3076   11.7548
    0.0000  -45.0000  -37.5000 6995.8340   11.7591
    7.5000  -45.0000  -37.5000 6695.5532   11.7760
   -7.5000  -37.5000  -37.5000 7359.2090   11.3651
    0.0000  -37.5000  -37.5000 7624.0068   11.3660
    7.5000  -37.5000  -37.5000 7279.3018   11.3849
   -7.5000  -30.0000  -37.5000 8289.3379   11.1176
    0.0000  -30.0000  -37.5000 8615.9209   11.1174
    7.5000  -30.0000  -37.5000 8201.2695   11.1363
   -7.5000  -22.5000  -37.5000 9302.2490   10.9928
    0.0000  -22.5000  -37.5000 9685.6494   10.9930
    7.5000  -22.5000  -37.5000 9206.7188   11.0079
   -7.5000  -15.0000  -37.500010313.8467   10.9395
    0.0000  -15.0000  -37.500010725.8301   10.9410
    7.5000  -15.0000  -37.500010197.5498   10.9518
   -7.5000   -7.5000  -37.500011325.9072   10.9321
    0.0000   -7.5000  -37.500011795.0879   10.9352
    7.5000   -7.5000  -37.500011186.6152   10.9464
   -7.5000    0.0000  -37.500012293.9785   10.9310
    0.0000    0.0000  -37.500012811.2812   10.9348
    7.5000    0.0000  -37.500012152.6357   10.9502
   -7.5000    7.5000  -37.500012332.0566   10.9259
    0.0000    7.5000  -37.500012853.1973   10.9281
    7.5000    7.5000  -37.500012189.7510   10.9471
   -7.5000   15.0000  -37.500012210.2207   10.9214
    0.0000   15.0000  -37.500012754.8418   10.9217
    7.5000   15.0000  -37.500012098.8730   10.9405
   -7.5000   22.5000  -37.500011968.4521   10.9200
    0.0000   22.5000  -37.500012495.3848   10.9204
    7.5000   22.5000  -37.500011834.3076   10.9353
   -7.5000   30.0000  -37.500011518.6240   10.7814
    0.0000   30.0000  -37.500012032.3574   10.7830
    7.5000   30.0000  -37.500011377.1035   10.7937
   -7.5000   37.5000  -37.500011448.5732   10.7864
    0.0000   37.5000  -37.500011922.0625   10.7895
    7.5000   37.5000  -37.500011281.5215   10.8005
   -7.5000   45.0000  -37.500010931.3770   10.5115
    0.0000   45.0000  -37.500011386.8379   10.5151
    7.5000   45.0000  -37.500010763.8535   10.5299
   -7.5000  -45.0000  -30.0000 7169.0439   12.2506
    0.0000  -45.0000  -30.0000 7434.2275   12.2553
    7.5000  -45.0000  -30.0000 7087.5977   12.2735
   -7.5000  -37.5000  -30.0000 7825.0210   11.8454
    0.0000  -37.5000  -30.0000 8129.0903   11.8451
    7.5000  -37.5000  -30.0000 7729.1006   11.8652
   -7.5000  -30.0000  -30.0000 8833.2998   11.5851
    0.0000  -30.0000  -30.0000 9194.1035   11.5842
    7.5000  -30.0000  -30.0000 8745.0947   11.6060
   -7.5000  -22.5000  -30.0000 9934.2725   11.4551
    0.0000  -22.5000  -30.000010348.1650   11.4560
    7.5000  -22.5000  -30.0000 9831.8369   11.4740
   -7.5000  -15.0000  -30.000011016.5615   11.4020
    0.0000  -15.0000  -30.000011482.9648   11.4049
    7.5000  -15.0000  -30.000010888.4150   11.4177
   -7.5000   -7.5000  -30.000012061.9844   11.3963
    0.0000   -7.5000  -30.000012582.7334   11.4007
    7.5000   -7.5000  -30.000011934.6357   11.4131
   -7.5000    0.0000  -30.000013096.6816   11.3957
    0.0000    0.0000  -30.000013670.2998   11.3997
    7.5000    0.0000  -30.000012968.7920   11.4159
   -7.5000    7.5000  -30.000013134.4004   11.3882
    0.0000    7.5000  -30.000013725.9111   11.3896
    7.5000    7.5000  -30.000013010.9268   11.4101
   -7.5000   15.0000  -30.000012990.0674   11.3806
    0.0000   15.0000  -30.000013598.4717   11.3804
    7.5000   15.0000  -30.000012881.1709   11.4023
   -7.5000   22.5000  -30.000012738.2051   11.3781
    0.0000   22.5000  -30.000013330.1738   11.3792
    7.5000   22.5000  -30.000012581.5166   11.3972
   -7.5000   30.0000  -30.000012278.6035   11.2382
    0.0000   30.0000  -30.000012861.5439   11.2412
    7.5000   30.0000  -30.000012124.3691   11.2540
   -7.5000   37.5000  -30.000012180.0703   11.2455
    0.0000   37.5000  -30.000012743.1631   11.2498
    7.5000   37.5000  -30.000011998.6729   11.2621
   -7.5000   45.0000  -30.000011602.7627   10.9664
    0.0000   45.0000  -30.000012127.2695   10.9702
    7.5000   45.0000  -30.000011412.4150   10.9859
   -7.5000  -45.0000  -22.5000 7589.1787   12.6610
    0.0000  -45.0000  -22.5000 7878.4043   12.6652
    7.5000  -45.0000  -22.5000 7501.5498   12.6816
   -7.5000  -37.5000  -22.5000 8312.1357   12.2492
    0.0000  -37.5000  -22.5000 8637.4922   12.2470
    7.5000  -37.5000  -22.5000 8212.5186   12.2641
   -7.5000  -30.0000  -22.5000 9388.9580   11.9814
    0.0000  -30.0000  -22.5000 9765.9082   11.9797
    7.5000  -30.0000  -22.5000 9299.3652   12.0008
   -7.5000  -22.5000  -22.500010560.0283   11.8423
    0.0000  -22.5000  -22.500010978.9766   11.8444
    7.5000  -22.5000  -22.500010459.0967   11.8655
   -7.5000  -15.0000  -22.500011713.0303   11.7831
    0.0000  -15.0000  -22.500012190.1094   11.7888
    7.5000  -15.0000  -22.500011596.1006   11.8069
   -7.5000   -7.5000  -22.500012826.3887   11.7787
    0.0000   -7.5000  -22.500013371.4053   11.7852
    7.5000   -7.5000  -22.500012698.0742   11.8006
   -7.5000    0.0000  -22.500013916.2959   11.7832
    0.0000    0.0000  -22.500014524.5459   11.7870
    7.5000    0.0000  -22.500013775.2979   11.8020
   -7.5000    7.5000  -22.500013923.5889   11.7789
    0.0000    7.5000  -22.500014582.4756   11.7786
    7.5000    7.5000  -22.500013796.0166   11.7963
   -7.5000   15.0000  -22.500013752.1514   11.7702
    0.0000   15.0000  -22.500014421.7969   11.7692
    7.5000   15.0000  -22.500013626.3242   11.7903
   -7.5000   22.5000  -22.500013493.5703   11.7620
    0.0000   22.5000  -22.500014145.3945   11.7643
    7.5000   22.5000  -22.500013341.6943   11.7854
   -7.5000   30.0000  -22.500013049.1963   11.6158
    0.0000   30.0000  -22.500013688.4932   11.6214
    7.5000   30.0000  -22.500012882.6309   11.6394
   -7.5000   37.5000  -22.500012933.5752   11.6246
    0.0000   37.5000  -22.500013565.1826   11.6310
    7.5000   37.5000  -22.500012730.0547   11.6462
   -7.5000   45.0000  -22.500012267.3896   11.3478
    0.0000   45.0000  -22.500012863.4121   11.3515
    7.5000   45.0000  -22.500012068.9385   11.3659
   -7.5000  -45.0000  -15.0000 7999.3257   12.9495
    0.0000  -45.0000  -15.0000 8312.9580   12.9531
    7.5000  -45.0000  -15.0000 7925.0566   12.9677
   -7.5000  -37.5000  -15.0000 8758.6465   12.5346
    0.0000  -37.5000  -15.0000 9104.2178   12.5322
    7.5000  -37.5000  -15.0000 8664.5752   12.5464
   -7.5000  -30.0000  -15.0000 9918.1875   12.2654
    0.0000  -30.0000  -15.000010307.5898   12.2639
    7.5000  -30.0000  -15.0000 9816.5146   12.2829
   -7.5000  -22.5000  -15.000011168.8008   12.1190
    0.0000  -22.5000  -15.000011615.1357   12.1219
    7.5000  -22.5000  -15.000011048.9385   12.1445
   -7.5000  -15.0000  -15.000012411.8750   12.0517
    0.0000  -15.0000  -15.000012906.8418   12.0589
    7.5000  -15.0000  -15.000012270.4502   12.0814
   -7.5000   -7.5000  -15.000013588.8379   12.0453
    0.0000   -7.5000  -15.000014160.6748   12.0532
    7.5000   -7.5000  -15.000013444.1152   12.0714
   -7.5000    0.0000  -15.000014717.4912   12.0537
    0.0000    0.0000  -15.000015342.3525   12.0577
    7.5000    0.0000  -15.000014575.2471   12.0717
   -7.5000    7.5000  -15.000014698.9404   12.0553
    0.0000    7.5000  -15.000015391.0625   12.0547
    7.5000    7.5000  -15.000014595.2549   12.0693
   -7.5000   15.0000  -15.000014513.6357   12.0494
    0.0000   15.0000  -15.000015196.1641   12.0485
    7.5000   15.0000  -15.000014397.7012   12.0674
   -7.5000   22.5000  -15.000014207.9531   12.0364
    0.0000   22.5000  -15.000014872.2920   12.0395
    7.5000   22.5000  -15.000014090.6025   12.0621
   -7.5000   30.0000  -15.000013753.6787   11.8823
    0.0000   30.0000  -15.000014406.0791   11.8895
    7.5000   30.0000  -15.000013613.4502   11.9118
   -7.5000   37.5000  -15.000013620.7363   11.8894
    0.0000   37.5000  -15.000014295.5352   11.8972
    7.5000   37.5000  -15.000013481.6953   11.9151
   -7.5000   45.0000  -15.000012853.9707   11.6154
    0.0000   45.0000  -15.000013499.2617   11.6192
    7.5000   45.0000  -15.000012710.5596   11.6326
   -7.5000  -45.0000   -7.5000 8398.9990   13.0980
    0.0000  -45.0000   -7.5000 8732.4404   13.1023
    7.5000  -45.0000   -7.5000 8325.1963   13.1183
   -7.5000  -37.5000   -7.5000 9186.6074   12.6780
    0.0000  -37.5000   -7.5000 9548.9287   12.6777
    7.5000  -37.5000   -7.5000 9093.3740   12.6928
   -7.5000  -30.0000   -7.500010443.4199   12.4090
    0.0000  -30.0000   -7.500010826.1211   12.4087
    7.5000  -30.0000   -7.500010311.1230   12.4262
   -7.5000  -22.5000   -7.500011789.8281   12.2612
    0.0000  -22.5000   -7.500012227.5713   12.2638
    7.5000  -22.5000   -7.500011642.5352   12.2839
   -7.5000  -15.0000   -7.500013110.0166   12.1901
    0.0000  -15.0000   -7.500013615.9824   12.1964
    7.5000  -15.0000   -7.500012954.4746   12.2174
   -7.5000   -7.5000   -7.500014366.6738   12.1805
    0.0000   -7.5000   -7.500014949.4902   12.1878
    7.5000   -7.5000   -7.500014215.8877   12.2061
   -7.5000    0.0000   -7.500015541.9014   12.1879
    0.0000    0.0000   -7.500016191.0127   12.1927
    7.5000    0.0000   -7.500015386.9834   12.2079
   -7.5000    7.5000   -7.500015500.6592   12.1924
    0.0000    7.5000   -7.500016209.5439   12.1935
    7.5000    7.5000   -7.500015387.2070   12.2087
   -7.5000   15.0000   -7.500015283.7490   12.1904
    0.0000   15.0000   -7.500015959.1836   12.1906
    7.5000   15.0000   -7.500015217.8223   12.2079
   -7.5000   22.5000   -7.500014914.4453   12.1763
    0.0000   22.5000   -7.500015586.9785   12.1791
    7.5000   22.5000   -7.500014890.7998   12.1992
   -7.5000   30.0000   -7.500014419.3613   12.0185
    0.0000   30.0000   -7.500015056.8213   12.0247
    7.5000   30.0000   -7.500014413.6250   12.0456
   -7.5000   37.5000   -7.500014318.3496   12.0225
    0.0000   37.5000   -7.500015021.5000   12.0298
    7.5000   37.5000   -7.500014290.9590   12.0478
   -7.5000   45.0000   -7.500013516.3916   11.7469
    0.0000   45.0000   -7.500014192.1143   11.7515
    7.5000   45.0000   -7.500013417.1758   11.7662
   -7.5000  -45.0000    0.0000 8690.1562   13.1393
    0.0000  -45.0000    0.0000 9019.6504   13.1438
    7.5000  -45.0000    0.0000 8614.7305   13.1615
   -7.5000  -37.5000    0.0000 9515.4287   12.7104
    0.0000  -37.5000    0.0000 9871.2256   12.7116
    7.5000  -37.5000    0.0000 9414.1162   12.7296
   -7.5000  -30.0000    0.000010863.7520   12.4383
    0.0000  -30.0000    0.000011259.9404   12.4386
    7.5000  -30.0000    0.000010705.1699   12.4564
   -7.5000  -22.5000    0.000012264.1904   12.2941
    0.0000  -22.5000    0.000012746.8389   12.2952
    7.5000  -22.5000    0.000012106.1123   12.3118
   -7.5000  -15.0000    0.000013639.8027   12.2272
    0.0000  -15.0000    0.000014205.6621   12.2306
    7.5000  -15.0000    0.000013479.4609   12.2459
   -7.5000   -7.5000    0.000014996.6738   12.2172
    0.0000   -7.5000    0.000015617.2441   12.2222
    7.5000   -7.5000    0.000014836.8809   12.2371
   -7.5000    0.0000    0.000016229.5215   12.2202
    0.0000    0.0000    0.000016869.9805   12.2248
    7.5000    0.0000    0.000016098.0166   12.2413
   -7.5000    7.5000    0.000016227.0449   12.2209
    0.0000    7.5000    0.000016882.2246   12.2234
    7.5000    7.5000    0.000016137.7979   12.2414
   -7.5000   15.0000    0.000016073.5371   12.2189
    0.0000   15.0000    0.000016724.4160   12.2196
    7.5000   15.0000    0.000016023.6689   12.2373
   -7.5000   22.5000    0.000015779.3125   12.2090
    0.0000   22.5000    0.000016425.9629   12.2102
    7.5000   22.5000    0.000015812.2178   12.2268
   -7.5000   30.0000    0.000015206.7207   12.0553
    0.0000   30.0000    0.000015827.9150   12.0588
    7.5000   30.0000    0.000015261.1963   12.0740
   -7.5000   37.5000    0.000015038.2129   12.0590
    0.0000   37.5000    0.000015725.4336   12.0640
    7.5000   37.5000    0.000015013.3135   12.0788
   -7.5000   45.0000    0.000014156.6992   11.7789
    0.0000   45.0000    0.000014850.6289   11.7833
    7.5000   45.0000    0.000014041.7402   11.7992
   -7.5000  -45.0000    7.5000 8318.3350   13.1540
    0.0000  -45.0000    7.5000 8647.8799   13.1587
    7.5000  -45.0000    7.5000 8237.6816   13.1776
   -7.5000  -37.5000    7.5000 9133.5459   12.7178
    0.0000  -37.5000    7.5000 9506.1445   12.7188
    7.5000  -37.5000    7.5000 9056.8682   12.7400
   -7.5000  -30.0000    7.500010422.3604   12.4408
    0.0000  -30.0000    7.500010834.3799   12.4407
    7.5000  -30.0000    7.500010315.3789   12.4618
   -7.5000  -22.5000    7.500011752.3730   12.3012
    0.0000  -22.5000    7.500012230.1865   12.3014
    7.5000  -22.5000    7.500011636.4453   12.3182
   -7.5000  -15.0000    7.500013091.0107   12.2416
    0.0000  -15.0000    7.500013609.0479   12.2433
    7.5000  -15.0000    7.500012973.6152   12.2553
   -7.5000   -7.5000    7.500014436.7207   12.2333
    0.0000   -7.5000    7.500015004.2988   12.2368
    7.5000   -7.5000    7.500014290.3838   12.2493
   -7.5000    0.0000    7.500015678.5586   12.2321
    0.0000    0.0000    7.500016292.5137   12.2363
    7.5000    0.0000    7.500015556.7070   12.2535
   -7.5000    7.5000    7.500015733.0195   12.2263
    0.0000    7.5000    7.500016376.1914   12.2288
    7.5000    7.5000    7.500015592.3018   12.2501
   -7.5000   15.0000    7.500015689.9229   12.2213
    0.0000   15.0000    7.500016299.1494   12.2216
    7.5000   15.0000    7.500015435.0156   12.2427
   -7.5000   22.5000    7.500015448.4287   12.2158
    0.0000   22.5000    7.500015975.1807   12.2162
    7.5000   22.5000    7.500015203.5977   12.2329
   -7.5000   30.0000    7.500014791.5762   12.0694
    0.0000   30.0000    7.500015291.3691   12.0712
    7.5000   30.0000    7.500014615.0713   12.0832
   -7.5000   37.5000    7.500014532.1660   12.0750
    0.0000   37.5000    7.500015108.3008   12.0784
    7.5000   37.5000    7.500014392.9385   12.0907
   -7.5000   45.0000    7.500013634.8066   11.7903
    0.0000   45.0000    7.500014241.8242   11.7944
    7.5000   45.0000    7.500013483.1309   11.8110
   -7.5000  -45.0000   15.0000 7848.6245   13.1625
    0.0000  -45.0000   15.0000 8157.2808   13.1676
    7.5000  -45.0000   15.0000 7783.5615   13.1870
   -7.5000  -37.5000   15.0000 8659.8945   12.7273
    0.0000  -37.5000   15.0000 9004.4941   12.7269
    7.5000  -37.5000   15.0000 8594.6621   12.7485
   -7.5000  -30.0000   15.0000 9868.9209   12.4476
    0.0000  -30.0000   15.000010279.8301   12.4466
    7.5000  -30.0000   15.0000 9798.3877   12.4700
   -7.5000  -22.5000   15.000011151.9248   12.3080
    0.0000  -22.5000   15.000011617.1348   12.3089
    7.5000  -22.5000   15.000011070.6279   12.3282
   -7.5000  -15.0000   15.000012466.4492   12.2509
    0.0000  -15.0000   15.000012994.6123   12.2540
    7.5000  -15.0000   15.000012368.6133   12.2677
   -7.5000   -7.5000   15.000013801.2812   12.2448
    0.0000   -7.5000   15.000014394.4609   12.2495
    7.5000   -7.5000   15.000013665.3008   12.2627
   -7.5000    0.0000   15.000015011.2900   12.2441
    0.0000    0.0000   15.000015613.7109   12.2483
    7.5000    0.0000   15.000014860.3721   12.2657
   -7.5000    7.5000   15.000015002.6260   12.2360
    0.0000    7.5000   15.000015597.4004   12.2374
    7.5000    7.5000   15.000014851.5977   12.2594
   -7.5000   15.0000   15.000014868.7666   12.2278
    0.0000   15.0000   15.000015407.7773   12.2275
    7.5000   15.0000   15.000014671.6133   12.2509
   -7.5000   22.5000   15.000014555.1348   12.2225
    0.0000   22.5000   15.000015035.9785   12.2236
    7.5000   22.5000   15.000014381.6582   12.2429
   -7.5000   30.0000   15.000014041.9561   12.0785
    0.0000   30.0000   15.000014473.1240   12.0817
    7.5000   30.0000   15.000013869.6211   12.0953
   -7.5000   37.5000   15.000013908.6484   12.0863
    0.0000   37.5000   15.000014412.9170   12.0909
    7.5000   37.5000   15.000013741.9287   12.1040
   -7.5000   45.0000   15.000013075.7734   11.8019
    0.0000   45.0000   15.000013597.0020   11.8059
    7.5000   45.0000   15.000012915.8291   11.8227
   -7.5000  -45.0000   22.5000 7302.9487   13.1762
    0.0000  -45.0000   22.5000 7570.3252   13.1804
    7.5000  -45.0000   22.5000 7250.0259   13.1974
   -7.5000  -37.5000   22.5000 8099.5801   12.7475
    0.0000  -37.5000   22.5000 8437.8564   12.7450
    7.5000  -37.5000   22.5000 8026.5024   12.7628
   -7.5000  -30.0000   22.5000 9262.8945   12.4687
    0.0000  -30.0000   22.5000 9679.1689   12.4668
    7.5000  -30.0000   22.5000 9174.8896   12.4887
   -7.5000  -22.5000   22.500010495.7832   12.3237
    0.0000  -22.5000   22.500010987.6660   12.3258
    7.5000  -22.5000   22.500010403.6455   12.3477
   -7.5000  -15.0000   22.500011742.4883   12.2621
    0.0000  -15.0000   22.500012281.7344   12.2679
    7.5000  -15.0000   22.500011626.0254   12.2866
   -7.5000   -7.5000   22.500012964.7676   12.2574
    0.0000   -7.5000   22.500013533.0127   12.2641
    7.5000   -7.5000   22.500012816.2764   12.2801
   -7.5000    0.0000   22.500014066.1533   12.2620
    0.0000    0.0000   22.500014655.6777   12.2659
    7.5000    0.0000   22.500013926.0020   12.2814
   -7.5000    7.5000   22.500014051.0225   12.2575
    0.0000    7.5000   22.500014626.2109   12.2571
    7.5000    7.5000   22.500013931.4395   12.2754
   -7.5000   15.0000   22.500013907.2432   12.2485
    0.0000   15.0000   22.500014418.0361   12.2473
    7.5000   15.0000   22.500013775.4863   12.2691
   -7.5000   22.5000   22.500013579.0781   12.2381
    0.0000   22.5000   22.500014063.2139   12.2404
    7.5000   22.5000   22.500013488.3115   12.2623
   -7.5000   30.0000   22.500013123.0498   12.0896
    0.0000   30.0000   22.500013585.6357   12.0954
    7.5000   30.0000   22.500013034.1416   12.1140
   -7.5000   37.5000   22.500013023.5654   12.0988
    0.0000   37.5000   22.500013517.1230   12.1053
    7.5000   37.5000   22.500012933.8047   12.1211
   -7.5000   45.0000   22.500012295.9180   11.8191
    0.0000   45.0000   22.500012773.5146   11.8229
    7.5000   45.0000   22.500012185.4111   11.8379
   -7.5000  -45.0000   30.0000 6723.7222   13.2985
    0.0000  -45.0000   30.0000 6985.6113   13.3019
    7.5000  -45.0000   30.0000 6672.5430   13.3171
   -7.5000  -37.5000   30.0000 7489.6108   12.8687
    0.0000  -37.5000   30.0000 7798.6289   12.8660
    7.5000  -37.5000   30.0000 7411.7241   12.8807
   -7.5000  -30.0000   30.0000 8596.1572   12.5900
    0.0000  -30.0000   30.0000 8974.6836   12.5883
    7.5000  -30.0000   30.0000 8515.8809   12.6081
   -7.5000  -22.5000   30.0000 9724.5566   12.4380
    0.0000  -22.5000   30.000010174.1387   12.4408
    7.5000  -22.5000   30.0000 9637.2686   12.4645
   -7.5000  -15.0000   30.000010859.1045   12.3682
    0.0000  -15.0000   30.000011335.3066   12.3754
    7.5000  -15.0000   30.000010741.7451   12.3989
   -7.5000   -7.5000   30.000011996.1641   12.3616
    0.0000   -7.5000   30.000012511.5586   12.3695
    7.5000   -7.5000   30.000011864.7432   12.3884
   -7.5000    0.0000   30.000013024.0400   12.3703
    0.0000    0.0000   30.000013570.8906   12.3743
    7.5000    0.0000   30.000012892.1582   12.3887
   -7.5000    7.5000   30.000013039.0264   12.3718
    0.0000    7.5000   30.000013574.3877   12.3712
    7.5000    7.5000   30.000012911.8887   12.3863
   -7.5000   15.0000   30.000012892.3408   12.3657
    0.0000   15.0000   30.000013365.6602   12.3647
    7.5000   15.0000   30.000012773.8701   12.3844
   -7.5000   22.5000   30.000012595.8613   12.3510
    0.0000   22.5000   30.000013055.9424   12.3540
    7.5000   22.5000   30.000012498.0156   12.3776
   -7.5000   30.0000   30.000012183.2354   12.1942
    0.0000   30.0000   30.000012612.3125   12.2014
    7.5000   30.0000   30.000012068.3311   12.2246
   -7.5000   37.5000   30.000012114.0996   12.2016
    0.0000   37.5000   30.000012562.5811   12.2094
    7.5000   37.5000   30.000011998.3193   12.2280
   -7.5000   45.0000   30.000011438.5137   11.9235
    0.0000   45.0000   30.000011871.5293   11.9274
    7.5000   45.0000   30.000011326.9814   11.9413
   -7.5000  -45.0000   37.5000 6396.4819   13.5425
    0.0000  -45.0000   37.5000 6635.8750   13.5460
    7.5000  -45.0000   37.5000 6342.4106   13.5637
   -7.5000  -37.5000   37.5000 7111.9316   13.0964
    0.0000  -37.5000   37.5000 7385.6255   13.0953
    7.5000  -37.5000   37.5000 7050.3633   13.1117
   -7.5000  -30.0000   37.5000 8172.8076   12.8117
    0.0000  -30.0000   37.5000 8515.0664   12.8110
    7.5000  -30.0000   37.5000 8103.3433   12.8297
   -7.5000  -22.5000   37.5000 9241.5742   12.6556
    0.0000  -22.5000   37.5000 9666.7158   12.6582
    7.5000  -22.5000   37.5000 9170.4844   12.6798
   -7.5000  -15.0000   37.500010315.2529   12.5810
    0.0000  -15.0000   37.500010786.1143   12.5874
    7.5000  -15.0000   37.500010214.6104   12.6103
   -7.5000   -7.5000   37.500011408.3184   12.5711
    0.0000   -7.5000   37.500011924.1914   12.5784
    7.5000   -7.5000   37.500011284.5830   12.5985
   -7.5000    0.0000   37.500012419.7129   12.5786
    0.0000    0.0000   37.500012984.6016   12.5829
    7.5000    0.0000   37.500012292.2275   12.5996
   -7.5000    7.5000   37.500012444.9814   12.5823
    0.0000    7.5000   37.500013023.2041   12.5829
    7.5000    7.5000   37.500012332.0137   12.5994
   -7.5000   15.0000   37.500012295.0098   12.5798
    0.0000   15.0000   37.500012806.5664   12.5796
    7.5000   15.0000   37.500012178.8525   12.5981
   -7.5000   22.5000   37.500012033.1006   12.5656
    0.0000   22.5000   37.500012497.7822   12.5684
    7.5000   22.5000   37.500011906.7178   12.5900
   -7.5000   30.0000   37.500011644.7656   12.4038
    0.0000   30.0000   37.500012063.9648   12.4102
    7.5000   30.0000   37.500011502.5918   12.4329
   -7.5000   37.5000   37.500011572.9854   12.4084
    0.0000   37.5000   37.500012006.5547   12.4156
    7.5000   37.5000   37.500011457.9863   12.4354
   -7.5000   45.0000   37.500010945.9551   12.1243
    0.0000   45.0000   37.500011351.5732   12.1284
    7.5000   45.0000   37.500010823.4717   12.1446
   -7.5000  -45.0000   45.0000 5763.6426   13.8620
    0.0000  -45.0000   45.0000 5979.6201   13.8663
    7.5000  -45.0000   45.0000 5730.5205   13.8876
   -7.5000  -37.5000   45.0000 6414.1909   13.3862
    0.0000  -37.5000   45.0000 6664.5669   13.3871
    7.5000  -37.5000   45.0000 6375.2861   13.4089
   -7.5000  -30.0000   45.0000 7387.8525   13.0875
    0.0000  -30.0000   45.0000 7681.4502   13.0879
    7.5000  -30.0000   45.0000 7334.4268   13.1094
   -7.5000  -22.5000   45.0000 8378.8574   12.9296
    0.0000  -22.5000   45.0000 8728.3740   12.9310
    7.5000  -22.5000   45.0000 8305.4521   12.9510
   -7.5000  -15.0000   45.0000 9373.0576   12.8552
    0.0000  -15.0000   45.0000 9794.1465   12.8589
    7.5000  -15.0000   45.0000 9280.8125   12.8773
   -7.5000   -7.5000   45.000010376.7363   12.8424
    0.0000   -7.5000   45.000010857.3711   12.8476
    7.5000   -7.5000   45.000010261.1992   12.8655
   -7.5000    0.0000   45.000011307.3174   12.8442
    0.0000    0.0000   45.000011820.1514   12.8488
    7.5000    0.0000   45.000011183.9043   12.8685
   -7.5000    7.5000   45.000011350.9053   12.8450
    0.0000    7.5000   45.000011868.1367   12.8474
    7.5000    7.5000   45.000011250.1826   12.8691
   -7.5000   15.0000   45.000011209.8066   12.8444
    0.0000   15.0000   45.000011683.4160   12.8452
    7.5000   15.0000   45.000011104.9658   12.8666
   -7.5000   22.5000   45.000010953.1396   12.8351
    0.0000   22.5000   45.000011398.0869   12.8368
    7.5000   22.5000   45.000010837.6143   12.8567
   -7.5000   30.0000   45.000010604.2080   12.6725
    0.0000   30.0000   45.000011014.6719   12.6764
    7.5000   30.0000   45.000010493.6875   12.6946
   -7.5000   37.5000   45.000010551.7529   12.6751
    0.0000   37.5000   45.000010965.3799   12.6802
    7.5000   37.5000   45.000010446.3125   12.6979
   -7.5000   45.0000   45.0000 9977.0664   12.3859
    0.0000   45.0000   45.000010359.0977   12.3903
    7.5000   45.0000   45.0000 9875.7451   12.4094

---------------------------------------------------------------------
imgreg_4dfp /opt/freesurfer/average/711-2C_as_mni_average_305 /opt/freesurfer/average/711-2B_as_mni_average_305_mask talsrcimg_g11 none talsrcimg_to_711-2C_as_mni_average_305_t4 4355
---------------------------------------------------------------------

freesurfer imgreg_4dfp.c
/opt/freesurfer/average/711-2C_as_mni_average_305.4dfp.img
       256       256       256         1
  1.000000  1.000000  1.000000
orientation T byte_order littleendian
Reading image: /opt/freesurfer/average/711-2C_as_mni_average_305.4dfp.img
dimensions:      256       256       256
mmppix:       1.0000   -1.0000   -1.0000
center:     128.0000 -129.0000 -129.0000
/opt/freesurfer/average/711-2B_as_mni_average_305_mask.4dfp.img
       256       256       256         1
  1.000000  1.000000  1.000000
orientation T byte_order littleendian
Reading mask: /opt/freesurfer/average/711-2B_as_mni_average_305_mask.4dfp.img (2306576 pixels)
talsrcimg_g11.4dfp.img
       256       256       256         1
  1.000000  1.000000  1.000000
orientation T byte_order littleendian
Reading image: talsrcimg_g11.4dfp.img
dimensions:      256       256       256
mmppix:       1.0000   -1.0000   -1.0000
center:     128.0000 -129.0000 -129.0000
rotation matrix determinant  1.000000
image alignment mode   4355 decimal     1103 hex
   -7.5000  -37.5000  -45.0000 1975.9878   15.1113
    0.0000  -37.5000  -45.0000 1983.6378   15.1550
    7.5000  -37.5000  -45.0000 1961.1562   15.4383
   -7.5000  -30.0000  -45.0000 2084.7109   13.5263
    0.0000  -30.0000  -45.0000 2089.6926   13.5705
    7.5000  -30.0000  -45.0000 2063.5571   13.7895
   -7.5000  -22.5000  -45.0000 2192.4622   12.2354
    0.0000  -22.5000  -45.0000 2195.1726   12.3163
    7.5000  -22.5000  -45.0000 2171.4817   12.5033
   -7.5000  -15.0000  -45.0000 2275.9277   11.2431
    0.0000  -15.0000  -45.0000 2274.2344   11.3358
    7.5000  -15.0000  -45.0000 2257.7505   11.4635
   -7.5000   -7.5000  -45.0000 2351.8589   10.5059
    0.0000   -7.5000  -45.0000 2350.0471   10.5801
    7.5000   -7.5000  -45.0000 2329.9192   10.7032
   -7.5000    0.0000  -45.0000 2388.3379   10.0257
    0.0000    0.0000  -45.0000 2388.9583   10.0804
    7.5000    0.0000  -45.0000 2369.2957   10.2056
   -7.5000    7.5000  -45.0000 2407.5454    9.7713
    0.0000    7.5000  -45.0000 2411.7654    9.7947
    7.5000    7.5000  -45.0000 2386.2512    9.9177
   -7.5000   15.0000  -45.0000 2411.9236    9.6633
    0.0000   15.0000  -45.0000 2416.7979    9.6637
    7.5000   15.0000  -45.0000 2388.9529    9.8076
   -7.5000   22.5000  -45.0000 2411.0942    9.6752
    0.0000   22.5000  -45.0000 2414.3110    9.6803
    7.5000   22.5000  -45.0000 2386.1165    9.8518
   -7.5000   30.0000  -45.0000 2397.3647    9.8299
    0.0000   30.0000  -45.0000 2400.7935    9.8321
    7.5000   30.0000  -45.0000 2373.1079   10.0190
   -7.5000   37.5000  -45.0000 2366.1846   10.1621
    0.0000   37.5000  -45.0000 2365.9758   10.1765
    7.5000   37.5000  -45.0000 2344.2815   10.3766
   -7.5000   45.0000  -45.0000 2317.2178   10.6831
    0.0000   45.0000  -45.0000 2319.4600   10.6850
    7.5000   45.0000  -45.0000 2293.3345   10.9130
   -7.5000   52.5000  -45.0000 2228.2056   11.3262
    0.0000   52.5000  -45.0000 2229.1748   11.3140
    7.5000   52.5000  -45.0000 2206.1023   11.5559
   -7.5000  -37.5000  -37.5000 2023.0253   14.3164
    0.0000  -37.5000  -37.5000 2023.6334   14.3852
    7.5000  -37.5000  -37.5000 2006.2793   14.6128
   -7.5000  -30.0000  -37.5000 2143.6121   12.7575
    0.0000  -30.0000  -37.5000 2145.5220   12.8602
    7.5000  -30.0000  -37.5000 2123.6416   13.0401
   -7.5000  -22.5000  -37.5000 2259.3906   11.5515
    0.0000  -22.5000  -37.5000 2261.6633   11.6701
    7.5000  -22.5000  -37.5000 2237.8835   11.8297
   -7.5000  -15.0000  -37.5000 2354.7876   10.6127
    0.0000  -15.0000  -37.5000 2352.6465   10.7112
    7.5000  -15.0000  -37.5000 2331.6377   10.8381
   -7.5000   -7.5000  -37.5000 2433.6118    9.8617
    0.0000   -7.5000  -37.5000 2435.7615    9.9436
    7.5000   -7.5000  -37.5000 2405.1296   10.0535
   -7.5000    0.0000  -37.5000 2480.5486    9.3313
    0.0000    0.0000  -37.5000 2485.7732    9.4020
    7.5000    0.0000  -37.5000 2462.2500    9.5054
   -7.5000    7.5000  -37.5000 2508.7275    9.0550
    0.0000    7.5000  -37.5000 2509.6619    9.1065
    7.5000    7.5000  -37.5000 2486.1843    9.2152
   -7.5000   15.0000  -37.5000 2516.1750    8.9505
    0.0000   15.0000  -37.5000 2517.0625    8.9779
    7.5000   15.0000  -37.5000 2492.1489    9.0913
   -7.5000   22.5000  -37.5000 2510.6604    8.9761
    0.0000   22.5000  -37.5000 2512.3169    8.9824
    7.5000   22.5000  -37.5000 2488.4360    9.1285
   -7.5000   30.0000  -37.5000 2493.1870    9.1134
    0.0000   30.0000  -37.5000 2497.1040    9.1458
    7.5000   30.0000  -37.5000 2468.0110    9.3072
   -7.5000   37.5000  -37.5000 2466.5898    9.4045
    0.0000   37.5000  -37.5000 2467.4387    9.4297
    7.5000   37.5000  -37.5000 2443.2161    9.6075
   -7.5000   45.0000  -37.5000 2420.2932    9.8430
    0.0000   45.0000  -37.5000 2422.3440    9.8645
    7.5000   45.0000  -37.5000 2391.6145   10.0627
   -7.5000   52.5000  -37.5000 2328.3008   10.4109
    0.0000   52.5000  -37.5000 2327.8916   10.4270
    7.5000   52.5000  -37.5000 2299.2886   10.6416
   -7.5000  -37.5000  -30.0000 2109.3142   14.1037
    0.0000  -37.5000  -30.0000 2110.7212   14.2275
    7.5000  -37.5000  -30.0000 2086.4517   14.4490
   -7.5000  -30.0000  -30.0000 2240.7024   12.5293
    0.0000  -30.0000  -30.0000 2239.1980   12.6664
    7.5000  -30.0000  -30.0000 2216.7385   12.8532
   -7.5000  -22.5000  -30.0000 2365.9282   11.3485
    0.0000  -22.5000  -30.0000 2363.9167   11.4797
    7.5000  -22.5000  -30.0000 2338.5630   11.6389
   -7.5000  -15.0000  -30.0000 2463.2283   10.3757
    0.0000  -15.0000  -30.0000 2463.6008   10.4737
    7.5000  -15.0000  -30.0000 2436.7271   10.6205
   -7.5000   -7.5000  -30.0000 2543.4355    9.5960
    0.0000   -7.5000  -30.0000 2547.7400    9.6732
    7.5000   -7.5000  -30.0000 2519.7239    9.8085
   -7.5000    0.0000  -30.0000 2608.4673    9.0327
    0.0000    0.0000  -30.0000 2615.4795    9.0891
    7.5000    0.0000  -30.0000 2588.7051    9.2170
   -7.5000    7.5000  -30.0000 2649.2844    8.7061
    0.0000    7.5000  -30.0000 2651.8203    8.7496
    7.5000    7.5000  -30.0000 2624.4194    8.8757
   -7.5000   15.0000  -30.0000 2659.1785    8.5857
    0.0000   15.0000  -30.0000 2662.8035    8.6187
    7.5000   15.0000  -30.0000 2636.1382    8.7249
   -7.5000   22.5000  -30.0000 2661.3867    8.6001
    0.0000   22.5000  -30.0000 2662.2900    8.6345
    7.5000   22.5000  -30.0000 2633.0803    8.7440
   -7.5000   30.0000  -30.0000 2645.3938    8.7363
    0.0000   30.0000  -30.0000 2651.0337    8.7843
    7.5000   30.0000  -30.0000 2615.5356    8.9177
   -7.5000   37.5000  -30.0000 2618.5869    9.0127
    0.0000   37.5000  -30.0000 2621.5068    9.0607
    7.5000   37.5000  -30.0000 2589.0471    9.2082
   -7.5000   45.0000  -30.0000 2567.7480    9.4300
    0.0000   45.0000  -30.0000 2571.3645    9.4604
    7.5000   45.0000  -30.0000 2537.6382    9.6594
   -7.5000   52.5000  -30.0000 2467.9485    9.9736
    0.0000   52.5000  -30.0000 2472.1975    9.9820
    7.5000   52.5000  -30.0000 2442.5366   10.1959
   -7.5000  -37.5000  -22.5000 2170.0193   13.8694
    0.0000  -37.5000  -22.5000 2171.1182   13.9816
    7.5000  -37.5000  -22.5000 2143.2202   14.2035
   -7.5000  -30.0000  -22.5000 2300.0276   12.3164
    0.0000  -30.0000  -22.5000 2303.2588   12.3976
    7.5000  -30.0000  -22.5000 2276.2834   12.6072
   -7.5000  -22.5000  -22.5000 2431.8335   11.1197
    0.0000  -22.5000  -22.5000 2431.5627   11.1782
    7.5000  -22.5000  -22.5000 2406.8103   11.3797
   -7.5000  -15.0000  -22.5000 2535.7351   10.1191
    0.0000  -15.0000  -22.5000 2541.6521   10.1709
    7.5000  -15.0000  -22.5000 2513.2874   10.3492
   -7.5000   -7.5000  -22.5000 2622.1130    9.3083
    0.0000   -7.5000  -22.5000 2630.5090    9.3551
    7.5000   -7.5000  -22.5000 2601.4285    9.5131
   -7.5000    0.0000  -22.5000 2701.1721    8.6958
    0.0000    0.0000  -22.5000 2707.6479    8.7384
    7.5000    0.0000  -22.5000 2673.3296    8.8873
   -7.5000    7.5000  -22.5000 2749.9819    8.3193
    0.0000    7.5000  -22.5000 2756.5867    8.3602
    7.5000    7.5000  -22.5000 2724.3118    8.4782
   -7.5000   15.0000  -22.5000 2768.1589    8.1575
    0.0000   15.0000  -22.5000 2777.2139    8.1949
    7.5000   15.0000  -22.5000 2741.6082    8.2952
   -7.5000   22.5000  -22.5000 2783.6709    8.1485
    0.0000   22.5000  -22.5000 2787.7463    8.1947
    7.5000   22.5000  -22.5000 2748.3958    8.2930
   -7.5000   30.0000  -22.5000 2774.8369    8.2949
    0.0000   30.0000  -22.5000 2781.5793    8.3477
    7.5000   30.0000  -22.5000 2741.7195    8.4644
   -7.5000   37.5000  -22.5000 2748.3350    8.5757
    0.0000   37.5000  -22.5000 2755.3101    8.6022
    7.5000   37.5000  -22.5000 2713.6384    8.7450
   -7.5000   45.0000  -22.5000 2690.4314    8.9946
    0.0000   45.0000  -22.5000 2694.3193    9.0129
    7.5000   45.0000  -22.5000 2659.9004    9.1885
   -7.5000   52.5000  -22.5000 2583.4265    9.5056
    0.0000   52.5000  -22.5000 2589.4963    9.5225
    7.5000   52.5000  -22.5000 2556.7190    9.7136
   -7.5000  -37.5000  -15.0000 2188.9453   13.6806
    0.0000  -37.5000  -15.0000 2192.2898   13.7518
    7.5000  -37.5000  -15.0000 2164.3667   14.0044
   -7.5000  -30.0000  -15.0000 2322.3542   12.1347
    0.0000  -30.0000  -15.0000 2324.9541   12.1532
    7.5000  -30.0000  -15.0000 2297.5862   12.3793
   -7.5000  -22.5000  -15.0000 2459.0281   10.8862
    0.0000  -22.5000  -15.0000 2465.0044   10.8992
    7.5000  -22.5000  -15.0000 2437.1245   11.1166
   -7.5000  -15.0000  -15.0000 2575.0205    9.8686
    0.0000  -15.0000  -15.0000 2582.4343    9.8844
    7.5000  -15.0000  -15.0000 2552.0859   10.0682
   -7.5000   -7.5000  -15.0000 2666.9121    9.0313
    0.0000   -7.5000  -15.0000 2675.9028    9.0653
    7.5000   -7.5000  -15.0000 2643.8171    9.2382
   -7.5000    0.0000  -15.0000 2750.6738    8.3956
    0.0000    0.0000  -15.0000 2754.5247    8.4249
    7.5000    0.0000  -15.0000 2719.3816    8.6036
   -7.5000    7.5000  -15.0000 2809.9365    7.9580
    0.0000    7.5000  -15.0000 2817.3518    7.9838
    7.5000    7.5000  -15.0000 2783.2256    8.1400
   -7.5000   15.0000  -15.0000 2847.7893    7.7562
    0.0000   15.0000  -15.0000 2856.5552    7.7688
    7.5000   15.0000  -15.0000 2813.8354    7.9205
   -7.5000   22.5000  -15.0000 2871.1914    7.7189
    0.0000   22.5000  -15.0000 2875.3301    7.7379
    7.5000   22.5000  -15.0000 2832.7000    7.8856
   -7.5000   30.0000  -15.0000 2867.3611    7.8671
    0.0000   30.0000  -15.0000 2872.0068    7.8928
    7.5000   30.0000  -15.0000 2828.9478    8.0310
   -7.5000   37.5000  -15.0000 2840.2205    8.1686
    0.0000   37.5000  -15.0000 2846.1416    8.1872
    7.5000   37.5000  -15.0000 2804.0906    8.3176
   -7.5000   45.0000  -15.0000 2776.4097    8.5793
    0.0000   45.0000  -15.0000 2782.8020    8.6001
    7.5000   45.0000  -15.0000 2745.2734    8.7589
   -7.5000   52.5000  -15.0000 2663.0640    9.0948
    0.0000   52.5000  -15.0000 2668.5134    9.0996
    7.5000   52.5000  -15.0000 2633.7048    9.2836
   -7.5000  -37.5000   -7.5000 2184.9973   13.5995
    0.0000  -37.5000   -7.5000 2190.5676   13.6406
    7.5000  -37.5000   -7.5000 2162.9587   13.9216
   -7.5000  -30.0000   -7.5000 2323.7896   12.0168
    0.0000  -30.0000   -7.5000 2328.9814   11.9963
    7.5000  -30.0000   -7.5000 2298.7976   12.2472
   -7.5000  -22.5000   -7.5000 2459.9568   10.7277
    0.0000  -22.5000   -7.5000 2466.1455   10.6972
    7.5000  -22.5000   -7.5000 2441.0288   10.9401
   -7.5000  -15.0000   -7.5000 2580.4214    9.6841
    0.0000  -15.0000   -7.5000 2586.2319    9.6641
    7.5000  -15.0000   -7.5000 2560.4346    9.8986
   -7.5000   -7.5000   -7.5000 2678.1885    8.8305
    0.0000   -7.5000   -7.5000 2683.8113    8.8366
    7.5000   -7.5000   -7.5000 2655.3320    9.0450
   -7.5000    0.0000   -7.5000 2765.4402    8.1604
    0.0000    0.0000   -7.5000 2770.4937    8.1681
    7.5000    0.0000   -7.5000 2736.4973    8.3766
   -7.5000    7.5000   -7.5000 2842.3184    7.6691
    0.0000    7.5000   -7.5000 2848.0063    7.6757
    7.5000    7.5000   -7.5000 2811.5847    7.8743
   -7.5000   15.0000   -7.5000 2892.3975    7.4319
    0.0000   15.0000   -7.5000 2900.7219    7.4200
    7.5000   15.0000   -7.5000 2858.9700    7.6238
   -7.5000   22.5000   -7.5000 2931.6521    7.3710
    0.0000   22.5000   -7.5000 2934.4722    7.3613
    7.5000   22.5000   -7.5000 2886.1416    7.5956
   -7.5000   30.0000   -7.5000 2927.7292    7.5320
    0.0000   30.0000   -7.5000 2934.7522    7.5170
    7.5000   30.0000   -7.5000 2890.7488    7.7511
   -7.5000   37.5000   -7.5000 2901.9011    7.8442
    0.0000   37.5000   -7.5000 2914.4248    7.8484
    7.5000   37.5000   -7.5000 2861.3433    8.0284
   -7.5000   45.0000   -7.5000 2839.5715    8.2462
    0.0000   45.0000   -7.5000 2848.6543    8.2578
    7.5000   45.0000   -7.5000 2800.2922    8.4465
   -7.5000   52.5000   -7.5000 2721.0732    8.7503
    0.0000   52.5000   -7.5000 2728.9917    8.7484
    7.5000   52.5000   -7.5000 2690.2532    8.9402
   -7.5000  -37.5000    0.0000 2166.7588   13.7282
    0.0000  -37.5000    0.0000 2173.0051   13.6561
    7.5000  -37.5000    0.0000 2148.8176   13.9656
   -7.5000  -30.0000    0.0000 2306.9028   12.0764
    0.0000  -30.0000    0.0000 2311.1223   12.0213
    7.5000  -30.0000    0.0000 2285.9678   12.2674
   -7.5000  -22.5000    0.0000 2438.6685   10.7544
    0.0000  -22.5000    0.0000 2446.9456   10.6982
    7.5000  -22.5000    0.0000 2421.8699   10.9309
   -7.5000  -15.0000    0.0000 2556.0027    9.6563
    0.0000  -15.0000    0.0000 2564.6616    9.6184
    7.5000  -15.0000    0.0000 2538.2913    9.8547
   -7.5000   -7.5000    0.0000 2659.9863    8.7839
    0.0000   -7.5000    0.0000 2669.5510    8.7505
    7.5000   -7.5000    0.0000 2642.8760    8.9802
   -7.5000    0.0000    0.0000 2751.7156    8.0894
    0.0000    0.0000    0.0000 2760.6206    8.0443
    7.5000    0.0000    0.0000 2729.8157    8.2964
   -7.5000    7.5000    0.0000 2840.2109    7.5911
    0.0000    7.5000    0.0000 2845.9268    7.5330
    7.5000    7.5000    0.0000 2815.2578    7.7918
   -7.5000   15.0000    0.0000 2905.4382    7.3291
    0.0000   15.0000    0.0000 2914.9062    7.2589
    7.5000   15.0000    0.0000 2878.9194    7.5229
   -7.5000   22.5000    0.0000 2962.8625    7.2873
    0.0000   22.5000    0.0000 2967.9905    7.2368
    7.5000   22.5000    0.0000 2922.3169    7.4867
   -7.5000   30.0000    0.0000 2974.7395    7.3788
    0.0000   30.0000    0.0000 2986.4446    7.3372
    7.5000   30.0000    0.0000 2927.6912    7.6048
   -7.5000   37.5000    0.0000 2942.2737    7.6487
    0.0000   37.5000    0.0000 2959.7786    7.6255
    7.5000   37.5000    0.0000 2898.6431    7.8491
   -7.5000   45.0000    0.0000 2869.1958    8.0837
    0.0000   45.0000    0.0000 2886.8401    8.0508
    7.5000   45.0000    0.0000 2833.3025    8.2434
   -7.5000   52.5000    0.0000 2748.5151    8.6138
    0.0000   52.5000    0.0000 2760.0063    8.6048
    7.5000   52.5000    0.0000 2718.1799    8.7764
   -7.5000  -37.5000    7.5000 2145.6909   13.9516
    0.0000  -37.5000    7.5000 2153.8748   13.9047
    7.5000  -37.5000    7.5000 2130.4939   14.2056
   -7.5000  -30.0000    7.5000 2282.9624   12.2442
    0.0000  -30.0000    7.5000 2291.3049   12.1698
    7.5000  -30.0000    7.5000 2265.5601   12.4522
   -7.5000  -22.5000    7.5000 2404.5422   10.8668
    0.0000  -22.5000    7.5000 2419.8340   10.7799
    7.5000  -22.5000    7.5000 2390.8447   11.0476
   -7.5000  -15.0000    7.5000 2514.7183    9.7599
    0.0000  -15.0000    7.5000 2530.0117    9.6777
    7.5000  -15.0000    7.5000 2504.5957    9.9470
   -7.5000   -7.5000    7.5000 2623.3533    8.8880
    0.0000   -7.5000    7.5000 2632.9575    8.7967
    7.5000   -7.5000    7.5000 2609.7607    9.0684
   -7.5000    0.0000    7.5000 2722.3591    8.2065
    0.0000    0.0000    7.5000 2731.6233    8.1197
    7.5000    0.0000    7.5000 2704.8809    8.3844
   -7.5000    7.5000    7.5000 2818.1216    7.7056
    0.0000    7.5000    7.5000 2827.0569    7.6205
    7.5000    7.5000    7.5000 2791.4912    7.8894
   -7.5000   15.0000    7.5000 2892.7778    7.4190
    0.0000   15.0000    7.5000 2909.1013    7.3192
    7.5000   15.0000    7.5000 2865.5286    7.5742
   -7.5000   22.5000    7.5000 2959.0920    7.3680
    0.0000   22.5000    7.5000 2976.0901    7.2809
    7.5000   22.5000    7.5000 2920.6470    7.4888
   -7.5000   30.0000    7.5000 2985.7305    7.3966
    0.0000   30.0000    7.5000 3002.2131    7.2872
    7.5000   30.0000    7.5000 2943.1284    7.5415
   -7.5000   37.5000    7.5000 2953.1877    7.5938
    0.0000   37.5000    7.5000 2968.4526    7.5231
    7.5000   37.5000    7.5000 2917.3577    7.7652
   -7.5000   45.0000    7.5000 2881.3879    8.0211
    0.0000   45.0000    7.5000 2899.9663    7.9867
    7.5000   45.0000    7.5000 2846.5933    8.1903
   -7.5000   52.5000    7.5000 2751.1379    8.5794
    0.0000   52.5000    7.5000 2762.5503    8.5668
    7.5000   52.5000    7.5000 2724.9272    8.7479
   -7.5000  -37.5000   15.0000 2115.5034   14.3602
    0.0000  -37.5000   15.0000 2123.9475   14.2626
    7.5000  -37.5000   15.0000 2102.0935   14.5771
   -7.5000  -30.0000   15.0000 2244.3611   12.5896
    0.0000  -30.0000   15.0000 2258.4373   12.4934
    7.5000  -30.0000   15.0000 2232.2266   12.7892
   -7.5000  -22.5000   15.0000 2360.6458   11.1731
    0.0000  -22.5000   15.0000 2377.0559   11.0686
    7.5000  -22.5000   15.0000 2351.5229   11.3686
   -7.5000  -15.0000   15.0000 2470.5679   10.0602
    0.0000  -15.0000   15.0000 2484.8101    9.9651
    7.5000  -15.0000   15.0000 2459.0920   10.2509
   -7.5000   -7.5000   15.0000 2581.2449    9.1680
    0.0000   -7.5000   15.0000 2588.9937    9.0850
    7.5000   -7.5000   15.0000 2564.7874    9.3428
   -7.5000    0.0000   15.0000 2679.4827    8.4412
    0.0000    0.0000   15.0000 2692.0264    8.3618
    7.5000    0.0000   15.0000 2661.9343    8.6152
   -7.5000    7.5000   15.0000 2774.1101    7.9010
    0.0000    7.5000   15.0000 2790.8186    7.8020
    7.5000    7.5000   15.0000 2754.0276    8.0740
   -7.5000   15.0000   15.0000 2860.1208    7.5758
    0.0000   15.0000   15.0000 2882.3782    7.4589
    7.5000   15.0000   15.0000 2836.3042    7.7312
   -7.5000   22.5000   15.0000 2927.2993    7.4875
    0.0000   22.5000   15.0000 2949.8115    7.3971
    7.5000   22.5000   15.0000 2895.6143    7.6228
   -7.5000   30.0000   15.0000 2957.1909    7.5191
    0.0000   30.0000   15.0000 2967.1785    7.4155
    7.5000   30.0000   15.0000 2924.7739    7.6793
   -7.5000   37.5000   15.0000 2924.4446    7.7843
    0.0000   37.5000   15.0000 2937.7385    7.7229
    7.5000   37.5000   15.0000 2896.3870    7.9348
   -7.5000   45.0000   15.0000 2855.8696    8.2247
    0.0000   45.0000   15.0000 2872.6914    8.1681
    7.5000   45.0000   15.0000 2828.8904    8.3682
   -7.5000   52.5000   15.0000 2725.6414    8.7389
    0.0000   52.5000   15.0000 2738.7952    8.6968
    7.5000   52.5000   15.0000 2708.1885    8.9038
   -7.5000  -37.5000   22.5000 2068.7268   14.9993
    0.0000  -37.5000   22.5000 2077.4495   14.8659
    7.5000  -37.5000   22.5000 2055.8071   15.1848
   -7.5000  -30.0000   22.5000 2196.8848   13.1573
    0.0000  -30.0000   22.5000 2213.2366   13.0867
    7.5000  -30.0000   22.5000 2183.5430   13.3423
   -7.5000  -22.5000   22.5000 2314.4150   11.7020
    0.0000  -22.5000   22.5000 2332.6719   11.6266
    7.5000  -22.5000   22.5000 2306.6677   11.8928
   -7.5000  -15.0000   22.5000 2423.3418   10.5256
    0.0000  -15.0000   22.5000 2441.7456   10.4515
    7.5000  -15.0000   22.5000 2411.9526   10.7101
   -7.5000   -7.5000   22.5000 2532.5781    9.5510
    0.0000   -7.5000   22.5000 2547.3994    9.4811
    7.5000   -7.5000   22.5000 2515.4363    9.7249
   -7.5000    0.0000   22.5000 2632.0515    8.7857
    0.0000    0.0000   22.5000 2646.0237    8.6956
    7.5000    0.0000   22.5000 2614.9417    8.9599
   -7.5000    7.5000   22.5000 2725.8506    8.2074
    0.0000    7.5000   22.5000 2737.6797    8.1093
    7.5000    7.5000   22.5000 2707.8708    8.3871
   -7.5000   15.0000   22.5000 2811.4766    7.8901
    0.0000   15.0000   22.5000 2829.4070    7.7840
    7.5000   15.0000   22.5000 2791.5005    8.0473
   -7.5000   22.5000   22.5000 2871.3186    7.7852
    0.0000   22.5000   22.5000 2890.3472    7.6756
    7.5000   22.5000   22.5000 2849.1133    7.9257
   -7.5000   30.0000   22.5000 2896.1323    7.8299
    0.0000   30.0000   22.5000 2905.9658    7.7523
    7.5000   30.0000   22.5000 2873.8391    7.9948
   -7.5000   37.5000   22.5000 2867.8777    8.0934
    0.0000   37.5000   22.5000 2881.1418    8.0478
    7.5000   37.5000   22.5000 2848.0686    8.2547
   -7.5000   45.0000   22.5000 2804.2856    8.5263
    0.0000   45.0000   22.5000 2816.8860    8.4819
    7.5000   45.0000   22.5000 2786.0679    8.6723
   -7.5000   52.5000   22.5000 2679.3604    9.0172
    0.0000   52.5000   22.5000 2693.8796    8.9832
    7.5000   52.5000   22.5000 2667.2859    9.1700
   -7.5000  -37.5000   30.0000 2000.9349   15.9330
    0.0000  -37.5000   30.0000 2005.7745   15.8370
    7.5000  -37.5000   30.0000 1989.3762   16.1046
   -7.5000  -30.0000   30.0000 2134.7615   13.9484
    0.0000  -30.0000   30.0000 2145.5713   13.8605
    7.5000  -30.0000   30.0000 2124.5535   14.1380
   -7.5000  -22.5000   30.0000 2255.5818   12.3781
    0.0000  -22.5000   30.0000 2272.6558   12.3035
    7.5000  -22.5000   30.0000 2247.5376   12.5496
   -7.5000  -15.0000   30.0000 2367.6045   11.1020
    0.0000  -15.0000   30.0000 2384.6289   11.0291
    7.5000  -15.0000   30.0000 2354.1824   11.2842
   -7.5000   -7.5000   30.0000 2478.1584   10.0840
    0.0000   -7.5000   30.0000 2493.8486    9.9996
    7.5000   -7.5000   30.0000 2462.0027   10.2544
   -7.5000    0.0000   30.0000 2576.4004    9.2765
    0.0000    0.0000   30.0000 2592.5461    9.1756
    7.5000    0.0000   30.0000 2558.3696    9.4403
   -7.5000    7.5000   30.0000 2669.6960    8.6912
    0.0000    7.5000   30.0000 2682.8777    8.5914
    7.5000    7.5000   30.0000 2650.8391    8.8483
   -7.5000   15.0000   30.0000 2744.7295    8.3534
    0.0000   15.0000   30.0000 2759.4434    8.2441
    7.5000   15.0000   30.0000 2726.3203    8.5093
   -7.5000   22.5000   30.0000 2796.2219    8.2215
    0.0000   22.5000   30.0000 2809.6296    8.1285
    7.5000   22.5000   30.0000 2778.6189    8.3683
   -7.5000   30.0000   30.0000 2809.6826    8.2905
    0.0000   30.0000   30.0000 2819.7751    8.2193
    7.5000   30.0000   30.0000 2790.4954    8.4446
   -7.5000   37.5000   30.0000 2786.0400    8.5418
    0.0000   37.5000   30.0000 2800.9927    8.4904
    7.5000   37.5000   30.0000 2769.7937    8.7005
   -7.5000   45.0000   30.0000 2726.1108    8.9513
    0.0000   45.0000   30.0000 2742.3738    8.9049
    7.5000   45.0000   30.0000 2714.2983    9.0908
   -7.5000   52.5000   30.0000 2612.4531    9.4054
    0.0000   52.5000   30.0000 2630.2625    9.3668
    7.5000   52.5000   30.0000 2602.3423    9.5598
   -7.5000  -37.5000   37.5000 1921.9521   17.1640
    0.0000  -37.5000   37.5000 1922.9713   17.0692
    7.5000  -37.5000   37.5000 1908.2133   17.3785
   -7.5000  -30.0000   37.5000 2060.5354   14.9763
    0.0000  -30.0000   37.5000 2067.2056   14.8548
    7.5000  -30.0000   37.5000 2051.3901   15.1126
   -7.5000  -22.5000   37.5000 2183.7373   13.2333
    0.0000  -22.5000   37.5000 2200.2778   13.1589
    7.5000  -22.5000   37.5000 2179.1921   13.4006
   -7.5000  -15.0000   37.5000 2297.3584   11.8625
    0.0000  -15.0000   37.5000 2316.5007   11.7916
    7.5000  -15.0000   37.5000 2287.2024   12.0216
   -7.5000   -7.5000   37.5000 2409.7244   10.7769
    0.0000   -7.5000   37.5000 2428.4141   10.7024
    7.5000   -7.5000   37.5000 2395.4312   10.9306
   -7.5000    0.0000   37.5000 2509.0938    9.9308
    0.0000    0.0000   37.5000 2528.6335    9.8628
    7.5000    0.0000   37.5000 2492.8220   10.1025
   -7.5000    7.5000   37.5000 2595.4753    9.3263
    0.0000    7.5000   37.5000 2617.5286    9.2540
    7.5000    7.5000   37.5000 2580.1406    9.4973
   -7.5000   15.0000   37.5000 2658.9856    8.9714
    0.0000   15.0000   37.5000 2681.8809    8.8840
    7.5000   15.0000   37.5000 2645.9268    9.1276
   -7.5000   22.5000   37.5000 2706.9802    8.8122
    0.0000   22.5000   37.5000 2720.8909    8.7592
    7.5000   22.5000   37.5000 2692.9976    8.9629
   -7.5000   30.0000   37.5000 2714.6094    8.8879
    0.0000   30.0000   37.5000 2725.4985    8.8242
    7.5000   30.0000   37.5000 2698.6541    9.0260
   -7.5000   37.5000   37.5000 2684.9478    9.1339
    0.0000   37.5000   37.5000 2700.7612    9.0772
    7.5000   37.5000   37.5000 2676.0442    9.2676
   -7.5000   45.0000   37.5000 2630.5322    9.5042
    0.0000   45.0000   37.5000 2646.0759    9.4571
    7.5000   45.0000   37.5000 2622.6509    9.6356
   -7.5000   52.5000   37.5000 2531.1890    9.9202
    0.0000   52.5000   37.5000 2549.5383    9.8706
    7.5000   52.5000   37.5000 2521.8738   10.0695
   -7.5000  -37.5000   45.0000 1833.6008   18.7551
    0.0000  -37.5000   45.0000 1834.8909   18.6577
    7.5000  -37.5000   45.0000 1820.1613   19.0483
   -7.5000  -30.0000   45.0000 1978.1259   16.2206
    0.0000  -30.0000   45.0000 1984.0299   16.1539
    7.5000  -30.0000   45.0000 1969.2446   16.4015
   -7.5000  -22.5000   45.0000 2105.5322   14.3041
    0.0000  -22.5000   45.0000 2115.7659   14.2370
    7.5000  -22.5000   45.0000 2097.9690   14.4702
   -7.5000  -15.0000   45.0000 2219.7617   12.8418
    0.0000  -15.0000   45.0000 2237.0381   12.7729
    7.5000  -15.0000   45.0000 2212.3945   12.9778
   -7.5000   -7.5000   45.0000 2329.7217   11.6795
    0.0000   -7.5000   45.0000 2351.5278   11.6224
    7.5000   -7.5000   45.0000 2319.0286   11.8243
   -7.5000    0.0000   45.0000 2431.8921   10.7804
    0.0000    0.0000   45.0000 2453.7915   10.7417
    7.5000    0.0000   45.0000 2416.1641   10.9715
   -7.5000    7.5000   45.0000 2510.8381   10.1558
    0.0000    7.5000   45.0000 2534.1846   10.1118
    7.5000    7.5000   45.0000 2497.8364   10.3284
   -7.5000   15.0000   45.0000 2567.5967    9.7471
    0.0000   15.0000   45.0000 2590.4292    9.6976
    7.5000   15.0000   45.0000 2555.9553    9.9170
   -7.5000   22.5000   45.0000 2605.3989    9.5561
    0.0000   22.5000   45.0000 2619.3799    9.5212
    7.5000   22.5000   45.0000 2590.3647    9.7087
   -7.5000   30.0000   45.0000 2608.7607    9.6163
    0.0000   30.0000   45.0000 2623.8606    9.5681
    7.5000   30.0000   45.0000 2597.2849    9.7489
   -7.5000   37.5000   45.0000 2580.4114    9.8486
    0.0000   37.5000   45.0000 2596.4668    9.8050
    7.5000   37.5000   45.0000 2573.0183    9.9705
   -7.5000   45.0000   45.0000 2524.0947   10.2206
    0.0000   45.0000   45.0000 2539.5635   10.1809
    7.5000   45.0000   45.0000 2517.6956   10.3289
   -7.5000   52.5000   45.0000 2435.9414   10.5968
    0.0000   52.5000   45.0000 2456.4026   10.5668
    7.5000   52.5000   45.0000 2426.9070   10.7381

---------------------------------------------------------------------
imgreg_4dfp /opt/freesurfer/average/711-2C_as_mni_average_305 /opt/freesurfer/average/711-2B_as_mni_average_305_mask talsrcimg_g11 none talsrcimg_to_711-2C_as_mni_average_305_t4 1283
---------------------------------------------------------------------

freesurfer imgreg_4dfp.c
/opt/freesurfer/average/711-2C_as_mni_average_305.4dfp.img
       256       256       256         1
  1.000000  1.000000  1.000000
orientation T byte_order littleendian
Reading image: /opt/freesurfer/average/711-2C_as_mni_average_305.4dfp.img
dimensions:      256       256       256
mmppix:       1.0000   -1.0000   -1.0000
center:     128.0000 -129.0000 -129.0000
/opt/freesurfer/average/711-2B_as_mni_average_305_mask.4dfp.img
       256       256       256         1
  1.000000  1.000000  1.000000
orientation T byte_order littleendian
Reading mask: /opt/freesurfer/average/711-2B_as_mni_average_305_mask.4dfp.img (2306576 pixels)
talsrcimg_g11.4dfp.img
       256       256       256         1
  1.000000  1.000000  1.000000
orientation T byte_order littleendian
Reading image: talsrcimg_g11.4dfp.img
dimensions:      256       256       256
mmppix:       1.0000   -1.0000   -1.0000
center:     128.0000 -129.0000 -129.0000
rotation matrix determinant  1.000000
fimgreg.f
image alignment mode   1283 decimal      503 hex
parameters
    0.0000   30.0000    7.5000    0.0000    0.0000    0.0000
eta,q 0.94235  7.32679
niter,ni,del,rscale     5    3   12.0000    1.2000
parameter  1  0.528641 ->  0.500000 qaram    1.1500
parameter  4  1.133623 ->  0.500000 qaram    1.1500
parameters
   -3.4500   28.4433    6.6975   -3.4500    1.5242    1.7995
eta,q 0.94868  7.21369
  0.0599  0.0594  0.0613  0.0502  0.0598  0.0577
  0.0566  0.0560  0.0575  0.0519  0.0562  0.0551
  0.0566  0.0550  0.0547  0.0531  0.0539  0.0530
  0.0599  0.0558  0.0548  0.0543  0.0523  0.0517
  0.0636  0.0585  0.0575  0.0575  0.0517  0.0513
  0.0680  0.0610  0.0610  0.0616  0.0524  0.0518
  0.0733  0.0635  0.0647  0.0660  0.0550  0.0534
niter,ni,del,rscale     6    3   12.0000    1.2000
parameter  4  1.541143 ->  0.500000 qaram    1.3225
parameters
   -2.9648   29.5861    5.5534   -7.4175    0.3959    2.1749
eta,q 0.95403  7.19845
  0.0702  0.0606  0.0549  0.0447  0.0502  0.0517
  0.0603  0.0571  0.0522  0.0460  0.0472  0.0492
  0.0538  0.0542  0.0504  0.0480  0.0459  0.0471
  0.0513  0.0514  0.0504  0.0500  0.0465  0.0460
  0.0533  0.0503  0.0527  0.0533  0.0480  0.0465
  0.0583  0.0525  0.0558  0.0572  0.0504  0.0484
  0.0647  0.0565  0.0599  0.0610  0.0541  0.0505
niter,ni,del,rscale     6    3   12.0000    1.2000
parameter  4  0.725841 ->  0.500000 qaram    1.5209
parameters
   -2.4915   30.6125    4.6837  -11.9801   -0.0221    2.2525
eta,q 0.95727  7.24948
  0.0640  0.0592  0.0509  0.0432  0.0484  0.0474
  0.0547  0.0535  0.0474  0.0430  0.0449  0.0455
  0.0491  0.0483  0.0457  0.0432  0.0429  0.0434
  0.0460  0.0457  0.0454  0.0453  0.0428  0.0427
  0.0468  0.0456  0.0470  0.0489  0.0441  0.0434
  0.0522  0.0480  0.0504  0.0527  0.0465  0.0449
  0.0597  0.0528  0.0554  0.0579  0.0496  0.0474
niter,ni,del,rscale     6    3   12.0000    1.2000
parameters
   -2.1855   31.8915    3.7809  -15.0085   -0.6341    2.4344
eta,q 0.95865  7.26350
  0.0613  0.0556  0.0477  0.0448  0.0467  0.0471
  0.0520  0.0491  0.0442  0.0411  0.0435  0.0447
  0.0455  0.0449  0.0428  0.0415  0.0417  0.0424
  0.0427  0.0427  0.0422  0.0423  0.0415  0.0413
  0.0443  0.0424  0.0437  0.0443  0.0432  0.0421
  0.0502  0.0442  0.0475  0.0482  0.0454  0.0441
  0.0583  0.0477  0.0527  0.0533  0.0488  0.0466
niter,ni,del,rscale     5    3   12.0000    1.2000
parameters
   -2.0324   32.6890    3.1209  -15.1009   -0.6196    2.3914
eta,q 0.95909  7.26920
  0.0597  0.0526  0.0467  0.0509  0.0469  0.0467
  0.0509  0.0475  0.0428  0.0430  0.0438  0.0440
  0.0440  0.0438  0.0412  0.0404  0.0415  0.0416
  0.0414  0.0414  0.0410  0.0409  0.0409  0.0409
  0.0437  0.0411  0.0423  0.0428  0.0419  0.0419
  0.0498  0.0433  0.0452  0.0455  0.0437  0.0441
  0.0582  0.0487  0.0496  0.0491  0.0468  0.0468
niter,ni,del,rscale     4    3   12.0000    1.2000
parameters
   -2.0342   32.6036    3.1366  -15.0360   -0.6236    2.3654
eta,q 0.95906  7.26888
  0.0586  0.0501  0.0484  0.0513  0.0469  0.0467
  0.0502  0.0458  0.0436  0.0433  0.0438  0.0441
  0.0434  0.0426  0.0416  0.0404  0.0416  0.0417
  0.0409  0.0409  0.0409  0.0409  0.0409  0.0409
  0.0435  0.0417  0.0417  0.0426  0.0419  0.0419
  0.0502  0.0453  0.0440  0.0453  0.0438  0.0441
  0.0586  0.0516  0.0480  0.0488  0.0468  0.0468
niter,ni,del,rscale     3    3   12.0000    1.2000
parameters
   -2.0345   32.5888    3.1472  -15.0168   -0.6218    2.3585
eta,q 0.95905  7.26899
  0.0586  0.0502  0.0484  0.0512  0.0470  0.0468
  0.0502  0.0460  0.0437  0.0432  0.0438  0.0441
  0.0434  0.0428  0.0416  0.0404  0.0416  0.0417
  0.0409  0.0409  0.0409  0.0409  0.0409  0.0409
  0.0435  0.0416  0.0417  0.0427  0.0419  0.0419
  0.0502  0.0451  0.0441  0.0453  0.0438  0.0440
  0.0586  0.0513  0.0480  0.0489  0.0468  0.0468
registration optimization eta report
parameter search radius
    6.9000    6.0000    6.0000    9.1253    6.0000    6.0000
100000*second partial in parameter space
       36.       27.       20.       11.       16.       16.
  0.0586  0.0502  0.0484  0.0512  0.0470  0.0468
  0.0502  0.0460  0.0437  0.0432  0.0438  0.0441
  0.0434  0.0428  0.0416  0.0404  0.0416  0.0417
  0.0409  0.0409  0.0409  0.0409  0.0409  0.0409
  0.0435  0.0416  0.0417  0.0427  0.0419  0.0419
  0.0502  0.0451  0.0441  0.0453  0.0438  0.0440
  0.0586  0.0513  0.0480  0.0489  0.0468  0.0468
   -2.0345   32.5888    3.1472  -15.0168   -0.6218    2.3585
eta,q 0.95905  7.26899

---------------------------------------------------------------------
imgreg_4dfp /opt/freesurfer/average/711-2C_as_mni_average_305 /opt/freesurfer/average/711-2B_as_mni_average_305_mask talsrcimg_g11 none talsrcimg_to_711-2C_as_mni_average_305_t4 3335
---------------------------------------------------------------------

freesurfer imgreg_4dfp.c
/opt/freesurfer/average/711-2C_as_mni_average_305.4dfp.img
       256       256       256         1
  1.000000  1.000000  1.000000
orientation T byte_order littleendian
Reading image: /opt/freesurfer/average/711-2C_as_mni_average_305.4dfp.img
dimensions:      256       256       256
mmppix:       1.0000   -1.0000   -1.0000
center:     128.0000 -129.0000 -129.0000
/opt/freesurfer/average/711-2B_as_mni_average_305_mask.4dfp.img
       256       256       256         1
  1.000000  1.000000  1.000000
orientation T byte_order littleendian
Reading mask: /opt/freesurfer/average/711-2B_as_mni_average_305_mask.4dfp.img (2306576 pixels)
talsrcimg_g11.4dfp.img
       256       256       256         1
  1.000000  1.000000  1.000000
orientation T byte_order littleendian
Reading image: talsrcimg_g11.4dfp.img
dimensions:      256       256       256
mmppix:       1.0000   -1.0000   -1.0000
center:     128.0000 -129.0000 -129.0000
fimgreg.f
image alignment mode   3335 decimal      D07 hex
parameters
   -2.0345   32.5888    3.1472   -0.0906   -3.5084   -3.4207
   -4.2556   -0.0189    4.1149   25.9313   -1.0853  -25.9086
eta,q 0.96299  7.25291
niter,ni,del,rscale     5    3    5.0000    1.2000
parameter  4  1.798132 ->  0.500000 qaram    1.1500
parameter  5  0.630448 ->  0.500000 qaram    1.1500
parameter 12 -0.826120 -> -0.500000 qaram    1.1500
parameters
   -2.1584   33.2140    2.5526   -4.2306   -7.6484   -5.6372
   -4.8332    1.0657    5.5270   26.7359    1.0022  -21.7686
eta,q 0.97132  7.06519
  0.0393  0.0405  0.0377  0.0303  0.0308  0.0315  0.0328  0.0366  0.0332  0.0333  0.0323  0.0333
  0.0379  0.0388  0.0370  0.0311  0.0300  0.0307  0.0312  0.0338  0.0317  0.0316  0.0311  0.0317
  0.0372  0.0377  0.0367  0.0335  0.0303  0.0301  0.0303  0.0315  0.0305  0.0305  0.0302  0.0304
  0.0370  0.0370  0.0368  0.0367  0.0316  0.0300  0.0301  0.0301  0.0299  0.0298  0.0297  0.0295
  0.0374  0.0368  0.0373  0.0403  0.0338  0.0310  0.0307  0.0300  0.0298  0.0298  0.0295  0.0289
  0.0383  0.0372  0.0382  0.0442  0.0367  0.0340  0.0320  0.0314  0.0303  0.0306  0.0298  0.0286
  0.0397  0.0381  0.0395  0.0482  0.0400  0.0381  0.0337  0.0339  0.0314  0.0322  0.0304  0.0286
niter,ni,del,rscale     7    3    5.0000    1.2000
parameters
   -1.9081   33.8920    2.6334   -6.4558   -7.1908   -6.0024
   -5.0707    0.8108    5.9559   26.5967    0.8493  -19.4971
eta,q 0.97227  7.02438
  0.0333  0.0326  0.0303  0.0317  0.0322  0.0303  0.0308  0.0325  0.0305  0.0304  0.0293  0.0305
  0.0311  0.0307  0.0293  0.0296  0.0305  0.0292  0.0292  0.0301  0.0291  0.0291  0.0285  0.0292
  0.0295  0.0294  0.0287  0.0280  0.0289  0.0283  0.0282  0.0284  0.0282  0.0282  0.0280  0.0284
  0.0287  0.0286  0.0284  0.0284  0.0279  0.0278  0.0279  0.0279  0.0279  0.0279  0.0279  0.0279
  0.0288  0.0285  0.0286  0.0309  0.0281  0.0278  0.0283  0.0286  0.0281  0.0282  0.0281  0.0277
  0.0298  0.0289  0.0291  0.0344  0.0294  0.0289  0.0295  0.0305  0.0288  0.0291  0.0286  0.0280
  0.0318  0.0297  0.0301  0.0384  0.0318  0.0317  0.0313  0.0332  0.0299  0.0307  0.0294  0.0287
niter,ni,del,rscale     6    3    5.0000    1.2000
parameters
   -2.0209   33.8471    3.0561   -7.1065   -7.0845   -6.2051
   -5.1502    0.7890    6.1864   26.2693    0.9339  -18.6073
eta,q 0.97230  6.99739
  0.0314  0.0301  0.0300  0.0325  0.0318  0.0303  0.0308  0.0324  0.0301  0.0302  0.0292  0.0298
  0.0293  0.0287  0.0289  0.0308  0.0301  0.0291  0.0291  0.0300  0.0289  0.0289  0.0284  0.0289
  0.0280  0.0279  0.0281  0.0288  0.0285  0.0282  0.0281  0.0283  0.0280  0.0281  0.0279  0.0281
  0.0277  0.0277  0.0277  0.0276  0.0277  0.0277  0.0277  0.0277  0.0277  0.0277  0.0277  0.0277
  0.0284  0.0281  0.0277  0.0287  0.0281  0.0278  0.0281  0.0283  0.0280  0.0281  0.0279  0.0278
  0.0299  0.0289  0.0280  0.0314  0.0295  0.0288  0.0292  0.0300  0.0287  0.0291  0.0284  0.0283
  0.0321  0.0301  0.0288  0.0350  0.0320  0.0312  0.0309  0.0325  0.0299  0.0308  0.0291  0.0292
niter,ni,del,rscale     5    3    5.0000    1.2000
parameters
   -2.0505   33.7591    3.2370   -7.2408   -6.9799   -6.2633
   -5.2518    0.7890    6.2528   25.9944    1.0568  -18.1585
eta,q 0.97231  6.98885
  0.0315  0.0300  0.0297  0.0328  0.0317  0.0304  0.0307  0.0323  0.0300  0.0303  0.0292  0.0297
  0.0294  0.0286  0.0287  0.0311  0.0301  0.0292  0.0291  0.0300  0.0288  0.0290  0.0284  0.0288
  0.0281  0.0278  0.0280  0.0292  0.0285  0.0282  0.0281  0.0283  0.0280  0.0281  0.0279  0.0281
  0.0277  0.0277  0.0277  0.0277  0.0277  0.0277  0.0277  0.0277  0.0277  0.0277  0.0277  0.0277
  0.0282  0.0281  0.0278  0.0282  0.0281  0.0278  0.0281  0.0282  0.0280  0.0281  0.0279  0.0278
  0.0296  0.0290  0.0283  0.0306  0.0296  0.0287  0.0292  0.0299  0.0287  0.0291  0.0283  0.0284
  0.0317  0.0302  0.0292  0.0340  0.0319  0.0309  0.0309  0.0324  0.0300  0.0308  0.0291  0.0294
niter,ni,del,rscale     4    3    5.0000    1.2000
parameters
   -2.0563   33.7012    3.3113   -7.2539   -6.8971   -6.2834
   -5.2979    0.7904    6.2660   25.8133    1.1094  -17.9267
eta,q 0.97232  6.98651
  0.0315  0.0301  0.0295  0.0329  0.0317  0.0304  0.0308  0.0323  0.0300  0.0303  0.0292  0.0296
  0.0295  0.0287  0.0286  0.0312  0.0301  0.0292  0.0291  0.0299  0.0288  0.0290  0.0284  0.0287
  0.0281  0.0279  0.0280  0.0293  0.0285  0.0282  0.0281  0.0283  0.0280  0.0281  0.0279  0.0280
  0.0277  0.0277  0.0277  0.0277  0.0277  0.0277  0.0277  0.0277  0.0277  0.0277  0.0277  0.0277
  0.0282  0.0281  0.0278  0.0281  0.0281  0.0278  0.0281  0.0282  0.0280  0.0280  0.0278  0.0279
  0.0295  0.0290  0.0284  0.0304  0.0296  0.0287  0.0292  0.0299  0.0288  0.0291  0.0284  0.0285
  0.0316  0.0302  0.0294  0.0338  0.0319  0.0309  0.0308  0.0324  0.0300  0.0308  0.0291  0.0295
niter,ni,del,rscale     3    3    5.0000    1.2000
parameters
   -2.0554   33.6669    3.3412   -7.2523   -6.8442   -6.2987
   -5.3120    0.7946    6.2627   25.7165    1.1375  -17.8160
eta,q 0.97232  6.98574
  0.0316  0.0302  0.0295  0.0329  0.0317  0.0304  0.0308  0.0323  0.0300  0.0304  0.0292  0.0296
  0.0295  0.0287  0.0285  0.0312  0.0300  0.0291  0.0291  0.0299  0.0288  0.0291  0.0284  0.0287
  0.0281  0.0279  0.0279  0.0293  0.0285  0.0282  0.0281  0.0283  0.0280  0.0281  0.0279  0.0280
  0.0277  0.0277  0.0277  0.0277  0.0277  0.0277  0.0277  0.0277  0.0277  0.0277  0.0277  0.0277
  0.0282  0.0281  0.0278  0.0281  0.0281  0.0278  0.0280  0.0282  0.0280  0.0280  0.0278  0.0279
  0.0295  0.0289  0.0284  0.0304  0.0296  0.0287  0.0291  0.0298  0.0288  0.0291  0.0284  0.0285
  0.0315  0.0302  0.0294  0.0338  0.0320  0.0308  0.0308  0.0324  0.0300  0.0307  0.0292  0.0296
niter,ni,del,rscale     2    3    5.0000    1.2000
parameters
   -2.0555   33.6498    3.3557   -7.2501   -6.8100   -6.3050
   -5.3153    0.7980    6.2587   25.6662    1.1432  -17.7541
eta,q 0.97233  6.98550
  0.0315  0.0302  0.0294  0.0329  0.0317  0.0304  0.0308  0.0323  0.0300  0.0305  0.0292  0.0296
  0.0295  0.0287  0.0285  0.0312  0.0300  0.0291  0.0291  0.0299  0.0288  0.0291  0.0284  0.0286
  0.0281  0.0279  0.0279  0.0293  0.0284  0.0282  0.0281  0.0283  0.0280  0.0281  0.0278  0.0280
  0.0277  0.0277  0.0277  0.0277  0.0277  0.0277  0.0277  0.0277  0.0277  0.0277  0.0277  0.0277
  0.0282  0.0281  0.0278  0.0281  0.0281  0.0278  0.0280  0.0282  0.0280  0.0280  0.0278  0.0279
  0.0295  0.0289  0.0284  0.0304  0.0296  0.0287  0.0291  0.0298  0.0288  0.0290  0.0284  0.0285
  0.0315  0.0301  0.0295  0.0338  0.0320  0.0308  0.0308  0.0324  0.0300  0.0307  0.0292  0.0296
registration optimization eta report
parameter search radius
    2.4000    2.4000    2.4000    8.2800    8.2800    7.2000
    7.2000    7.2000    7.2000    7.2000    7.2000    8.2800
100000*second partial in parameter space
       67.       43.       31.        8.        6.        6.
        6.        9.        5.        6.        3.        3.
  0.0315  0.0302  0.0294  0.0329  0.0317  0.0304  0.0308  0.0323  0.0300  0.0305  0.0292  0.0296
  0.0295  0.0287  0.0285  0.0312  0.0300  0.0291  0.0291  0.0299  0.0288  0.0291  0.0284  0.0286
  0.0281  0.0279  0.0279  0.0293  0.0284  0.0282  0.0281  0.0283  0.0280  0.0281  0.0278  0.0280
  0.0277  0.0277  0.0277  0.0277  0.0277  0.0277  0.0277  0.0277  0.0277  0.0277  0.0277  0.0277
  0.0282  0.0281  0.0278  0.0281  0.0281  0.0278  0.0280  0.0282  0.0280  0.0280  0.0278  0.0279
  0.0295  0.0289  0.0284  0.0304  0.0296  0.0287  0.0291  0.0298  0.0288  0.0290  0.0284  0.0285
  0.0315  0.0301  0.0295  0.0338  0.0320  0.0308  0.0308  0.0324  0.0300  0.0307  0.0292  0.0296
   -2.0555   33.6498    3.3557   -7.2501   -6.8100   -6.3050
   -5.3153    0.7980    6.2587   25.6662    1.1432  -17.7541
eta,q 0.97233  6.98550

---------------------------------------------------------------------
imgreg_4dfp /opt/freesurfer/average/711-2C_as_mni_average_305 /opt/freesurfer/average/711-2B_as_mni_average_305_mask talsrcimg_g11 none talsrcimg_to_711-2C_as_mni_average_305_t4 2311
---------------------------------------------------------------------

freesurfer imgreg_4dfp.c
/opt/freesurfer/average/711-2C_as_mni_average_305.4dfp.img
       256       256       256         1
  1.000000  1.000000  1.000000
orientation T byte_order littleendian
Reading image: /opt/freesurfer/average/711-2C_as_mni_average_305.4dfp.img
dimensions:      256       256       256
mmppix:       1.0000   -1.0000   -1.0000
center:     128.0000 -129.0000 -129.0000
/opt/freesurfer/average/711-2B_as_mni_average_305_mask.4dfp.img
       256       256       256         1
  1.000000  1.000000  1.000000
orientation T byte_order littleendian
Reading mask: /opt/freesurfer/average/711-2B_as_mni_average_305_mask.4dfp.img (2306576 pixels)
talsrcimg_g11.4dfp.img
       256       256       256         1
  1.000000  1.000000  1.000000
orientation T byte_order littleendian
Reading image: talsrcimg_g11.4dfp.img
dimensions:      256       256       256
mmppix:       1.0000   -1.0000   -1.0000
center:     128.0000 -129.0000 -129.0000
fimgreg.f
image alignment mode   2311 decimal      907 hex
parameters
   -2.0555   33.6498    3.3557   -7.2501   -6.8100   -6.3050
   -5.3153    0.7980    6.2587   25.6662    1.1432  -17.7541
eta,q 0.97233  6.98550
niter,ni,del,rscale     5    3    5.0000    0.8000
parameters
   -2.0625   33.5784    3.4018   -6.5880   -6.6902   -6.0432
   -5.2799    0.8164    6.1117   25.5375    1.2398  -17.6485
eta,q 0.97246  7.00422
  0.0295  0.0288  0.0285  0.0307  0.0293  0.0290  0.0291  0.0300  0.0286  0.0289  0.0283  0.0283
  0.0285  0.0281  0.0281  0.0296  0.0284  0.0283  0.0282  0.0287  0.0280  0.0282  0.0279  0.0279
  0.0279  0.0277  0.0278  0.0284  0.0278  0.0278  0.0277  0.0278  0.0276  0.0277  0.0276  0.0276
  0.0277  0.0277  0.0277  0.0277  0.0276  0.0276  0.0275  0.0276  0.0275  0.0275  0.0275  0.0275
  0.0279  0.0279  0.0277  0.0276  0.0277  0.0276  0.0277  0.0278  0.0277  0.0277  0.0276  0.0276
  0.0285  0.0283  0.0280  0.0283  0.0283  0.0280  0.0282  0.0286  0.0281  0.0283  0.0279  0.0278
  0.0295  0.0289  0.0284  0.0297  0.0292  0.0288  0.0290  0.0299  0.0288  0.0291  0.0283  0.0282
niter,ni,del,rscale     4    3    5.0000    0.7000
parameters
   -2.0287   33.5153    3.3548   -6.4948   -6.6498   -6.0052
   -5.2357    0.8333    6.0427   25.4932    1.2239  -17.6539
eta,q 0.97247  7.00803
  0.0291  0.0284  0.0281  0.0298  0.0289  0.0286  0.0287  0.0294  0.0284  0.0287  0.0281  0.0281
  0.0283  0.0279  0.0278  0.0288  0.0282  0.0280  0.0281  0.0284  0.0279  0.0281  0.0278  0.0278
  0.0277  0.0276  0.0276  0.0279  0.0277  0.0277  0.0277  0.0277  0.0276  0.0277  0.0276  0.0276
  0.0275  0.0275  0.0275  0.0275  0.0275  0.0275  0.0275  0.0275  0.0275  0.0275  0.0275  0.0275
  0.0277  0.0277  0.0276  0.0278  0.0277  0.0276  0.0276  0.0277  0.0276  0.0277  0.0276  0.0276
  0.0282  0.0280  0.0279  0.0285  0.0281  0.0280  0.0280  0.0284  0.0280  0.0281  0.0278  0.0278
  0.0289  0.0285  0.0282  0.0298  0.0289  0.0286  0.0287  0.0294  0.0285  0.0288  0.0281  0.0281
niter,ni,del,rscale     3    3    5.0000    0.6000
parameters
   -2.0209   33.4965    3.3531   -6.4421   -6.6377   -5.9731
   -5.2016    0.8427    6.0186   25.5057    1.2079  -17.6591
eta,q 0.97247  7.00992
  0.0286  0.0282  0.0280  0.0293  0.0286  0.0283  0.0284  0.0289  0.0282  0.0284  0.0280  0.0279
  0.0280  0.0278  0.0277  0.0284  0.0280  0.0279  0.0279  0.0282  0.0278  0.0280  0.0277  0.0277
  0.0277  0.0276  0.0276  0.0278  0.0277  0.0276  0.0276  0.0277  0.0276  0.0276  0.0276  0.0276
  0.0275  0.0275  0.0275  0.0275  0.0275  0.0275  0.0275  0.0275  0.0275  0.0275  0.0275  0.0275
  0.0277  0.0276  0.0276  0.0277  0.0276  0.0276  0.0276  0.0277  0.0276  0.0276  0.0276  0.0276
  0.0280  0.0279  0.0277  0.0283  0.0280  0.0279  0.0279  0.0282  0.0278  0.0279  0.0277  0.0277
  0.0286  0.0282  0.0280  0.0293  0.0286  0.0283  0.0284  0.0289  0.0282  0.0284  0.0280  0.0279
niter,ni,del,rscale     2    3    5.0000    0.5000
parameters
   -2.0170   33.4860    3.3571   -6.4111   -6.6385   -5.9597
   -5.1778    0.8449    5.9991   25.5236    1.2106  -17.6497
eta,q 0.97247  7.01053
  0.0283  0.0280  0.0279  0.0288  0.0283  0.0281  0.0281  0.0285  0.0280  0.0282  0.0278  0.0278
  0.0279  0.0277  0.0277  0.0282  0.0279  0.0278  0.0278  0.0280  0.0277  0.0278  0.0277  0.0277
  0.0276  0.0276  0.0276  0.0277  0.0276  0.0276  0.0276  0.0276  0.0276  0.0276  0.0276  0.0276
  0.0275  0.0275  0.0275  0.0275  0.0275  0.0275  0.0275  0.0275  0.0275  0.0275  0.0275  0.0275
  0.0276  0.0276  0.0276  0.0277  0.0276  0.0276  0.0276  0.0276  0.0276  0.0276  0.0276  0.0276
  0.0279  0.0278  0.0277  0.0281  0.0279  0.0278  0.0278  0.0280  0.0277  0.0278  0.0277  0.0277
  0.0283  0.0280  0.0279  0.0288  0.0283  0.0281  0.0281  0.0285  0.0280  0.0282  0.0278  0.0278
niter,ni,del,rscale     1    3    5.0000    0.4000
parameters
   -2.0185   33.4782    3.3517   -6.3946   -6.6399   -5.9539
   -5.1577    0.8341    5.9781   25.5452    1.2309  -17.6819
eta,q 0.97247  7.01122
  0.0280  0.0278  0.0277  0.0284  0.0280  0.0279  0.0279  0.0282  0.0278  0.0279  0.0277  0.0277
  0.0277  0.0277  0.0276  0.0279  0.0277  0.0277  0.0277  0.0278  0.0277  0.0277  0.0276  0.0276
  0.0276  0.0276  0.0276  0.0276  0.0276  0.0276  0.0276  0.0276  0.0276  0.0276  0.0275  0.0275
  0.0275  0.0275  0.0275  0.0275  0.0275  0.0275  0.0275  0.0275  0.0275  0.0275  0.0275  0.0275
  0.0276  0.0276  0.0275  0.0276  0.0276  0.0276  0.0276  0.0276  0.0276  0.0276  0.0275  0.0275
  0.0277  0.0277  0.0276  0.0279  0.0277  0.0277  0.0277  0.0278  0.0277  0.0277  0.0276  0.0276
  0.0280  0.0278  0.0277  0.0284  0.0280  0.0279  0.0279  0.0282  0.0278  0.0279  0.0277  0.0277
registration optimization eta report
parameter search radius
    0.8000    0.8000    0.8000    2.4000    2.4000    2.4000
    2.4000    2.4000    2.4000    2.4000    2.4000    2.4000
100000*second partial in parameter space
       77.       49.       33.       15.        8.        6.
        7.       11.        5.        7.        3.        3.
  0.0280  0.0278  0.0277  0.0284  0.0280  0.0279  0.0279  0.0282  0.0278  0.0279  0.0277  0.0277
  0.0277  0.0277  0.0276  0.0279  0.0277  0.0277  0.0277  0.0278  0.0277  0.0277  0.0276  0.0276
  0.0276  0.0276  0.0276  0.0276  0.0276  0.0276  0.0276  0.0276  0.0276  0.0276  0.0275  0.0275
  0.0275  0.0275  0.0275  0.0275  0.0275  0.0275  0.0275  0.0275  0.0275  0.0275  0.0275  0.0275
  0.0276  0.0276  0.0275  0.0276  0.0276  0.0276  0.0276  0.0276  0.0276  0.0276  0.0275  0.0275
  0.0277  0.0277  0.0276  0.0279  0.0277  0.0277  0.0277  0.0278  0.0277  0.0277  0.0276  0.0276
  0.0280  0.0278  0.0277  0.0284  0.0280  0.0279  0.0279  0.0282  0.0278  0.0279  0.0277  0.0277
   -2.0185   33.4782    3.3517   -6.3946   -6.6399   -5.9539
   -5.1577    0.8341    5.9781   25.5452    1.2309  -17.6819
eta,q 0.97247  7.01122

---------------------------------------------------------------------
imgreg_4dfp /opt/freesurfer/average/711-2C_as_mni_average_305 /opt/freesurfer/average/711-2B_as_mni_average_305_mask talsrcimg_g11 none talsrcimg_to_711-2C_as_mni_average_305_t4 2311
---------------------------------------------------------------------

freesurfer imgreg_4dfp.c
/opt/freesurfer/average/711-2C_as_mni_average_305.4dfp.img
       256       256       256         1
  1.000000  1.000000  1.000000
orientation T byte_order littleendian
Reading image: /opt/freesurfer/average/711-2C_as_mni_average_305.4dfp.img
dimensions:      256       256       256
mmppix:       1.0000   -1.0000   -1.0000
center:     128.0000 -129.0000 -129.0000
/opt/freesurfer/average/711-2B_as_mni_average_305_mask.4dfp.img
       256       256       256         1
  1.000000  1.000000  1.000000
orientation T byte_order littleendian
Reading mask: /opt/freesurfer/average/711-2B_as_mni_average_305_mask.4dfp.img (2306576 pixels)
talsrcimg_g11.4dfp.img
       256       256       256         1
  1.000000  1.000000  1.000000
orientation T byte_order littleendian
Reading image: talsrcimg_g11.4dfp.img
dimensions:      256       256       256
mmppix:       1.0000   -1.0000   -1.0000
center:     128.0000 -129.0000 -129.0000
fimgreg.f
image alignment mode   2311 decimal      907 hex
parameters
   -2.0185   33.4782    3.3517   -6.3946   -6.6399   -5.9539
   -5.1577    0.8341    5.9781   25.5452    1.2309  -17.6819
eta,q 0.97247  7.01122
niter,ni,del,rscale     5    3    5.0000    0.8000
parameters
   -2.0119   33.5204    3.3271   -6.5391   -6.6390   -6.0483
   -5.1960    0.8560    6.0199   25.4883    1.1776  -17.6704
eta,q 0.97247  7.00679
  0.0295  0.0288  0.0283  0.0301  0.0293  0.0288  0.0290  0.0300  0.0287  0.0290  0.0283  0.0282
  0.0284  0.0281  0.0279  0.0289  0.0284  0.0281  0.0282  0.0287  0.0281  0.0283  0.0279  0.0279
  0.0277  0.0277  0.0276  0.0279  0.0278  0.0277  0.0277  0.0278  0.0277  0.0277  0.0276  0.0276
  0.0275  0.0275  0.0275  0.0275  0.0275  0.0275  0.0275  0.0275  0.0275  0.0275  0.0275  0.0275
  0.0278  0.0277  0.0276  0.0279  0.0277  0.0277  0.0277  0.0278  0.0277  0.0277  0.0276  0.0276
  0.0284  0.0281  0.0279  0.0290  0.0284  0.0281  0.0282  0.0286  0.0280  0.0282  0.0279  0.0279
  0.0294  0.0287  0.0284  0.0306  0.0293  0.0290  0.0291  0.0299  0.0287  0.0291  0.0283  0.0282
niter,ni,del,rscale     4    3    5.0000    0.7000
parameters
   -2.0194   33.5115    3.3489   -6.4899   -6.6245   -5.9911
   -5.1985    0.8578    6.0183   25.4885    1.1986  -17.6667
eta,q 0.97247  7.00919
  0.0290  0.0285  0.0282  0.0298  0.0289  0.0286  0.0287  0.0294  0.0284  0.0287  0.0281  0.0281
  0.0282  0.0279  0.0278  0.0288  0.0282  0.0280  0.0281  0.0284  0.0279  0.0281  0.0278  0.0278
  0.0277  0.0276  0.0276  0.0279  0.0277  0.0277  0.0277  0.0277  0.0276  0.0277  0.0276  0.0276
  0.0275  0.0275  0.0275  0.0275  0.0275  0.0275  0.0275  0.0275  0.0275  0.0275  0.0275  0.0275
  0.0277  0.0277  0.0276  0.0278  0.0277  0.0276  0.0277  0.0278  0.0276  0.0276  0.0276  0.0276
  0.0282  0.0280  0.0278  0.0286  0.0282  0.0280  0.0280  0.0284  0.0279  0.0281  0.0278  0.0278
  0.0290  0.0285  0.0282  0.0298  0.0289  0.0286  0.0287  0.0294  0.0284  0.0287  0.0281  0.0281
niter,ni,del,rscale     3    3    5.0000    0.6000
parameters
   -2.0179   33.4979    3.3540   -6.4450   -6.6329   -5.9633
   -5.1914    0.8542    6.0113   25.5041    1.2017  -17.6730
eta,q 0.97247  7.01041
  0.0286  0.0282  0.0280  0.0293  0.0285  0.0283  0.0284  0.0289  0.0282  0.0284  0.0280  0.0279
  0.0280  0.0278  0.0277  0.0284  0.0280  0.0279  0.0279  0.0282  0.0278  0.0280  0.0277  0.0277
  0.0277  0.0276  0.0276  0.0278  0.0277  0.0276  0.0276  0.0277  0.0276  0.0276  0.0276  0.0276
  0.0275  0.0275  0.0275  0.0275  0.0275  0.0275  0.0275  0.0275  0.0275  0.0275  0.0275  0.0275
  0.0277  0.0276  0.0276  0.0277  0.0276  0.0276  0.0276  0.0277  0.0276  0.0276  0.0276  0.0276
  0.0280  0.0279  0.0277  0.0283  0.0280  0.0279  0.0279  0.0282  0.0278  0.0279  0.0277  0.0277
  0.0286  0.0282  0.0280  0.0293  0.0286  0.0283  0.0284  0.0289  0.0282  0.0284  0.0280  0.0279
niter,ni,del,rscale     2    3    5.0000    0.5000
parameters
   -2.0163   33.4873    3.3544   -6.4139   -6.6352   -5.9530
   -5.1819    0.8499    5.9967   25.5273    1.2020  -17.6652
eta,q 0.97247  7.01096
  0.0283  0.0280  0.0279  0.0288  0.0283  0.0281  0.0281  0.0285  0.0280  0.0282  0.0278  0.0278
  0.0279  0.0277  0.0277  0.0282  0.0279  0.0278  0.0278  0.0280  0.0277  0.0278  0.0277  0.0277
  0.0276  0.0276  0.0276  0.0277  0.0276  0.0276  0.0276  0.0276  0.0276  0.0276  0.0276  0.0276
  0.0275  0.0275  0.0275  0.0275  0.0275  0.0275  0.0275  0.0275  0.0275  0.0275  0.0275  0.0275
  0.0276  0.0276  0.0276  0.0277  0.0276  0.0276  0.0276  0.0276  0.0276  0.0276  0.0276  0.0276
  0.0279  0.0278  0.0277  0.0281  0.0279  0.0278  0.0278  0.0280  0.0277  0.0278  0.0277  0.0277
  0.0283  0.0280  0.0279  0.0288  0.0283  0.0281  0.0281  0.0285  0.0280  0.0282  0.0278  0.0278
niter,ni,del,rscale     1    3    5.0000    0.4000
parameters
   -2.0181   33.4793    3.3514   -6.3936   -6.6389   -5.9494
   -5.1537    0.8379    5.9795   25.5483    1.2131  -17.6854
eta,q 0.97247  7.01142
  0.0280  0.0278  0.0277  0.0284  0.0280  0.0279  0.0279  0.0282  0.0278  0.0279  0.0277  0.0277
  0.0277  0.0277  0.0276  0.0279  0.0277  0.0277  0.0277  0.0278  0.0277  0.0277  0.0276  0.0276
  0.0276  0.0276  0.0276  0.0276  0.0276  0.0276  0.0276  0.0276  0.0276  0.0276  0.0275  0.0275
  0.0275  0.0275  0.0275  0.0275  0.0275  0.0275  0.0275  0.0275  0.0275  0.0275  0.0275  0.0275
  0.0276  0.0276  0.0275  0.0276  0.0276  0.0276  0.0276  0.0276  0.0276  0.0276  0.0275  0.0275
  0.0278  0.0277  0.0276  0.0279  0.0277  0.0277  0.0277  0.0278  0.0277  0.0277  0.0276  0.0276
  0.0280  0.0278  0.0277  0.0284  0.0280  0.0279  0.0279  0.0282  0.0278  0.0279  0.0277  0.0277
registration optimization eta report
parameter search radius
    0.8000    0.8000    0.8000    2.4000    2.4000    2.4000
    2.4000    2.4000    2.4000    2.4000    2.4000    2.4000
100000*second partial in parameter space
       77.       48.       33.       15.        8.        6.
        7.       11.        5.        7.        3.        3.
  0.0280  0.0278  0.0277  0.0284  0.0280  0.0279  0.0279  0.0282  0.0278  0.0279  0.0277  0.0277
  0.0277  0.0277  0.0276  0.0279  0.0277  0.0277  0.0277  0.0278  0.0277  0.0277  0.0276  0.0276
  0.0276  0.0276  0.0276  0.0276  0.0276  0.0276  0.0276  0.0276  0.0276  0.0276  0.0275  0.0275
  0.0275  0.0275  0.0275  0.0275  0.0275  0.0275  0.0275  0.0275  0.0275  0.0275  0.0275  0.0275
  0.0276  0.0276  0.0275  0.0276  0.0276  0.0276  0.0276  0.0276  0.0276  0.0276  0.0275  0.0275
  0.0278  0.0277  0.0276  0.0279  0.0277  0.0277  0.0277  0.0278  0.0277  0.0277  0.0276  0.0276
  0.0280  0.0278  0.0277  0.0284  0.0280  0.0279  0.0279  0.0282  0.0278  0.0279  0.0277  0.0277
   -2.0181   33.4793    3.3514   -6.3936   -6.6389   -5.9494
   -5.1537    0.8379    5.9795   25.5483    1.2131  -17.6854
eta,q 0.97247  7.01142

---------------------------------------------------------------------
compute_vox2vox talsrcimg talsrcimg_to_711-2C_as_mni_average_305_t4 /opt/freesurfer/average/711-2C_as_mni_average_305
---------------------------------------------------------------------

freesurfer compute_vox2vox.c
Reading: talsrcimg.4dfp.ifh
Reading: talsrcimg_to_711-2C_as_mni_average_305_t4
Reading: /opt/freesurfer/average/711-2C_as_mni_average_305.4dfp.ifh
Writing: talsrcimg_to_711-2C_as_mni_average_305_t4_vox2vox.txt

start time Tue Mar 10 06:48:26 CET 2026
end		time Tue Mar 10 06:49:51 CET 2026

mpr2mni305 success

avi2talxfm orig_nu.mgz /opt/freesurfer/average/mni305.cor.mgz talsrcimg_to_711-2C_as_mni_average_305_t4_vox2vox.txt transforms/talairach.auto.xfm
avi2talxfm done
mv -f /out/sourcedata/freesurfer/sub-v1s8x0051333_ses-1/mri/talsrcimg_to_711-2C_as_mni_average_305_t4_vox2vox.txt /out/sourcedata/freesurfer/sub-v1s8x0051333_ses-1/mri/transforms/talsrcimg_to_711-2C_as_mni_average_305_t4_vox2vox.txt
lta_convert --src orig_nu.mgz --trg /opt/freesurfer/average/mni305.cor.mgz --inxfm transforms/talairach.auto.xfm --outlta transforms/talairach.auto.xfm.lta --subject fsaverage
7.3.2

--src: orig_nu.mgz src image (geometry).
--trg: /opt/freesurfer/average/mni305.cor.mgz trg image (geometry).
--inmni: transforms/talairach.auto.xfm input MNI/XFM transform.
--outlta: transforms/talairach.auto.xfm.lta output LTA.
--s: fsaverage subject name
 LTA read, type : 1
 1.06515  -0.02422   0.05421   0.13725;
-0.02527   1.01180   0.19027  -4.77977;
-0.06131  -0.27533   1.01557  -17.84903;
 0.00000   0.00000   0.00000   1.00000;
setting subject to fsaverage
Writing  LTA to file transforms/talairach.auto.xfm.lta...
lta_convert successful.
 
 
Started at Tue Mar 10 06:48:25 CET 2026
Ended   at Tue Mar 10 06:49:51 CET 2026
talairach_avi done
