Log file for defect2seg
Tue Mar 10 13:26:49 CET 2026

setenv SUBJECTS_DIR /out/sourcedata/freesurfer
cd /out/sourcedata/freesurfer/sub-v1s8x0051334_ses-1/scripts
/opt/freesurfer/bin/defect2seg --s sub-v1s8x0051334_ses-1 --rh-only --cortex

freesurfer-linux-ubuntu22_x86_64-7.3.2-20220804-6354275
defect2seg 7.3.2
Linux dna076 5.14.0-427.37.1.el9_4.x86_64 #1 SMP PREEMPT_DYNAMIC Fri Sep 13 12:41:50 EDT 2024 x86_64 x86_64 x86_64 GNU/Linux
pid 1990373
mri_label2label --label-cortex /out/sourcedata/freesurfer/sub-v1s8x0051334_ses-1/surf/rh.orig.nofix /out/sourcedata/freesurfer/sub-v1s8x0051334_ses-1/mri/aseg.presurf.mgz 0 /out/sourcedata/freesurfer/sub-v1s8x0051334_ses-1/label/rh.nofix.cortex.label

 Generating cortex label... RemoveHipAmgy=0
 NucAccIsMedialWall=0
 mris->useRealRAS=0
25 non-cortical segments detected
only using segment with 9210 vertices
erasing segment 1 (vno[0] = 72781)
erasing segment 2 (vno[0] = 72793)
erasing segment 3 (vno[0] = 77743)
erasing segment 4 (vno[0] = 85441)
erasing segment 5 (vno[0] = 102284)
erasing segment 6 (vno[0] = 106251)
erasing segment 7 (vno[0] = 115158)
erasing segment 8 (vno[0] = 128334)
erasing segment 9 (vno[0] = 135247)
erasing segment 10 (vno[0] = 138289)
erasing segment 11 (vno[0] = 138307)
erasing segment 12 (vno[0] = 138313)
erasing segment 13 (vno[0] = 139404)
erasing segment 14 (vno[0] = 139590)
erasing segment 15 (vno[0] = 143336)
erasing segment 16 (vno[0] = 147550)
erasing segment 17 (vno[0] = 151353)
erasing segment 18 (vno[0] = 152680)
erasing segment 19 (vno[0] = 152883)
erasing segment 20 (vno[0] = 153861)
erasing segment 21 (vno[0] = 169074)
erasing segment 22 (vno[0] = 169145)
erasing segment 23 (vno[0] = 169957)
erasing segment 24 (vno[0] = 171719)
mri_label2vol --defects /out/sourcedata/freesurfer/sub-v1s8x0051334_ses-1/surf/rh.orig.nofix /out/sourcedata/freesurfer/sub-v1s8x0051334_ses-1/surf/rh.defect_labels /out/sourcedata/freesurfer/sub-v1s8x0051334_ses-1/mri/orig.mgz 2000 0 /out/sourcedata/freesurfer/sub-v1s8x0051334_ses-1/mri/rh.surface.defects.mgz /out/sourcedata/freesurfer/sub-v1s8x0051334_ses-1/label/rh.nofix.cortex.label
mri_label2vol supposed to be reproducible but seed not set
Contraining to label /out/sourcedata/freesurfer/sub-v1s8x0051334_ses-1/label/rh.nofix.cortex.label
Changing input type 0 to MRI_INT
Converting defects to volume: offset=2000, merge=0
Writing to /out/sourcedata/freesurfer/sub-v1s8x0051334_ses-1/mri/rh.surface.defects.mgz
mris_defects_pointset -s /out/sourcedata/freesurfer/sub-v1s8x0051334_ses-1/surf/rh.orig.nofix -d /out/sourcedata/freesurfer/sub-v1s8x0051334_ses-1/surf/rh.defect_labels -o /out/sourcedata/freesurfer/sub-v1s8x0051334_ses-1/surf/rh.defects.pointset --label /out/sourcedata/freesurfer/sub-v1s8x0051334_ses-1/label/rh.nofix.cortex.label
Reading in surface /out/sourcedata/freesurfer/sub-v1s8x0051334_ses-1/surf/rh.orig.nofix
Reading in defect segmentation /out/sourcedata/freesurfer/sub-v1s8x0051334_ses-1/surf/rh.defect_labels
Reading in label /out/sourcedata/freesurfer/sub-v1s8x0051334_ses-1/label/rh.nofix.cortex.label
#VMPC# mris_defects_pointset 1348992
mris_defects_pointset done
 
Started at Tue Mar 10 13:26:49 CET 2026 
Ended   at Tue Mar 10 13:27:04 CET 2026
Defect2seg-Run-Time-Sec 15
Defect2seg-Run-Time-Min 0.30
Defect2seg-Run-Time-Hours 0.00
 
defect2seg Done
