status file for recon-all
Tue Mar 10 08:11:27 CET 2026
#@# Tessellate lh Tue Mar 10 08:11:27 CET 2026
#@# Smooth1 lh Tue Mar 10 08:11:30 CET 2026
#@# Inflation1 lh Tue Mar 10 08:11:33 CET 2026
#@# QSphere lh Tue Mar 10 08:11:45 CET 2026
#@# Fix Topology lh Tue Mar 10 08:12:37 CET 2026
#@# Smooth2 lh Tue Mar 10 12:22:30 CET 2026
#@# Inflation2 lh Tue Mar 10 12:22:33 CET 2026
#@# Curv .H and .K lh Tue Mar 10 12:22:41 CET 2026
#@# Sphere lh Tue Mar 10 12:23:26 CET 2026
#@# Surf Reg lh Tue Mar 10 12:27:00 CET 2026
#@# Jacobian white lh Tue Mar 10 12:31:17 CET 2026
#@# AvgCurv lh Tue Mar 10 12:31:17 CET 2026
#@# Cortical Parc lh Tue Mar 10 12:31:18 CET 2026
#@# white curv lh Tue Mar 10 12:38:17 CET 2026
#@# white area lh Tue Mar 10 12:38:19 CET 2026
#@# pial curv lh Tue Mar 10 12:38:19 CET 2026
#@# pial area lh Tue Mar 10 12:38:21 CET 2026
#@# thickness lh Tue Mar 10 12:38:21 CET 2026
#@# area and vertex vol lh Tue Mar 10 12:38:45 CET 2026
#@# Curvature Stats lh Tue Mar 10 12:38:46 CET 2026
#@# Cortical Parc 2 lh Tue Mar 10 12:38:48 CET 2026
#@# Cortical Parc 3 lh Tue Mar 10 12:38:59 CET 2026
#@# WM/GM Contrast lh Tue Mar 10 12:39:07 CET 2026
recon-all -s sub-v1s8x0051334_ses-1 finished without error at Tue Mar 10 12:39:10 CET 2026



#New# invocation of recon-all 



status file for recon-all
Tue Mar 10 13:56:03 CET 2026
#@# white curv lh Tue Mar 10 13:56:03 CET 2026
#@# white area lh Tue Mar 10 13:56:03 CET 2026
#@# pial curv lh Tue Mar 10 13:56:03 CET 2026
#@# pial area lh Tue Mar 10 13:56:03 CET 2026
#@# thickness lh Tue Mar 10 13:56:03 CET 2026
#@# area and vertex vol lh Tue Mar 10 13:56:03 CET 2026
#@# Parcellation Stats lh Tue Mar 10 13:56:03 CET 2026
#@# Parcellation Stats 2 lh Tue Mar 10 13:56:21 CET 2026
#@# Parcellation Stats 3 lh Tue Mar 10 13:56:31 CET 2026
#@# BA_exvivo Labels lh Tue Mar 10 13:56:40 CET 2026
recon-all -s sub-v1s8x0051334_ses-1 finished without error at Tue Mar 10 13:58:44 CET 2026
