status file for recon-all
Tue Mar 10 06:45:57 CET 2026
#@# MotionCor Tue Mar 10 06:45:58 CET 2026
#@# Talairach Tue Mar 10 06:46:04 CET 2026
#@# Talairach Failure Detection Tue Mar 10 06:48:54 CET 2026
#@# Nu Intensity Correction Tue Mar 10 06:48:54 CET 2026
#@# Intensity Normalization Tue Mar 10 06:51:41 CET 2026
recon-all -s sub-v1s8x0051334_ses-1 finished without error at Tue Mar 10 06:52:46 CET 2026



#New# invocation of recon-all 



status file for recon-all
Tue Mar 10 06:58:50 CET 2026
#@# EM Registration Tue Mar 10 06:58:50 CET 2026
recon-all -s sub-v1s8x0051334_ses-1 finished without error at Tue Mar 10 06:59:55 CET 2026



#New# invocation of recon-all 



status file for recon-all
Tue Mar 10 06:59:57 CET 2026
#@# CA Normalize Tue Mar 10 06:59:57 CET 2026
#@# CA Reg Tue Mar 10 07:00:51 CET 2026
#@# SubCort Seg Tue Mar 10 07:30:43 CET 2026
#@# CC Seg Tue Mar 10 08:06:46 CET 2026
#@# Merge ASeg Tue Mar 10 08:07:11 CET 2026
#@# Intensity Normalization2 Tue Mar 10 08:07:11 CET 2026
#@# Mask BFS Tue Mar 10 08:08:38 CET 2026
#@# WM Segmentation Tue Mar 10 08:08:39 CET 2026
#@# Fill Tue Mar 10 08:10:45 CET 2026
recon-all -s sub-v1s8x0051334_ses-1 finished without error at Tue Mar 10 08:11:23 CET 2026



#New# invocation of recon-all 



status file for recon-all
Tue Mar 10 13:51:43 CET 2026
#@# white curv lh Tue Mar 10 13:51:43 CET 2026
#@# white area lh Tue Mar 10 13:51:43 CET 2026
#@# pial curv lh Tue Mar 10 13:51:43 CET 2026
#@# pial area lh Tue Mar 10 13:51:43 CET 2026
#@# thickness lh Tue Mar 10 13:51:43 CET 2026
#@# area and vertex vol lh Tue Mar 10 13:51:43 CET 2026
#@# white curv rh Tue Mar 10 13:51:43 CET 2026
#@# white area rh Tue Mar 10 13:51:43 CET 2026
#@# pial curv rh Tue Mar 10 13:51:43 CET 2026
#@# pial area rh Tue Mar 10 13:51:43 CET 2026
#@# thickness rh Tue Mar 10 13:51:43 CET 2026
#@# area and vertex vol rh Tue Mar 10 13:51:43 CET 2026
#@# Cortical ribbon mask Tue Mar 10 13:51:43 CET 2026
recon-all -s sub-v1s8x0051334_ses-1 finished without error at Tue Mar 10 13:55:59 CET 2026



#New# invocation of recon-all 



status file for recon-all
Tue Mar 10 14:01:44 CET 2026
#@# white curv lh Tue Mar 10 14:01:44 CET 2026
#@# white area lh Tue Mar 10 14:01:44 CET 2026
#@# pial curv lh Tue Mar 10 14:01:44 CET 2026
#@# pial area lh Tue Mar 10 14:01:44 CET 2026
#@# thickness lh Tue Mar 10 14:01:44 CET 2026
#@# area and vertex vol lh Tue Mar 10 14:01:44 CET 2026
#@# white curv rh Tue Mar 10 14:01:44 CET 2026
#@# white area rh Tue Mar 10 14:01:44 CET 2026
#@# pial curv rh Tue Mar 10 14:01:44 CET 2026
#@# pial area rh Tue Mar 10 14:01:44 CET 2026
#@# thickness rh Tue Mar 10 14:01:44 CET 2026
#@# area and vertex vol rh Tue Mar 10 14:01:44 CET 2026
#@# Curvature Stats lh Tue Mar 10 14:01:44 CET 2026
#@# Curvature Stats rh Tue Mar 10 14:01:46 CET 2026
#@# Relabel Hypointensities Tue Mar 10 14:01:48 CET 2026
#@# APas-to-ASeg Tue Mar 10 14:02:01 CET 2026
#@# AParc-to-ASeg aparc Tue Mar 10 14:02:07 CET 2026
#@# AParc-to-ASeg aparc.a2009s Tue Mar 10 14:02:38 CET 2026
#@# AParc-to-ASeg aparc.DKTatlas Tue Mar 10 14:03:06 CET 2026
#@# WMParc Tue Mar 10 14:03:36 CET 2026
#@# ASeg Stats Tue Mar 10 14:06:00 CET 2026
recon-all -s sub-v1s8x0051334_ses-1 finished without error at Tue Mar 10 14:06:20 CET 2026
