status file for recon-all
Tue Mar 10 08:12:46 CET 2026
#@# Tessellate lh Tue Mar 10 08:12:46 CET 2026
#@# Smooth1 lh Tue Mar 10 08:12:49 CET 2026
#@# Inflation1 lh Tue Mar 10 08:12:52 CET 2026
#@# QSphere lh Tue Mar 10 08:13:07 CET 2026
#@# Fix Topology lh Tue Mar 10 08:14:51 CET 2026
#@# Smooth2 lh Tue Mar 10 08:20:53 CET 2026
#@# Inflation2 lh Tue Mar 10 08:20:56 CET 2026
#@# Curv .H and .K lh Tue Mar 10 08:21:11 CET 2026
#@# Sphere lh Tue Mar 10 08:21:52 CET 2026
#@# Surf Reg lh Tue Mar 10 08:24:39 CET 2026
#@# Jacobian white lh Tue Mar 10 08:31:34 CET 2026
#@# AvgCurv lh Tue Mar 10 08:31:35 CET 2026
#@# Cortical Parc lh Tue Mar 10 08:31:36 CET 2026
#@# white curv lh Tue Mar 10 08:37:58 CET 2026
#@# white area lh Tue Mar 10 08:38:00 CET 2026
#@# pial curv lh Tue Mar 10 08:38:01 CET 2026
#@# pial area lh Tue Mar 10 08:38:03 CET 2026
#@# thickness lh Tue Mar 10 08:38:03 CET 2026
#@# area and vertex vol lh Tue Mar 10 08:38:25 CET 2026
#@# Curvature Stats lh Tue Mar 10 08:38:27 CET 2026
#@# Cortical Parc 2 lh Tue Mar 10 08:38:29 CET 2026
#@# Cortical Parc 3 lh Tue Mar 10 08:38:40 CET 2026
#@# WM/GM Contrast lh Tue Mar 10 08:38:49 CET 2026
recon-all -s sub-v1s8x0051328_ses-1 finished without error at Tue Mar 10 08:38:52 CET 2026



#New# invocation of recon-all 



status file for recon-all
Tue Mar 10 09:17:05 CET 2026
#@# white curv lh Tue Mar 10 09:17:05 CET 2026
#@# white area lh Tue Mar 10 09:17:05 CET 2026
#@# pial curv lh Tue Mar 10 09:17:05 CET 2026
#@# pial area lh Tue Mar 10 09:17:05 CET 2026
#@# thickness lh Tue Mar 10 09:17:05 CET 2026
#@# area and vertex vol lh Tue Mar 10 09:17:05 CET 2026
#@# Parcellation Stats lh Tue Mar 10 09:17:05 CET 2026
#@# Parcellation Stats 2 lh Tue Mar 10 09:17:23 CET 2026
#@# Parcellation Stats 3 lh Tue Mar 10 09:17:32 CET 2026
#@# BA_exvivo Labels lh Tue Mar 10 09:17:41 CET 2026
recon-all -s sub-v1s8x0051328_ses-1 finished without error at Tue Mar 10 09:20:00 CET 2026
