status file for recon-all
Tue Mar 10 08:38:54 CET 2026
#@# Tessellate rh Tue Mar 10 08:38:54 CET 2026
#@# Smooth1 rh Tue Mar 10 08:38:57 CET 2026
#@# Inflation1 rh Tue Mar 10 08:38:59 CET 2026
#@# QSphere rh Tue Mar 10 08:39:14 CET 2026
#@# Fix Topology rh Tue Mar 10 08:40:54 CET 2026
#@# Smooth2 rh Tue Mar 10 08:46:10 CET 2026
#@# Inflation2 rh Tue Mar 10 08:46:12 CET 2026
#@# Curv .H and .K rh Tue Mar 10 08:46:27 CET 2026
#@# Sphere rh Tue Mar 10 08:47:09 CET 2026
#@# Surf Reg rh Tue Mar 10 08:50:13 CET 2026
#@# Jacobian white rh Tue Mar 10 09:01:30 CET 2026
#@# AvgCurv rh Tue Mar 10 09:01:31 CET 2026
#@# Cortical Parc rh Tue Mar 10 09:01:32 CET 2026
#@# white curv rh Tue Mar 10 09:08:20 CET 2026
#@# white area rh Tue Mar 10 09:08:22 CET 2026
#@# pial curv rh Tue Mar 10 09:08:22 CET 2026
#@# pial area rh Tue Mar 10 09:08:24 CET 2026
#@# thickness rh Tue Mar 10 09:08:25 CET 2026
#@# area and vertex vol rh Tue Mar 10 09:08:47 CET 2026
#@# Curvature Stats rh Tue Mar 10 09:08:48 CET 2026
#@# Cortical Parc 2 rh Tue Mar 10 09:08:50 CET 2026
#@# Cortical Parc 3 rh Tue Mar 10 09:09:01 CET 2026
#@# WM/GM Contrast rh Tue Mar 10 09:09:10 CET 2026
recon-all -s sub-v1s8x0051328_ses-1 finished without error at Tue Mar 10 09:09:12 CET 2026



#New# invocation of recon-all 



status file for recon-all
Tue Mar 10 09:20:03 CET 2026
#@# white curv rh Tue Mar 10 09:20:03 CET 2026
#@# white area rh Tue Mar 10 09:20:03 CET 2026
#@# pial curv rh Tue Mar 10 09:20:03 CET 2026
#@# pial area rh Tue Mar 10 09:20:03 CET 2026
#@# thickness rh Tue Mar 10 09:20:03 CET 2026
#@# area and vertex vol rh Tue Mar 10 09:20:03 CET 2026
#@# Parcellation Stats rh Tue Mar 10 09:20:03 CET 2026
#@# Parcellation Stats 2 rh Tue Mar 10 09:20:22 CET 2026
#@# Parcellation Stats 3 rh Tue Mar 10 09:20:32 CET 2026
#@# BA_exvivo Labels rh Tue Mar 10 09:20:41 CET 2026
recon-all -s sub-v1s8x0051328_ses-1 finished without error at Tue Mar 10 09:23:00 CET 2026
