/out/sourcedata/freesurfer/sub-v1s8x0051338_ses-1/mri
/opt/freesurfer/bin/talairach_avi
--i orig_nu.mgz --xfm transforms/talairach.auto.xfm
talairach_avi 7.3.2
Linux dna060 5.14.0-427.37.1.el9_4.x86_64 #1 SMP PREEMPT_DYNAMIC Fri Sep 13 12:41:50 EDT 2024 x86_64 x86_64 x86_64 GNU/Linux
Tue Mar 10 06:49:43 CET 2026
mri_convert orig_nu.mgz talsrcimg.img 
reading from orig_nu.mgz...
TR=0.00, TE=0.00, TI=0.00, flip angle=0.00
i_ras = (-1, 0, 0)
j_ras = (0, 0, -1)
k_ras = (0, 1, 0)
writing to talsrcimg.img...
Analyze Output Matrix
-1.00000   0.00000   0.00000   132.39294;
 0.00000   0.00000   1.00000  -129.50107;
 0.00000  -1.00000   0.00000   100.62955;
 0.00000   0.00000   0.00000   1.00000;
--------------------
INFO: set hdr.hist.orient to -1
mpr2mni305 talsrcimg
Tue Mar 10 06:49:44 CET 2026
/opt/freesurfer/bin/mpr2mni305 talsrcimg
mpr2mni305 7.3.2
target=711-2C_as_mni_average_305

---------------------------------------------------------------------
analyzeto4dfp talsrcimg -O0 -y
---------------------------------------------------------------------

freesurfer ifh2hdr.c
Tue Mar 10 06:49:44 2026
Writing: talsrcimg.4dfp.hdr
freesurfer analyzeto4dfp.c
Reading: talsrcimg.hdr
header size 348 bytes
hdr.dime.datatype	offset=70	value=2
hdr.dime.bitpix		offset=72	value=8
hdr.hist.orient		offset=252	value=-1
dimensionality     4
dimensions       256       256       256         1
Reading: talsrcimg.img
Writing: talsrcimg.4dfp.img
Writing: talsrcimg.4dfp.ifh
ifh2hdr talsrcimg -r0to222
ori=2

---------------------------------------------------------------------
gauss_4dfp talsrcimg 1.1
---------------------------------------------------------------------

freesurfer gauss_4dfp.c
Reading: talsrcimg.4dfp.img
Writing: talsrcimg_g11.4dfp.img
image dimensions 256 256 256 padded to 288 288 288
processing volume 1freesurfer ifh2hdr.c
Tue Mar 10 06:49:45 2026
Writing: talsrcimg_g11.4dfp.hdr

Writing: talsrcimg_g11.4dfp.ifh
including: talsrcimg.4dfp.img.rec in talsrcimg_g11.4dfp.img.rec

---------------------------------------------------------------------
imgreg_4dfp /opt/freesurfer/average/711-2C_as_mni_average_305 none talsrcimg_g11 none talsrcimg_to_711-2C_as_mni_average_305_t4 4355
---------------------------------------------------------------------

freesurfer imgreg_4dfp.c
/opt/freesurfer/average/711-2C_as_mni_average_305.4dfp.img
       256       256       256         1
  1.000000  1.000000  1.000000
orientation T byte_order littleendian
Reading image: /opt/freesurfer/average/711-2C_as_mni_average_305.4dfp.img
dimensions:      256       256       256
mmppix:       1.0000   -1.0000   -1.0000
center:     128.0000 -129.0000 -129.0000
talsrcimg_g11.4dfp.img
       256       256       256         1
  1.000000  1.000000  1.000000
orientation T byte_order littleendian
Reading image: talsrcimg_g11.4dfp.img
dimensions:      256       256       256
mmppix:       1.0000   -1.0000   -1.0000
center:     128.0000 -129.0000 -129.0000
t4_read: open error in t4_sub.f l:  41 t4_file(1:l)talsrcimg_to_711-2C_as_mni_average_305_t4 
t4_read: transform initialized to I4
rotation matrix determinant  1.000000
image alignment mode   4355 decimal     1103 hex
   -7.5000  -45.0000  -45.0000 6596.5303   15.7585
    0.0000  -45.0000  -45.0000 6883.8198   15.8002
    7.5000  -45.0000  -45.0000 6633.8398   15.7773
   -7.5000  -37.5000  -45.0000 7221.5493   15.3149
    0.0000  -37.5000  -45.0000 7541.7021   15.3548
    7.5000  -37.5000  -45.0000 7256.9033   15.3392
   -7.5000  -30.0000  -45.0000 8194.8955   15.0003
    0.0000  -30.0000  -45.0000 8561.4219   15.0380
    7.5000  -30.0000  -45.0000 8204.3086   15.0207
   -7.5000  -22.5000  -45.0000 9194.3369   14.7863
    0.0000  -22.5000  -45.0000 9635.9189   14.8254
    7.5000  -22.5000  -45.0000 9202.4551   14.8028
   -7.5000  -15.0000  -45.000010249.6016   14.7142
    0.0000  -15.0000  -45.000010749.6934   14.7549
    7.5000  -15.0000  -45.000010248.6191   14.7269
   -7.5000   -7.5000  -45.000011305.5820   14.6842
    0.0000   -7.5000  -45.000011853.7295   14.7252
    7.5000   -7.5000  -45.000011271.9814   14.6996
   -7.5000    0.0000  -45.000012277.7236   14.6748
    0.0000    0.0000  -45.000012915.6865   14.7139
    7.5000    0.0000  -45.000012238.2236   14.6948
   -7.5000    7.5000  -45.000012213.1348   14.6642
    0.0000    7.5000  -45.000012853.3242   14.7011
    7.5000    7.5000  -45.000012189.5781   14.6862
   -7.5000   15.0000  -45.000012068.1025   14.6607
    0.0000   15.0000  -45.000012697.4385   14.6974
    7.5000   15.0000  -45.000012032.1797   14.6813
   -7.5000   22.5000  -45.000011886.5693   14.6673
    0.0000   22.5000  -45.000012497.8086   14.7058
    7.5000   22.5000  -45.000011820.5215   14.6835
   -7.5000   30.0000  -45.000011595.2373   14.4854
    0.0000   30.0000  -45.000012202.3066   14.5254
    7.5000   30.0000  -45.000011526.3867   14.4980
   -7.5000   37.5000  -45.000011517.6973   14.4871
    0.0000   37.5000  -45.000012110.9551   14.5275
    7.5000   37.5000  -45.000011438.4316   14.5022
   -7.5000   45.0000  -45.000011038.8652   14.1116
    0.0000   45.0000  -45.000011603.4668   14.1492
    7.5000   45.0000  -45.000010920.9180   14.1308
   -7.5000  -45.0000  -37.5000 6897.9668   15.7889
    0.0000  -45.0000  -37.5000 7194.9961   15.8308
    7.5000  -45.0000  -37.5000 6929.8525   15.8071
   -7.5000  -37.5000  -37.5000 7566.0132   15.3375
    0.0000  -37.5000  -37.5000 7901.4707   15.3787
    7.5000  -37.5000  -37.5000 7587.9810   15.3665
   -7.5000  -30.0000  -37.5000 8618.0352   15.0202
    0.0000  -30.0000  -37.5000 9005.9971   15.0592
    7.5000  -30.0000  -37.5000 8606.1592   15.0477
   -7.5000  -22.5000  -37.5000 9701.1748   14.8099
    0.0000  -22.5000  -37.500010148.6357   14.8496
    7.5000  -22.5000  -37.5000 9678.6807   14.8330
   -7.5000  -15.0000  -37.500010789.3311   14.7417
    0.0000  -15.0000  -37.500011306.6006   14.7821
    7.5000  -15.0000  -37.500010769.8760   14.7580
   -7.5000   -7.5000  -37.500011887.1982   14.7122
    0.0000   -7.5000  -37.500012446.9268   14.7528
    7.5000   -7.5000  -37.500011853.4844   14.7275
   -7.5000    0.0000  -37.500012917.9707   14.6991
    0.0000    0.0000  -37.500013548.6152   14.7383
    7.5000    0.0000  -37.500012864.8916   14.7192
   -7.5000    7.5000  -37.500012860.7305   14.6834
    0.0000    7.5000  -37.500013509.3672   14.7212
    7.5000    7.5000  -37.500012809.1270   14.7090
   -7.5000   15.0000  -37.500012706.0205   14.6790
    0.0000   15.0000  -37.500013343.6953   14.7169
    7.5000   15.0000  -37.500012646.5439   14.7063
   -7.5000   22.5000  -37.500012484.9834   14.6902
    0.0000   22.5000  -37.500013137.6289   14.7293
    7.5000   22.5000  -37.500012391.7344   14.7129
   -7.5000   30.0000  -37.500012162.0586   14.5125
    0.0000   30.0000  -37.500012795.0996   14.5522
    7.5000   30.0000  -37.500012069.5605   14.5286
   -7.5000   37.5000  -37.500012063.6533   14.5147
    0.0000   37.5000  -37.500012697.9170   14.5547
    7.5000   37.5000  -37.500011976.6650   14.5298
   -7.5000   45.0000  -37.500011483.8535   14.1350
    0.0000   45.0000  -37.500012095.6357   14.1727
    7.5000   45.0000  -37.500011373.6455   14.1543
   -7.5000  -45.0000  -30.0000 7327.8638   16.4646
    0.0000  -45.0000  -30.0000 7649.2119   16.5087
    7.5000  -45.0000  -30.0000 7352.9551   16.4852
   -7.5000  -37.5000  -30.0000 8087.2061   15.9905
    0.0000  -37.5000  -30.0000 8441.6582   16.0329
    7.5000  -37.5000  -30.0000 8079.8296   16.0206
   -7.5000  -30.0000  -30.0000 9213.4131   15.6575
    0.0000  -30.0000  -30.0000 9614.4258   15.6963
    7.5000  -30.0000  -30.0000 9182.3662   15.6845
   -7.5000  -22.5000  -30.000010360.0186   15.4375
    0.0000  -22.5000  -30.000010819.6475   15.4760
    7.5000  -22.5000  -30.000010319.5459   15.4609
   -7.5000  -15.0000  -30.000011520.1719   15.3665
    0.0000  -15.0000  -30.000012049.7773   15.4055
    7.5000  -15.0000  -30.000011468.7754   15.3839
   -7.5000   -7.5000  -30.000012647.4756   15.3378
    0.0000   -7.5000  -30.000013237.4590   15.3784
    7.5000   -7.5000  -30.000012599.4307   15.3552
   -7.5000    0.0000  -30.000013724.6523   15.3258
    0.0000    0.0000  -30.000014401.8867   15.3666
    7.5000    0.0000  -30.000013684.4941   15.3480
   -7.5000    7.5000  -30.000013679.7314   15.3081
    0.0000    7.5000  -30.000014370.4268   15.3468
    7.5000    7.5000  -30.000013635.7432   15.3343
   -7.5000   15.0000  -30.000013508.7158   15.3015
    0.0000   15.0000  -30.000014177.4277   15.3390
    7.5000   15.0000  -30.000013425.2529   15.3282
   -7.5000   22.5000  -30.000013258.0283   15.3106
    0.0000   22.5000  -30.000013927.5137   15.3484
    7.5000   22.5000  -30.000013130.7266   15.3335
   -7.5000   30.0000  -30.000012941.6143   15.1288
    0.0000   30.0000  -30.000013601.2910   15.1672
    7.5000   30.0000  -30.000012812.0732   15.1460
   -7.5000   37.5000  -30.000012834.9727   15.1334
    0.0000   37.5000  -30.000013505.8428   15.1734
    7.5000   37.5000  -30.000012734.4717   15.1505
   -7.5000   45.0000  -30.000012129.1729   14.7484
    0.0000   45.0000  -30.000012761.4404   14.7877
    7.5000   45.0000  -30.000012018.8018   14.7698
   -7.5000  -45.0000  -22.5000 7785.4570   17.0067
    0.0000  -45.0000  -22.5000 8120.8477   17.0523
    7.5000  -45.0000  -22.5000 7800.2905   17.0307
   -7.5000  -37.5000  -22.5000 8588.4004   16.5210
    0.0000  -37.5000  -22.5000 8961.0244   16.5630
    7.5000  -37.5000  -22.5000 8568.4004   16.5466
   -7.5000  -30.0000  -22.5000 9759.2852   16.1773
    0.0000  -30.0000  -22.500010188.2256   16.2141
    7.5000  -30.0000  -22.5000 9728.0322   16.1951
   -7.5000  -22.5000  -22.500010974.4463   15.9449
    0.0000  -22.5000  -22.500011485.7422   15.9804
    7.5000  -22.5000  -22.500010937.0449   15.9594
   -7.5000  -15.0000  -22.500012177.9355   15.8672
    0.0000  -15.0000  -22.500012752.1396   15.9038
    7.5000  -15.0000  -22.500012152.7822   15.8804
   -7.5000   -7.5000  -22.500013360.1709   15.8395
    0.0000   -7.5000  -22.500013992.9844   15.8798
    7.5000   -7.5000  -22.500013350.9961   15.8586
   -7.5000    0.0000  -22.500014473.2061   15.8327
    0.0000    0.0000  -22.500015203.7744   15.8744
    7.5000    0.0000  -22.500014480.9756   15.8572
   -7.5000    7.5000  -22.500014443.2686   15.8185
    0.0000    7.5000  -22.500015190.3711   15.8570
    7.5000    7.5000  -22.500014417.0078   15.8409
   -7.5000   15.0000  -22.500014248.9785   15.8105
    0.0000   15.0000  -22.500014962.8086   15.8459
    7.5000   15.0000  -22.500014163.5283   15.8283
   -7.5000   22.5000  -22.500013955.5225   15.8129
    0.0000   22.5000  -22.500014664.7148   15.8477
    7.5000   22.5000  -22.500013834.1836   15.8270
   -7.5000   30.0000  -22.500013656.7490   15.6241
    0.0000   30.0000  -22.500014370.5010   15.6602
    7.5000   30.0000  -22.500013536.5781   15.6372
   -7.5000   37.5000  -22.500013583.4375   15.6308
    0.0000   37.5000  -22.500014311.8135   15.6705
    7.5000   37.5000  -22.500013477.3818   15.6496
   -7.5000   45.0000  -22.500012789.5791   15.2477
    0.0000   45.0000  -22.500013431.6484   15.2878
    7.5000   45.0000  -22.500012654.8262   15.2712
   -7.5000  -45.0000  -15.0000 8207.4336   17.3810
    0.0000  -45.0000  -15.0000 8576.7422   17.4278
    7.5000  -45.0000  -15.0000 8234.6797   17.4066
   -7.5000  -37.5000  -15.0000 9046.1523   16.8909
    0.0000  -37.5000  -15.0000 9456.2979   16.9328
    7.5000  -37.5000  -15.0000 9046.0498   16.9122
   -7.5000  -30.0000  -15.000010259.8359   16.5405
    0.0000  -30.0000  -15.000010753.4883   16.5767
    7.5000  -30.0000  -15.000010242.8730   16.5507
   -7.5000  -22.5000  -15.000011525.1133   16.2981
    0.0000  -22.5000  -15.000012105.5869   16.3331
    7.5000  -22.5000  -15.000011504.3115   16.3045
   -7.5000  -15.0000  -15.000012798.5850   16.2149
    0.0000  -15.0000  -15.000013430.4229   16.2520
    7.5000  -15.0000  -15.000012779.4570   16.2236
   -7.5000   -7.5000  -15.000014044.9482   16.1876
    0.0000   -7.5000  -15.000014771.8066   16.2291
    7.5000   -7.5000  -15.000014033.6572   16.2069
   -7.5000    0.0000  -15.000015192.8936   16.1854
    0.0000    0.0000  -15.000015996.2061   16.2282
    7.5000    0.0000  -15.000015203.1270   16.2107
   -7.5000    7.5000  -15.000015197.5215   16.1755
    0.0000    7.5000  -15.000016017.9209   16.2143
    7.5000    7.5000  -15.000015180.7695   16.1946
   -7.5000   15.0000  -15.000014974.8203   16.1667
    0.0000   15.0000  -15.000015769.3760   16.2017
    7.5000   15.0000  -15.000014923.8535   16.1773
   -7.5000   22.5000  -15.000014669.3359   16.1629
    0.0000   22.5000  -15.000015386.5010   16.1973
    7.5000   22.5000  -15.000014564.0645   16.1691
   -7.5000   30.0000  -15.000014339.0361   15.9688
    0.0000   30.0000  -15.000015065.2568   16.0053
    7.5000   30.0000  -15.000014235.2432   15.9775
   -7.5000   37.5000  -15.000014266.4248   15.9766
    0.0000   37.5000  -15.000014993.7725   16.0175
    7.5000   37.5000  -15.000014170.4590   15.9956
   -7.5000   45.0000  -15.000013390.4951   15.5968
    0.0000   45.0000  -15.000014049.4854   15.6380
    7.5000   45.0000  -15.000013266.5039   15.6211
   -7.5000  -45.0000   -7.5000 8559.0605   17.5759
    0.0000  -45.0000   -7.5000 8985.7471   17.6231
    7.5000  -45.0000   -7.5000 8588.2822   17.5997
   -7.5000  -37.5000   -7.5000 9476.9053   17.0838
    0.0000  -37.5000   -7.5000 9929.3945   17.1267
    7.5000  -37.5000   -7.5000 9483.7939   17.1059
   -7.5000  -30.0000   -7.500010771.0361   16.7317
    0.0000  -30.0000   -7.500011305.7637   16.7704
    7.5000  -30.0000   -7.500010770.0439   16.7447
   -7.5000  -22.5000   -7.500012088.9873   16.4874
    0.0000  -22.5000   -7.500012701.9219   16.5265
    7.5000  -22.5000   -7.500012065.6367   16.4964
   -7.5000  -15.0000   -7.500013403.4814   16.4033
    0.0000  -15.0000   -7.500014079.0186   16.4448
    7.5000  -15.0000   -7.500013368.6318   16.4128
   -7.5000   -7.5000   -7.500014674.7891   16.3730
    0.0000   -7.5000   -7.500015446.9746   16.4173
    7.5000   -7.5000   -7.500014656.4531   16.3914
   -7.5000    0.0000   -7.500015871.2109   16.3690
    0.0000    0.0000   -7.500016751.4336   16.4127
    7.5000    0.0000   -7.500015866.5947   16.3930
   -7.5000    7.5000   -7.500015925.4492   16.3605
    0.0000    7.5000   -7.500016867.3105   16.4003
    7.5000    7.5000   -7.500015908.7012   16.3806
   -7.5000   15.0000   -7.500015794.5186   16.3538
    0.0000   15.0000   -7.500016676.3301   16.3913
    7.5000   15.0000   -7.500015750.4014   16.3673
   -7.5000   22.5000   -7.500015508.1396   16.3494
    0.0000   22.5000   -7.500016187.7578   16.3878
    7.5000   22.5000   -7.500015393.3193   16.3581
   -7.5000   30.0000   -7.500015128.2842   16.1540
    0.0000   30.0000   -7.500015794.6641   16.1948
    7.5000   30.0000   -7.500015024.1572   16.1634
   -7.5000   37.5000   -7.500015045.8936   16.1591
    0.0000   37.5000   -7.500015766.2676   16.2028
    7.5000   37.5000   -7.500014932.2646   16.1772
   -7.5000   45.0000   -7.500014083.0850   15.7766
    0.0000   45.0000   -7.500014794.3584   15.8187
    7.5000   45.0000   -7.500013952.5586   15.7998
   -7.5000  -45.0000    0.0000 8848.8496   17.6342
    0.0000  -45.0000    0.0000 9278.7109   17.6809
    7.5000  -45.0000    0.0000 8870.0586   17.6552
   -7.5000  -37.5000    0.0000 9791.9502   17.1377
    0.0000  -37.5000    0.000010287.7510   17.1824
    7.5000  -37.5000    0.0000 9792.6621   17.1649
   -7.5000  -30.0000    0.000011144.7832   16.7857
    0.0000  -30.0000    0.000011742.4326   16.8279
    7.5000  -30.0000    0.000011146.7432   16.8086
   -7.5000  -22.5000    0.000012510.5039   16.5463
    0.0000  -22.5000    0.000013154.2676   16.5901
    7.5000  -22.5000    0.000012488.1533   16.5647
   -7.5000  -15.0000    0.000013861.1738   16.4655
    0.0000  -15.0000    0.000014560.9922   16.5111
    7.5000  -15.0000    0.000013820.1348   16.4798
   -7.5000   -7.5000    0.000015160.6025   16.4320
    0.0000   -7.5000    0.000015930.6367   16.4779
    7.5000   -7.5000    0.000015143.4990   16.4492
   -7.5000    0.0000    0.000016398.2383   16.4215
    0.0000    0.0000    0.000017233.8066   16.4653
    7.5000    0.0000    0.000016413.0566   16.4439
   -7.5000    7.5000    0.000016515.7852   16.4097
    0.0000    7.5000    0.000017473.8633   16.4510
    7.5000    7.5000    0.000016548.1895   16.4342
   -7.5000   15.0000    0.000016504.7168   16.4057
    0.0000   15.0000    0.000017417.5234   16.4468
    7.5000   15.0000    0.000016510.2285   16.4287
   -7.5000   22.5000    0.000016242.9678   16.4078
    0.0000   22.5000    0.000016950.1641   16.4509
    7.5000   22.5000    0.000016154.6582   16.4259
   -7.5000   30.0000    0.000015858.5137   16.2159
    0.0000   30.0000    0.000016568.5410   16.2607
    7.5000   30.0000    0.000015693.4160   16.2300
   -7.5000   37.5000    0.000015756.7041   16.2177
    0.0000   37.5000    0.000016576.6348   16.2630
    7.5000   37.5000    0.000015553.7197   16.2347
   -7.5000   45.0000    0.000014699.3145   15.8284
    0.0000   45.0000    0.000015487.5000   15.8706
    7.5000   45.0000    0.000014509.6504   15.8500
   -7.5000  -45.0000    7.5000 8397.9902   17.6682
    0.0000  -45.0000    7.5000 8819.9326   17.7151
    7.5000  -45.0000    7.5000 8399.2012   17.6886
   -7.5000  -37.5000    7.5000 9345.8955   17.1631
    0.0000  -37.5000    7.5000 9832.7070   17.2092
    7.5000  -37.5000    7.5000 9350.1807   17.1956
   -7.5000  -30.0000    7.500010678.3223   16.8080
    0.0000  -30.0000    7.500011216.9346   16.8517
    7.5000  -30.0000    7.500010679.2070   16.8388
   -7.5000  -22.5000    7.500011996.2969   16.5727
    0.0000  -22.5000    7.500012559.1553   16.6171
    7.5000  -22.5000    7.500011981.9092   16.5986
   -7.5000  -15.0000    7.500013276.2324   16.4963
    0.0000  -15.0000    7.500013901.3311   16.5416
    7.5000  -15.0000    7.500013275.0430   16.5146
   -7.5000   -7.5000    7.500014508.2520   16.4634
    0.0000   -7.5000    7.500015194.3516   16.5087
    7.5000   -7.5000    7.500014534.0156   16.4805
   -7.5000    0.0000    7.500015736.1367   16.4487
    0.0000    0.0000    7.500016470.5586   16.4926
    7.5000    0.0000    7.500015744.0078   16.4712
   -7.5000    7.5000    7.500015836.2920   16.4311
    0.0000    7.5000    7.500016673.0469   16.4734
    7.5000    7.5000    7.500015835.4180   16.4598
   -7.5000   15.0000    7.500015768.9600   16.4261
    0.0000   15.0000    7.500016671.2402   16.4686
    7.5000   15.0000    7.500015729.0586   16.4567
   -7.5000   22.5000    7.500015523.8047   16.4334
    0.0000   22.5000    7.500016460.0742   16.4771
    7.5000   22.5000    7.500015444.3320   16.4588
   -7.5000   30.0000    7.500015162.6133   16.2462
    0.0000   30.0000    7.500016138.5371   16.2907
    7.5000   30.0000    7.500015060.0830   16.2642
   -7.5000   37.5000    7.500015037.2559   16.2487
    0.0000   37.5000    7.500016020.1592   16.2935
    7.5000   37.5000    7.500014892.6602   16.2656
   -7.5000   45.0000    7.500013988.3838   15.8547
    0.0000   45.0000    7.500014839.3984   15.8970
    7.5000   45.0000    7.500013854.5537   15.8763
   -7.5000  -45.0000   15.0000 7887.8789   17.6830
    0.0000  -45.0000   15.0000 8264.4590   17.7303
    7.5000  -45.0000   15.0000 7896.9912   17.7051
   -7.5000  -37.5000   15.0000 8778.4785   17.1738
    0.0000  -37.5000   15.0000 9218.6797   17.2194
    7.5000  -37.5000   15.0000 8796.3926   17.2061
   -7.5000  -30.0000   15.000010043.1250   16.8161
    0.0000  -30.0000   15.000010557.2344   16.8578
    7.5000  -30.0000   15.000010062.0664   16.8451
   -7.5000  -22.5000   15.000011305.6260   16.5799
    0.0000  -22.5000   15.000011870.8604   16.6212
    7.5000  -22.5000   15.000011304.8730   16.6049
   -7.5000  -15.0000   15.000012540.0820   16.5035
    0.0000  -15.0000   15.000013181.3135   16.5454
    7.5000  -15.0000   15.000012532.7236   16.5222
   -7.5000   -7.5000   15.000013734.6533   16.4727
    0.0000   -7.5000   15.000014434.6494   16.5163
    7.5000   -7.5000   15.000013735.1680   16.4913
   -7.5000    0.0000   15.000014896.9463   16.4598
    0.0000    0.0000   15.000015651.6113   16.5036
    7.5000    0.0000   15.000014883.0850   16.4836
   -7.5000    7.5000   15.000014930.8457   16.4408
    0.0000    7.5000   15.000015723.1016   16.4824
    7.5000    7.5000   15.000014919.1279   16.4689
   -7.5000   15.0000   15.000014764.3008   16.4337
    0.0000   15.0000   15.000015510.8037   16.4740
    7.5000   15.0000   15.000014732.3975   16.4624
   -7.5000   22.5000   15.000014444.3613   16.4399
    0.0000   22.5000   15.000015173.8330   16.4805
    7.5000   22.5000   15.000014390.3125   16.4644
   -7.5000   30.0000   15.000014107.7100   16.2531
    0.0000   30.0000   15.000014831.2549   16.2943
    7.5000   30.0000   15.000014036.4346   16.2715
   -7.5000   37.5000   15.000014076.3428   16.2579
    0.0000   37.5000   15.000014823.4609   16.3010
    7.5000   37.5000   15.000014011.0791   16.2763
   -7.5000   45.0000   15.000013162.4307   15.8653
    0.0000   45.0000   15.000013850.0518   15.9075
    7.5000   45.0000   15.000013103.5107   15.8883
   -7.5000  -45.0000   22.5000 7286.3062   17.7413
    0.0000  -45.0000   22.5000 7679.2617   17.7894
    7.5000  -45.0000   22.5000 7296.1450   17.7670
   -7.5000  -37.5000   22.5000 8118.0249   17.2337
    0.0000  -37.5000   22.5000 8575.7852   17.2778
    7.5000  -37.5000   22.5000 8138.5010   17.2609
   -7.5000  -30.0000   22.5000 9325.1572   16.8742
    0.0000  -30.0000   22.5000 9833.9609   16.9129
    7.5000  -30.0000   22.5000 9335.0098   16.8934
   -7.5000  -22.5000   22.500010505.1367   16.6313
    0.0000  -22.5000   22.500011056.6426   16.6686
    7.5000  -22.5000   22.500010506.9209   16.6469
   -7.5000  -15.0000   22.500011644.4287   16.5501
    0.0000  -15.0000   22.500012239.4512   16.5887
    7.5000  -15.0000   22.500011651.7549   16.5644
   -7.5000   -7.5000   22.500012743.5039   16.5214
    0.0000   -7.5000   22.500013379.7480   16.5637
    7.5000   -7.5000   22.500012751.7246   16.5417
   -7.5000    0.0000   22.500013818.6836   16.5144
    0.0000    0.0000   22.500014493.4111   16.5582
    7.5000    0.0000   22.500013814.2344   16.5403
   -7.5000    7.5000   22.500013821.3984   16.4992
    0.0000    7.5000   22.500014500.4492   16.5397
    7.5000    7.5000   22.500013821.8906   16.5230
   -7.5000   15.0000   22.500013620.8242   16.4905
    0.0000   15.0000   22.500014248.9219   16.5278
    7.5000   15.0000   22.500013612.7344   16.5096
   -7.5000   22.5000   22.500013303.6621   16.4905
    0.0000   22.5000   22.500013909.8955   16.5271
    7.5000   22.5000   22.500013300.1387   16.5056
   -7.5000   30.0000   22.500012985.5508   16.2987
    0.0000   30.0000   22.500013585.8086   16.3366
    7.5000   30.0000   22.500012957.2959   16.3128
   -7.5000   37.5000   22.500013019.5732   16.3059
    0.0000   37.5000   22.500013626.2627   16.3478
    7.5000   37.5000   22.500012974.0879   16.3261
   -7.5000   45.0000   22.500012253.9443   15.9179
    0.0000   45.0000   22.500012832.3066   15.9602
    7.5000   45.0000   22.500012195.6504   15.9430
   -7.5000  -45.0000   30.0000 6696.0972   18.0077
    0.0000  -45.0000   30.0000 7043.5195   18.0573
    7.5000  -45.0000   30.0000 6695.6880   18.0362
   -7.5000  -37.5000   30.0000 7478.8833   17.4946
    0.0000  -37.5000   30.0000 7848.7422   17.5390
    7.5000  -37.5000   30.0000 7478.6426   17.5185
   -7.5000  -30.0000   30.0000 8591.0684   17.1276
    0.0000  -30.0000   30.0000 8999.3477   17.1656
    7.5000  -30.0000   30.0000 8588.4697   17.1393
   -7.5000  -22.5000   30.0000 9651.6387   16.8729
    0.0000  -22.5000   30.000010103.7070   16.9095
    7.5000  -22.5000   30.0000 9658.9053   16.8802
   -7.5000  -15.0000   30.000010701.3486   16.7841
    0.0000  -15.0000   30.000011204.4893   16.8228
    7.5000  -15.0000   30.000010692.4736   16.7938
   -7.5000   -7.5000   30.000011726.0137   16.7558
    0.0000   -7.5000   30.000012270.1436   16.7994
    7.5000   -7.5000   30.000011713.5186   16.7769
   -7.5000    0.0000   30.000012702.1367   16.7549
    0.0000    0.0000   30.000013289.5234   16.8000
    7.5000    0.0000   30.000012699.2939   16.7826
   -7.5000    7.5000   30.000012704.3271   16.7452
    0.0000    7.5000   30.000013308.8506   16.7861
    7.5000    7.5000   30.000012683.7256   16.7664
   -7.5000   15.0000   30.000012522.4160   16.7355
    0.0000   15.0000   30.000013094.0791   16.7722
    7.5000   15.0000   30.000012495.2754   16.7475
   -7.5000   22.5000   30.000012242.4492   16.7284
    0.0000   22.5000   30.000012788.0811   16.7643
    7.5000   22.5000   30.000012205.5342   16.7355
   -7.5000   30.0000   30.000011915.8545   16.5286
    0.0000   30.0000   30.000012460.0762   16.5666
    7.5000   30.0000   30.000011875.3574   16.5382
   -7.5000   37.5000   30.000011979.1943   16.5373
    0.0000   37.5000   30.000012538.0400   16.5803
    7.5000   37.5000   30.000011937.2412   16.5582
   -7.5000   45.0000   30.000011318.1494   16.1498
    0.0000   45.0000   30.000011844.3984   16.1933
    7.5000   45.0000   30.000011262.3350   16.1765
   -7.5000  -45.0000   37.5000 6365.8130   18.4818
    0.0000  -45.0000   37.5000 6677.3931   18.5332
    7.5000  -45.0000   37.5000 6362.0342   18.5089
   -7.5000  -37.5000   37.5000 7118.5938   17.9483
    0.0000  -37.5000   37.5000 7451.2637   17.9953
    7.5000  -37.5000   37.5000 7110.8027   17.9742
   -7.5000  -30.0000   37.5000 8167.9824   17.5669
    0.0000  -30.0000   37.5000 8529.7637   17.6089
    7.5000  -30.0000   37.5000 8152.5273   17.5831
   -7.5000  -22.5000   37.5000 9190.0908   17.3042
    0.0000  -22.5000   37.5000 9587.1191   17.3461
    7.5000  -22.5000   37.5000 9169.0859   17.3152
   -7.5000  -15.0000   37.500010188.1934   17.2127
    0.0000  -15.0000   37.500010664.3574   17.2569
    7.5000  -15.0000   37.500010167.6670   17.2235
   -7.5000   -7.5000   37.500011167.8125   17.1817
    0.0000   -7.5000   37.500011667.7871   17.2292
    7.5000   -7.5000   37.500011127.4600   17.2020
   -7.5000    0.0000   37.500012097.2031   17.1792
    0.0000    0.0000   37.500012639.4990   17.2265
    7.5000    0.0000   37.500012077.0352   17.2060
   -7.5000    7.5000   37.500012100.7217   17.1689
    0.0000    7.5000   37.500012645.6035   17.2123
    7.5000    7.5000   37.500012072.3145   17.1923
   -7.5000   15.0000   37.500011936.5439   17.1592
    0.0000   15.0000   37.500012474.0303   17.1999
    7.5000   15.0000   37.500011901.8115   17.1756
   -7.5000   22.5000   37.500011653.5654   17.1533
    0.0000   22.5000   37.500012173.9521   17.1944
    7.5000   22.5000   37.500011618.8779   17.1640
   -7.5000   30.0000   37.500011333.7500   16.9498
    0.0000   30.0000   37.500011846.1387   16.9932
    7.5000   30.0000   37.500011281.1875   16.9605
   -7.5000   37.5000   37.500011407.0332   16.9576
    0.0000   37.5000   37.500011931.6211   17.0045
    7.5000   37.5000   37.500011357.6992   16.9776
   -7.5000   45.0000   37.500010819.1250   16.5587
    0.0000   45.0000   37.500011324.1699   16.6043
    7.5000   45.0000   37.500010766.7939   16.5846
   -7.5000  -45.0000   45.0000 5793.7534   19.0639
    0.0000  -45.0000   45.0000 6064.7339   19.1156
    7.5000  -45.0000   45.0000 5776.9067   19.0886
   -7.5000  -37.5000   45.0000 6473.4697   18.4874
    0.0000  -37.5000   45.0000 6770.3940   18.5370
    7.5000  -37.5000   45.0000 6455.5195   18.5199
   -7.5000  -30.0000   45.0000 7423.3433   18.0773
    0.0000  -30.0000   45.0000 7739.0293   18.1246
    7.5000  -30.0000   45.0000 7397.8076   18.1056
   -7.5000  -22.5000   45.0000 8358.4160   17.8088
    0.0000  -22.5000   45.0000 8713.6436   17.8581
    7.5000  -22.5000   45.0000 8317.0166   17.8319
   -7.5000  -15.0000   45.0000 9268.8135   17.7239
    0.0000  -15.0000   45.0000 9689.6816   17.7750
    7.5000  -15.0000   45.0000 9228.7393   17.7416
   -7.5000   -7.5000   45.000010175.1504   17.6968
    0.0000   -7.5000   45.000010624.7695   17.7476
    7.5000   -7.5000   45.000010124.0977   17.7169
   -7.5000    0.0000   45.000011039.5732   17.6893
    0.0000    0.0000   45.000011541.9199   17.7373
    7.5000    0.0000   45.000010985.6963   17.7150
   -7.5000    7.5000   45.000011034.9746   17.6659
    0.0000    7.5000   45.000011528.4199   17.7114
    7.5000    7.5000   45.000010988.9092   17.6947
   -7.5000   15.0000   45.000010873.6426   17.6484
    0.0000   15.0000   45.000011366.1855   17.6942
    7.5000   15.0000   45.000010832.7822   17.6764
   -7.5000   22.5000   45.000010606.6309   17.6491
    0.0000   22.5000   45.000011095.6807   17.6976
    7.5000   22.5000   45.000010566.1035   17.6717
   -7.5000   30.0000   45.000010306.3799   17.4504
    0.0000   30.0000   45.000010787.9453   17.5006
    7.5000   30.0000   45.000010264.3848   17.4678
   -7.5000   37.5000   45.000010415.9268   17.4644
    0.0000   37.5000   45.000010897.2646   17.5145
    7.5000   37.5000   45.000010370.9590   17.4842
   -7.5000   45.0000   45.0000 9891.8877   17.0582
    0.0000   45.0000   45.000010351.6807   17.1044
    7.5000   45.0000   45.0000 9858.8242   17.0829

---------------------------------------------------------------------
imgreg_4dfp /opt/freesurfer/average/711-2C_as_mni_average_305 /opt/freesurfer/average/711-2B_as_mni_average_305_mask talsrcimg_g11 none talsrcimg_to_711-2C_as_mni_average_305_t4 4355
---------------------------------------------------------------------

freesurfer imgreg_4dfp.c
/opt/freesurfer/average/711-2C_as_mni_average_305.4dfp.img
       256       256       256         1
  1.000000  1.000000  1.000000
orientation T byte_order littleendian
Reading image: /opt/freesurfer/average/711-2C_as_mni_average_305.4dfp.img
dimensions:      256       256       256
mmppix:       1.0000   -1.0000   -1.0000
center:     128.0000 -129.0000 -129.0000
/opt/freesurfer/average/711-2B_as_mni_average_305_mask.4dfp.img
       256       256       256         1
  1.000000  1.000000  1.000000
orientation T byte_order littleendian
Reading mask: /opt/freesurfer/average/711-2B_as_mni_average_305_mask.4dfp.img (2306576 pixels)
talsrcimg_g11.4dfp.img
       256       256       256         1
  1.000000  1.000000  1.000000
orientation T byte_order littleendian
Reading image: talsrcimg_g11.4dfp.img
dimensions:      256       256       256
mmppix:       1.0000   -1.0000   -1.0000
center:     128.0000 -129.0000 -129.0000
rotation matrix determinant  1.000000
image alignment mode   4355 decimal     1103 hex
   -7.5000  -37.5000  -45.0000 1938.9202   20.8561
    0.0000  -37.5000  -45.0000 1945.6743   20.9017
    7.5000  -37.5000  -45.0000 1938.9006   21.0603
   -7.5000  -30.0000  -45.0000 2065.5208   18.4406
    0.0000  -30.0000  -45.0000 2071.8552   18.4920
    7.5000  -30.0000  -45.0000 2063.2136   18.5617
   -7.5000  -22.5000  -45.0000 2181.3552   16.5483
    0.0000  -22.5000  -45.0000 2196.0369   16.6205
    7.5000  -22.5000  -45.0000 2181.5403   16.6286
   -7.5000  -15.0000  -45.0000 2291.1340   15.0862
    0.0000  -15.0000  -45.0000 2306.9194   15.1493
    7.5000  -15.0000  -45.0000 2290.1201   15.1559
   -7.5000   -7.5000  -45.0000 2382.1997   13.9735
    0.0000   -7.5000  -45.0000 2398.2478   14.0357
    7.5000   -7.5000  -45.0000 2378.4314   14.0294
   -7.5000    0.0000  -45.0000 2439.8037   13.2063
    0.0000    0.0000  -45.0000 2461.8958   13.2631
    7.5000    0.0000  -45.0000 2434.7375   13.2476
   -7.5000    7.5000  -45.0000 2465.8098   12.7478
    0.0000    7.5000  -45.0000 2486.4468   12.7721
    7.5000    7.5000  -45.0000 2465.9429   12.7833
   -7.5000   15.0000  -45.0000 2480.1670   12.5592
    0.0000   15.0000  -45.0000 2502.6780   12.5584
    7.5000   15.0000  -45.0000 2480.0981   12.5952
   -7.5000   22.5000  -45.0000 2480.1870   12.6435
    0.0000   22.5000  -45.0000 2497.5012   12.6218
    7.5000   22.5000  -45.0000 2477.0156   12.6496
   -7.5000   30.0000  -45.0000 2465.0254   12.8916
    0.0000   30.0000  -45.0000 2487.2156   12.8772
    7.5000   30.0000  -45.0000 2463.5007   12.9110
   -7.5000   37.5000  -45.0000 2438.5425   13.3921
    0.0000   37.5000  -45.0000 2458.4678   13.3637
    7.5000   37.5000  -45.0000 2433.9170   13.4061
   -7.5000   45.0000  -45.0000 2394.5676   14.0860
    0.0000   45.0000  -45.0000 2414.0591   14.0548
    7.5000   45.0000  -45.0000 2391.0903   14.1163
   -7.5000   52.5000  -45.0000 2305.9497   14.9708
    0.0000   52.5000  -45.0000 2324.2053   14.9552
    7.5000   52.5000  -45.0000 2301.1155   15.0247
   -7.5000  -37.5000  -37.5000 1985.9591   19.7959
    0.0000  -37.5000  -37.5000 1990.3964   19.8098
    7.5000  -37.5000  -37.5000 1987.8605   19.9215
   -7.5000  -30.0000  -37.5000 2121.4600   17.4719
    0.0000  -30.0000  -37.5000 2126.2981   17.5049
    7.5000  -30.0000  -37.5000 2116.8806   17.5257
   -7.5000  -22.5000  -37.5000 2245.5066   15.6443
    0.0000  -22.5000  -37.5000 2255.2466   15.6969
    7.5000  -22.5000  -37.5000 2242.0178   15.7117
   -7.5000  -15.0000  -37.5000 2354.9983   14.2500
    0.0000  -15.0000  -37.5000 2371.3474   14.2889
    7.5000  -15.0000  -37.5000 2354.2378   14.3177
   -7.5000   -7.5000  -37.5000 2451.9661   13.1704
    0.0000   -7.5000  -37.5000 2467.8838   13.1910
    7.5000   -7.5000  -37.5000 2449.4246   13.2172
   -7.5000    0.0000  -37.5000 2519.2632   12.3850
    0.0000    0.0000  -37.5000 2539.2019   12.3939
    7.5000    0.0000  -37.5000 2514.2209   12.3986
   -7.5000    7.5000  -37.5000 2554.0554   11.9149
    0.0000    7.5000  -37.5000 2572.0789   11.9100
    7.5000    7.5000  -37.5000 2553.0613   11.9194
   -7.5000   15.0000  -37.5000 2577.3760   11.6993
    0.0000   15.0000  -37.5000 2592.5264   11.6938
    7.5000   15.0000  -37.5000 2573.0227   11.7219
   -7.5000   22.5000  -37.5000 2583.8391   11.7417
    0.0000   22.5000  -37.5000 2602.2974   11.7228
    7.5000   22.5000  -37.5000 2577.1592   11.7443
   -7.5000   30.0000  -37.5000 2570.6313   12.0057
    0.0000   30.0000  -37.5000 2590.4902   11.9831
    7.5000   30.0000  -37.5000 2564.2576   12.0288
   -7.5000   37.5000  -37.5000 2535.8142   12.4890
    0.0000   37.5000  -37.5000 2555.8865   12.4586
    7.5000   37.5000  -37.5000 2533.5618   12.5179
   -7.5000   45.0000  -37.5000 2486.3049   13.1385
    0.0000   45.0000  -37.5000 2510.1626   13.1185
    7.5000   45.0000  -37.5000 2482.0745   13.1731
   -7.5000   52.5000  -37.5000 2392.1030   13.9426
    0.0000   52.5000  -37.5000 2415.0068   13.9353
    7.5000   52.5000  -37.5000 2389.5566   13.9983
   -7.5000  -37.5000  -30.0000 2070.6765   19.5396
    0.0000  -37.5000  -30.0000 2075.3162   19.5566
    7.5000  -37.5000  -30.0000 2067.2439   19.6159
   -7.5000  -30.0000  -30.0000 2207.5857   17.2293
    0.0000  -30.0000  -30.0000 2215.7019   17.2285
    7.5000  -30.0000  -30.0000 2205.0447   17.2519
   -7.5000  -22.5000  -30.0000 2335.9282   15.4108
    0.0000  -22.5000  -30.0000 2345.3269   15.3893
    7.5000  -22.5000  -30.0000 2333.5852   15.4264
   -7.5000  -15.0000  -30.0000 2451.4155   13.9618
    0.0000  -15.0000  -30.0000 2465.3015   13.9516
    7.5000  -15.0000  -30.0000 2450.9211   14.0120
   -7.5000   -7.5000  -30.0000 2555.0696   12.8543
    0.0000   -7.5000  -30.0000 2567.7322   12.8259
    7.5000   -7.5000  -30.0000 2553.4949   12.8879
   -7.5000    0.0000  -30.0000 2632.2668   12.0438
    0.0000    0.0000  -30.0000 2651.9041   12.0275
    7.5000    0.0000  -30.0000 2630.1282   12.0642
   -7.5000    7.5000  -30.0000 2676.7378   11.5420
    0.0000    7.5000  -30.0000 2697.5132   11.5169
    7.5000    7.5000  -30.0000 2680.7271   11.5398
   -7.5000   15.0000  -30.0000 2708.1963   11.2943
    0.0000   15.0000  -30.0000 2726.6335   11.2514
    7.5000   15.0000  -30.0000 2704.9346   11.2924
   -7.5000   22.5000  -30.0000 2727.0312   11.2676
    0.0000   22.5000  -30.0000 2744.2483   11.2414
    7.5000   22.5000  -30.0000 2719.3271   11.2740
   -7.5000   30.0000  -30.0000 2715.9834   11.5777
    0.0000   30.0000  -30.0000 2739.0039   11.5455
    7.5000   30.0000  -30.0000 2709.1626   11.5898
   -7.5000   37.5000  -30.0000 2679.8799   12.0792
    0.0000   37.5000  -30.0000 2705.8486   12.0388
    7.5000   37.5000  -30.0000 2682.0286   12.0970
   -7.5000   45.0000  -30.0000 2625.8284   12.7358
    0.0000   45.0000  -30.0000 2652.3110   12.6867
    7.5000   45.0000  -30.0000 2626.9951   12.7607
   -7.5000   52.5000  -30.0000 2524.7319   13.5110
    0.0000   52.5000  -30.0000 2546.4382   13.4565
    7.5000   52.5000  -30.0000 2522.6672   13.5420
   -7.5000  -37.5000  -22.5000 2126.6057   19.1577
    0.0000  -37.5000  -22.5000 2134.0923   19.1596
    7.5000  -37.5000  -22.5000 2121.3196   19.2024
   -7.5000  -30.0000  -22.5000 2261.9336   16.8412
    0.0000  -30.0000  -22.5000 2270.8650   16.7878
    7.5000  -30.0000  -22.5000 2258.4434   16.8787
   -7.5000  -22.5000  -22.5000 2394.6272   15.0354
    0.0000  -22.5000  -22.5000 2409.4258   14.9711
    7.5000  -22.5000  -22.5000 2390.9526   15.0383
   -7.5000  -15.0000  -22.5000 2511.5459   13.5918
    0.0000  -15.0000  -22.5000 2526.7271   13.5450
    7.5000  -15.0000  -22.5000 2513.0750   13.6109
   -7.5000   -7.5000  -22.5000 2620.8435   12.4661
    0.0000   -7.5000  -22.5000 2634.4187   12.4136
    7.5000   -7.5000  -22.5000 2626.5815   12.5029
   -7.5000    0.0000  -22.5000 2709.0469   11.6232
    0.0000    0.0000  -22.5000 2729.7590   11.5718
    7.5000    0.0000  -22.5000 2716.3184   11.6592
   -7.5000    7.5000  -22.5000 2770.3071   11.0935
    0.0000    7.5000  -22.5000 2795.4756   11.0410
    7.5000    7.5000  -22.5000 2776.8765   11.1123
   -7.5000   15.0000  -22.5000 2809.7539   10.8072
    0.0000   15.0000  -22.5000 2832.8772   10.7245
    7.5000   15.0000  -22.5000 2812.5894   10.8002
   -7.5000   22.5000  -22.5000 2835.4602   10.7439
    0.0000   22.5000  -22.5000 2859.7510   10.6796
    7.5000   22.5000  -22.5000 2833.3701   10.7446
   -7.5000   30.0000  -22.5000 2830.9014   11.1026
    0.0000   30.0000  -22.5000 2858.0898   11.0099
    7.5000   30.0000  -22.5000 2829.3374   11.0932
   -7.5000   37.5000  -22.5000 2797.8601   11.6076
    0.0000   37.5000  -22.5000 2827.5190   11.5209
    7.5000   37.5000  -22.5000 2802.7507   11.5922
   -7.5000   45.0000  -22.5000 2738.3831   12.2418
    0.0000   45.0000  -22.5000 2761.8601   12.1614
    7.5000   45.0000  -22.5000 2739.3335   12.2567
   -7.5000   52.5000  -22.5000 2623.8423   13.0039
    0.0000   52.5000  -22.5000 2644.7913   12.9205
    7.5000   52.5000  -22.5000 2623.3140   13.0204
   -7.5000  -37.5000  -15.0000 2151.2969   18.8591
    0.0000  -37.5000  -15.0000 2159.9180   18.8227
    7.5000  -37.5000  -15.0000 2152.7693   18.9441
   -7.5000  -30.0000  -15.0000 2284.4663   16.5038
    0.0000  -30.0000  -15.0000 2297.4675   16.4625
    7.5000  -30.0000  -15.0000 2282.8433   16.5475
   -7.5000  -22.5000  -15.0000 2415.9688   14.6784
    0.0000  -22.5000  -15.0000 2435.3870   14.6442
    7.5000  -22.5000  -15.0000 2416.9700   14.7126
   -7.5000  -15.0000  -15.0000 2533.5867   13.2696
    0.0000  -15.0000  -15.0000 2552.1250   13.2059
    7.5000  -15.0000  -15.0000 2535.6829   13.2893
   -7.5000   -7.5000  -15.0000 2650.5154   12.1591
    0.0000   -7.5000  -15.0000 2671.8125   12.0770
    7.5000   -7.5000  -15.0000 2654.1086   12.1708
   -7.5000    0.0000  -15.0000 2747.8408   11.3008
    0.0000    0.0000  -15.0000 2773.0547   11.2250
    7.5000    0.0000  -15.0000 2759.2390   11.3164
   -7.5000    7.5000  -15.0000 2831.6865   10.7457
    0.0000    7.5000  -15.0000 2859.5544   10.6491
    7.5000    7.5000  -15.0000 2840.4448   10.7566
   -7.5000   15.0000  -15.0000 2882.7122   10.4171
    0.0000   15.0000  -15.0000 2910.5542   10.3112
    7.5000   15.0000  -15.0000 2892.1179   10.4176
   -7.5000   22.5000  -15.0000 2919.9673   10.3477
    0.0000   22.5000  -15.0000 2944.4148   10.2005
    7.5000   22.5000  -15.0000 2921.0432   10.3321
   -7.5000   30.0000  -15.0000 2914.2095   10.6993
    0.0000   30.0000  -15.0000 2939.8953   10.5493
    7.5000   30.0000  -15.0000 2911.9690   10.6798
   -7.5000   37.5000  -15.0000 2875.1140   11.1924
    0.0000   37.5000  -15.0000 2900.4514   11.0547
    7.5000   37.5000  -15.0000 2877.1765   11.1850
   -7.5000   45.0000  -15.0000 2807.7168   11.8154
    0.0000   45.0000  -15.0000 2827.4558   11.6718
    7.5000   45.0000  -15.0000 2807.3289   11.8338
   -7.5000   52.5000  -15.0000 2683.8149   12.5945
    0.0000   52.5000  -15.0000 2706.0798   12.4532
    7.5000   52.5000  -15.0000 2685.1426   12.6042
   -7.5000  -37.5000   -7.5000 2157.2493   18.7283
    0.0000  -37.5000   -7.5000 2173.2473   18.6653
    7.5000  -37.5000   -7.5000 2157.6667   18.8165
   -7.5000  -30.0000   -7.5000 2291.2668   16.4097
    0.0000  -30.0000   -7.5000 2308.5808   16.2981
    7.5000  -30.0000   -7.5000 2294.5710   16.4410
   -7.5000  -22.5000   -7.5000 2418.4932   14.5565
    0.0000  -22.5000   -7.5000 2437.9822   14.4545
    7.5000  -22.5000   -7.5000 2423.2634   14.5671
   -7.5000  -15.0000   -7.5000 2537.9902   13.1071
    0.0000  -15.0000   -7.5000 2552.3008   13.0082
    7.5000  -15.0000   -7.5000 2540.5605   13.1229
   -7.5000   -7.5000   -7.5000 2654.6086   11.9817
    0.0000   -7.5000   -7.5000 2672.6948   11.8869
    7.5000   -7.5000   -7.5000 2657.4202   11.9850
   -7.5000    0.0000   -7.5000 2759.0820   11.1041
    0.0000    0.0000   -7.5000 2781.4939   11.0162
    7.5000    0.0000   -7.5000 2766.3525   11.1271
   -7.5000    7.5000   -7.5000 2856.4861   10.5181
    0.0000    7.5000   -7.5000 2882.2974   10.4279
    7.5000    7.5000   -7.5000 2861.8560   10.5416
   -7.5000   15.0000   -7.5000 2925.8601   10.2069
    0.0000   15.0000   -7.5000 2952.0977   10.0782
    7.5000   15.0000   -7.5000 2932.8337   10.1962
   -7.5000   22.5000   -7.5000 2979.3523   10.1339
    0.0000   22.5000   -7.5000 3007.1604    9.9167
    7.5000   22.5000   -7.5000 2975.7097   10.1199
   -7.5000   30.0000   -7.5000 2972.6802   10.4483
    0.0000   30.0000   -7.5000 2996.1360   10.2205
    7.5000   30.0000   -7.5000 2964.8345   10.4309
   -7.5000   37.5000   -7.5000 2919.6780   10.9321
    0.0000   37.5000   -7.5000 2942.1099   10.7136
    7.5000   37.5000   -7.5000 2916.7078   10.9271
   -7.5000   45.0000   -7.5000 2839.3518   11.5522
    0.0000   45.0000   -7.5000 2862.5469   11.3744
    7.5000   45.0000   -7.5000 2837.2014   11.5632
   -7.5000   52.5000   -7.5000 2716.5957   12.3157
    0.0000   52.5000   -7.5000 2739.4392   12.1815
    7.5000   52.5000   -7.5000 2716.6006   12.3073
   -7.5000  -37.5000    0.0000 2145.1643   18.8646
    0.0000  -37.5000    0.0000 2162.3005   18.7067
    7.5000  -37.5000    0.0000 2146.3755   18.8729
   -7.5000  -30.0000    0.0000 2282.3455   16.4777
    0.0000  -30.0000    0.0000 2302.4124   16.3675
    7.5000  -30.0000    0.0000 2286.7283   16.4600
   -7.5000  -22.5000    0.0000 2407.0974   14.5795
    0.0000  -22.5000    0.0000 2426.1929   14.4652
    7.5000  -22.5000    0.0000 2408.6814   14.5891
   -7.5000  -15.0000    0.0000 2522.2695   13.1321
    0.0000  -15.0000    0.0000 2536.0598   13.0009
    7.5000  -15.0000    0.0000 2519.2971   13.1499
   -7.5000   -7.5000    0.0000 2639.9463   11.9903
    0.0000   -7.5000    0.0000 2653.3628   11.8613
    7.5000   -7.5000    0.0000 2636.9617   12.0113
   -7.5000    0.0000    0.0000 2750.6382   11.1148
    0.0000    0.0000    0.0000 2766.3513   10.9819
    7.5000    0.0000    0.0000 2753.5557   11.1529
   -7.5000    7.5000    0.0000 2854.9243   10.5351
    0.0000    7.5000    0.0000 2871.5935   10.3994
    7.5000    7.5000    0.0000 2855.9822   10.5872
   -7.5000   15.0000    0.0000 2937.0593   10.2438
    0.0000   15.0000    0.0000 2961.0061   10.1129
    7.5000   15.0000    0.0000 2938.6348   10.2683
   -7.5000   22.5000    0.0000 2999.9338   10.2022
    0.0000   22.5000    0.0000 3036.8997   10.0221
    7.5000   22.5000    0.0000 2993.3547   10.2080
   -7.5000   30.0000    0.0000 2996.3884   10.4310
    0.0000   30.0000    0.0000 3032.6912   10.2032
    7.5000   30.0000    0.0000 2985.5083   10.4216
   -7.5000   37.5000    0.0000 2933.7517   10.8590
    0.0000   37.5000    0.0000 2963.5527   10.7054
    7.5000   37.5000    0.0000 2925.7844   10.8481
   -7.5000   45.0000    0.0000 2843.1936   11.4786
    0.0000   45.0000    0.0000 2866.5190   11.3447
    7.5000   45.0000    0.0000 2844.3677   11.4556
   -7.5000   52.5000    0.0000 2716.9604   12.2424
    0.0000   52.5000    0.0000 2738.4280   12.1124
    7.5000   52.5000    0.0000 2718.9319   12.2086
   -7.5000  -37.5000    7.5000 2116.0933   19.2111
    0.0000  -37.5000    7.5000 2133.4595   19.1144
    7.5000  -37.5000    7.5000 2117.2849   19.2533
   -7.5000  -30.0000    7.5000 2260.4194   16.7523
    0.0000  -30.0000    7.5000 2278.3921   16.6255
    7.5000  -30.0000    7.5000 2262.4434   16.7892
   -7.5000  -22.5000    7.5000 2387.8442   14.8216
    0.0000  -22.5000    7.5000 2402.0847   14.6491
    7.5000  -22.5000    7.5000 2387.6101   14.8859
   -7.5000  -15.0000    7.5000 2501.0142   13.3582
    0.0000  -15.0000    7.5000 2511.1270   13.1552
    7.5000  -15.0000    7.5000 2499.4700   13.4020
   -7.5000   -7.5000    7.5000 2616.5674   12.2430
    0.0000   -7.5000    7.5000 2624.5200   12.0666
    7.5000   -7.5000    7.5000 2615.4644   12.2923
   -7.5000    0.0000    7.5000 2729.3049   11.3850
    0.0000    0.0000    7.5000 2739.2283   11.2429
    7.5000    0.0000    7.5000 2724.3438   11.4298
   -7.5000    7.5000    7.5000 2834.7275   10.8019
    0.0000    7.5000    7.5000 2848.0051   10.6636
    7.5000    7.5000    7.5000 2826.5725   10.8462
   -7.5000   15.0000    7.5000 2920.7354   10.4607
    0.0000   15.0000    7.5000 2948.7280   10.3869
    7.5000   15.0000    7.5000 2913.1475   10.5062
   -7.5000   22.5000    7.5000 2980.6819   10.4041
    0.0000   22.5000    7.5000 3019.7905   10.3034
    7.5000   22.5000    7.5000 2968.9353   10.4591
   -7.5000   30.0000    7.5000 2967.9172   10.6256
    0.0000   30.0000    7.5000 3009.6477   10.5633
    7.5000   30.0000    7.5000 2961.7422   10.6509
   -7.5000   37.5000    7.5000 2912.2993   10.9942
    0.0000   37.5000    7.5000 2950.2754   10.9551
    7.5000   37.5000    7.5000 2907.6868   11.0184
   -7.5000   45.0000    7.5000 2821.6980   11.6166
    0.0000   45.0000    7.5000 2850.0120   11.5273
    7.5000   45.0000    7.5000 2824.0862   11.6075
   -7.5000   52.5000    7.5000 2695.5713   12.3445
    0.0000   52.5000    7.5000 2714.2253   12.2386
    7.5000   52.5000    7.5000 2696.2031   12.3200
   -7.5000  -37.5000   15.0000 2074.5659   19.7755
    0.0000  -37.5000   15.0000 2086.0608   19.6387
    7.5000  -37.5000   15.0000 2076.7815   19.8824
   -7.5000  -30.0000   15.0000 2226.7493   17.2389
    0.0000  -30.0000   15.0000 2238.2327   17.0630
    7.5000  -30.0000   15.0000 2228.3516   17.3153
   -7.5000  -22.5000   15.0000 2360.8972   15.3063
    0.0000  -22.5000   15.0000 2370.7910   15.1217
    7.5000  -22.5000   15.0000 2358.7273   15.3687
   -7.5000  -15.0000   15.0000 2474.2964   13.8629
    0.0000  -15.0000   15.0000 2486.5188   13.7131
    7.5000  -15.0000   15.0000 2467.6956   13.9279
   -7.5000   -7.5000   15.0000 2582.4548   12.7371
    0.0000   -7.5000   15.0000 2596.8496   12.6131
    7.5000   -7.5000   15.0000 2578.1299   12.8171
   -7.5000    0.0000   15.0000 2693.3513   11.8611
    0.0000    0.0000   15.0000 2706.6855   11.7284
    7.5000    0.0000   15.0000 2684.5828   11.9327
   -7.5000    7.5000   15.0000 2792.6931   11.2211
    0.0000    7.5000   15.0000 2806.7959   11.1176
    7.5000    7.5000   15.0000 2782.2490   11.2728
   -7.5000   15.0000   15.0000 2869.5581   10.8565
    0.0000   15.0000   15.0000 2895.6216   10.7398
    7.5000   15.0000   15.0000 2863.4172   10.9102
   -7.5000   22.5000   15.0000 2915.4639   10.7491
    0.0000   22.5000   15.0000 2942.8992   10.6235
    7.5000   22.5000   15.0000 2907.6316   10.7903
   -7.5000   30.0000   15.0000 2906.2749   10.9361
    0.0000   30.0000   15.0000 2934.9177   10.8376
    7.5000   30.0000   15.0000 2903.7866   10.9420
   -7.5000   37.5000   15.0000 2861.4487   11.3487
    0.0000   37.5000   15.0000 2889.7463   11.2638
    7.5000   37.5000   15.0000 2859.3691   11.3730
   -7.5000   45.0000   15.0000 2775.6941   11.9843
    0.0000   45.0000   15.0000 2801.2673   11.8930
    7.5000   45.0000   15.0000 2776.7146   12.0059
   -7.5000   52.5000   15.0000 2652.7100   12.6819
    0.0000   52.5000   15.0000 2673.7805   12.5835
    7.5000   52.5000   15.0000 2651.0396   12.6942
   -7.5000  -37.5000   22.5000 2027.8401   20.6923
    0.0000  -37.5000   22.5000 2039.8914   20.5869
    7.5000  -37.5000   22.5000 2028.8212   20.8566
   -7.5000  -30.0000   22.5000 2187.9980   18.0432
    0.0000  -30.0000   22.5000 2198.0574   17.9131
    7.5000  -30.0000   22.5000 2183.3723   18.1726
   -7.5000  -22.5000   22.5000 2323.7471   16.0398
    0.0000  -22.5000   22.5000 2334.8376   15.8864
    7.5000  -22.5000   22.5000 2317.6565   16.1409
   -7.5000  -15.0000   22.5000 2438.0852   14.5490
    0.0000  -15.0000   22.5000 2450.9192   14.3829
    7.5000  -15.0000   22.5000 2429.2253   14.6418
   -7.5000   -7.5000   22.5000 2544.9722   13.3877
    0.0000   -7.5000   22.5000 2556.8855   13.2173
    7.5000   -7.5000   22.5000 2536.1099   13.4768
   -7.5000    0.0000   22.5000 2650.6533   12.4629
    0.0000    0.0000   22.5000 2664.3750   12.3099
    7.5000    0.0000   22.5000 2641.0183   12.5386
   -7.5000    7.5000   22.5000 2742.1899   11.7774
    0.0000    7.5000   22.5000 2754.2600   11.6269
    7.5000    7.5000   22.5000 2733.3557   11.8393
   -7.5000   15.0000   22.5000 2803.8557   11.3711
    0.0000   15.0000   22.5000 2821.5000   11.2080
    7.5000   15.0000   22.5000 2795.4890   11.4313
   -7.5000   22.5000   22.5000 2835.6980   11.2353
    0.0000   22.5000   22.5000 2846.9460   11.1049
    7.5000   22.5000   22.5000 2828.2009   11.2939
   -7.5000   30.0000   22.5000 2823.6196   11.4050
    0.0000   30.0000   22.5000 2845.4370   11.2640
    7.5000   30.0000   22.5000 2821.2925   11.4038
   -7.5000   37.5000   22.5000 2784.5874   11.8219
    0.0000   37.5000   22.5000 2809.0669   11.7209
    7.5000   37.5000   22.5000 2782.5920   11.8460
   -7.5000   45.0000   22.5000 2711.6277   12.4758
    0.0000   45.0000   22.5000 2737.4246   12.3685
    7.5000   45.0000   22.5000 2709.5325   12.4967
   -7.5000   52.5000   22.5000 2597.0190   13.1719
    0.0000   52.5000   22.5000 2616.9504   13.0624
    7.5000   52.5000   22.5000 2597.7104   13.1934
   -7.5000  -37.5000   30.0000 1980.3147   21.9073
    0.0000  -37.5000   30.0000 1987.2943   21.7287
    7.5000  -37.5000   30.0000 1974.0117   22.0663
   -7.5000  -30.0000   30.0000 2138.9158   19.0988
    0.0000  -30.0000   30.0000 2144.0591   18.8871
    7.5000  -30.0000   30.0000 2128.1370   19.2000
   -7.5000  -22.5000   30.0000 2272.0151   16.9519
    0.0000  -22.5000   30.0000 2280.0166   16.7367
    7.5000  -22.5000   30.0000 2265.5220   17.0392
   -7.5000  -15.0000   30.0000 2384.2708   15.3801
    0.0000  -15.0000   30.0000 2398.6589   15.1507
    7.5000  -15.0000   30.0000 2376.1289   15.4335
   -7.5000   -7.5000   30.0000 2492.7102   14.1773
    0.0000   -7.5000   30.0000 2507.4224   13.9656
    7.5000   -7.5000   30.0000 2482.9395   14.2392
   -7.5000    0.0000   30.0000 2591.5676   13.2112
    0.0000    0.0000   30.0000 2606.3528   13.0280
    7.5000    0.0000   30.0000 2582.3916   13.3010
   -7.5000    7.5000   30.0000 2671.3472   12.4898
    0.0000    7.5000   30.0000 2689.5149   12.3189
    7.5000    7.5000   30.0000 2662.7710   12.5542
   -7.5000   15.0000   30.0000 2722.2698   12.0737
    0.0000   15.0000   30.0000 2741.0540   11.9220
    7.5000   15.0000   30.0000 2714.5493   12.1365
   -7.5000   22.5000   30.0000 2745.9426   11.9344
    0.0000   22.5000   30.0000 2757.1934   11.7911
    7.5000   22.5000   30.0000 2738.0232   11.9663
   -7.5000   30.0000   30.0000 2732.7705   12.0360
    0.0000   30.0000   30.0000 2754.4031   11.8940
    7.5000   30.0000   30.0000 2731.9492   12.0296
   -7.5000   37.5000   30.0000 2694.1860   12.4605
    0.0000   37.5000   30.0000 2720.8975   12.3573
    7.5000   37.5000   30.0000 2693.7471   12.4941
   -7.5000   45.0000   30.0000 2632.3694   13.0988
    0.0000   45.0000   30.0000 2654.3547   12.9952
    7.5000   45.0000   30.0000 2628.9668   13.1168
   -7.5000   52.5000   30.0000 2524.1885   13.7964
    0.0000   52.5000   30.0000 2544.2717   13.6985
    7.5000   52.5000   30.0000 2523.6716   13.8178
   -7.5000  -37.5000   37.5000 1921.7219   23.5009
    0.0000  -37.5000   37.5000 1928.5035   23.2872
    7.5000  -37.5000   37.5000 1912.4845   23.6283
   -7.5000  -30.0000   37.5000 2080.3438   20.4016
    0.0000  -30.0000   37.5000 2084.4756   20.1398
    7.5000  -30.0000   37.5000 2067.0320   20.4881
   -7.5000  -22.5000   37.5000 2212.9153   18.1179
    0.0000  -22.5000   37.5000 2219.3098   17.8517
    7.5000  -22.5000   37.5000 2203.7510   18.1494
   -7.5000  -15.0000   37.5000 2322.8127   16.4352
    0.0000  -15.0000   37.5000 2341.3604   16.1869
    7.5000  -15.0000   37.5000 2315.0112   16.4536
   -7.5000   -7.5000   37.5000 2429.4668   15.1508
    0.0000   -7.5000   37.5000 2444.7024   14.9211
    7.5000   -7.5000   37.5000 2418.7742   15.1973
   -7.5000    0.0000   37.5000 2521.0547   14.1520
    0.0000    0.0000   37.5000 2537.9075   13.9646
    7.5000    0.0000   37.5000 2511.8708   14.2263
   -7.5000    7.5000   37.5000 2591.0125   13.4190
    0.0000    7.5000   37.5000 2610.5684   13.2467
    7.5000    7.5000   37.5000 2582.7087   13.4794
   -7.5000   15.0000   37.5000 2634.6812   12.9636
    0.0000   15.0000   37.5000 2652.2368   12.8459
    7.5000   15.0000   37.5000 2626.4978   13.0204
   -7.5000   22.5000   37.5000 2650.2842   12.7934
    0.0000   22.5000   37.5000 2664.6294   12.6805
    7.5000   22.5000   37.5000 2645.5706   12.8475
   -7.5000   30.0000   37.5000 2639.7610   12.8836
    0.0000   30.0000   37.5000 2659.3347   12.7885
    7.5000   30.0000   37.5000 2636.7271   12.9019
   -7.5000   37.5000   37.5000 2603.1516   13.2982
    0.0000   37.5000   37.5000 2627.5425   13.2271
    7.5000   37.5000   37.5000 2600.6047   13.3495
   -7.5000   45.0000   37.5000 2550.0117   13.9061
    0.0000   45.0000   37.5000 2573.2856   13.8213
    7.5000   45.0000   37.5000 2544.8977   13.9408
   -7.5000   52.5000   37.5000 2449.0913   14.6225
    0.0000   52.5000   37.5000 2470.0615   14.5360
    7.5000   52.5000   37.5000 2446.0769   14.6440
   -7.5000  -37.5000   45.0000 1852.4307   25.4483
    0.0000  -37.5000   45.0000 1864.9297   25.2224
    7.5000  -37.5000   45.0000 1845.0110   25.5682
   -7.5000  -30.0000   45.0000 2009.5724   22.0699
    0.0000  -30.0000   45.0000 2019.0574   21.7852
    7.5000  -30.0000   45.0000 2000.5017   22.1377
   -7.5000  -22.5000   45.0000 2140.9668   19.5961
    0.0000  -22.5000   45.0000 2151.4314   19.3485
    7.5000  -22.5000   45.0000 2130.6436   19.6235
   -7.5000  -15.0000   45.0000 2247.0530   17.7775
    0.0000  -15.0000   45.0000 2265.6216   17.5812
    7.5000  -15.0000   45.0000 2237.6653   17.8098
   -7.5000   -7.5000   45.0000 2352.3191   16.3797
    0.0000   -7.5000   45.0000 2367.7048   16.1927
    7.5000   -7.5000   45.0000 2340.0520   16.4275
   -7.5000    0.0000   45.0000 2440.6445   15.3528
    0.0000    0.0000   45.0000 2459.4392   15.1716
    7.5000    0.0000   45.0000 2429.6072   15.3794
   -7.5000    7.5000   45.0000 2503.5527   14.5645
    0.0000    7.5000   45.0000 2521.3965   14.4214
    7.5000    7.5000   45.0000 2495.2297   14.6137
   -7.5000   15.0000   45.0000 2537.2300   14.0542
    0.0000   15.0000   45.0000 2550.5864   13.9730
    7.5000   15.0000   45.0000 2528.7317   14.1447
   -7.5000   22.5000   45.0000 2545.8511   13.8431
    0.0000   22.5000   45.0000 2564.9019   13.7546
    7.5000   22.5000   45.0000 2542.7559   13.9114
   -7.5000   30.0000   45.0000 2536.6594   13.9058
    0.0000   30.0000   45.0000 2556.3518   13.8538
    7.5000   30.0000   45.0000 2536.8301   13.9682
   -7.5000   37.5000   45.0000 2504.1028   14.3618
    0.0000   37.5000   45.0000 2527.0312   14.2989
    7.5000   37.5000   45.0000 2504.2190   14.4076
   -7.5000   45.0000   45.0000 2457.2249   14.9652
    0.0000   45.0000   45.0000 2479.3843   14.9073
    7.5000   45.0000   45.0000 2458.2285   15.0050
   -7.5000   52.5000   45.0000 2367.5144   15.6696
    0.0000   52.5000   45.0000 2385.4128   15.5879
    7.5000   52.5000   45.0000 2365.4075   15.6790

---------------------------------------------------------------------
imgreg_4dfp /opt/freesurfer/average/711-2C_as_mni_average_305 /opt/freesurfer/average/711-2B_as_mni_average_305_mask talsrcimg_g11 none talsrcimg_to_711-2C_as_mni_average_305_t4 1283
---------------------------------------------------------------------

freesurfer imgreg_4dfp.c
/opt/freesurfer/average/711-2C_as_mni_average_305.4dfp.img
       256       256       256         1
  1.000000  1.000000  1.000000
orientation T byte_order littleendian
Reading image: /opt/freesurfer/average/711-2C_as_mni_average_305.4dfp.img
dimensions:      256       256       256
mmppix:       1.0000   -1.0000   -1.0000
center:     128.0000 -129.0000 -129.0000
/opt/freesurfer/average/711-2B_as_mni_average_305_mask.4dfp.img
       256       256       256         1
  1.000000  1.000000  1.000000
orientation T byte_order littleendian
Reading mask: /opt/freesurfer/average/711-2B_as_mni_average_305_mask.4dfp.img (2306576 pixels)
talsrcimg_g11.4dfp.img
       256       256       256         1
  1.000000  1.000000  1.000000
orientation T byte_order littleendian
Reading image: talsrcimg_g11.4dfp.img
dimensions:      256       256       256
mmppix:       1.0000   -1.0000   -1.0000
center:     128.0000 -129.0000 -129.0000
rotation matrix determinant  1.000000
fimgreg.f
image alignment mode   1283 decimal      503 hex
parameters
    0.0000   22.5000    0.0000    0.0000    0.0000    0.0000
eta,q 0.95323 10.05433
niter,ni,del,rscale     5    3   12.0000    1.2000
parameter  4  0.591625 ->  0.500000 qaram    1.1500
parameters
   -0.1158   25.2140    0.9842   -3.4500    0.9900    0.8634
eta,q 0.95767 10.04380
  0.0553  0.0633  0.0557  0.0431  0.0506  0.0472
  0.0517  0.0570  0.0524  0.0428  0.0476  0.0447
  0.0488  0.0510  0.0478  0.0430  0.0451  0.0428
  0.0466  0.0466  0.0446  0.0439  0.0428  0.0422
  0.0480  0.0447  0.0442  0.0456  0.0422  0.0426
  0.0515  0.0450  0.0474  0.0487  0.0440  0.0433
  0.0568  0.0481  0.0514  0.0522  0.0476  0.0448
niter,ni,del,rscale     5    3   12.0000    1.2000
parameters
   -0.3754   26.8979    0.6429   -4.5419    1.2385    0.3167
eta,q 0.95776 10.03045
  0.0538  0.0601  0.0515  0.0466  0.0490  0.0448
  0.0486  0.0515  0.0467  0.0416  0.0466  0.0428
  0.0440  0.0445  0.0433  0.0420  0.0441  0.0421
  0.0423  0.0422  0.0425  0.0424  0.0424  0.0423
  0.0451  0.0427  0.0448  0.0433  0.0427  0.0427
  0.0496  0.0442  0.0488  0.0456  0.0450  0.0439
  0.0560  0.0465  0.0530  0.0492  0.0489  0.0455
niter,ni,del,rscale     4    3   12.0000    1.2000
parameters
   -0.4019   27.6742    0.4228   -5.2496    1.4114    0.1740
eta,q 0.95776 10.02053
  0.0529  0.0553  0.0514  0.0475  0.0488  0.0456
  0.0480  0.0465  0.0466  0.0423  0.0462  0.0431
  0.0442  0.0421  0.0434  0.0416  0.0438  0.0421
  0.0422  0.0422  0.0425  0.0425  0.0423  0.0423
  0.0437  0.0430  0.0443  0.0435  0.0427  0.0426
  0.0474  0.0449  0.0480  0.0455  0.0450  0.0438
  0.0537  0.0481  0.0522  0.0486  0.0489  0.0454
niter,ni,del,rscale     3    3   12.0000    1.2000
parameters
   -0.4166   27.9690    0.3130   -5.4714    1.4749    0.1340
eta,q 0.95776 10.01735
  0.0522  0.0531  0.0513  0.0488  0.0486  0.0458
  0.0472  0.0448  0.0467  0.0433  0.0460  0.0433
  0.0439  0.0417  0.0433  0.0415  0.0436  0.0422
  0.0422  0.0422  0.0424  0.0424  0.0423  0.0422
  0.0433  0.0430  0.0439  0.0433  0.0428  0.0426
  0.0467  0.0456  0.0475  0.0453  0.0451  0.0437
  0.0530  0.0492  0.0516  0.0481  0.0490  0.0455
niter,ni,del,rscale     2    3   12.0000    1.2000
parameters
   -0.4205   28.0370    0.2822   -5.5305    1.4924    0.1243
eta,q 0.95777 10.01609
  0.0521  0.0521  0.0514  0.0492  0.0486  0.0459
  0.0471  0.0443  0.0468  0.0436  0.0459  0.0433
  0.0439  0.0416  0.0433  0.0415  0.0435  0.0422
  0.0422  0.0422  0.0423  0.0423  0.0422  0.0422
  0.0431  0.0432  0.0437  0.0432  0.0428  0.0426
  0.0465  0.0460  0.0472  0.0452  0.0452  0.0437
  0.0528  0.0498  0.0513  0.0479  0.0491  0.0455
niter,ni,del,rscale     1    3   12.0000    1.2000
parameters
   -0.4226   28.0541    0.2729   -5.5471    1.4968    0.1224
eta,q 0.95778 10.01568
  0.0520  0.0519  0.0514  0.0493  0.0485  0.0459
  0.0470  0.0442  0.0468  0.0437  0.0458  0.0433
  0.0438  0.0416  0.0433  0.0415  0.0435  0.0422
  0.0422  0.0422  0.0422  0.0422  0.0422  0.0422
  0.0431  0.0432  0.0436  0.0432  0.0428  0.0426
  0.0464  0.0460  0.0471  0.0452  0.0452  0.0437
  0.0527  0.0499  0.0512  0.0478  0.0491  0.0455
registration optimization eta report
parameter search radius
    6.0000    6.0000    6.0000    6.9000    6.0000    6.0000
100000*second partial in parameter space
       28.       26.       25.       14.       18.       10.
  0.0520  0.0519  0.0514  0.0493  0.0485  0.0459
  0.0470  0.0442  0.0468  0.0437  0.0458  0.0433
  0.0438  0.0416  0.0433  0.0415  0.0435  0.0422
  0.0422  0.0422  0.0422  0.0422  0.0422  0.0422
  0.0431  0.0432  0.0436  0.0432  0.0428  0.0426
  0.0464  0.0460  0.0471  0.0452  0.0452  0.0437
  0.0527  0.0499  0.0512  0.0478  0.0491  0.0455
   -0.4226   28.0541    0.2729   -5.5471    1.4968    0.1224
eta,q 0.95778 10.01568

---------------------------------------------------------------------
imgreg_4dfp /opt/freesurfer/average/711-2C_as_mni_average_305 /opt/freesurfer/average/711-2B_as_mni_average_305_mask talsrcimg_g11 none talsrcimg_to_711-2C_as_mni_average_305_t4 3335
---------------------------------------------------------------------

freesurfer imgreg_4dfp.c
/opt/freesurfer/average/711-2C_as_mni_average_305.4dfp.img
       256       256       256         1
  1.000000  1.000000  1.000000
orientation T byte_order littleendian
Reading image: /opt/freesurfer/average/711-2C_as_mni_average_305.4dfp.img
dimensions:      256       256       256
mmppix:       1.0000   -1.0000   -1.0000
center:     128.0000 -129.0000 -129.0000
/opt/freesurfer/average/711-2B_as_mni_average_305_mask.4dfp.img
       256       256       256         1
  1.000000  1.000000  1.000000
orientation T byte_order littleendian
Reading mask: /opt/freesurfer/average/711-2B_as_mni_average_305_mask.4dfp.img (2306576 pixels)
talsrcimg_g11.4dfp.img
       256       256       256         1
  1.000000  1.000000  1.000000
orientation T byte_order littleendian
Reading image: talsrcimg_g11.4dfp.img
dimensions:      256       256       256
mmppix:       1.0000   -1.0000   -1.0000
center:     128.0000 -129.0000 -129.0000
fimgreg.f
image alignment mode   3335 decimal      D07 hex
parameters
   -0.4226   28.0541    0.2729   -0.0344   -0.4680   -0.5023
    0.0399   -2.6205    0.2135    9.6609    2.6121   -9.6632
eta,q 0.95964 10.10284
niter,ni,del,rscale     5    3    5.0000    1.2000
parameter  4  3.071177 ->  0.500000 qaram    1.1500
parameter  5  3.405123 ->  0.500000 qaram    1.1500
parameter  6  0.909448 ->  0.500000 qaram    1.1500
parameters
   -0.7408   29.1768    0.3033   -4.1744   -4.6080   -4.6423
   -0.3690   -1.6470    1.6285    8.2113    1.3876   -9.7000
eta,q 0.97554  9.95414
  0.0417  0.0425  0.0418  0.0314  0.0263  0.0248  0.0276  0.0321  0.0282  0.0271  0.0258  0.0265
  0.0409  0.0416  0.0408  0.0330  0.0281  0.0248  0.0261  0.0289  0.0265  0.0254  0.0249  0.0254
  0.0404  0.0409  0.0402  0.0360  0.0306  0.0259  0.0252  0.0263  0.0254  0.0246  0.0245  0.0247
  0.0404  0.0404  0.0400  0.0400  0.0337  0.0288  0.0249  0.0249  0.0248  0.0247  0.0245  0.0245
  0.0407  0.0400  0.0402  0.0440  0.0373  0.0334  0.0254  0.0250  0.0247  0.0256  0.0250  0.0247
  0.0415  0.0401  0.0408  0.0481  0.0406  0.0384  0.0266  0.0265  0.0252  0.0277  0.0258  0.0254
  0.0429  0.0405  0.0417  0.0519  0.0439  0.0438  0.0282  0.0293  0.0263  0.0305  0.0270  0.0265
niter,ni,del,rscale     7    3    5.0000    1.2000
parameter  3  0.568923 ->  0.500000 qaram    1.1500
parameter  5  0.613422 ->  0.500000 qaram    1.3225
parameters
   -0.7560   28.7317   -1.0767   -7.8560   -9.3690   -7.7683
   -0.8970   -1.5047    2.4634    9.1496    1.1689   -9.9815
eta,q 0.97889  9.63980
  0.0283  0.0259  0.0242  0.0247  0.0219  0.0222  0.0232  0.0252  0.0236  0.0247  0.0222  0.0226
  0.0263  0.0249  0.0237  0.0233  0.0213  0.0216  0.0221  0.0230  0.0224  0.0231  0.0216  0.0218
  0.0249  0.0245  0.0238  0.0228  0.0215  0.0212  0.0214  0.0217  0.0216  0.0219  0.0212  0.0213
  0.0245  0.0245  0.0244  0.0237  0.0228  0.0212  0.0212  0.0212  0.0212  0.0212  0.0211  0.0211
  0.0249  0.0250  0.0256  0.0267  0.0249  0.0227  0.0217  0.0216  0.0213  0.0212  0.0213  0.0213
  0.0263  0.0261  0.0271  0.0307  0.0281  0.0265  0.0226  0.0228  0.0218  0.0220  0.0217  0.0219
  0.0284  0.0278  0.0290  0.0351  0.0318  0.0313  0.0238  0.0249  0.0227  0.0234  0.0223  0.0229
niter,ni,del,rscale     7    3    5.0000    1.2000
parameters
   -0.6158   28.7664   -1.3721   -7.4779  -10.2691   -8.7107
   -1.0968   -1.3551    2.6294    9.2655    0.9694  -10.3823
eta,q 0.97883  9.57760
  0.0246  0.0237  0.0227  0.0252  0.0247  0.0235  0.0234  0.0251  0.0231  0.0240  0.0222  0.0226
  0.0228  0.0223  0.0217  0.0236  0.0229  0.0222  0.0221  0.0230  0.0221  0.0226  0.0216  0.0218
  0.0216  0.0214  0.0212  0.0221  0.0216  0.0215  0.0214  0.0217  0.0214  0.0216  0.0213  0.0213
  0.0211  0.0211  0.0211  0.0211  0.0210  0.0211  0.0212  0.0212  0.0212  0.0212  0.0212  0.0212
  0.0213  0.0214  0.0214  0.0209  0.0218  0.0210  0.0215  0.0215  0.0214  0.0215  0.0213  0.0214
  0.0223  0.0222  0.0223  0.0223  0.0236  0.0225  0.0223  0.0228  0.0220  0.0224  0.0217  0.0220
  0.0239  0.0236  0.0236  0.0252  0.0270  0.0263  0.0236  0.0248  0.0229  0.0239  0.0223  0.0230
niter,ni,del,rscale     6    3    5.0000    1.2000
parameters
   -0.6063   28.7466   -1.5114   -7.3632  -10.3267   -8.7830
   -1.1263   -1.3349    2.6678    9.3061    0.9523  -10.5599
eta,q 0.97884  9.57693
  0.0243  0.0236  0.0229  0.0249  0.0253  0.0240  0.0235  0.0250  0.0230  0.0239  0.0222  0.0227
  0.0226  0.0223  0.0220  0.0234  0.0235  0.0226  0.0222  0.0229  0.0220  0.0226  0.0216  0.0219
  0.0215  0.0214  0.0213  0.0220  0.0220  0.0217  0.0214  0.0216  0.0214  0.0216  0.0213  0.0213
  0.0212  0.0212  0.0212  0.0212  0.0211  0.0212  0.0212  0.0212  0.0212  0.0212  0.0212  0.0212
  0.0215  0.0215  0.0214  0.0211  0.0215  0.0209  0.0214  0.0216  0.0214  0.0215  0.0213  0.0214
  0.0226  0.0223  0.0222  0.0226  0.0230  0.0218  0.0223  0.0228  0.0220  0.0224  0.0216  0.0220
  0.0242  0.0236  0.0234  0.0254  0.0259  0.0249  0.0235  0.0249  0.0229  0.0239  0.0222  0.0229
niter,ni,del,rscale     5    3    5.0000    1.2000
parameters
   -0.6084   28.7520   -1.5524   -7.3479  -10.3308   -8.7855
   -1.1289   -1.3376    2.6797    9.3354    0.9490  -10.6285
eta,q 0.97884  9.57790
  0.0243  0.0236  0.0231  0.0249  0.0254  0.0240  0.0235  0.0249  0.0229  0.0239  0.0222  0.0227
  0.0225  0.0223  0.0220  0.0233  0.0235  0.0226  0.0222  0.0228  0.0220  0.0225  0.0216  0.0219
  0.0215  0.0214  0.0214  0.0220  0.0220  0.0217  0.0214  0.0216  0.0213  0.0216  0.0213  0.0214
  0.0212  0.0212  0.0212  0.0212  0.0212  0.0212  0.0212  0.0212  0.0212  0.0212  0.0212  0.0212
  0.0215  0.0215  0.0214  0.0212  0.0215  0.0209  0.0214  0.0216  0.0214  0.0215  0.0213  0.0214
  0.0226  0.0223  0.0221  0.0227  0.0230  0.0218  0.0222  0.0228  0.0220  0.0224  0.0216  0.0219
  0.0243  0.0235  0.0232  0.0255  0.0259  0.0248  0.0234  0.0249  0.0229  0.0239  0.0222  0.0228
niter,ni,del,rscale     4    3    5.0000    1.2000
parameters
   -0.6087   28.7580   -1.5633   -7.3459  -10.3336   -8.7827
   -1.1254   -1.3426    2.6763    9.3475    0.9477  -10.6553
eta,q 0.97885  9.57834
  0.0243  0.0236  0.0231  0.0249  0.0254  0.0240  0.0235  0.0249  0.0229  0.0238  0.0222  0.0227
  0.0225  0.0223  0.0221  0.0233  0.0235  0.0226  0.0222  0.0228  0.0219  0.0225  0.0216  0.0219
  0.0215  0.0214  0.0214  0.0220  0.0220  0.0217  0.0214  0.0216  0.0213  0.0216  0.0213  0.0214
  0.0212  0.0212  0.0212  0.0212  0.0212  0.0212  0.0212  0.0212  0.0212  0.0212  0.0212  0.0212
  0.0215  0.0215  0.0214  0.0212  0.0215  0.0209  0.0214  0.0216  0.0214  0.0215  0.0213  0.0214
  0.0226  0.0223  0.0220  0.0227  0.0230  0.0218  0.0222  0.0228  0.0220  0.0224  0.0216  0.0219
  0.0243  0.0235  0.0232  0.0255  0.0259  0.0248  0.0234  0.0249  0.0229  0.0239  0.0222  0.0228
registration optimization eta report
parameter search radius
    2.4000    2.4000    2.7600    8.2800    9.5220    8.2800
    7.2000    7.2000    7.2000    7.2000    7.2000    7.2000
100000*second partial in parameter space
       54.       41.       26.        6.        5.        5.
        4.        7.        3.        5.        2.        3.
  0.0243  0.0236  0.0231  0.0249  0.0254  0.0240  0.0235  0.0249  0.0229  0.0238  0.0222  0.0227
  0.0225  0.0223  0.0221  0.0233  0.0235  0.0226  0.0222  0.0228  0.0219  0.0225  0.0216  0.0219
  0.0215  0.0214  0.0214  0.0220  0.0220  0.0217  0.0214  0.0216  0.0213  0.0216  0.0213  0.0214
  0.0212  0.0212  0.0212  0.0212  0.0212  0.0212  0.0212  0.0212  0.0212  0.0212  0.0212  0.0212
  0.0215  0.0215  0.0214  0.0212  0.0215  0.0209  0.0214  0.0216  0.0214  0.0215  0.0213  0.0214
  0.0226  0.0223  0.0220  0.0227  0.0230  0.0218  0.0222  0.0228  0.0220  0.0224  0.0216  0.0219
  0.0243  0.0235  0.0232  0.0255  0.0259  0.0248  0.0234  0.0249  0.0229  0.0239  0.0222  0.0228
   -0.6087   28.7580   -1.5633   -7.3459  -10.3336   -8.7827
   -1.1254   -1.3426    2.6763    9.3475    0.9477  -10.6553
eta,q 0.97885  9.57834

---------------------------------------------------------------------
imgreg_4dfp /opt/freesurfer/average/711-2C_as_mni_average_305 /opt/freesurfer/average/711-2B_as_mni_average_305_mask talsrcimg_g11 none talsrcimg_to_711-2C_as_mni_average_305_t4 2311
---------------------------------------------------------------------

freesurfer imgreg_4dfp.c
/opt/freesurfer/average/711-2C_as_mni_average_305.4dfp.img
       256       256       256         1
  1.000000  1.000000  1.000000
orientation T byte_order littleendian
Reading image: /opt/freesurfer/average/711-2C_as_mni_average_305.4dfp.img
dimensions:      256       256       256
mmppix:       1.0000   -1.0000   -1.0000
center:     128.0000 -129.0000 -129.0000
/opt/freesurfer/average/711-2B_as_mni_average_305_mask.4dfp.img
       256       256       256         1
  1.000000  1.000000  1.000000
orientation T byte_order littleendian
Reading mask: /opt/freesurfer/average/711-2B_as_mni_average_305_mask.4dfp.img (2306576 pixels)
talsrcimg_g11.4dfp.img
       256       256       256         1
  1.000000  1.000000  1.000000
orientation T byte_order littleendian
Reading image: talsrcimg_g11.4dfp.img
dimensions:      256       256       256
mmppix:       1.0000   -1.0000   -1.0000
center:     128.0000 -129.0000 -129.0000
fimgreg.f
image alignment mode   2311 decimal      907 hex
parameters
   -0.6087   28.7580   -1.5633   -7.3459  -10.3336   -8.7827
   -1.1254   -1.3426    2.6763    9.3475    0.9477  -10.6553
eta,q 0.97884  9.57834
niter,ni,del,rscale     5    3    5.0000    0.8000
parameters
   -0.6177   28.7454   -1.5386   -6.5030   -9.7956   -6.9826
   -1.1043   -1.2991    2.6217    9.3895    1.1732  -10.9653
eta,q 0.97923  9.70911
  0.0225  0.0223  0.0219  0.0230  0.0226  0.0222  0.0220  0.0228  0.0216  0.0222  0.0214  0.0214
  0.0218  0.0217  0.0215  0.0222  0.0219  0.0217  0.0213  0.0217  0.0212  0.0215  0.0210  0.0211
  0.0213  0.0213  0.0212  0.0215  0.0214  0.0213  0.0209  0.0210  0.0209  0.0210  0.0209  0.0208
  0.0212  0.0212  0.0212  0.0212  0.0210  0.0210  0.0208  0.0208  0.0208  0.0208  0.0208  0.0208
  0.0213  0.0213  0.0212  0.0210  0.0210  0.0208  0.0209  0.0210  0.0209  0.0209  0.0208  0.0209
  0.0218  0.0217  0.0214  0.0213  0.0215  0.0208  0.0213  0.0216  0.0212  0.0214  0.0210  0.0212
  0.0226  0.0223  0.0218  0.0222  0.0222  0.0212  0.0219  0.0227  0.0217  0.0222  0.0213  0.0216
niter,ni,del,rscale     4    3    5.0000    0.7000
parameters
   -0.6711   28.8437   -1.4673   -6.4421   -9.7347   -7.1523
   -1.1333   -1.3279    2.5515    9.5353    1.1943  -10.8676
eta,q 0.97923  9.70796
  0.0218  0.0218  0.0214  0.0221  0.0219  0.0215  0.0217  0.0222  0.0215  0.0219  0.0212  0.0214
  0.0212  0.0213  0.0211  0.0214  0.0214  0.0212  0.0212  0.0214  0.0211  0.0214  0.0210  0.0211
  0.0209  0.0209  0.0208  0.0210  0.0210  0.0209  0.0209  0.0209  0.0208  0.0210  0.0208  0.0208
  0.0208  0.0208  0.0208  0.0208  0.0208  0.0207  0.0208  0.0208  0.0208  0.0208  0.0208  0.0208
  0.0209  0.0208  0.0208  0.0208  0.0208  0.0207  0.0209  0.0209  0.0209  0.0209  0.0208  0.0208
  0.0213  0.0211  0.0210  0.0212  0.0212  0.0210  0.0212  0.0214  0.0211  0.0212  0.0209  0.0210
  0.0220  0.0215  0.0213  0.0222  0.0219  0.0219  0.0217  0.0223  0.0215  0.0218  0.0212  0.0213
niter,ni,del,rscale     3    3    5.0000    0.6000
parameters
   -0.6799   28.8546   -1.4709   -6.3358   -9.7339   -6.9237
   -1.1205   -1.3179    2.5430    9.5377    1.2065  -10.9708
eta,q 0.97927  9.72110
  0.0216  0.0215  0.0212  0.0218  0.0216  0.0214  0.0214  0.0218  0.0213  0.0216  0.0210  0.0211
  0.0211  0.0211  0.0210  0.0213  0.0212  0.0211  0.0211  0.0212  0.0210  0.0211  0.0209  0.0209
  0.0209  0.0208  0.0208  0.0210  0.0209  0.0209  0.0208  0.0209  0.0208  0.0208  0.0208  0.0208
  0.0208  0.0208  0.0208  0.0208  0.0208  0.0208  0.0207  0.0207  0.0207  0.0207  0.0207  0.0207
  0.0209  0.0208  0.0208  0.0208  0.0208  0.0207  0.0208  0.0208  0.0208  0.0208  0.0208  0.0208
  0.0212  0.0211  0.0210  0.0211  0.0212  0.0209  0.0210  0.0212  0.0210  0.0211  0.0209  0.0209
  0.0216  0.0214  0.0212  0.0218  0.0217  0.0214  0.0214  0.0219  0.0213  0.0216  0.0210  0.0212
niter,ni,del,rscale     2    3    5.0000    0.5000
parameters
   -0.6837   28.8695   -1.4644   -6.2152   -9.6856   -6.6696
   -1.1045   -1.3241    2.5229    9.5133    1.2037  -11.0925
eta,q 0.97931  9.73672
  0.0213  0.0212  0.0210  0.0214  0.0214  0.0212  0.0212  0.0215  0.0211  0.0213  0.0209  0.0210
  0.0210  0.0210  0.0209  0.0211  0.0211  0.0210  0.0209  0.0210  0.0209  0.0210  0.0208  0.0208
  0.0208  0.0208  0.0208  0.0209  0.0208  0.0209  0.0208  0.0208  0.0207  0.0208  0.0207  0.0207
  0.0207  0.0207  0.0207  0.0207  0.0207  0.0207  0.0207  0.0207  0.0207  0.0207  0.0207  0.0207
  0.0208  0.0208  0.0208  0.0207  0.0208  0.0207  0.0207  0.0208  0.0207  0.0208  0.0207  0.0207
  0.0210  0.0209  0.0209  0.0209  0.0210  0.0208  0.0209  0.0210  0.0209  0.0210  0.0208  0.0208
  0.0213  0.0212  0.0210  0.0214  0.0214  0.0212  0.0212  0.0215  0.0211  0.0213  0.0209  0.0210
niter,ni,del,rscale     1    3    5.0000    0.4000
parameters
   -0.6911   28.8942   -1.4656   -6.0919   -9.5979   -6.4091
   -1.0804   -1.3290    2.5086    9.4489    1.2255  -11.2766
eta,q 0.97934  9.75359
  0.0211  0.0210  0.0209  0.0212  0.0211  0.0210  0.0210  0.0212  0.0209  0.0210  0.0208  0.0208
  0.0209  0.0208  0.0208  0.0209  0.0209  0.0209  0.0208  0.0209  0.0208  0.0208  0.0207  0.0207
  0.0207  0.0207  0.0207  0.0208  0.0208  0.0208  0.0207  0.0207  0.0207  0.0207  0.0207  0.0207
  0.0207  0.0207  0.0207  0.0207  0.0207  0.0207  0.0207  0.0207  0.0207  0.0207  0.0207  0.0207
  0.0207  0.0207  0.0207  0.0207  0.0207  0.0206  0.0207  0.0207  0.0207  0.0207  0.0207  0.0207
  0.0209  0.0208  0.0208  0.0208  0.0208  0.0207  0.0208  0.0209  0.0208  0.0208  0.0207  0.0208
  0.0211  0.0210  0.0209  0.0211  0.0211  0.0210  0.0210  0.0212  0.0209  0.0211  0.0208  0.0209
registration optimization eta report
parameter search radius
    0.8000    0.8000    0.8000    2.4000    2.4000    2.4000
    2.4000    2.4000    2.4000    2.4000    2.4000    2.4000
100000*second partial in parameter space
       62.       48.       31.        8.        7.        6.
        6.        9.        4.        7.        3.        3.
  0.0211  0.0210  0.0209  0.0212  0.0211  0.0210  0.0210  0.0212  0.0209  0.0210  0.0208  0.0208
  0.0209  0.0208  0.0208  0.0209  0.0209  0.0209  0.0208  0.0209  0.0208  0.0208  0.0207  0.0207
  0.0207  0.0207  0.0207  0.0208  0.0208  0.0208  0.0207  0.0207  0.0207  0.0207  0.0207  0.0207
  0.0207  0.0207  0.0207  0.0207  0.0207  0.0207  0.0207  0.0207  0.0207  0.0207  0.0207  0.0207
  0.0207  0.0207  0.0207  0.0207  0.0207  0.0206  0.0207  0.0207  0.0207  0.0207  0.0207  0.0207
  0.0209  0.0208  0.0208  0.0208  0.0208  0.0207  0.0208  0.0209  0.0208  0.0208  0.0207  0.0208
  0.0211  0.0210  0.0209  0.0211  0.0211  0.0210  0.0210  0.0212  0.0209  0.0211  0.0208  0.0209
   -0.6911   28.8942   -1.4656   -6.0919   -9.5979   -6.4091
   -1.0804   -1.3290    2.5086    9.4489    1.2255  -11.2766
eta,q 0.97934  9.75359

---------------------------------------------------------------------
imgreg_4dfp /opt/freesurfer/average/711-2C_as_mni_average_305 /opt/freesurfer/average/711-2B_as_mni_average_305_mask talsrcimg_g11 none talsrcimg_to_711-2C_as_mni_average_305_t4 2311
---------------------------------------------------------------------

freesurfer imgreg_4dfp.c
/opt/freesurfer/average/711-2C_as_mni_average_305.4dfp.img
       256       256       256         1
  1.000000  1.000000  1.000000
orientation T byte_order littleendian
Reading image: /opt/freesurfer/average/711-2C_as_mni_average_305.4dfp.img
dimensions:      256       256       256
mmppix:       1.0000   -1.0000   -1.0000
center:     128.0000 -129.0000 -129.0000
/opt/freesurfer/average/711-2B_as_mni_average_305_mask.4dfp.img
       256       256       256         1
  1.000000  1.000000  1.000000
orientation T byte_order littleendian
Reading mask: /opt/freesurfer/average/711-2B_as_mni_average_305_mask.4dfp.img (2306576 pixels)
talsrcimg_g11.4dfp.img
       256       256       256         1
  1.000000  1.000000  1.000000
orientation T byte_order littleendian
Reading image: talsrcimg_g11.4dfp.img
dimensions:      256       256       256
mmppix:       1.0000   -1.0000   -1.0000
center:     128.0000 -129.0000 -129.0000
fimgreg.f
image alignment mode   2311 decimal      907 hex
parameters
   -0.6911   28.8942   -1.4656   -6.0919   -9.5979   -6.4091
   -1.0804   -1.3290    2.5086    9.4489    1.2255  -11.2766
eta,q 0.97934  9.75359
niter,ni,del,rscale     5    3    5.0000    0.8000
parameters
   -0.6841   28.9169   -1.4735   -6.5547   -9.7269   -7.2531
   -1.1126   -1.3540    2.5462    9.6019    1.1691  -10.9135
eta,q 0.97920  9.70269
  0.0223  0.0219  0.0215  0.0222  0.0220  0.0215  0.0220  0.0227  0.0217  0.0222  0.0213  0.0216
  0.0214  0.0212  0.0210  0.0214  0.0214  0.0212  0.0213  0.0216  0.0212  0.0215  0.0210  0.0212
  0.0208  0.0208  0.0207  0.0209  0.0209  0.0209  0.0209  0.0210  0.0209  0.0210  0.0209  0.0209
  0.0207  0.0207  0.0207  0.0207  0.0207  0.0207  0.0208  0.0208  0.0208  0.0208  0.0208  0.0208
  0.0208  0.0208  0.0208  0.0208  0.0209  0.0208  0.0209  0.0210  0.0209  0.0209  0.0209  0.0208
  0.0214  0.0212  0.0210  0.0217  0.0214  0.0215  0.0214  0.0216  0.0212  0.0214  0.0210  0.0211
  0.0223  0.0218  0.0215  0.0232  0.0223  0.0230  0.0220  0.0227  0.0217  0.0221  0.0213  0.0214
niter,ni,del,rscale     4    3    5.0000    0.7000
parameters
   -0.6718   28.8642   -1.4829   -6.4610   -9.7729   -7.1805
   -1.1216   -1.3149    2.5461    9.5673    1.1787  -10.9025
eta,q 0.97922  9.70558
  0.0220  0.0216  0.0213  0.0221  0.0219  0.0215  0.0217  0.0223  0.0215  0.0218  0.0212  0.0214
  0.0213  0.0212  0.0210  0.0215  0.0214  0.0212  0.0212  0.0214  0.0211  0.0213  0.0210  0.0210
  0.0209  0.0209  0.0209  0.0210  0.0210  0.0210  0.0209  0.0210  0.0208  0.0209  0.0208  0.0208
  0.0208  0.0208  0.0208  0.0208  0.0208  0.0208  0.0208  0.0208  0.0208  0.0208  0.0208  0.0208
  0.0209  0.0209  0.0209  0.0208  0.0209  0.0207  0.0209  0.0209  0.0209  0.0209  0.0208  0.0208
  0.0213  0.0213  0.0210  0.0212  0.0213  0.0210  0.0212  0.0214  0.0211  0.0213  0.0210  0.0210
  0.0219  0.0218  0.0214  0.0222  0.0220  0.0217  0.0217  0.0222  0.0215  0.0219  0.0212  0.0213
niter,ni,del,rscale     3    3    5.0000    0.6000
parameters
   -0.6766   28.8541   -1.4718   -6.3291   -9.7405   -6.9181
   -1.1147   -1.3086    2.5389    9.5430    1.2046  -10.9677
eta,q 0.97927  9.72124
  0.0216  0.0214  0.0212  0.0218  0.0216  0.0214  0.0214  0.0218  0.0213  0.0215  0.0210  0.0211
  0.0211  0.0211  0.0210  0.0213  0.0212  0.0211  0.0210  0.0212  0.0210  0.0211  0.0209  0.0209
  0.0209  0.0208  0.0208  0.0210  0.0209  0.0209  0.0208  0.0209  0.0208  0.0208  0.0208  0.0208
  0.0208  0.0208  0.0208  0.0208  0.0208  0.0208  0.0207  0.0207  0.0207  0.0207  0.0207  0.0207
  0.0209  0.0209  0.0208  0.0208  0.0208  0.0207  0.0208  0.0208  0.0208  0.0208  0.0208  0.0208
  0.0212  0.0211  0.0209  0.0211  0.0211  0.0208  0.0210  0.0212  0.0210  0.0211  0.0209  0.0209
  0.0216  0.0215  0.0212  0.0218  0.0217  0.0214  0.0214  0.0219  0.0213  0.0216  0.0210  0.0212
niter,ni,del,rscale     2    3    5.0000    0.5000
parameters
   -0.6844   28.8703   -1.4654   -6.2081   -9.6810   -6.6768
   -1.1011   -1.3207    2.5101    9.5091    1.2340  -11.0977
eta,q 0.97931  9.73678
  0.0213  0.0212  0.0210  0.0214  0.0214  0.0212  0.0212  0.0215  0.0211  0.0213  0.0209  0.0210
  0.0210  0.0210  0.0209  0.0211  0.0211  0.0210  0.0209  0.0210  0.0209  0.0210  0.0208  0.0208
  0.0208  0.0208  0.0208  0.0209  0.0208  0.0209  0.0208  0.0208  0.0207  0.0208  0.0207  0.0207
  0.0207  0.0207  0.0207  0.0207  0.0207  0.0207  0.0207  0.0207  0.0207  0.0207  0.0207  0.0207
  0.0208  0.0208  0.0208  0.0207  0.0208  0.0207  0.0207  0.0208  0.0207  0.0208  0.0207  0.0207
  0.0210  0.0209  0.0209  0.0209  0.0210  0.0208  0.0209  0.0210  0.0209  0.0210  0.0208  0.0209
  0.0213  0.0212  0.0210  0.0214  0.0214  0.0212  0.0212  0.0215  0.0211  0.0213  0.0209  0.0210
niter,ni,del,rscale     1    3    5.0000    0.4000
parameters
   -0.6904   28.8906   -1.4743   -6.0932   -9.5978   -6.4130
   -1.0713   -1.3252    2.4910    9.4411    1.2324  -11.2976
eta,q 0.97934  9.75334
  0.0211  0.0210  0.0209  0.0212  0.0211  0.0210  0.0210  0.0212  0.0209  0.0210  0.0208  0.0208
  0.0209  0.0208  0.0208  0.0209  0.0209  0.0209  0.0208  0.0209  0.0208  0.0208  0.0207  0.0207
  0.0207  0.0207  0.0207  0.0208  0.0208  0.0208  0.0207  0.0207  0.0207  0.0207  0.0207  0.0207
  0.0207  0.0207  0.0207  0.0207  0.0207  0.0207  0.0207  0.0207  0.0207  0.0207  0.0207  0.0207
  0.0207  0.0207  0.0207  0.0207  0.0207  0.0206  0.0207  0.0207  0.0207  0.0207  0.0207  0.0207
  0.0209  0.0208  0.0208  0.0208  0.0208  0.0207  0.0208  0.0209  0.0208  0.0209  0.0207  0.0208
  0.0211  0.0210  0.0209  0.0211  0.0211  0.0210  0.0210  0.0212  0.0209  0.0211  0.0208  0.0209
registration optimization eta report
parameter search radius
    0.8000    0.8000    0.8000    2.4000    2.4000    2.4000
    2.4000    2.4000    2.4000    2.4000    2.4000    2.4000
100000*second partial in parameter space
       63.       49.       32.        8.        7.        6.
        6.        9.        4.        7.        3.        3.
  0.0211  0.0210  0.0209  0.0212  0.0211  0.0210  0.0210  0.0212  0.0209  0.0210  0.0208  0.0208
  0.0209  0.0208  0.0208  0.0209  0.0209  0.0209  0.0208  0.0209  0.0208  0.0208  0.0207  0.0207
  0.0207  0.0207  0.0207  0.0208  0.0208  0.0208  0.0207  0.0207  0.0207  0.0207  0.0207  0.0207
  0.0207  0.0207  0.0207  0.0207  0.0207  0.0207  0.0207  0.0207  0.0207  0.0207  0.0207  0.0207
  0.0207  0.0207  0.0207  0.0207  0.0207  0.0206  0.0207  0.0207  0.0207  0.0207  0.0207  0.0207
  0.0209  0.0208  0.0208  0.0208  0.0208  0.0207  0.0208  0.0209  0.0208  0.0209  0.0207  0.0208
  0.0211  0.0210  0.0209  0.0211  0.0211  0.0210  0.0210  0.0212  0.0209  0.0211  0.0208  0.0209
   -0.6904   28.8906   -1.4743   -6.0932   -9.5978   -6.4130
   -1.0713   -1.3252    2.4910    9.4411    1.2324  -11.2976
eta,q 0.97934  9.75334

---------------------------------------------------------------------
compute_vox2vox talsrcimg talsrcimg_to_711-2C_as_mni_average_305_t4 /opt/freesurfer/average/711-2C_as_mni_average_305
---------------------------------------------------------------------

freesurfer compute_vox2vox.c
Reading: talsrcimg.4dfp.ifh
Reading: talsrcimg_to_711-2C_as_mni_average_305_t4
Reading: /opt/freesurfer/average/711-2C_as_mni_average_305.4dfp.ifh
Writing: talsrcimg_to_711-2C_as_mni_average_305_t4_vox2vox.txt

start time Tue Mar 10 06:49:44 CET 2026
end		time Tue Mar 10 06:51:08 CET 2026

mpr2mni305 success

avi2talxfm orig_nu.mgz /opt/freesurfer/average/mni305.cor.mgz talsrcimg_to_711-2C_as_mni_average_305_t4_vox2vox.txt transforms/talairach.auto.xfm
avi2talxfm done
mv -f /out/sourcedata/freesurfer/sub-v1s8x0051338_ses-1/mri/talsrcimg_to_711-2C_as_mni_average_305_t4_vox2vox.txt /out/sourcedata/freesurfer/sub-v1s8x0051338_ses-1/mri/transforms/talsrcimg_to_711-2C_as_mni_average_305_t4_vox2vox.txt
lta_convert --src orig_nu.mgz --trg /opt/freesurfer/average/mni305.cor.mgz --inxfm transforms/talairach.auto.xfm --outlta transforms/talairach.auto.xfm.lta --subject fsaverage
7.3.2

--src: orig_nu.mgz src image (geometry).
--trg: /opt/freesurfer/average/mni305.cor.mgz trg image (geometry).
--inmni: transforms/talairach.auto.xfm input MNI/XFM transform.
--outlta: transforms/talairach.auto.xfm.lta output LTA.
--s: fsaverage subject name
 LTA read, type : 1
 1.06433   0.01363   0.01432  -2.84335;
-0.01734   1.05500   0.13164   2.11734;
-0.02752  -0.11055   1.09203  -0.82259;
 0.00000   0.00000   0.00000   1.00000;
setting subject to fsaverage
Writing  LTA to file transforms/talairach.auto.xfm.lta...
lta_convert successful.
 
 
Started at Tue Mar 10 06:49:43 CET 2026
Ended   at Tue Mar 10 06:51:08 CET 2026
talairach_avi done
