status file for recon-all
Tue Mar 10 08:08:24 CET 2026
#@# Tessellate lh Tue Mar 10 08:08:24 CET 2026
#@# Smooth1 lh Tue Mar 10 08:08:26 CET 2026
#@# Inflation1 lh Tue Mar 10 08:08:28 CET 2026
#@# QSphere lh Tue Mar 10 08:08:36 CET 2026
#@# Fix Topology lh Tue Mar 10 08:09:19 CET 2026
#@# Smooth2 lh Tue Mar 10 08:15:33 CET 2026
#@# Inflation2 lh Tue Mar 10 08:15:35 CET 2026
#@# Curv .H and .K lh Tue Mar 10 08:15:42 CET 2026
#@# Sphere lh Tue Mar 10 08:16:21 CET 2026
#@# Surf Reg lh Tue Mar 10 08:18:58 CET 2026
#@# Jacobian white lh Tue Mar 10 08:23:00 CET 2026
#@# AvgCurv lh Tue Mar 10 08:23:01 CET 2026
#@# Cortical Parc lh Tue Mar 10 08:23:01 CET 2026
#@# white curv lh Tue Mar 10 08:27:54 CET 2026
#@# white area lh Tue Mar 10 08:27:56 CET 2026
#@# pial curv lh Tue Mar 10 08:27:56 CET 2026
#@# pial area lh Tue Mar 10 08:27:58 CET 2026
#@# thickness lh Tue Mar 10 08:27:58 CET 2026
#@# area and vertex vol lh Tue Mar 10 08:28:19 CET 2026
#@# Curvature Stats lh Tue Mar 10 08:28:20 CET 2026
#@# Cortical Parc 2 lh Tue Mar 10 08:28:21 CET 2026
#@# Cortical Parc 3 lh Tue Mar 10 08:28:32 CET 2026
#@# WM/GM Contrast lh Tue Mar 10 08:28:40 CET 2026
recon-all -s sub-v1s8x0051335_ses-1 finished without error at Tue Mar 10 08:28:42 CET 2026



#New# invocation of recon-all 



status file for recon-all
Tue Mar 10 08:49:30 CET 2026
#@# white curv lh Tue Mar 10 08:49:30 CET 2026
#@# white area lh Tue Mar 10 08:49:30 CET 2026
#@# pial curv lh Tue Mar 10 08:49:30 CET 2026
#@# pial area lh Tue Mar 10 08:49:30 CET 2026
#@# thickness lh Tue Mar 10 08:49:30 CET 2026
#@# area and vertex vol lh Tue Mar 10 08:49:30 CET 2026
#@# Parcellation Stats lh Tue Mar 10 08:49:30 CET 2026
#@# Parcellation Stats 2 lh Tue Mar 10 08:49:46 CET 2026
#@# Parcellation Stats 3 lh Tue Mar 10 08:49:54 CET 2026
#@# BA_exvivo Labels lh Tue Mar 10 08:50:02 CET 2026
recon-all -s sub-v1s8x0051335_ses-1 finished without error at Tue Mar 10 08:51:56 CET 2026
