status file for recon-all
Tue Mar 10 08:28:44 CET 2026
#@# Tessellate rh Tue Mar 10 08:28:44 CET 2026
#@# Smooth1 rh Tue Mar 10 08:28:47 CET 2026
#@# Inflation1 rh Tue Mar 10 08:28:49 CET 2026
#@# QSphere rh Tue Mar 10 08:28:57 CET 2026
#@# Fix Topology rh Tue Mar 10 08:29:36 CET 2026
#@# Smooth2 rh Tue Mar 10 08:34:48 CET 2026
#@# Inflation2 rh Tue Mar 10 08:34:50 CET 2026
#@# Curv .H and .K rh Tue Mar 10 08:34:57 CET 2026
#@# Sphere rh Tue Mar 10 08:35:35 CET 2026
#@# Surf Reg rh Tue Mar 10 08:37:42 CET 2026
#@# Jacobian white rh Tue Mar 10 08:40:01 CET 2026
#@# AvgCurv rh Tue Mar 10 08:40:02 CET 2026
#@# Cortical Parc rh Tue Mar 10 08:40:02 CET 2026
#@# white curv rh Tue Mar 10 08:44:53 CET 2026
#@# white area rh Tue Mar 10 08:44:54 CET 2026
#@# pial curv rh Tue Mar 10 08:44:55 CET 2026
#@# pial area rh Tue Mar 10 08:44:56 CET 2026
#@# thickness rh Tue Mar 10 08:44:56 CET 2026
#@# area and vertex vol rh Tue Mar 10 08:45:16 CET 2026
#@# Curvature Stats rh Tue Mar 10 08:45:17 CET 2026
#@# Cortical Parc 2 rh Tue Mar 10 08:45:18 CET 2026
#@# Cortical Parc 3 rh Tue Mar 10 08:45:28 CET 2026
#@# WM/GM Contrast rh Tue Mar 10 08:45:35 CET 2026
recon-all -s sub-v1s8x0051335_ses-1 finished without error at Tue Mar 10 08:45:37 CET 2026



#New# invocation of recon-all 



status file for recon-all
Tue Mar 10 08:51:58 CET 2026
#@# white curv rh Tue Mar 10 08:51:58 CET 2026
#@# white area rh Tue Mar 10 08:51:58 CET 2026
#@# pial curv rh Tue Mar 10 08:51:58 CET 2026
#@# pial area rh Tue Mar 10 08:51:58 CET 2026
#@# thickness rh Tue Mar 10 08:51:59 CET 2026
#@# area and vertex vol rh Tue Mar 10 08:51:59 CET 2026
#@# Parcellation Stats rh Tue Mar 10 08:51:59 CET 2026
#@# Parcellation Stats 2 rh Tue Mar 10 08:52:13 CET 2026
#@# Parcellation Stats 3 rh Tue Mar 10 08:52:21 CET 2026
#@# BA_exvivo Labels rh Tue Mar 10 08:52:28 CET 2026
recon-all -s sub-v1s8x0051335_ses-1 finished without error at Tue Mar 10 08:54:16 CET 2026
