status file for recon-all
Tue Mar 10 08:42:28 CET 2026
#@# Tessellate rh Tue Mar 10 08:42:28 CET 2026
#@# Smooth1 rh Tue Mar 10 08:42:31 CET 2026
#@# Inflation1 rh Tue Mar 10 08:42:33 CET 2026
#@# QSphere rh Tue Mar 10 08:42:45 CET 2026
#@# Fix Topology rh Tue Mar 10 08:43:51 CET 2026
#@# Smooth2 rh Tue Mar 10 08:48:50 CET 2026
#@# Inflation2 rh Tue Mar 10 08:48:52 CET 2026
#@# Curv .H and .K rh Tue Mar 10 08:49:05 CET 2026
#@# Sphere rh Tue Mar 10 08:49:46 CET 2026
#@# Surf Reg rh Tue Mar 10 08:51:37 CET 2026
#@# Jacobian white rh Tue Mar 10 08:55:13 CET 2026
#@# AvgCurv rh Tue Mar 10 08:55:14 CET 2026
#@# Cortical Parc rh Tue Mar 10 08:55:14 CET 2026
#@# white curv rh Tue Mar 10 09:01:14 CET 2026
#@# white area rh Tue Mar 10 09:01:15 CET 2026
#@# pial curv rh Tue Mar 10 09:01:16 CET 2026
#@# pial area rh Tue Mar 10 09:01:17 CET 2026
#@# thickness rh Tue Mar 10 09:01:18 CET 2026
#@# area and vertex vol rh Tue Mar 10 09:01:39 CET 2026
#@# Curvature Stats rh Tue Mar 10 09:01:40 CET 2026
#@# Cortical Parc 2 rh Tue Mar 10 09:01:43 CET 2026
#@# Cortical Parc 3 rh Tue Mar 10 09:01:54 CET 2026
#@# WM/GM Contrast rh Tue Mar 10 09:02:01 CET 2026
recon-all -s sub-v1s8x0051339_ses-1 finished without error at Tue Mar 10 09:02:04 CET 2026



#New# invocation of recon-all 



status file for recon-all
Tue Mar 10 09:08:49 CET 2026
#@# white curv rh Tue Mar 10 09:08:49 CET 2026
#@# white area rh Tue Mar 10 09:08:49 CET 2026
#@# pial curv rh Tue Mar 10 09:08:49 CET 2026
#@# pial area rh Tue Mar 10 09:08:49 CET 2026
#@# thickness rh Tue Mar 10 09:08:49 CET 2026
#@# area and vertex vol rh Tue Mar 10 09:08:49 CET 2026
#@# Parcellation Stats rh Tue Mar 10 09:08:50 CET 2026
#@# Parcellation Stats 2 rh Tue Mar 10 09:09:07 CET 2026
#@# Parcellation Stats 3 rh Tue Mar 10 09:09:15 CET 2026
#@# BA_exvivo Labels rh Tue Mar 10 09:09:24 CET 2026
recon-all -s sub-v1s8x0051339_ses-1 finished without error at Tue Mar 10 09:11:40 CET 2026
