status file for recon-all
Tue Mar 10 06:51:23 CET 2026
#@# MotionCor Tue Mar 10 06:51:24 CET 2026
#@# Talairach Tue Mar 10 06:51:30 CET 2026
#@# Talairach Failure Detection Tue Mar 10 06:54:19 CET 2026
#@# Nu Intensity Correction Tue Mar 10 06:54:19 CET 2026
#@# Intensity Normalization Tue Mar 10 06:57:06 CET 2026
recon-all -s sub-v1s8x0051339_ses-1 finished without error at Tue Mar 10 06:58:12 CET 2026



#New# invocation of recon-all 



status file for recon-all
Tue Mar 10 07:04:15 CET 2026
#@# EM Registration Tue Mar 10 07:04:15 CET 2026
recon-all -s sub-v1s8x0051339_ses-1 finished without error at Tue Mar 10 07:06:17 CET 2026



#New# invocation of recon-all 



status file for recon-all
Tue Mar 10 07:06:19 CET 2026
#@# CA Normalize Tue Mar 10 07:06:19 CET 2026
#@# CA Reg Tue Mar 10 07:07:14 CET 2026
#@# SubCort Seg Tue Mar 10 07:54:54 CET 2026
#@# CC Seg Tue Mar 10 08:18:01 CET 2026
#@# Merge ASeg Tue Mar 10 08:18:24 CET 2026
#@# Intensity Normalization2 Tue Mar 10 08:18:24 CET 2026
#@# Mask BFS Tue Mar 10 08:20:00 CET 2026
#@# WM Segmentation Tue Mar 10 08:20:00 CET 2026
#@# Fill Tue Mar 10 08:21:40 CET 2026
recon-all -s sub-v1s8x0051339_ses-1 finished without error at Tue Mar 10 08:22:17 CET 2026



#New# invocation of recon-all 



status file for recon-all
Tue Mar 10 09:02:08 CET 2026
#@# white curv lh Tue Mar 10 09:02:08 CET 2026
#@# white area lh Tue Mar 10 09:02:08 CET 2026
#@# pial curv lh Tue Mar 10 09:02:08 CET 2026
#@# pial area lh Tue Mar 10 09:02:08 CET 2026
#@# thickness lh Tue Mar 10 09:02:08 CET 2026
#@# area and vertex vol lh Tue Mar 10 09:02:08 CET 2026
#@# white curv rh Tue Mar 10 09:02:08 CET 2026
#@# white area rh Tue Mar 10 09:02:08 CET 2026
#@# pial curv rh Tue Mar 10 09:02:08 CET 2026
#@# pial area rh Tue Mar 10 09:02:08 CET 2026
#@# thickness rh Tue Mar 10 09:02:08 CET 2026
#@# area and vertex vol rh Tue Mar 10 09:02:08 CET 2026
#@# Cortical ribbon mask Tue Mar 10 09:02:08 CET 2026
recon-all -s sub-v1s8x0051339_ses-1 finished without error at Tue Mar 10 09:05:53 CET 2026



#New# invocation of recon-all 



status file for recon-all
Tue Mar 10 09:11:44 CET 2026
#@# white curv lh Tue Mar 10 09:11:44 CET 2026
#@# white area lh Tue Mar 10 09:11:44 CET 2026
#@# pial curv lh Tue Mar 10 09:11:44 CET 2026
#@# pial area lh Tue Mar 10 09:11:44 CET 2026
#@# thickness lh Tue Mar 10 09:11:44 CET 2026
#@# area and vertex vol lh Tue Mar 10 09:11:44 CET 2026
#@# white curv rh Tue Mar 10 09:11:44 CET 2026
#@# white area rh Tue Mar 10 09:11:44 CET 2026
#@# pial curv rh Tue Mar 10 09:11:44 CET 2026
#@# pial area rh Tue Mar 10 09:11:44 CET 2026
#@# thickness rh Tue Mar 10 09:11:44 CET 2026
#@# area and vertex vol rh Tue Mar 10 09:11:44 CET 2026
#@# Curvature Stats lh Tue Mar 10 09:11:44 CET 2026
#@# Curvature Stats rh Tue Mar 10 09:11:46 CET 2026
#@# Relabel Hypointensities Tue Mar 10 09:11:48 CET 2026
#@# APas-to-ASeg Tue Mar 10 09:11:59 CET 2026
#@# AParc-to-ASeg aparc Tue Mar 10 09:12:06 CET 2026
#@# AParc-to-ASeg aparc.a2009s Tue Mar 10 09:12:31 CET 2026
#@# AParc-to-ASeg aparc.DKTatlas Tue Mar 10 09:12:57 CET 2026
#@# WMParc Tue Mar 10 09:13:17 CET 2026
#@# ASeg Stats Tue Mar 10 09:15:21 CET 2026
recon-all -s sub-v1s8x0051339_ses-1 finished without error at Tue Mar 10 09:15:40 CET 2026
