status file for recon-all
Tue Mar 10 08:22:21 CET 2026
#@# Tessellate lh Tue Mar 10 08:22:21 CET 2026
#@# Smooth1 lh Tue Mar 10 08:22:25 CET 2026
#@# Inflation1 lh Tue Mar 10 08:22:27 CET 2026
#@# QSphere lh Tue Mar 10 08:22:40 CET 2026
#@# Fix Topology lh Tue Mar 10 08:23:49 CET 2026
#@# Smooth2 lh Tue Mar 10 08:28:44 CET 2026
#@# Inflation2 lh Tue Mar 10 08:28:47 CET 2026
#@# Curv .H and .K lh Tue Mar 10 08:29:00 CET 2026
#@# Sphere lh Tue Mar 10 08:29:40 CET 2026
#@# Surf Reg lh Tue Mar 10 08:32:04 CET 2026
#@# Jacobian white lh Tue Mar 10 08:35:42 CET 2026
#@# AvgCurv lh Tue Mar 10 08:35:42 CET 2026
#@# Cortical Parc lh Tue Mar 10 08:35:43 CET 2026
#@# white curv lh Tue Mar 10 08:41:35 CET 2026
#@# white area lh Tue Mar 10 08:41:36 CET 2026
#@# pial curv lh Tue Mar 10 08:41:37 CET 2026
#@# pial area lh Tue Mar 10 08:41:38 CET 2026
#@# thickness lh Tue Mar 10 08:41:39 CET 2026
#@# area and vertex vol lh Tue Mar 10 08:42:00 CET 2026
#@# Curvature Stats lh Tue Mar 10 08:42:01 CET 2026
#@# Cortical Parc 2 lh Tue Mar 10 08:42:03 CET 2026
#@# Cortical Parc 3 lh Tue Mar 10 08:42:14 CET 2026
#@# WM/GM Contrast lh Tue Mar 10 08:42:22 CET 2026
recon-all -s sub-v1s8x0051339_ses-1 finished without error at Tue Mar 10 08:42:25 CET 2026



#New# invocation of recon-all 



status file for recon-all
Tue Mar 10 09:05:58 CET 2026
#@# white curv lh Tue Mar 10 09:05:58 CET 2026
#@# white area lh Tue Mar 10 09:05:58 CET 2026
#@# pial curv lh Tue Mar 10 09:05:58 CET 2026
#@# pial area lh Tue Mar 10 09:05:58 CET 2026
#@# thickness lh Tue Mar 10 09:05:58 CET 2026
#@# area and vertex vol lh Tue Mar 10 09:05:58 CET 2026
#@# Parcellation Stats lh Tue Mar 10 09:05:58 CET 2026
#@# Parcellation Stats 2 lh Tue Mar 10 09:06:14 CET 2026
#@# Parcellation Stats 3 lh Tue Mar 10 09:06:23 CET 2026
#@# BA_exvivo Labels lh Tue Mar 10 09:06:31 CET 2026
recon-all -s sub-v1s8x0051339_ses-1 finished without error at Tue Mar 10 09:08:45 CET 2026
