/out/sourcedata/freesurfer/sub-v1s8x0051348_ses-1/mri
/opt/freesurfer/bin/talairach_avi
--i orig_nu.mgz --xfm transforms/talairach.auto.xfm
talairach_avi 7.3.2
Linux dna013 5.14.0-427.37.1.el9_4.x86_64 #1 SMP PREEMPT_DYNAMIC Fri Sep 13 12:41:50 EDT 2024 x86_64 x86_64 x86_64 GNU/Linux
Tue Mar 10 07:10:05 CET 2026
mri_convert orig_nu.mgz talsrcimg.img 
reading from orig_nu.mgz...
TR=0.00, TE=0.00, TI=0.00, flip angle=0.00
i_ras = (-1, 0, 0)
j_ras = (0, 0, -1)
k_ras = (0, 1, 0)
writing to talsrcimg.img...
Analyze Output Matrix
-1.00000   0.00000   0.00000   133.91046;
 0.00000   0.00000   1.00000  -146.98868;
 0.00000  -1.00000   0.00000   175.15262;
 0.00000   0.00000   0.00000   1.00000;
--------------------
INFO: set hdr.hist.orient to -1
mpr2mni305 talsrcimg
Tue Mar 10 07:10:05 CET 2026
/opt/freesurfer/bin/mpr2mni305 talsrcimg
mpr2mni305 7.3.2
target=711-2C_as_mni_average_305

---------------------------------------------------------------------
analyzeto4dfp talsrcimg -O0 -y
---------------------------------------------------------------------

freesurfer ifh2hdr.c
Tue Mar 10 07:10:06 2026
Writing: talsrcimg.4dfp.hdr
freesurfer analyzeto4dfp.c
Reading: talsrcimg.hdr
header size 348 bytes
hdr.dime.datatype	offset=70	value=2
hdr.dime.bitpix		offset=72	value=8
hdr.hist.orient		offset=252	value=-1
dimensionality     4
dimensions       256       256       256         1
Reading: talsrcimg.img
Writing: talsrcimg.4dfp.img
Writing: talsrcimg.4dfp.ifh
ifh2hdr talsrcimg -r0to206
ori=2

---------------------------------------------------------------------
gauss_4dfp talsrcimg 1.1
---------------------------------------------------------------------

freesurfer gauss_4dfp.c
Reading: talsrcimg.4dfp.img
Writing: talsrcimg_g11.4dfp.img
image dimensions 256 256 256 padded to 288 288 288
processing volume 1freesurfer ifh2hdr.c
Tue Mar 10 07:10:07 2026
Writing: talsrcimg_g11.4dfp.hdr

Writing: talsrcimg_g11.4dfp.ifh
including: talsrcimg.4dfp.img.rec in talsrcimg_g11.4dfp.img.rec

---------------------------------------------------------------------
imgreg_4dfp /opt/freesurfer/average/711-2C_as_mni_average_305 none talsrcimg_g11 none talsrcimg_to_711-2C_as_mni_average_305_t4 4355
---------------------------------------------------------------------

freesurfer imgreg_4dfp.c
/opt/freesurfer/average/711-2C_as_mni_average_305.4dfp.img
       256       256       256         1
  1.000000  1.000000  1.000000
orientation T byte_order littleendian
Reading image: /opt/freesurfer/average/711-2C_as_mni_average_305.4dfp.img
dimensions:      256       256       256
mmppix:       1.0000   -1.0000   -1.0000
center:     128.0000 -129.0000 -129.0000
talsrcimg_g11.4dfp.img
       256       256       256         1
  1.000000  1.000000  1.000000
orientation T byte_order littleendian
Reading image: talsrcimg_g11.4dfp.img
dimensions:      256       256       256
mmppix:       1.0000   -1.0000   -1.0000
center:     128.0000 -129.0000 -129.0000
t4_read: open error in t4_sub.f l:  41 t4_file(1:l)talsrcimg_to_711-2C_as_mni_average_305_t4 
t4_read: transform initialized to I4
rotation matrix determinant  1.000000
image alignment mode   4355 decimal     1103 hex
   -7.5000  -45.0000  -45.0000 5641.1831   20.7167
    0.0000  -45.0000  -45.0000 5863.7383   20.7467
    7.5000  -45.0000  -45.0000 5605.1436   20.7873
   -7.5000  -37.5000  -45.0000 6218.8984   20.2371
    0.0000  -37.5000  -45.0000 6484.3760   20.2588
    7.5000  -37.5000  -45.0000 6206.8345   20.2909
   -7.5000  -30.0000  -45.0000 7063.5493   19.9138
    0.0000  -30.0000  -45.0000 7371.7256   19.9344
    7.5000  -30.0000  -45.0000 7075.4302   19.9636
   -7.5000  -22.5000  -45.0000 7956.9712   19.7249
    0.0000  -22.5000  -45.0000 8314.3926   19.7512
    7.5000  -22.5000  -45.0000 7950.2529   19.7779
   -7.5000  -15.0000  -45.0000 8880.5156   19.6546
    0.0000  -15.0000  -45.0000 9266.4961   19.6879
    7.5000  -15.0000  -45.0000 8826.5947   19.7142
   -7.5000   -7.5000  -45.0000 9836.7598   19.6465
    0.0000   -7.5000  -45.000010249.9443   19.6794
    7.5000   -7.5000  -45.0000 9759.4131   19.7081
   -7.5000    0.0000  -45.000010651.9805   19.6678
    0.0000    0.0000  -45.000011098.2988   19.6942
    7.5000    0.0000  -45.000010563.6123   19.7237
   -7.5000    7.5000  -45.000010610.7529   19.6508
    0.0000    7.5000  -45.000011045.2148   19.6705
    7.5000    7.5000  -45.000010533.8828   19.6978
   -7.5000   15.0000  -45.000010414.7861   19.6144
    0.0000   15.0000  -45.000010848.6289   19.6328
    7.5000   15.0000  -45.000010381.3652   19.6585
   -7.5000   22.5000  -45.000010146.4326   19.5942
    0.0000   22.5000  -45.000010574.5176   19.6189
    7.5000   22.5000  -45.000010121.6855   19.6438
   -7.5000   30.0000  -45.0000 9854.1465   19.3484
    0.0000   30.0000  -45.000010253.6592   19.3804
    7.5000   30.0000  -45.0000 9811.0068   19.4058
   -7.5000   37.5000  -45.0000 9945.5908   19.3822
    0.0000   37.5000  -45.000010349.1006   19.4146
    7.5000   37.5000  -45.0000 9892.7930   19.4429
   -7.5000   45.0000  -45.0000 9568.2871   18.9130
    0.0000   45.0000  -45.0000 9958.9482   18.9383
    7.5000   45.0000  -45.0000 9539.7295   18.9667
   -7.5000  -45.0000  -37.5000 6058.8711   20.4957
    0.0000  -45.0000  -37.5000 6301.8330   20.5344
    7.5000  -45.0000  -37.5000 6028.7910   20.5750
   -7.5000  -37.5000  -37.5000 6677.3442   20.0241
    0.0000  -37.5000  -37.5000 6969.2910   20.0575
    7.5000  -37.5000  -37.5000 6670.0073   20.0897
   -7.5000  -30.0000  -37.5000 7587.3467   19.7045
    0.0000  -30.0000  -37.5000 7930.2983   19.7360
    7.5000  -30.0000  -37.5000 7578.8159   19.7698
   -7.5000  -22.5000  -37.5000 8568.0996   19.5127
    0.0000  -22.5000  -37.5000 8950.2324   19.5457
    7.5000  -22.5000  -37.5000 8528.0967   19.5818
   -7.5000  -15.0000  -37.5000 9571.6855   19.4387
    0.0000  -15.0000  -37.5000 9980.1797   19.4755
    7.5000  -15.0000  -37.5000 9490.4717   19.5125
   -7.5000   -7.5000  -37.500010543.9248   19.4326
    0.0000   -7.5000  -37.500010979.0508   19.4699
    7.5000   -7.5000  -37.500010462.7197   19.5043
   -7.5000    0.0000  -37.500011393.1055   19.4585
    0.0000    0.0000  -37.500011885.9072   19.4931
    7.5000    0.0000  -37.500011321.5830   19.5228
   -7.5000    7.5000  -37.500011356.8301   19.4454
    0.0000    7.5000  -37.500011830.2861   19.4764
    7.5000    7.5000  -37.500011272.5615   19.5039
   -7.5000   15.0000  -37.500011156.4883   19.4094
    0.0000   15.0000  -37.500011618.1396   19.4385
    7.5000   15.0000  -37.500011095.3535   19.4686
   -7.5000   22.5000  -37.500010825.6387   19.3843
    0.0000   22.5000  -37.500011280.0430   19.4157
    7.5000   22.5000  -37.500010777.7812   19.4500
   -7.5000   30.0000  -37.500010486.7988   19.1364
    0.0000   30.0000  -37.500010919.1328   19.1719
    7.5000   30.0000  -37.500010417.0957   19.2077
   -7.5000   37.5000  -37.500010557.0527   19.1712
    0.0000   37.5000  -37.500010998.4141   19.2080
    7.5000   37.5000  -37.500010486.4775   19.2418
   -7.5000   45.0000  -37.500010142.9941   18.7117
    0.0000   45.0000  -37.500010557.0732   18.7450
    7.5000   45.0000  -37.500010092.4570   18.7736
   -7.5000  -45.0000  -30.0000 6626.8037   21.2610
    0.0000  -45.0000  -30.0000 6890.4482   21.3061
    7.5000  -45.0000  -30.0000 6573.5757   21.3542
   -7.5000  -37.5000  -30.0000 7272.1221   20.7709
    0.0000  -37.5000  -30.0000 7598.6553   20.8127
    7.5000  -37.5000  -30.0000 7261.9004   20.8567
   -7.5000  -30.0000  -30.0000 8271.9404   20.4429
    0.0000  -30.0000  -30.0000 8647.9502   20.4813
    7.5000  -30.0000  -30.0000 8255.3789   20.5319
   -7.5000  -22.5000  -30.0000 9346.0547   20.2442
    0.0000  -22.5000  -30.0000 9760.0596   20.2809
    7.5000  -22.5000  -30.0000 9298.5303   20.3350
   -7.5000  -15.0000  -30.000010403.6943   20.1658
    0.0000  -15.0000  -30.000010849.6631   20.2039
    7.5000  -15.0000  -30.000010333.8203   20.2560
   -7.5000   -7.5000  -30.000011423.5127   20.1575
    0.0000   -7.5000  -30.000011912.3516   20.1971
    7.5000   -7.5000  -30.000011344.2559   20.2407
   -7.5000    0.0000  -30.000012335.3564   20.1828
    0.0000    0.0000  -30.000012887.2598   20.2233
    7.5000    0.0000  -30.000012288.7490   20.2597
   -7.5000    7.5000  -30.000012281.9688   20.1706
    0.0000    7.5000  -30.000012827.5762   20.2095
    7.5000    7.5000  -30.000012218.2314   20.2480
   -7.5000   15.0000  -30.000012067.3350   20.1368
    0.0000   15.0000  -30.000012585.9707   20.1727
    7.5000   15.0000  -30.000012002.8652   20.2191
   -7.5000   22.5000  -30.000011716.4824   20.1095
    0.0000   22.5000  -30.000012225.5752   20.1446
    7.5000   22.5000  -30.000011652.0635   20.1966
   -7.5000   30.0000  -30.000011312.7822   19.8543
    0.0000   30.0000  -30.000011791.3643   19.8910
    7.5000   30.0000  -30.000011244.3340   19.9418
   -7.5000   37.5000  -30.000011370.1104   19.8882
    0.0000   37.5000  -30.000011867.3984   19.9273
    7.5000   37.5000  -30.000011292.9170   19.9702
   -7.5000   45.0000  -30.000010895.7744   19.4225
    0.0000   45.0000  -30.000011352.4814   19.4614
    7.5000   45.0000  -30.000010817.2383   19.4964
   -7.5000  -45.0000  -22.5000 7156.9990   21.9840
    0.0000  -45.0000  -22.5000 7463.7798   22.0247
    7.5000  -45.0000  -22.5000 7119.7383   22.0808
   -7.5000  -37.5000  -22.5000 7870.1250   21.4741
    0.0000  -37.5000  -22.5000 8226.7910   21.5110
    7.5000  -37.5000  -22.5000 7866.7065   21.5675
   -7.5000  -30.0000  -22.5000 8974.2139   21.1410
    0.0000  -30.0000  -22.5000 9362.9209   21.1737
    7.5000  -30.0000  -22.5000 8948.2920   21.2371
   -7.5000  -22.5000  -22.500010110.3604   20.9445
    0.0000  -22.5000  -22.500010539.8535   20.9757
    7.5000  -22.5000  -22.500010066.6797   21.0390
   -7.5000  -15.0000  -22.500011206.8525   20.8673
    0.0000  -15.0000  -22.500011680.9521   20.9008
    7.5000  -15.0000  -22.500011158.7578   20.9576
   -7.5000   -7.5000  -22.500012298.5098   20.8530
    0.0000   -7.5000  -22.500012817.9258   20.8884
    7.5000   -7.5000  -22.500012231.4736   20.9358
   -7.5000    0.0000  -22.500013257.8330   20.8700
    0.0000    0.0000  -22.500013846.1582   20.9058
    7.5000    0.0000  -22.500013226.4629   20.9496
   -7.5000    7.5000  -22.500013171.7080   20.8540
    0.0000    7.5000  -22.500013777.3672   20.8878
    7.5000    7.5000  -22.500013142.1865   20.9380
   -7.5000   15.0000  -22.500012937.5410   20.8244
    0.0000   15.0000  -22.500013513.8984   20.8546
    7.5000   15.0000  -22.500012880.7051   20.9135
   -7.5000   22.5000  -22.500012585.1875   20.8037
    0.0000   22.5000  -22.500013126.1963   20.8334
    7.5000   22.5000  -22.500012504.8857   20.8944
   -7.5000   30.0000  -22.500012137.9639   20.5482
    0.0000   30.0000  -22.500012668.3008   20.5804
    7.5000   30.0000  -22.500012079.9619   20.6357
   -7.5000   37.5000  -22.500012195.6211   20.5776
    0.0000   37.5000  -22.500012722.6611   20.6125
    7.5000   37.5000  -22.500012093.6182   20.6592
   -7.5000   45.0000  -22.500011642.9951   20.0988
    0.0000   45.0000  -22.500012133.7305   20.1333
    7.5000   45.0000  -22.500011527.1914   20.1755
   -7.5000  -45.0000  -15.0000 7676.1641   22.5436
    0.0000  -45.0000  -15.0000 8031.4658   22.5750
    7.5000  -45.0000  -15.0000 7656.0928   22.6319
   -7.5000  -37.5000  -15.0000 8491.2188   22.0185
    0.0000  -37.5000  -15.0000 8879.2227   22.0432
    7.5000  -37.5000  -15.0000 8496.3945   22.1007
   -7.5000  -30.0000  -15.0000 9691.3496   21.6795
    0.0000  -30.0000  -15.000010115.3789   21.7006
    7.5000  -30.0000  -15.0000 9662.5322   21.7608
   -7.5000  -22.5000  -15.000010880.1455   21.4854
    0.0000  -22.5000  -15.000011342.5352   21.5090
    7.5000  -22.5000  -15.000010838.6123   21.5639
   -7.5000  -15.0000  -15.000012035.2090   21.4103
    0.0000  -15.0000  -15.000012543.4805   21.4395
    7.5000  -15.0000  -15.000011997.3164   21.4867
   -7.5000   -7.5000  -15.000013169.6855   21.3910
    0.0000   -7.5000  -15.000013723.9482   21.4212
    7.5000   -7.5000  -15.000013130.0703   21.4637
   -7.5000    0.0000  -15.000014163.1748   21.4007
    0.0000    0.0000  -15.000014790.9502   21.4277
    7.5000    0.0000  -15.000014171.4785   21.4720
   -7.5000    7.5000  -15.000014035.3057   21.3812
    0.0000    7.5000  -15.000014661.2773   21.4034
    7.5000    7.5000  -15.000014039.3193   21.4544
   -7.5000   15.0000  -15.000013754.6660   21.3541
    0.0000   15.0000  -15.000014371.0049   21.3730
    7.5000   15.0000  -15.000013728.1895   21.4288
   -7.5000   22.5000  -15.000013384.7568   21.3397
    0.0000   22.5000  -15.000013939.5098   21.3617
    7.5000   22.5000  -15.000013326.9697   21.4144
   -7.5000   30.0000  -15.000012945.7725   21.0857
    0.0000   30.0000  -15.000013486.9385   21.1137
    7.5000   30.0000  -15.000012881.6953   21.1595
   -7.5000   37.5000  -15.000012994.7188   21.1115
    0.0000   37.5000  -15.000013557.8994   21.1412
    7.5000   37.5000  -15.000012889.9854   21.1831
   -7.5000   45.0000  -15.000012371.2998   20.6224
    0.0000   45.0000  -15.000012884.8916   20.6484
    7.5000   45.0000  -15.000012259.6104   20.6911
   -7.5000  -45.0000   -7.5000 8245.6387   22.8415
    0.0000  -45.0000   -7.5000 8611.3760   22.8687
    7.5000  -45.0000   -7.5000 8225.0967   22.9185
   -7.5000  -37.5000   -7.5000 9153.2520   22.3091
    0.0000  -37.5000   -7.5000 9560.5742   22.3267
    7.5000  -37.5000   -7.5000 9129.9551   22.3722
   -7.5000  -30.0000   -7.500010410.3906   21.9593
    0.0000  -30.0000   -7.500010862.9824   21.9748
    7.5000  -30.0000   -7.500010379.6689   22.0179
   -7.5000  -22.5000   -7.500011687.8691   21.7590
    0.0000  -22.5000   -7.500012160.5381   21.7811
    7.5000  -22.5000   -7.500011641.6143   21.8178
   -7.5000  -15.0000   -7.500012913.1924   21.6838
    0.0000  -15.0000   -7.500013435.4307   21.7144
    7.5000  -15.0000   -7.500012876.9580   21.7462
   -7.5000   -7.5000   -7.500014060.0518   21.6678
    0.0000   -7.5000   -7.500014655.6699   21.6982
    7.5000   -7.5000   -7.500014078.3857   21.7315
   -7.5000    0.0000   -7.500015080.3447   21.6814
    0.0000    0.0000   -7.500015740.2734   21.7048
    7.5000    0.0000   -7.500015141.8613   21.7423
   -7.5000    7.5000   -7.500014904.8496   21.6614
    0.0000    7.5000   -7.500015538.6982   21.6770
    7.5000    7.5000   -7.500014953.0684   21.7167
   -7.5000   15.0000   -7.500014578.1729   21.6292
    0.0000   15.0000   -7.500015185.9268   21.6427
    7.5000   15.0000   -7.500014603.6270   21.6817
   -7.5000   22.5000   -7.500014181.9902   21.6088
    0.0000   22.5000   -7.500014756.2783   21.6293
    7.5000   22.5000   -7.500014166.2891   21.6640
   -7.5000   30.0000   -7.500013743.9932   21.3543
    0.0000   30.0000   -7.500014336.7529   21.3836
    7.5000   30.0000   -7.500013707.4365   21.4144
   -7.5000   37.5000   -7.500013768.3174   21.3841
    0.0000   37.5000   -7.500014363.6182   21.4140
    7.5000   37.5000   -7.500013710.1162   21.4469
   -7.5000   45.0000   -7.500013052.2539   20.8968
    0.0000   45.0000   -7.500013598.2070   20.9193
    7.5000   45.0000   -7.500012994.3662   20.9555
   -7.5000  -45.0000    0.0000 8778.2393   22.8897
    0.0000  -45.0000    0.0000 9150.2979   22.9217
    7.5000  -45.0000    0.0000 8738.9033   22.9651
   -7.5000  -37.5000    0.0000 9749.1924   22.3569
    0.0000  -37.5000    0.000010168.3496   22.3798
    7.5000  -37.5000    0.0000 9713.9902   22.4139
   -7.5000  -30.0000    0.000011077.6826   21.9983
    0.0000  -30.0000    0.000011543.6562   22.0200
    7.5000  -30.0000    0.000011054.4355   22.0509
   -7.5000  -22.5000    0.000012418.9346   21.7891
    0.0000  -22.5000    0.000012929.3740   21.8170
    7.5000  -22.5000    0.000012376.3896   21.8452
   -7.5000  -15.0000    0.000013689.4912   21.7115
    0.0000  -15.0000    0.000014260.6152   21.7471
    7.5000  -15.0000    0.000013680.1387   21.7749
   -7.5000   -7.5000    0.000014890.7930   21.7024
    0.0000   -7.5000    0.000015495.9287   21.7377
    7.5000   -7.5000    0.000014914.3486   21.7683
   -7.5000    0.0000    0.000015919.8516   21.7256
    0.0000    0.0000    0.000016580.1250   21.7539
    7.5000    0.0000    0.000015975.7559   21.7854
   -7.5000    7.5000    0.000015706.4180   21.7072
    0.0000    7.5000    0.000016298.1279   21.7282
    7.5000    7.5000    0.000015742.7891   21.7572
   -7.5000   15.0000    0.000015347.9492   21.6678
    0.0000   15.0000    0.000015898.6465   21.6873
    7.5000   15.0000    0.000015364.2480   21.7144
   -7.5000   22.5000    0.000014946.9502   21.6388
    0.0000   22.5000    0.000015538.1406   21.6650
    7.5000   22.5000    0.000014939.2236   21.6912
   -7.5000   30.0000    0.000014455.2402   21.3822
    0.0000   30.0000    0.000015095.1445   21.4164
    7.5000   30.0000    0.000014484.1348   21.4433
   -7.5000   37.5000    0.000014431.8184   21.4188
    0.0000   37.5000    0.000015069.3506   21.4536
    7.5000   37.5000    0.000014456.3066   21.4838
   -7.5000   45.0000    0.000013617.5498   20.9409
    0.0000   45.0000    0.000014190.6270   20.9683
    7.5000   45.0000    0.000013625.9805   20.9987
   -7.5000  -45.0000    7.5000 8574.6807   22.8567
    0.0000  -45.0000    7.5000 8944.8428   22.8994
    7.5000  -45.0000    7.5000 8522.6367   22.9437
   -7.5000  -37.5000    7.5000 9551.2061   22.3277
    0.0000  -37.5000    7.5000 9945.0742   22.3645
    7.5000  -37.5000    7.5000 9484.5723   22.3995
   -7.5000  -30.0000    7.500010885.0527   21.9696
    0.0000  -30.0000    7.500011314.5830   22.0042
    7.5000  -30.0000    7.500010842.0264   22.0410
   -7.5000  -22.5000    7.500012183.0869   21.7550
    0.0000  -22.5000    7.500012674.1465   21.7914
    7.5000  -22.5000    7.500012147.2822   21.8307
   -7.5000  -15.0000    7.500013410.1904   21.6727
    0.0000  -15.0000    7.500013962.7949   21.7133
    7.5000  -15.0000    7.500013408.9482   21.7536
   -7.5000   -7.5000    7.500014555.7881   21.6659
    0.0000   -7.5000    7.500015166.0410   21.7072
    7.5000   -7.5000    7.500014568.6719   21.7447
   -7.5000    0.0000    7.500015560.5918   21.6948
    0.0000    0.0000    7.500016181.7041   21.7332
    7.5000    0.0000    7.500015582.8086   21.7655
   -7.5000    7.5000    7.500015312.5342   21.6804
    0.0000    7.5000    7.500015825.1934   21.7147
    7.5000    7.5000    7.500015351.6221   21.7445
   -7.5000   15.0000    7.500014922.1914   21.6402
    0.0000   15.0000    7.500015416.0303   21.6723
    7.5000   15.0000    7.500014950.9941   21.7052
   -7.5000   22.5000    7.500014554.6670   21.6053
    0.0000   22.5000    7.500015107.7295   21.6399
    7.5000   22.5000    7.500014577.4424   21.6772
   -7.5000   30.0000    7.500014077.9932   21.3441
    0.0000   30.0000    7.500014700.3047   21.3833
    7.5000   30.0000    7.500014179.8828   21.4224
   -7.5000   37.5000    7.500014000.0879   21.3828
    0.0000   37.5000    7.500014636.8838   21.4235
    7.5000   37.5000    7.500014119.4053   21.4605
   -7.5000   45.0000    7.500013164.2773   20.9113
    0.0000   45.0000    7.500013742.5410   20.9483
    7.5000   45.0000    7.500013248.3320   20.9795
   -7.5000  -45.0000   15.0000 8310.3506   22.8231
    0.0000  -45.0000   15.0000 8645.6104   22.8714
    7.5000  -45.0000   15.0000 8271.3574   22.9226
   -7.5000  -37.5000   15.0000 9234.5703   22.2964
    0.0000  -37.5000   15.0000 9606.3135   22.3411
    7.5000  -37.5000   15.0000 9176.5215   22.3880
   -7.5000  -30.0000   15.000010507.5293   21.9442
    0.0000  -30.0000   15.000010934.3867   21.9852
    7.5000  -30.0000   15.000010461.0635   22.0392
   -7.5000  -22.5000   15.000011733.9434   21.7309
    0.0000  -22.5000   15.000012216.8418   21.7701
    7.5000  -22.5000   15.000011711.1953   21.8279
   -7.5000  -15.0000   15.000012924.4160   21.6467
    0.0000  -15.0000   15.000013458.6016   21.6874
    7.5000  -15.0000   15.000012889.4531   21.7431
   -7.5000   -7.5000   15.000014006.6816   21.6378
    0.0000   -7.5000   15.000014566.9746   21.6802
    7.5000   -7.5000   15.000013988.0967   21.7267
   -7.5000    0.0000   15.000014899.7031   21.6650
    0.0000    0.0000   15.000015491.2031   21.7083
    7.5000    0.0000   15.000014938.8135   21.7470
   -7.5000    7.5000   15.000014660.9707   21.6520
    0.0000    7.5000   15.000015156.0977   21.6935
    7.5000    7.5000   15.000014705.1182   21.7345
   -7.5000   15.0000   15.000014290.9531   21.6157
    0.0000   15.0000   15.000014775.0732   21.6540
    7.5000   15.0000   15.000014384.0381   21.7035
   -7.5000   22.5000   15.000013901.6260   21.5816
    0.0000   22.5000   15.000014432.2588   21.6190
    7.5000   22.5000   15.000014038.6621   21.6746
   -7.5000   30.0000   15.000013478.8633   21.3187
    0.0000   30.0000   15.000014050.5820   21.3579
    7.5000   30.0000   15.000013659.9102   21.4121
   -7.5000   37.5000   15.000013454.8252   21.3550
    0.0000   37.5000   15.000014044.6865   21.3969
    7.5000   37.5000   15.000013610.5068   21.4427
   -7.5000   45.0000   15.000012648.9180   20.8826
    0.0000   45.0000   15.000013207.9727   20.9243
    7.5000   45.0000   15.000012753.4014   20.9616
   -7.5000  -45.0000   22.5000 7906.5493   22.8531
    0.0000  -45.0000   22.5000 8239.9834   22.8951
    7.5000  -45.0000   22.5000 7884.1465   22.9531
   -7.5000  -37.5000   22.5000 8775.7441   22.3224
    0.0000  -37.5000   22.5000 9140.6436   22.3604
    7.5000  -37.5000   22.5000 8753.0244   22.4188
   -7.5000  -30.0000   22.500010005.9521   21.9757
    0.0000  -30.0000   22.500010430.6201   22.0094
    7.5000  -30.0000   22.5000 9992.0234   22.0750
   -7.5000  -22.5000   22.500011206.4131   21.7711
    0.0000  -22.5000   22.500011663.8613   21.8033
    7.5000  -22.5000   22.500011165.2949   21.8687
   -7.5000  -15.0000   22.500012312.9150   21.6907
    0.0000  -15.0000   22.500012820.6973   21.7253
    7.5000  -15.0000   22.500012280.1660   21.7840
   -7.5000   -7.5000   22.500013327.7676   21.6758
    0.0000   -7.5000   22.500013871.5645   21.7124
    7.5000   -7.5000   22.500013332.1152   21.7613
   -7.5000    0.0000   22.500014206.5098   21.6935
    0.0000    0.0000   22.500014802.0576   21.7305
    7.5000    0.0000   22.500014232.8936   21.7757
   -7.5000    7.5000   22.500014016.8457   21.6769
    0.0000    7.5000   22.500014558.8555   21.7118
    7.5000    7.5000   22.500014042.2207   21.7637
   -7.5000   15.0000   22.500013735.6602   21.6461
    0.0000   15.0000   22.500014252.0342   21.6773
    7.5000   15.0000   22.500013765.1006   21.7382
   -7.5000   22.5000   22.500013378.7129   21.6213
    0.0000   22.5000   22.500013890.2686   21.6518
    7.5000   22.5000   22.500013423.1104   21.7149
   -7.5000   30.0000   22.500012980.3369   21.3619
    0.0000   30.0000   22.500013483.5615   21.3952
    7.5000   30.0000   22.500013020.9189   21.4523
   -7.5000   37.5000   22.500012918.2285   21.3926
    0.0000   37.5000   22.500013412.3350   21.4286
    7.5000   37.5000   22.500012953.0674   21.4768
   -7.5000   45.0000   22.500012133.1777   20.9101
    0.0000   45.0000   22.500012583.7256   20.9457
    7.5000   45.0000   22.500012135.1074   20.9892
   -7.5000  -45.0000   30.0000 7462.2456   22.9657
    0.0000  -45.0000   30.0000 7774.9087   22.9972
    7.5000  -45.0000   30.0000 7439.5815   23.0550
   -7.5000  -37.5000   30.0000 8270.5879   22.4296
    0.0000  -37.5000   30.0000 8624.9248   22.4543
    7.5000  -37.5000   30.0000 8243.0537   22.5127
   -7.5000  -30.0000   30.0000 9428.9219   22.0831
    0.0000  -30.0000   30.0000 9834.3330   22.1042
    7.5000  -30.0000   30.0000 9394.4258   22.1653
   -7.5000  -22.5000   30.000010546.7559   21.8844
    0.0000  -22.5000   30.000011004.6719   21.9081
    7.5000  -22.5000   30.000010500.0811   21.9638
   -7.5000  -15.0000   30.000011572.7979   21.8076
    0.0000  -15.0000   30.000012087.1230   21.8370
    7.5000  -15.0000   30.000011561.8496   21.8847
   -7.5000   -7.5000   30.000012548.1436   21.7880
    0.0000   -7.5000   30.000013105.7646   21.8183
    7.5000   -7.5000   30.000012547.0186   21.8613
   -7.5000    0.0000   30.000013446.2490   21.7980
    0.0000    0.0000   30.000014026.8984   21.8251
    7.5000    0.0000   30.000013425.0781   21.8700
   -7.5000    7.5000   30.000013324.4590   21.7780
    0.0000    7.5000   30.000013854.9355   21.8001
    7.5000    7.5000   30.000013273.8457   21.8519
   -7.5000   15.0000   30.000013034.1992   21.7502
    0.0000   15.0000   30.000013545.7363   21.7690
    7.5000   15.0000   30.000013014.2412   21.8256
   -7.5000   22.5000   30.000012676.8428   21.7330
    0.0000   22.5000   30.000013158.4453   21.7550
    7.5000   22.5000   30.000012660.6660   21.8085
   -7.5000   30.0000   30.000012275.6943   21.4767
    0.0000   30.0000   30.000012752.2061   21.5049
    7.5000   30.0000   30.000012252.4092   21.5513
   -7.5000   37.5000   30.000012197.1553   21.5032
    0.0000   37.5000   30.000012669.1963   21.5331
    7.5000   37.5000   30.000012192.8115   21.5756
   -7.5000   45.0000   30.000011458.9834   21.0107
    0.0000   45.0000   30.000011863.6270   21.0369
    7.5000   45.0000   30.000011432.9658   21.0801
   -7.5000  -45.0000   37.5000 7228.3081   23.1068
    0.0000  -45.0000   37.5000 7530.0049   23.1337
    7.5000  -45.0000   37.5000 7218.8145   23.1841
   -7.5000  -37.5000   37.5000 8011.1001   22.5681
    0.0000  -37.5000   37.5000 8340.9502   22.5853
    7.5000  -37.5000   37.5000 7986.7671   22.6314
   -7.5000  -30.0000   37.5000 9138.6357   22.2136
    0.0000  -30.0000   37.5000 9508.7393   22.2287
    7.5000  -30.0000   37.5000 9080.3965   22.2723
   -7.5000  -22.5000   37.500010210.4873   22.0103
    0.0000  -22.5000   37.500010646.6182   22.0321
    7.5000  -22.5000   37.500010166.8291   22.0691
   -7.5000  -15.0000   37.500011220.6152   21.9340
    0.0000  -15.0000   37.500011716.3340   21.9645
    7.5000  -15.0000   37.500011197.5557   21.9965
   -7.5000   -7.5000   37.500012184.7588   21.9180
    0.0000   -7.5000   37.500012729.8818   21.9483
    7.5000   -7.5000   37.500012154.8613   21.9820
   -7.5000    0.0000   37.500013062.1621   21.9322
    0.0000    0.0000   37.500013630.2266   21.9554
    7.5000    0.0000   37.500013012.0371   21.9935
   -7.5000    7.5000   37.500012918.8086   21.9117
    0.0000    7.5000   37.500013455.0049   21.9271
    7.5000    7.5000   37.500012877.9629   21.9673
   -7.5000   15.0000   37.500012630.8389   21.8787
    0.0000   15.0000   37.500013141.7354   21.8918
    7.5000   15.0000   37.500012619.8057   21.9313
   -7.5000   22.5000   37.500012291.5713   21.8578
    0.0000   22.5000   37.500012758.8838   21.8780
    7.5000   22.5000   37.500012249.9014   21.9130
   -7.5000   30.0000   37.500011918.5029   21.6010
    0.0000   30.0000   37.500012356.5752   21.6301
    7.5000   30.0000   37.500011873.2422   21.6611
   -7.5000   37.5000   37.500011844.0303   21.6316
    0.0000   37.5000   37.500012279.3486   21.6614
    7.5000   37.5000   37.500011818.6182   21.6946
   -7.5000   45.0000   37.500011116.7227   21.1401
    0.0000   45.0000   37.500011507.4893   21.1625
    7.5000   45.0000   37.500011070.3496   21.1992
   -7.5000  -45.0000   45.0000 6675.6987   23.2128
    0.0000  -45.0000   45.0000 6948.2095   23.2458
    7.5000  -45.0000   45.0000 6663.9609   23.2909
   -7.5000  -37.5000   45.0000 7398.9604   22.6722
    0.0000  -37.5000   45.0000 7698.9951   22.6958
    7.5000  -37.5000   45.0000 7371.4722   22.7314
   -7.5000  -30.0000   45.0000 8437.7158   22.3093
    0.0000  -30.0000   45.0000 8765.9268   22.3315
    7.5000  -30.0000   45.0000 8375.0928   22.3638
   -7.5000  -22.5000   45.0000 9431.9141   22.0974
    0.0000  -22.5000   45.0000 9814.0039   22.1262
    7.5000  -22.5000   45.0000 9366.8740   22.1559
   -7.5000  -15.0000   45.000010355.8789   22.0192
    0.0000  -15.0000   45.000010794.0977   22.0559
    7.5000  -15.0000   45.000010304.6787   22.0854
   -7.5000   -7.5000   45.000011239.3867   22.0105
    0.0000   -7.5000   45.000011731.4619   22.0471
    7.5000   -7.5000   45.000011183.7412   22.0793
   -7.5000    0.0000   45.000012046.1699   22.0343
    0.0000    0.0000   45.000012553.8252   22.0637
    7.5000    0.0000   45.000011981.7793   22.0968
   -7.5000    7.5000   45.000011903.2617   22.0161
    0.0000    7.5000   45.000012398.2773   22.0378
    7.5000    7.5000   45.000011856.6797   22.0683
   -7.5000   15.0000   45.000011624.2812   21.9764
    0.0000   15.0000   45.000012104.0996   21.9965
    7.5000   15.0000   45.000011619.1445   22.0251
   -7.5000   22.5000   45.000011322.5732   21.9467
    0.0000   22.5000   45.000011758.3369   21.9737
    7.5000   22.5000   45.000011292.9443   22.0015
   -7.5000   30.0000   45.000010991.7266   21.6841
    0.0000   30.0000   45.000011393.2725   21.7195
    7.5000   30.0000   45.000010954.7051   21.7479
   -7.5000   37.5000   45.000010932.2695   21.7210
    0.0000   37.5000   45.000011334.3271   21.7570
    7.5000   37.5000   45.000010910.7510   21.7888
   -7.5000   45.0000   45.000010267.3506   21.2481
    0.0000   45.0000   45.000010614.6787   21.2765
    7.5000   45.0000   45.000010205.7529   21.3084

---------------------------------------------------------------------
imgreg_4dfp /opt/freesurfer/average/711-2C_as_mni_average_305 /opt/freesurfer/average/711-2B_as_mni_average_305_mask talsrcimg_g11 none talsrcimg_to_711-2C_as_mni_average_305_t4 4355
---------------------------------------------------------------------

freesurfer imgreg_4dfp.c
/opt/freesurfer/average/711-2C_as_mni_average_305.4dfp.img
       256       256       256         1
  1.000000  1.000000  1.000000
orientation T byte_order littleendian
Reading image: /opt/freesurfer/average/711-2C_as_mni_average_305.4dfp.img
dimensions:      256       256       256
mmppix:       1.0000   -1.0000   -1.0000
center:     128.0000 -129.0000 -129.0000
/opt/freesurfer/average/711-2B_as_mni_average_305_mask.4dfp.img
       256       256       256         1
  1.000000  1.000000  1.000000
orientation T byte_order littleendian
Reading mask: /opt/freesurfer/average/711-2B_as_mni_average_305_mask.4dfp.img (2306576 pixels)
talsrcimg_g11.4dfp.img
       256       256       256         1
  1.000000  1.000000  1.000000
orientation T byte_order littleendian
Reading image: talsrcimg_g11.4dfp.img
dimensions:      256       256       256
mmppix:       1.0000   -1.0000   -1.0000
center:     128.0000 -129.0000 -129.0000
rotation matrix determinant  1.000000
image alignment mode   4355 decimal     1103 hex
   -7.5000  -45.0000  -45.0000 1599.3818   35.2261
    0.0000  -45.0000  -45.0000 1605.8282   35.1007
    7.5000  -45.0000  -45.0000 1583.2241   35.2548
   -7.5000  -37.5000  -45.0000 1720.5570   30.2410
    0.0000  -37.5000  -45.0000 1733.5422   30.2411
    7.5000  -37.5000  -45.0000 1718.2267   30.4490
   -7.5000  -30.0000  -45.0000 1834.1079   26.5016
    0.0000  -30.0000  -45.0000 1848.6370   26.4611
    7.5000  -30.0000  -45.0000 1838.8297   26.7497
   -7.5000  -22.5000  -45.0000 1948.9027   23.7619
    0.0000  -22.5000  -45.0000 1958.5308   23.6976
    7.5000  -22.5000  -45.0000 1942.9540   23.9001
   -7.5000  -15.0000  -45.0000 2041.6759   21.7520
    0.0000  -15.0000  -45.0000 2052.4658   21.6948
    7.5000  -15.0000  -45.0000 2031.8180   21.8336
   -7.5000   -7.5000  -45.0000 2128.6602   20.3409
    0.0000   -7.5000  -45.0000 2135.2197   20.2969
    7.5000   -7.5000  -45.0000 2114.5947   20.4919
   -7.5000    0.0000  -45.0000 2179.9167   19.3458
    0.0000    0.0000  -45.0000 2185.5518   19.2579
    7.5000    0.0000  -45.0000 2163.3186   19.4847
   -7.5000    7.5000  -45.0000 2211.2786   18.6342
    0.0000    7.5000  -45.0000 2217.0947   18.5326
    7.5000    7.5000  -45.0000 2201.2798   18.7289
   -7.5000   15.0000  -45.0000 2223.1589   18.2022
    0.0000   15.0000  -45.0000 2232.0391   18.0860
    7.5000   15.0000  -45.0000 2219.9346   18.2450
   -7.5000   22.5000  -45.0000 2218.8938   18.1718
    0.0000   22.5000  -45.0000 2232.0120   18.0404
    7.5000   22.5000  -45.0000 2219.0657   18.2169
   -7.5000   30.0000  -45.0000 2203.0725   18.4859
    0.0000   30.0000  -45.0000 2216.4788   18.3945
    7.5000   30.0000  -45.0000 2201.2676   18.6087
   -7.5000   37.5000  -45.0000 2169.3606   19.2755
    0.0000   37.5000  -45.0000 2187.6724   19.1043
    7.5000   37.5000  -45.0000 2173.1367   19.3473
   -7.5000   45.0000  -45.0000 2123.1438   20.3779
    0.0000   45.0000  -45.0000 2140.9099   20.1889
    7.5000   45.0000  -45.0000 2128.8472   20.4489
   -7.5000  -45.0000  -37.5000 1668.7604   32.1303
    0.0000  -45.0000  -37.5000 1675.0734   32.0744
    7.5000  -45.0000  -37.5000 1654.1622   32.2851
   -7.5000  -37.5000  -37.5000 1797.6180   27.5993
    0.0000  -37.5000  -37.5000 1808.3447   27.5380
    7.5000  -37.5000  -37.5000 1798.2819   27.8582
   -7.5000  -30.0000  -37.5000 1914.8477   24.2299
    0.0000  -30.0000  -37.5000 1929.0155   24.2109
    7.5000  -30.0000  -37.5000 1917.0458   24.4845
   -7.5000  -22.5000  -37.5000 2036.2115   21.7062
    0.0000  -22.5000  -37.5000 2044.8048   21.7161
    7.5000  -22.5000  -37.5000 2024.1412   21.9177
   -7.5000  -15.0000  -37.5000 2138.1963   19.8813
    0.0000  -15.0000  -37.5000 2146.4153   19.8609
    7.5000  -15.0000  -37.5000 2123.4226   20.0700
   -7.5000   -7.5000  -37.5000 2218.6262   18.5927
    0.0000   -7.5000  -37.5000 2225.4937   18.5266
    7.5000   -7.5000  -37.5000 2207.7793   18.7524
   -7.5000    0.0000  -37.5000 2268.5645   17.6362
    0.0000    0.0000  -37.5000 2282.0464   17.5739
    7.5000    0.0000  -37.5000 2263.1560   17.7760
   -7.5000    7.5000  -37.5000 2311.6216   16.9868
    0.0000    7.5000  -37.5000 2319.1897   16.8973
    7.5000    7.5000  -37.5000 2305.2876   17.0942
   -7.5000   15.0000  -37.5000 2330.6204   16.6226
    0.0000   15.0000  -37.5000 2340.3130   16.4962
    7.5000   15.0000  -37.5000 2325.7231   16.7189
   -7.5000   22.5000  -37.5000 2322.5791   16.6312
    0.0000   22.5000  -37.5000 2336.2783   16.5287
    7.5000   22.5000  -37.5000 2322.4368   16.7137
   -7.5000   30.0000  -37.5000 2304.1855   16.9753
    0.0000   30.0000  -37.5000 2320.0088   16.8479
    7.5000   30.0000  -37.5000 2305.1846   17.0467
   -7.5000   37.5000  -37.5000 2270.4451   17.6704
    0.0000   37.5000  -37.5000 2290.6682   17.5115
    7.5000   37.5000  -37.5000 2277.3083   17.7405
   -7.5000   45.0000  -37.5000 2218.5269   18.7236
    0.0000   45.0000  -37.5000 2241.4172   18.5616
    7.5000   45.0000  -37.5000 2229.7852   18.7994
   -7.5000  -45.0000  -30.0000 1767.9817   30.3776
    0.0000  -45.0000  -30.0000 1770.5769   30.4431
    7.5000  -45.0000  -30.0000 1758.1444   30.7869
   -7.5000  -37.5000  -30.0000 1898.9635   26.1260
    0.0000  -37.5000  -30.0000 1910.8634   26.1960
    7.5000  -37.5000  -30.0000 1898.6344   26.5328
   -7.5000  -30.0000  -30.0000 2024.0577   22.9153
    0.0000  -30.0000  -30.0000 2037.4174   22.9608
    7.5000  -30.0000  -30.0000 2022.2665   23.3506
   -7.5000  -22.5000  -30.0000 2152.3223   20.5567
    0.0000  -22.5000  -30.0000 2161.4817   20.5760
    7.5000  -22.5000  -30.0000 2142.3677   20.9275
   -7.5000  -15.0000  -30.0000 2262.4104   18.7719
    0.0000  -15.0000  -30.0000 2271.5518   18.7876
    7.5000  -15.0000  -30.0000 2248.4126   19.0736
   -7.5000   -7.5000  -30.0000 2346.9612   17.5197
    0.0000   -7.5000  -30.0000 2357.2617   17.4781
    7.5000   -7.5000  -30.0000 2331.2336   17.7430
   -7.5000    0.0000  -30.0000 2403.8677   16.6498
    0.0000    0.0000  -30.0000 2418.8538   16.6043
    7.5000    0.0000  -30.0000 2397.1016   16.8085
   -7.5000    7.5000  -30.0000 2448.3982   16.0496
    0.0000    7.5000  -30.0000 2460.5261   15.9884
    7.5000    7.5000  -30.0000 2447.4949   16.1870
   -7.5000   15.0000  -30.0000 2478.5398   15.7307
    0.0000   15.0000  -30.0000 2488.6892   15.6254
    7.5000   15.0000  -30.0000 2472.0312   15.8261
   -7.5000   22.5000  -30.0000 2478.1255   15.7571
    0.0000   22.5000  -30.0000 2496.2136   15.6467
    7.5000   22.5000  -30.0000 2478.0388   15.8532
   -7.5000   30.0000  -30.0000 2458.7998   16.1157
    0.0000   30.0000  -30.0000 2477.5078   16.0134
    7.5000   30.0000  -30.0000 2457.5579   16.2331
   -7.5000   37.5000  -30.0000 2421.5974   16.8315
    0.0000   37.5000  -30.0000 2444.9944   16.6982
    7.5000   37.5000  -30.0000 2429.0994   16.9205
   -7.5000   45.0000  -30.0000 2364.2527   17.9035
    0.0000   45.0000  -30.0000 2387.7654   17.7375
    7.5000   45.0000  -30.0000 2372.0381   17.9839
   -7.5000  -45.0000  -22.5000 1835.8903   28.7325
    0.0000  -45.0000  -22.5000 1845.5011   28.8589
    7.5000  -45.0000  -22.5000 1834.8417   29.3263
   -7.5000  -37.5000  -22.5000 1975.8688   24.6831
    0.0000  -37.5000  -22.5000 1989.8745   24.8209
    7.5000  -37.5000  -22.5000 1974.8448   25.3086
   -7.5000  -30.0000  -22.5000 2111.1829   21.7272
    0.0000  -30.0000  -22.5000 2122.5908   21.7250
    7.5000  -30.0000  -22.5000 2106.1965   22.2290
   -7.5000  -22.5000  -22.5000 2239.8081   19.4785
    0.0000  -22.5000  -22.5000 2250.6707   19.4350
    7.5000  -22.5000  -22.5000 2231.3564   19.8539
   -7.5000  -15.0000  -22.5000 2351.8018   17.7062
    0.0000  -15.0000  -22.5000 2361.8186   17.6630
    7.5000  -15.0000  -22.5000 2339.2405   18.0171
   -7.5000   -7.5000  -22.5000 2445.6396   16.4876
    0.0000   -7.5000  -22.5000 2459.6082   16.4269
    7.5000   -7.5000  -22.5000 2433.4197   16.7063
   -7.5000    0.0000  -22.5000 2513.6196   15.6391
    0.0000    0.0000  -22.5000 2529.7236   15.5642
    7.5000    0.0000  -22.5000 2508.7620   15.8038
   -7.5000    7.5000  -22.5000 2565.2949   15.0730
    0.0000    7.5000  -22.5000 2580.7456   15.0221
    7.5000    7.5000  -22.5000 2563.0083   15.2203
   -7.5000   15.0000  -22.5000 2601.5803   14.7713
    0.0000   15.0000  -22.5000 2614.0369   14.7166
    7.5000   15.0000  -22.5000 2595.1101   14.9288
   -7.5000   22.5000  -22.5000 2612.2053   14.8411
    0.0000   22.5000  -22.5000 2632.2688   14.7467
    7.5000   22.5000  -22.5000 2607.2246   14.9571
   -7.5000   30.0000  -22.5000 2592.8269   15.2422
    0.0000   30.0000  -22.5000 2615.8691   15.1425
    7.5000   30.0000  -22.5000 2592.4673   15.3731
   -7.5000   37.5000  -22.5000 2551.0615   15.9561
    0.0000   37.5000  -22.5000 2576.1284   15.8320
    7.5000   37.5000  -22.5000 2553.0015   16.0781
   -7.5000   45.0000  -22.5000 2481.9387   17.0468
    0.0000   45.0000  -22.5000 2506.2349   16.9023
    7.5000   45.0000  -22.5000 2483.2812   17.1671
   -7.5000  -45.0000  -15.0000 1880.6385   27.4084
    0.0000  -45.0000  -15.0000 1897.2994   27.5140
    7.5000  -45.0000  -15.0000 1882.5970   28.0084
   -7.5000  -37.5000  -15.0000 2031.6151   23.6266
    0.0000  -37.5000  -15.0000 2043.8788   23.6843
    7.5000  -37.5000  -15.0000 2031.7489   24.2352
   -7.5000  -30.0000  -15.0000 2174.4099   20.7579
    0.0000  -30.0000  -15.0000 2184.1282   20.7474
    7.5000  -30.0000  -15.0000 2162.2830   21.2622
   -7.5000  -22.5000  -15.0000 2302.2090   18.5348
    0.0000  -22.5000  -15.0000 2309.9897   18.4808
    7.5000  -22.5000  -15.0000 2285.2312   18.9099
   -7.5000  -15.0000  -15.0000 2416.4136   16.7907
    0.0000  -15.0000  -15.0000 2425.6831   16.7304
    7.5000  -15.0000  -15.0000 2401.2651   17.1178
   -7.5000   -7.5000  -15.0000 2520.1382   15.5515
    0.0000   -7.5000  -15.0000 2535.5249   15.4711
    7.5000   -7.5000  -15.0000 2507.3225   15.8104
   -7.5000    0.0000  -15.0000 2600.2202   14.7077
    0.0000    0.0000  -15.0000 2618.9246   14.6015
    7.5000    0.0000  -15.0000 2593.7004   14.8957
   -7.5000    7.5000  -15.0000 2658.9509   14.1636
    0.0000    7.5000  -15.0000 2678.4790   14.0896
    7.5000    7.5000  -15.0000 2654.9351   14.3318
   -7.5000   15.0000  -15.0000 2698.2776   13.9140
    0.0000   15.0000  -15.0000 2716.1008   13.8657
    7.5000   15.0000  -15.0000 2692.1794   14.0845
   -7.5000   22.5000  -15.0000 2712.8186   14.0084
    0.0000   22.5000  -15.0000 2736.9639   13.9423
    7.5000   22.5000  -15.0000 2710.2717   14.1525
   -7.5000   30.0000  -15.0000 2698.5864   14.4445
    0.0000   30.0000  -15.0000 2722.2654   14.3520
    7.5000   30.0000  -15.0000 2695.3789   14.5678
   -7.5000   37.5000  -15.0000 2651.9814   15.1761
    0.0000   37.5000  -15.0000 2679.4778   15.0727
    7.5000   37.5000  -15.0000 2647.5493   15.2778
   -7.5000   45.0000  -15.0000 2572.6912   16.2289
    0.0000   45.0000  -15.0000 2596.6362   16.1271
    7.5000   45.0000  -15.0000 2569.2136   16.3427
   -7.5000  -45.0000   -7.5000 1919.4055   26.3513
    0.0000  -45.0000   -7.5000 1931.7563   26.3942
    7.5000  -45.0000   -7.5000 1918.9270   26.9869
   -7.5000  -37.5000   -7.5000 2078.4407   22.8214
    0.0000  -37.5000   -7.5000 2086.4868   22.7931
    7.5000  -37.5000   -7.5000 2071.5913   23.3644
   -7.5000  -30.0000   -7.5000 2218.4172   20.0052
    0.0000  -30.0000   -7.5000 2225.1318   19.9181
    7.5000  -30.0000   -7.5000 2203.4338   20.3840
   -7.5000  -22.5000   -7.5000 2349.0227   17.7525
    0.0000  -22.5000   -7.5000 2353.7065   17.6465
    7.5000  -22.5000   -7.5000 2329.1304   18.0880
   -7.5000  -15.0000   -7.5000 2469.4707   16.0227
    0.0000  -15.0000   -7.5000 2475.5786   15.9211
    7.5000  -15.0000   -7.5000 2448.1460   16.3550
   -7.5000   -7.5000   -7.5000 2577.4961   14.7965
    0.0000   -7.5000   -7.5000 2591.0840   14.6781
    7.5000   -7.5000   -7.5000 2563.6692   15.0651
   -7.5000    0.0000   -7.5000 2667.8242   13.9208
    0.0000    0.0000   -7.5000 2687.9194   13.8003
    7.5000    0.0000   -7.5000 2660.1118   14.1519
   -7.5000    7.5000   -7.5000 2740.1208   13.4029
    0.0000    7.5000   -7.5000 2762.0071   13.2833
    7.5000    7.5000   -7.5000 2734.4700   13.5636
   -7.5000   15.0000   -7.5000 2786.9656   13.1714
    0.0000   15.0000   -7.5000 2809.5735   13.1007
    7.5000   15.0000   -7.5000 2780.8828   13.3404
   -7.5000   22.5000   -7.5000 2801.1943   13.3121
    0.0000   22.5000   -7.5000 2830.3843   13.2122
    7.5000   22.5000   -7.5000 2797.2190   13.4463
   -7.5000   30.0000   -7.5000 2784.0144   13.7405
    0.0000   30.0000   -7.5000 2814.5935   13.6653
    7.5000   30.0000   -7.5000 2775.7681   13.8776
   -7.5000   37.5000   -7.5000 2731.8760   14.4436
    0.0000   37.5000   -7.5000 2759.0161   14.3737
    7.5000   37.5000   -7.5000 2723.2214   14.5665
   -7.5000   45.0000   -7.5000 2639.4548   15.4902
    0.0000   45.0000   -7.5000 2664.5010   15.4165
    7.5000   45.0000   -7.5000 2637.1655   15.6000
   -7.5000  -45.0000    0.0000 1957.0465   25.6587
    0.0000  -45.0000    0.0000 1960.8478   25.6184
    7.5000  -45.0000    0.0000 1943.8242   26.2577
   -7.5000  -37.5000    0.0000 2118.8706   22.2166
    0.0000  -37.5000    0.0000 2120.4878   22.1127
    7.5000  -37.5000    0.0000 2098.2598   22.7469
   -7.5000  -30.0000    0.0000 2254.0566   19.3915
    0.0000  -30.0000    0.0000 2258.0115   19.2700
    7.5000  -30.0000    0.0000 2236.7112   19.8074
   -7.5000  -22.5000    0.0000 2386.6716   17.1721
    0.0000  -22.5000    0.0000 2391.4854   17.0478
    7.5000  -22.5000    0.0000 2365.0361   17.5308
   -7.5000  -15.0000    0.0000 2508.7205   15.4940
    0.0000  -15.0000    0.0000 2515.7090   15.3795
    7.5000  -15.0000    0.0000 2489.8171   15.8199
   -7.5000   -7.5000    0.0000 2623.1887   14.2500
    0.0000   -7.5000    0.0000 2634.9937   14.1249
    7.5000   -7.5000    0.0000 2608.7732   14.5391
   -7.5000    0.0000    0.0000 2723.1489   13.3693
    0.0000    0.0000    0.0000 2741.8728   13.2216
    7.5000    0.0000    0.0000 2711.1465   13.6153
   -7.5000    7.5000    0.0000 2807.3345   12.8288
    0.0000    7.5000    0.0000 2830.5291   12.6803
    7.5000    7.5000    0.0000 2793.0654   13.0328
   -7.5000   15.0000    0.0000 2865.4690   12.6091
    0.0000   15.0000    0.0000 2890.8401   12.5037
    7.5000   15.0000    0.0000 2850.6545   12.8025
   -7.5000   22.5000    0.0000 2882.9539   12.7674
    0.0000   22.5000    0.0000 2918.1357   12.6666
    7.5000   22.5000    0.0000 2875.0884   12.9086
   -7.5000   30.0000    0.0000 2854.3147   13.1961
    0.0000   30.0000    0.0000 2892.3408   13.1421
    7.5000   30.0000    0.0000 2849.7788   13.3371
   -7.5000   37.5000    0.0000 2791.4155   13.8596
    0.0000   37.5000    0.0000 2819.9924   13.8180
    7.5000   37.5000    0.0000 2783.5481   14.0209
   -7.5000   45.0000    0.0000 2685.0876   14.8981
    0.0000   45.0000    0.0000 2710.6140   14.8281
    7.5000   45.0000    0.0000 2683.5261   15.0373
   -7.5000  -45.0000    7.5000 1973.9076   25.0741
    0.0000  -45.0000    7.5000 1976.7360   24.9986
    7.5000  -45.0000    7.5000 1955.0352   25.6469
   -7.5000  -37.5000    7.5000 2146.4143   21.7519
    0.0000  -37.5000    7.5000 2142.8074   21.6716
    7.5000  -37.5000    7.5000 2115.6057   22.2262
   -7.5000  -30.0000    7.5000 2288.9714   18.9967
    0.0000  -30.0000    7.5000 2287.1196   18.8847
    7.5000  -30.0000    7.5000 2263.0642   19.4365
   -7.5000  -22.5000    7.5000 2420.6199   16.8287
    0.0000  -22.5000    7.5000 2423.0830   16.7185
    7.5000  -22.5000    7.5000 2391.6394   17.2073
   -7.5000  -15.0000    7.5000 2541.2214   15.1507
    0.0000  -15.0000    7.5000 2549.3430   15.0560
    7.5000  -15.0000    7.5000 2515.7881   15.5078
   -7.5000   -7.5000    7.5000 2654.7910   13.9170
    0.0000   -7.5000    7.5000 2669.6199   13.8053
    7.5000   -7.5000    7.5000 2636.3049   14.2168
   -7.5000    0.0000    7.5000 2759.4407   13.0183
    0.0000    0.0000    7.5000 2779.4053   12.8873
    7.5000    0.0000    7.5000 2746.9392   13.3005
   -7.5000    7.5000    7.5000 2853.5657   12.4526
    0.0000    7.5000    7.5000 2875.8259   12.3110
    7.5000    7.5000    7.5000 2834.5645   12.6932
   -7.5000   15.0000    7.5000 2922.0139   12.2336
    0.0000   15.0000    7.5000 2945.6038   12.1277
    7.5000   15.0000    7.5000 2893.7766   12.4866
   -7.5000   22.5000    7.5000 2949.8933   12.3483
    0.0000   22.5000    7.5000 2977.4746   12.3055
    7.5000   22.5000    7.5000 2927.5488   12.5802
   -7.5000   30.0000    7.5000 2906.4673   12.7989
    0.0000   30.0000    7.5000 2946.0469   12.7706
    7.5000   30.0000    7.5000 2902.2703   13.0025
   -7.5000   37.5000    7.5000 2825.5537   13.5002
    0.0000   37.5000    7.5000 2858.0002   13.4737
    7.5000   37.5000    7.5000 2819.0708   13.7111
   -7.5000   45.0000    7.5000 2711.2678   14.5253
    0.0000   45.0000    7.5000 2739.1072   14.4629
    7.5000   45.0000    7.5000 2705.6934   14.7234
   -7.5000  -45.0000   15.0000 1978.5234   24.8246
    0.0000  -45.0000   15.0000 1975.0016   24.7622
    7.5000  -45.0000   15.0000 1954.5873   25.4545
   -7.5000  -37.5000   15.0000 2153.2495   21.5321
    0.0000  -37.5000   15.0000 2148.3982   21.4528
    7.5000  -37.5000   15.0000 2120.2878   22.0577
   -7.5000  -30.0000   15.0000 2304.8848   18.8163
    0.0000  -30.0000   15.0000 2303.4541   18.6952
    7.5000  -30.0000   15.0000 2274.1042   19.2208
   -7.5000  -22.5000   15.0000 2435.4812   16.6688
    0.0000  -22.5000   15.0000 2438.5781   16.5753
    7.5000  -22.5000   15.0000 2406.7339   17.0199
   -7.5000  -15.0000   15.0000 2557.2087   15.0429
    0.0000  -15.0000   15.0000 2565.7559   14.9559
    7.5000  -15.0000   15.0000 2528.6343   15.3545
   -7.5000   -7.5000   15.0000 2672.9561   13.8338
    0.0000   -7.5000   15.0000 2685.8877   13.7246
    7.5000   -7.5000   15.0000 2648.9255   14.0913
   -7.5000    0.0000   15.0000 2773.0886   12.9194
    0.0000    0.0000   15.0000 2793.7253   12.7994
    7.5000    0.0000   15.0000 2757.3936   13.1573
   -7.5000    7.5000   15.0000 2862.6304   12.3029
    0.0000    7.5000   15.0000 2884.9109   12.1646
    7.5000    7.5000   15.0000 2843.9607   12.5691
   -7.5000   15.0000   15.0000 2927.1536   12.0469
    0.0000   15.0000   15.0000 2947.3457   11.9454
    7.5000   15.0000   15.0000 2903.3474   12.3642
   -7.5000   22.5000   15.0000 2951.1150   12.1691
    0.0000   22.5000   15.0000 2975.7490   12.1354
    7.5000   22.5000   15.0000 2930.3464   12.4957
   -7.5000   30.0000   15.0000 2912.9285   12.6054
    0.0000   30.0000   15.0000 2947.5400   12.5994
    7.5000   30.0000   15.0000 2905.8225   12.9306
   -7.5000   37.5000   15.0000 2828.6204   13.3575
    0.0000   37.5000   15.0000 2862.3037   13.3543
    7.5000   37.5000   15.0000 2820.4243   13.6390
   -7.5000   45.0000   15.0000 2710.1487   14.3949
    0.0000   45.0000   15.0000 2738.4097   14.3533
    7.5000   45.0000   15.0000 2703.5242   14.6155
   -7.5000  -45.0000   22.5000 1967.5891   24.8214
    0.0000  -45.0000   22.5000 1966.3503   24.7820
    7.5000  -45.0000   22.5000 1945.9064   25.4208
   -7.5000  -37.5000   22.5000 2141.3586   21.5827
    0.0000  -37.5000   22.5000 2140.6101   21.4844
    7.5000  -37.5000   22.5000 2115.4578   22.0418
   -7.5000  -30.0000   22.5000 2300.9141   18.9216
    0.0000  -30.0000   22.5000 2302.3711   18.8015
    7.5000  -30.0000   22.5000 2270.9551   19.2774
   -7.5000  -22.5000   22.5000 2441.5874   16.8178
    0.0000  -22.5000   22.5000 2444.5295   16.7091
    7.5000  -22.5000   22.5000 2405.6606   17.1213
   -7.5000  -15.0000   22.5000 2563.8320   15.2168
    0.0000  -15.0000   22.5000 2573.6902   15.0934
    7.5000  -15.0000   22.5000 2532.2288   15.4616
   -7.5000   -7.5000   22.5000 2677.0913   14.0108
    0.0000   -7.5000   22.5000 2693.8486   13.8860
    7.5000   -7.5000   22.5000 2655.5364   14.2196
   -7.5000    0.0000   22.5000 2769.2803   13.1262
    0.0000    0.0000   22.5000 2794.6526   13.0078
    7.5000    0.0000   22.5000 2755.2864   13.3356
   -7.5000    7.5000   22.5000 2850.9004   12.5425
    0.0000    7.5000   22.5000 2876.7603   12.4091
    7.5000    7.5000   22.5000 2833.9836   12.7585
   -7.5000   15.0000   22.5000 2902.4199   12.2786
    0.0000   15.0000   22.5000 2922.9775   12.2139
    7.5000   15.0000   22.5000 2883.8049   12.5507
   -7.5000   22.5000   22.5000 2909.0171   12.4224
    0.0000   22.5000   22.5000 2930.5439   12.3419
    7.5000   22.5000   22.5000 2894.9155   12.6866
   -7.5000   30.0000   22.5000 2867.3125   12.8241
    0.0000   30.0000   22.5000 2896.2302   12.7648
    7.5000   30.0000   22.5000 2859.9192   13.1007
   -7.5000   37.5000   22.5000 2789.5735   13.5178
    0.0000   37.5000   22.5000 2819.9409   13.4765
    7.5000   37.5000   22.5000 2785.5278   13.7977
   -7.5000   45.0000   22.5000 2681.4192   14.5619
    0.0000   45.0000   22.5000 2709.0295   14.4883
    7.5000   45.0000   22.5000 2679.1580   14.7722
   -7.5000  -45.0000   30.0000 1945.0999   25.4331
    0.0000  -45.0000   30.0000 1946.0784   25.3614
    7.5000  -45.0000   30.0000 1928.4092   25.9369
   -7.5000  -37.5000   30.0000 2121.9392   22.0474
    0.0000  -37.5000   30.0000 2123.3818   21.9288
    7.5000  -37.5000   30.0000 2098.2944   22.4221
   -7.5000  -30.0000   30.0000 2285.1023   19.3419
    0.0000  -30.0000   30.0000 2288.2244   19.2002
    7.5000  -30.0000   30.0000 2257.9902   19.6242
   -7.5000  -22.5000   30.0000 2427.4084   17.2349
    0.0000  -22.5000   30.0000 2434.5139   17.1065
    7.5000  -22.5000   30.0000 2394.8152   17.4407
   -7.5000  -15.0000   30.0000 2545.8169   15.6647
    0.0000  -15.0000   30.0000 2562.7080   15.5326
    7.5000  -15.0000   30.0000 2523.3250   15.8390
   -7.5000   -7.5000   30.0000 2652.1941   14.4911
    0.0000   -7.5000   30.0000 2677.5767   14.3607
    7.5000   -7.5000   30.0000 2637.3530   14.6452
   -7.5000    0.0000   30.0000 2741.0815   13.6650
    0.0000    0.0000   30.0000 2768.3948   13.5279
    7.5000    0.0000   30.0000 2729.9280   13.7902
   -7.5000    7.5000   30.0000 2813.3091   13.1038
    0.0000    7.5000   30.0000 2838.4905   12.9703
    7.5000    7.5000   30.0000 2798.7053   13.2409
   -7.5000   15.0000   30.0000 2842.8547   12.8185
    0.0000   15.0000   30.0000 2864.2544   12.7242
    7.5000   15.0000   30.0000 2833.0325   13.0198
   -7.5000   22.5000   30.0000 2838.6868   12.9043
    0.0000   22.5000   30.0000 2858.6553   12.8173
    7.5000   22.5000   30.0000 2831.4683   13.0827
   -7.5000   30.0000   30.0000 2795.1194   13.2706
    0.0000   30.0000   30.0000 2821.6423   13.1966
    7.5000   30.0000   30.0000 2794.0859   13.4500
   -7.5000   37.5000   30.0000 2721.9629   13.9562
    0.0000   37.5000   30.0000 2749.9333   13.8881
    7.5000   37.5000   30.0000 2721.2759   14.1765
   -7.5000   45.0000   30.0000 2624.6636   14.9793
    0.0000   45.0000   30.0000 2649.4692   14.8682
    7.5000   45.0000   30.0000 2626.6155   15.1565
   -7.5000  -45.0000   37.5000 1918.6515   26.2621
    0.0000  -45.0000   37.5000 1920.1438   26.1692
    7.5000  -45.0000   37.5000 1910.4775   26.7264
   -7.5000  -37.5000   37.5000 2092.9282   22.7626
    0.0000  -37.5000   37.5000 2095.7588   22.6148
    7.5000  -37.5000   37.5000 2076.0466   23.0871
   -7.5000  -30.0000   37.5000 2255.8208   20.0693
    0.0000  -30.0000   37.5000 2258.4346   19.9065
    7.5000  -30.0000   37.5000 2230.4993   20.2613
   -7.5000  -22.5000   37.5000 2392.8276   17.9761
    0.0000  -22.5000   37.5000 2403.0220   17.8417
    7.5000  -22.5000   37.5000 2370.6147   18.1063
   -7.5000  -15.0000   37.5000 2509.1880   16.3838
    0.0000  -15.0000   37.5000 2528.1956   16.2645
    7.5000  -15.0000   37.5000 2496.7654   16.5143
   -7.5000   -7.5000   37.5000 2612.0535   15.2375
    0.0000   -7.5000   37.5000 2639.9368   15.1060
    7.5000   -7.5000   37.5000 2601.9722   15.3217
   -7.5000    0.0000   37.5000 2691.8650   14.4257
    0.0000    0.0000   37.5000 2719.0535   14.2874
    7.5000    0.0000   37.5000 2683.9126   14.5042
   -7.5000    7.5000   37.5000 2748.6191   13.8398
    0.0000    7.5000   37.5000 2774.0149   13.7220
    7.5000    7.5000   37.5000 2742.4304   13.9467
   -7.5000   15.0000   37.5000 2765.8081   13.5351
    0.0000   15.0000   37.5000 2789.1296   13.4286
    7.5000   15.0000   37.5000 2766.3169   13.6734
   -7.5000   22.5000   37.5000 2756.3779   13.5631
    0.0000   22.5000   37.5000 2776.8870   13.4641
    7.5000   22.5000   37.5000 2751.9436   13.6947
   -7.5000   30.0000   37.5000 2714.6609   13.8904
    0.0000   30.0000   37.5000 2737.2961   13.8146
    7.5000   30.0000   37.5000 2714.1824   14.0524
   -7.5000   37.5000   37.5000 2646.5444   14.5870
    0.0000   37.5000   37.5000 2666.6370   14.5177
    7.5000   37.5000   37.5000 2645.6709   14.7945
   -7.5000   45.0000   37.5000 2555.5664   15.5700
    0.0000   45.0000   37.5000 2575.1602   15.4615
    7.5000   45.0000   37.5000 2557.7502   15.7371
   -7.5000  -45.0000   45.0000 1882.3252   27.4484
    0.0000  -45.0000   45.0000 1886.3159   27.2588
    7.5000  -45.0000   45.0000 1875.4099   27.8094
   -7.5000  -37.5000   45.0000 2055.6882   23.7811
    0.0000  -37.5000   45.0000 2059.8240   23.6049
    7.5000  -37.5000   45.0000 2045.3818   24.0486
   -7.5000  -30.0000   45.0000 2216.0081   21.0403
    0.0000  -30.0000   45.0000 2220.5359   20.8485
    7.5000  -30.0000   45.0000 2196.6716   21.1510
   -7.5000  -22.5000   45.0000 2349.9326   18.9286
    0.0000  -22.5000   45.0000 2362.0229   18.7374
    7.5000  -22.5000   45.0000 2335.5627   18.9901
   -7.5000  -15.0000   45.0000 2461.8401   17.3033
    0.0000  -15.0000   45.0000 2481.1956   17.1514
    7.5000  -15.0000   45.0000 2453.2935   17.3844
   -7.5000   -7.5000   45.0000 2555.9517   16.1549
    0.0000   -7.5000   45.0000 2581.8484   16.0061
    7.5000   -7.5000   45.0000 2547.2891   16.2105
   -7.5000    0.0000   45.0000 2626.4939   15.3459
    0.0000    0.0000   45.0000 2649.2214   15.2011
    7.5000    0.0000   45.0000 2617.7715   15.3986
   -7.5000    7.5000   45.0000 2667.6863   14.7527
    0.0000    7.5000   45.0000 2690.5845   14.6149
    7.5000    7.5000   45.0000 2666.2844   14.8166
   -7.5000   15.0000   45.0000 2672.7368   14.4149
    0.0000   15.0000   45.0000 2698.4807   14.2865
    7.5000   15.0000   45.0000 2681.5686   14.5151
   -7.5000   22.5000   45.0000 2664.3784   14.4068
    0.0000   22.5000   45.0000 2682.8301   14.2879
    7.5000   22.5000   45.0000 2669.6812   14.5111
   -7.5000   30.0000   45.0000 2627.3611   14.7093
    0.0000   30.0000   45.0000 2643.6138   14.6140
    7.5000   30.0000   45.0000 2631.7810   14.8345
   -7.5000   37.5000   45.0000 2562.3132   15.4065
    0.0000   37.5000   45.0000 2580.1006   15.3318
    7.5000   37.5000   45.0000 2565.7605   15.5753
   -7.5000   45.0000   45.0000 2476.5930   16.4098
    0.0000   45.0000   45.0000 2490.8572   16.2715
    7.5000   45.0000   45.0000 2477.0823   16.5381

---------------------------------------------------------------------
imgreg_4dfp /opt/freesurfer/average/711-2C_as_mni_average_305 /opt/freesurfer/average/711-2B_as_mni_average_305_mask talsrcimg_g11 none talsrcimg_to_711-2C_as_mni_average_305_t4 1283
---------------------------------------------------------------------

freesurfer imgreg_4dfp.c
/opt/freesurfer/average/711-2C_as_mni_average_305.4dfp.img
       256       256       256         1
  1.000000  1.000000  1.000000
orientation T byte_order littleendian
Reading image: /opt/freesurfer/average/711-2C_as_mni_average_305.4dfp.img
dimensions:      256       256       256
mmppix:       1.0000   -1.0000   -1.0000
center:     128.0000 -129.0000 -129.0000
/opt/freesurfer/average/711-2B_as_mni_average_305_mask.4dfp.img
       256       256       256         1
  1.000000  1.000000  1.000000
orientation T byte_order littleendian
Reading mask: /opt/freesurfer/average/711-2B_as_mni_average_305_mask.4dfp.img (2306576 pixels)
talsrcimg_g11.4dfp.img
       256       256       256         1
  1.000000  1.000000  1.000000
orientation T byte_order littleendian
Reading image: talsrcimg_g11.4dfp.img
dimensions:      256       256       256
mmppix:       1.0000   -1.0000   -1.0000
center:     128.0000 -129.0000 -129.0000
rotation matrix determinant  1.000000
fimgreg.f
image alignment mode   1283 decimal      503 hex
parameters
    0.0000   22.5000    7.5000    0.0000    0.0000    0.0000
eta,q 0.93647 12.27215
niter,ni,del,rscale     5    3   12.0000    1.2000
parameter  3 -0.508193 -> -0.500000 qaram    1.1500
parameter  4 -0.795401 -> -0.500000 qaram    1.1500
parameter  6 -9.617521 ->  0.500000 qaram    1.1500
parameters
    0.1211   22.7505   10.9500    3.4500    0.7030   -3.4500
eta,q 0.94048 12.17418
  0.0742  0.0725  0.0786  0.0697  0.0657  0.0568
  0.0701  0.0672  0.0727  0.0673  0.0628  0.0589
  0.0670  0.0651  0.0680  0.0649  0.0617  0.0608
  0.0654  0.0652  0.0654  0.0636  0.0618  0.0620
  0.0657  0.0665  0.0635  0.0623  0.0626  0.0635
  0.0687  0.0679  0.0636  0.0618  0.0628  0.0653
  0.0744  0.0700  0.0651  0.0621  0.0634  0.0669
niter,ni,del,rscale     7    3   12.0000    1.2000
parameter  6  1.695374 ->  0.500000 qaram    1.3225
parameters
   -1.0333   21.2931   11.3833    6.1692    1.7377   -7.4175
eta,q 0.94734 11.97655
  0.0653  0.0624  0.0675  0.0639  0.0621  0.0524
  0.0595  0.0597  0.0625  0.0615  0.0594  0.0524
  0.0576  0.0582  0.0601  0.0593  0.0575  0.0537
  0.0595  0.0582  0.0580  0.0576  0.0567  0.0566
  0.0620  0.0605  0.0576  0.0567  0.0568  0.0601
  0.0647  0.0647  0.0611  0.0570  0.0577  0.0628
  0.0715  0.0704  0.0658  0.0587  0.0592  0.0651
niter,ni,del,rscale     7    3   12.0000    1.2000
parameters
   -1.7621   20.5089   11.3924    7.2401    1.8349   -9.1475
eta,q 0.94863 11.92559
  0.0637  0.0605  0.0608  0.0607  0.0582  0.0564
  0.0556  0.0563  0.0559  0.0587  0.0554  0.0533
  0.0523  0.0516  0.0531  0.0543  0.0531  0.0514
  0.0527  0.0522  0.0513  0.0513  0.0519  0.0519
  0.0562  0.0556  0.0523  0.0528  0.0526  0.0543
  0.0616  0.0597  0.0568  0.0545  0.0548  0.0581
  0.0684  0.0656  0.0604  0.0574  0.0582  0.0620
niter,ni,del,rscale     6    3   12.0000    1.2000
parameters
   -2.0238   20.0933   11.4100    7.8350    1.5812   -9.4181
eta,q 0.94863 11.90413
  0.0648  0.0616  0.0609  0.0613  0.0576  0.0584
  0.0564  0.0569  0.0555  0.0577  0.0545  0.0549
  0.0516  0.0516  0.0524  0.0523  0.0522  0.0524
  0.0514  0.0512  0.0509  0.0509  0.0514  0.0514
  0.0540  0.0543  0.0516  0.0529  0.0525  0.0525
  0.0591  0.0588  0.0562  0.0551  0.0552  0.0556
  0.0660  0.0643  0.0605  0.0583  0.0587  0.0594
niter,ni,del,rscale     5    3   12.0000    1.2000
parameters
   -2.0302   19.8429   11.4576    8.1177    1.4618   -9.4665
eta,q 0.94853 11.89464
  0.0657  0.0619  0.0610  0.0609  0.0578  0.0587
  0.0576  0.0572  0.0557  0.0566  0.0547  0.0553
  0.0521  0.0520  0.0525  0.0515  0.0523  0.0527
  0.0514  0.0514  0.0512  0.0512  0.0515  0.0515
  0.0535  0.0538  0.0517  0.0533  0.0525  0.0523
  0.0582  0.0580  0.0561  0.0556  0.0550  0.0553
  0.0649  0.0637  0.0606  0.0589  0.0584  0.0590
niter,ni,del,rscale     4    3   12.0000    1.2000
parameters
   -2.0173   19.7187   11.4856    8.2505    1.4120   -9.4704
eta,q 0.94846 11.88979
  0.0657  0.0621  0.0611  0.0606  0.0579  0.0587
  0.0578  0.0575  0.0558  0.0561  0.0549  0.0554
  0.0523  0.0523  0.0526  0.0513  0.0525  0.0528
  0.0515  0.0515  0.0514  0.0514  0.0515  0.0515
  0.0536  0.0536  0.0520  0.0535  0.0525  0.0523
  0.0582  0.0575  0.0562  0.0558  0.0549  0.0553
  0.0648  0.0631  0.0608  0.0591  0.0582  0.0590
niter,ni,del,rscale     3    3   12.0000    1.2000
parameters
   -2.0134   19.6606   11.4998    8.3120    1.3911   -9.4662
eta,q 0.94844 11.88732
  0.0657  0.0622  0.0611  0.0605  0.0579  0.0588
  0.0578  0.0576  0.0559  0.0559  0.0549  0.0554
  0.0524  0.0525  0.0526  0.0512  0.0525  0.0529
  0.0515  0.0515  0.0515  0.0515  0.0516  0.0516
  0.0536  0.0535  0.0521  0.0536  0.0525  0.0523
  0.0583  0.0572  0.0563  0.0559  0.0549  0.0553
  0.0649  0.0628  0.0608  0.0592  0.0581  0.0590
registration optimization eta report
parameter search radius
    6.0000    6.0000    6.9000    6.9000    6.0000    7.9350
100000*second partial in parameter space
       38.       30.       20.       18.       18.       11.
  0.0657  0.0622  0.0611  0.0605  0.0579  0.0588
  0.0578  0.0576  0.0559  0.0559  0.0549  0.0554
  0.0524  0.0525  0.0526  0.0512  0.0525  0.0529
  0.0515  0.0515  0.0515  0.0515  0.0516  0.0516
  0.0536  0.0535  0.0521  0.0536  0.0525  0.0523
  0.0583  0.0572  0.0563  0.0559  0.0549  0.0553
  0.0649  0.0628  0.0608  0.0592  0.0581  0.0590
   -2.0134   19.6606   11.4998    8.3120    1.3911   -9.4662
eta,q 0.94844 11.88732

---------------------------------------------------------------------
imgreg_4dfp /opt/freesurfer/average/711-2C_as_mni_average_305 /opt/freesurfer/average/711-2B_as_mni_average_305_mask talsrcimg_g11 none talsrcimg_to_711-2C_as_mni_average_305_t4 3335
---------------------------------------------------------------------

freesurfer imgreg_4dfp.c
/opt/freesurfer/average/711-2C_as_mni_average_305.4dfp.img
       256       256       256         1
  1.000000  1.000000  1.000000
orientation T byte_order littleendian
Reading image: /opt/freesurfer/average/711-2C_as_mni_average_305.4dfp.img
dimensions:      256       256       256
mmppix:       1.0000   -1.0000   -1.0000
center:     128.0000 -129.0000 -129.0000
/opt/freesurfer/average/711-2B_as_mni_average_305_mask.4dfp.img
       256       256       256         1
  1.000000  1.000000  1.000000
orientation T byte_order littleendian
Reading mask: /opt/freesurfer/average/711-2B_as_mni_average_305_mask.4dfp.img (2306576 pixels)
talsrcimg_g11.4dfp.img
       256       256       256         1
  1.000000  1.000000  1.000000
orientation T byte_order littleendian
Reading image: talsrcimg_g11.4dfp.img
dimensions:      256       256       256
mmppix:       1.0000   -1.0000   -1.0000
center:     128.0000 -129.0000 -129.0000
fimgreg.f
image alignment mode   3335 decimal      D07 hex
parameters
   -2.0134   19.6606   11.4998   -1.3908   -2.3401   -1.0796
   15.9276   -4.7471  -16.4417  -13.8645    2.4277   14.4522
eta,q 0.94895 11.98165
niter,ni,del,rscale     5    3    5.0000    1.2000
parameter  4  5.440017 ->  0.500000 qaram    1.1500
parameter  5  1.891632 ->  0.500000 qaram    1.1500
parameter  6  1.167715 ->  0.500000 qaram    1.1500
parameter  7  0.766603 ->  0.500000 qaram    1.1500
parameter  9 -0.703223 -> -0.500000 qaram    1.1500
parameter 11 -0.560984 -> -0.500000 qaram    1.1500
parameter 12  1.131681 ->  0.500000 qaram    1.1500
parameters
   -2.0319   20.0636   12.1879   -5.5308   -6.4801   -5.2196
   11.7876   -3.8192  -12.3017  -16.4564    6.5677   10.3122
eta,q 0.96939 11.02975
  0.0531  0.0530  0.0531  0.0376  0.0372  0.0341  0.0340  0.0396  0.0373  0.0342  0.0353  0.0303
  0.0519  0.0520  0.0521  0.0418  0.0385  0.0345  0.0337  0.0368  0.0358  0.0330  0.0341  0.0305
  0.0513  0.0514  0.0514  0.0462  0.0405  0.0360  0.0340  0.0347  0.0345  0.0325  0.0332  0.0311
  0.0511  0.0511  0.0510  0.0509  0.0430  0.0389  0.0348  0.0337  0.0337  0.0329  0.0325  0.0321
  0.0513  0.0510  0.0509  0.0561  0.0457  0.0425  0.0359  0.0339  0.0331  0.0344  0.0322  0.0335
  0.0520  0.0513  0.0511  0.0613  0.0488  0.0467  0.0374  0.0352  0.0329  0.0367  0.0321  0.0351
  0.0531  0.0520  0.0516  0.0670  0.0527  0.0513  0.0390  0.0372  0.0330  0.0390  0.0324  0.0368
niter,ni,del,rscale     7    3    5.0000    1.2000
parameter  4  1.941553 ->  0.500000 qaram    1.3225
parameters
   -1.8101   20.0589   12.3148  -10.2918   -9.9612   -7.4467
   11.8664   -4.0023  -12.6323  -16.6641    6.3138    7.5692
eta,q 0.97756 10.51205
  0.0336  0.0329  0.0329  0.0205  0.0238  0.0245  0.0272  0.0275  0.0253  0.0254  0.0244  0.0233
  0.0321  0.0316  0.0317  0.0223  0.0225  0.0236  0.0249  0.0249  0.0238  0.0238  0.0235  0.0226
  0.0311  0.0308  0.0309  0.0257  0.0222  0.0229  0.0233  0.0232  0.0229  0.0229  0.0229  0.0224
  0.0306  0.0306  0.0306  0.0306  0.0230  0.0222  0.0227  0.0227  0.0227  0.0227  0.0227  0.0227
  0.0307  0.0308  0.0307  0.0359  0.0248  0.0235  0.0232  0.0234  0.0232  0.0231  0.0229  0.0233
  0.0314  0.0316  0.0314  0.0417  0.0278  0.0269  0.0248  0.0253  0.0242  0.0241  0.0236  0.0242
  0.0328  0.0329  0.0325  0.0477  0.0317  0.0315  0.0270  0.0279  0.0257  0.0255  0.0247  0.0256
niter,ni,del,rscale     7    3    5.0000    1.2000
parameter  4  0.526177 ->  0.500000 qaram    1.5209
parameters
   -1.9065   20.6070   12.4805  -15.7670   -8.3798   -6.6261
   12.5318   -4.4805  -13.4988  -16.4233    5.8920    7.1411
eta,q 0.97996 10.42127
  0.0260  0.0260  0.0239  0.0222  0.0256  0.0233  0.0249  0.0241  0.0223  0.0233  0.0213  0.0216
  0.0240  0.0244  0.0231  0.0209  0.0236  0.0222  0.0227  0.0217  0.0209  0.0213  0.0206  0.0207
  0.0228  0.0231  0.0225  0.0207  0.0219  0.0213  0.0210  0.0203  0.0202  0.0203  0.0202  0.0202
  0.0224  0.0224  0.0223  0.0223  0.0207  0.0205  0.0202  0.0201  0.0201  0.0200  0.0201  0.0200
  0.0230  0.0223  0.0224  0.0262  0.0205  0.0196  0.0204  0.0209  0.0206  0.0204  0.0203  0.0203
  0.0244  0.0228  0.0228  0.0317  0.0214  0.0202  0.0217  0.0226  0.0218  0.0213  0.0208  0.0209
  0.0266  0.0238  0.0235  0.0379  0.0232  0.0233  0.0237  0.0251  0.0233  0.0226  0.0216  0.0220
niter,ni,del,rscale     7    3    5.0000    1.2000
parameters
   -1.7855   20.8570   12.2178  -17.2193   -8.1223   -6.8923
   12.8805   -4.5006  -13.7314  -16.2943    5.5890    6.6500
eta,q 0.97967 10.36804
  0.0239  0.0230  0.0210  0.0252  0.0245  0.0229  0.0246  0.0245  0.0228  0.0233  0.0214  0.0218
  0.0219  0.0215  0.0204  0.0230  0.0226  0.0218  0.0225  0.0221  0.0214  0.0215  0.0208  0.0210
  0.0206  0.0205  0.0200  0.0211  0.0210  0.0211  0.0210  0.0206  0.0205  0.0205  0.0204  0.0205
  0.0200  0.0200  0.0200  0.0200  0.0203  0.0203  0.0204  0.0203  0.0203  0.0203  0.0203  0.0203
  0.0203  0.0201  0.0202  0.0209  0.0206  0.0197  0.0207  0.0209  0.0207  0.0208  0.0205  0.0206
  0.0214  0.0208  0.0208  0.0246  0.0219  0.0211  0.0220  0.0222  0.0217  0.0216  0.0209  0.0212
  0.0232  0.0220  0.0216  0.0308  0.0244  0.0246  0.0240  0.0244  0.0230  0.0229  0.0216  0.0222
niter,ni,del,rscale     6    3    5.0000    1.2000
parameters
   -1.7307   20.9726   12.1019  -17.5433   -8.0414   -6.9739
   12.9791   -4.4551  -13.7597  -16.1212    5.5137    6.3966
eta,q 0.97956 10.35416
  0.0237  0.0230  0.0214  0.0261  0.0245  0.0230  0.0245  0.0246  0.0230  0.0235  0.0216  0.0220
  0.0219  0.0216  0.0208  0.0238  0.0226  0.0219  0.0224  0.0222  0.0215  0.0216  0.0209  0.0211
  0.0208  0.0207  0.0204  0.0218  0.0211  0.0212  0.0210  0.0207  0.0207  0.0206  0.0205  0.0206
  0.0203  0.0203  0.0203  0.0203  0.0204  0.0204  0.0204  0.0204  0.0204  0.0204  0.0204  0.0204
  0.0206  0.0205  0.0205  0.0203  0.0208  0.0198  0.0209  0.0210  0.0208  0.0209  0.0206  0.0207
  0.0217  0.0213  0.0210  0.0230  0.0221  0.0210  0.0223  0.0223  0.0216  0.0217  0.0210  0.0212
  0.0234  0.0225  0.0217  0.0284  0.0247  0.0243  0.0243  0.0243  0.0230  0.0229  0.0216  0.0222
niter,ni,del,rscale     5    3    5.0000    1.2000
parameters
   -1.7123   21.0238   12.0434  -17.5816   -7.9957   -6.9895
   13.0132   -4.4185  -13.7571  -16.0161    5.5101    6.2848
eta,q 0.97953 10.35318
  0.0236  0.0229  0.0216  0.0263  0.0245  0.0231  0.0244  0.0246  0.0230  0.0234  0.0216  0.0221
  0.0219  0.0216  0.0209  0.0240  0.0226  0.0219  0.0224  0.0222  0.0216  0.0216  0.0209  0.0212
  0.0208  0.0208  0.0206  0.0220  0.0211  0.0212  0.0210  0.0207  0.0207  0.0206  0.0205  0.0206
  0.0204  0.0204  0.0204  0.0204  0.0205  0.0205  0.0205  0.0205  0.0205  0.0205  0.0205  0.0205
  0.0208  0.0207  0.0206  0.0203  0.0209  0.0198  0.0209  0.0210  0.0208  0.0209  0.0206  0.0207
  0.0218  0.0215  0.0210  0.0227  0.0222  0.0210  0.0223  0.0223  0.0216  0.0217  0.0210  0.0212
  0.0236  0.0228  0.0217  0.0279  0.0248  0.0242  0.0244  0.0243  0.0229  0.0230  0.0216  0.0222
niter,ni,del,rscale     4    3    5.0000    1.2000
parameters
   -1.7078   21.0470   12.0174  -17.5906   -7.9673   -6.9833
   13.0276   -4.4009  -13.7606  -15.9652    5.5101    6.2518
eta,q 0.97953 10.35410
  0.0236  0.0229  0.0216  0.0263  0.0245  0.0231  0.0244  0.0246  0.0230  0.0234  0.0216  0.0221
  0.0219  0.0216  0.0210  0.0240  0.0226  0.0220  0.0224  0.0222  0.0216  0.0216  0.0209  0.0212
  0.0209  0.0208  0.0206  0.0220  0.0211  0.0212  0.0210  0.0207  0.0207  0.0206  0.0205  0.0207
  0.0205  0.0205  0.0205  0.0205  0.0205  0.0205  0.0205  0.0205  0.0205  0.0205  0.0205  0.0205
  0.0208  0.0207  0.0206  0.0203  0.0209  0.0199  0.0210  0.0210  0.0208  0.0209  0.0206  0.0207
  0.0219  0.0215  0.0210  0.0227  0.0222  0.0210  0.0223  0.0223  0.0216  0.0218  0.0210  0.0212
  0.0236  0.0228  0.0217  0.0278  0.0248  0.0242  0.0244  0.0244  0.0229  0.0230  0.0216  0.0221
niter,ni,del,rscale     3    3    5.0000    1.2000
parameters
   -1.7065   21.0531   12.0065  -17.5907   -7.9552   -6.9805
   13.0384   -4.3968  -13.7642  -15.9433    5.5103    6.2326
eta,q 0.97953 10.35459
  0.0236  0.0229  0.0217  0.0263  0.0245  0.0231  0.0244  0.0246  0.0230  0.0233  0.0216  0.0221
  0.0219  0.0216  0.0210  0.0240  0.0226  0.0220  0.0224  0.0222  0.0216  0.0215  0.0209  0.0212
  0.0209  0.0208  0.0206  0.0220  0.0211  0.0212  0.0210  0.0207  0.0207  0.0206  0.0205  0.0207
  0.0205  0.0205  0.0205  0.0205  0.0205  0.0205  0.0205  0.0205  0.0205  0.0205  0.0205  0.0205
  0.0208  0.0207  0.0206  0.0203  0.0209  0.0199  0.0210  0.0211  0.0208  0.0209  0.0206  0.0207
  0.0219  0.0216  0.0210  0.0227  0.0222  0.0210  0.0223  0.0223  0.0216  0.0218  0.0210  0.0212
  0.0237  0.0229  0.0217  0.0278  0.0248  0.0242  0.0244  0.0244  0.0229  0.0230  0.0216  0.0221
registration optimization eta report
parameter search radius
    2.4000    2.4000    2.4000   10.9503    8.2800    8.2800
    8.2800    7.2000    8.2800    7.2000    8.2800    8.2800
100000*second partial in parameter space
       55.       41.       21.        6.        6.        5.
        6.        8.        4.        5.        2.        2.
  0.0236  0.0229  0.0217  0.0263  0.0245  0.0231  0.0244  0.0246  0.0230  0.0233  0.0216  0.0221
  0.0219  0.0216  0.0210  0.0240  0.0226  0.0220  0.0224  0.0222  0.0216  0.0215  0.0209  0.0212
  0.0209  0.0208  0.0206  0.0220  0.0211  0.0212  0.0210  0.0207  0.0207  0.0206  0.0205  0.0207
  0.0205  0.0205  0.0205  0.0205  0.0205  0.0205  0.0205  0.0205  0.0205  0.0205  0.0205  0.0205
  0.0208  0.0207  0.0206  0.0203  0.0209  0.0199  0.0210  0.0211  0.0208  0.0209  0.0206  0.0207
  0.0219  0.0216  0.0210  0.0227  0.0222  0.0210  0.0223  0.0223  0.0216  0.0218  0.0210  0.0212
  0.0237  0.0229  0.0217  0.0278  0.0248  0.0242  0.0244  0.0244  0.0229  0.0230  0.0216  0.0221
   -1.7065   21.0531   12.0065  -17.5907   -7.9552   -6.9805
   13.0384   -4.3968  -13.7642  -15.9433    5.5103    6.2326
eta,q 0.97953 10.35459

---------------------------------------------------------------------
imgreg_4dfp /opt/freesurfer/average/711-2C_as_mni_average_305 /opt/freesurfer/average/711-2B_as_mni_average_305_mask talsrcimg_g11 none talsrcimg_to_711-2C_as_mni_average_305_t4 2311
---------------------------------------------------------------------

freesurfer imgreg_4dfp.c
/opt/freesurfer/average/711-2C_as_mni_average_305.4dfp.img
       256       256       256         1
  1.000000  1.000000  1.000000
orientation T byte_order littleendian
Reading image: /opt/freesurfer/average/711-2C_as_mni_average_305.4dfp.img
dimensions:      256       256       256
mmppix:       1.0000   -1.0000   -1.0000
center:     128.0000 -129.0000 -129.0000
/opt/freesurfer/average/711-2B_as_mni_average_305_mask.4dfp.img
       256       256       256         1
  1.000000  1.000000  1.000000
orientation T byte_order littleendian
Reading mask: /opt/freesurfer/average/711-2B_as_mni_average_305_mask.4dfp.img (2306576 pixels)
talsrcimg_g11.4dfp.img
       256       256       256         1
  1.000000  1.000000  1.000000
orientation T byte_order littleendian
Reading image: talsrcimg_g11.4dfp.img
dimensions:      256       256       256
mmppix:       1.0000   -1.0000   -1.0000
center:     128.0000 -129.0000 -129.0000
fimgreg.f
image alignment mode   2311 decimal      907 hex
parameters
   -1.7065   21.0531   12.0065  -17.5907   -7.9552   -6.9805
   13.0384   -4.3968  -13.7642  -15.9433    5.5103    6.2326
eta,q 0.97953 10.35459
niter,ni,del,rscale     5    3    5.0000    0.8000
parameters
   -1.6949   21.0590   12.0001  -15.4898   -8.1089   -4.9367
   12.9288   -3.9443  -13.7125  -15.3240    6.6190    6.6893
eta,q 0.98050 10.50147
  0.0219  0.0216  0.0210  0.0226  0.0216  0.0215  0.0212  0.0227  0.0206  0.0216  0.0205  0.0203
  0.0211  0.0210  0.0207  0.0218  0.0208  0.0210  0.0203  0.0212  0.0200  0.0205  0.0200  0.0199
  0.0207  0.0206  0.0205  0.0211  0.0202  0.0206  0.0198  0.0201  0.0197  0.0198  0.0197  0.0196
  0.0205  0.0205  0.0205  0.0205  0.0201  0.0201  0.0196  0.0196  0.0196  0.0196  0.0195  0.0195
  0.0206  0.0206  0.0205  0.0201  0.0203  0.0197  0.0198  0.0197  0.0197  0.0196  0.0195  0.0195
  0.0211  0.0210  0.0207  0.0202  0.0209  0.0196  0.0204  0.0205  0.0200  0.0200  0.0196  0.0197
  0.0219  0.0216  0.0210  0.0207  0.0218  0.0204  0.0214  0.0218  0.0206  0.0207  0.0199  0.0201
niter,ni,del,rscale     4    3    5.0000    0.7000
parameters
   -1.8000   20.9132   12.1949  -15.5457   -7.9439   -4.9097
   13.1152   -4.2022  -13.8439  -15.5104    6.6605    7.0582
eta,q 0.98057 10.51069
  0.0206  0.0202  0.0203  0.0209  0.0208  0.0209  0.0209  0.0213  0.0202  0.0205  0.0200  0.0201
  0.0200  0.0198  0.0199  0.0202  0.0201  0.0205  0.0202  0.0202  0.0198  0.0199  0.0197  0.0198
  0.0196  0.0195  0.0196  0.0197  0.0196  0.0200  0.0197  0.0196  0.0195  0.0195  0.0195  0.0196
  0.0195  0.0195  0.0195  0.0195  0.0195  0.0195  0.0195  0.0195  0.0194  0.0194  0.0194  0.0194
  0.0197  0.0197  0.0195  0.0196  0.0196  0.0194  0.0196  0.0198  0.0196  0.0196  0.0195  0.0195
  0.0202  0.0200  0.0197  0.0201  0.0200  0.0200  0.0200  0.0206  0.0198  0.0201  0.0197  0.0196
  0.0211  0.0206  0.0200  0.0212  0.0206  0.0214  0.0207  0.0218  0.0203  0.0207  0.0199  0.0199
niter,ni,del,rscale     3    3    5.0000    0.6000
parameters
   -1.8441   20.8571   12.2199  -15.5657   -8.0060   -4.7029
   13.1446   -4.2496  -13.8508  -15.6136    6.7236    7.1981
eta,q 0.98062 10.51436
  0.0204  0.0200  0.0199  0.0206  0.0203  0.0207  0.0204  0.0210  0.0200  0.0202  0.0198  0.0198
  0.0198  0.0197  0.0197  0.0200  0.0198  0.0203  0.0199  0.0201  0.0196  0.0197  0.0196  0.0196
  0.0195  0.0195  0.0195  0.0196  0.0195  0.0198  0.0195  0.0196  0.0194  0.0195  0.0194  0.0195
  0.0194  0.0194  0.0194  0.0194  0.0194  0.0194  0.0194  0.0194  0.0194  0.0194  0.0194  0.0194
  0.0196  0.0195  0.0195  0.0195  0.0195  0.0193  0.0195  0.0196  0.0195  0.0195  0.0194  0.0194
  0.0199  0.0198  0.0196  0.0199  0.0199  0.0198  0.0198  0.0202  0.0196  0.0198  0.0196  0.0195
  0.0205  0.0202  0.0199  0.0207  0.0204  0.0208  0.0204  0.0210  0.0200  0.0203  0.0198  0.0198
niter,ni,del,rscale     2    3    5.0000    0.5000
parameters
   -1.8592   20.8326   12.2774  -15.5291   -8.0906   -4.4727
   13.1390   -4.2665  -13.8477  -15.6454    6.7545    7.2864
eta,q 0.98066 10.51952
  0.0201  0.0198  0.0198  0.0202  0.0200  0.0204  0.0200  0.0205  0.0198  0.0200  0.0196  0.0197
  0.0197  0.0196  0.0196  0.0198  0.0196  0.0201  0.0197  0.0199  0.0195  0.0196  0.0195  0.0195
  0.0195  0.0194  0.0194  0.0195  0.0194  0.0197  0.0194  0.0195  0.0194  0.0194  0.0194  0.0194
  0.0194  0.0194  0.0194  0.0194  0.0194  0.0194  0.0193  0.0193  0.0193  0.0193  0.0193  0.0193
  0.0195  0.0194  0.0194  0.0194  0.0195  0.0193  0.0194  0.0195  0.0194  0.0194  0.0194  0.0194
  0.0197  0.0196  0.0195  0.0197  0.0197  0.0196  0.0197  0.0199  0.0195  0.0196  0.0195  0.0195
  0.0201  0.0199  0.0197  0.0202  0.0201  0.0204  0.0200  0.0205  0.0197  0.0200  0.0196  0.0196
niter,ni,del,rscale     1    3    5.0000    0.4000
parameters
   -1.8705   20.8154   12.3400  -15.4901   -8.1635   -4.2803
   13.1260   -4.2760  -13.8273  -15.6542    6.7457    7.3415
eta,q 0.98069 10.52356
  0.0198  0.0196  0.0196  0.0199  0.0197  0.0201  0.0198  0.0201  0.0196  0.0197  0.0195  0.0195
  0.0195  0.0195  0.0195  0.0196  0.0195  0.0198  0.0195  0.0197  0.0194  0.0195  0.0194  0.0194
  0.0194  0.0194  0.0194  0.0194  0.0194  0.0195  0.0194  0.0194  0.0193  0.0194  0.0193  0.0193
  0.0193  0.0193  0.0193  0.0193  0.0193  0.0193  0.0193  0.0193  0.0193  0.0193  0.0193  0.0193
  0.0194  0.0194  0.0194  0.0194  0.0194  0.0193  0.0194  0.0194  0.0193  0.0194  0.0193  0.0193
  0.0196  0.0195  0.0194  0.0196  0.0195  0.0195  0.0195  0.0197  0.0194  0.0195  0.0194  0.0194
  0.0198  0.0197  0.0195  0.0199  0.0198  0.0200  0.0198  0.0201  0.0196  0.0197  0.0195  0.0195
registration optimization eta report
parameter search radius
    0.8000    0.8000    0.8000    2.4000    2.4000    2.4000
    2.4000    2.4000    2.4000    2.4000    2.4000    2.4000
100000*second partial in parameter space
       72.       47.       38.       10.        7.       13.
        8.       14.        5.        8.        3.        4.
  0.0198  0.0196  0.0196  0.0199  0.0197  0.0201  0.0198  0.0201  0.0196  0.0197  0.0195  0.0195
  0.0195  0.0195  0.0195  0.0196  0.0195  0.0198  0.0195  0.0197  0.0194  0.0195  0.0194  0.0194
  0.0194  0.0194  0.0194  0.0194  0.0194  0.0195  0.0194  0.0194  0.0193  0.0194  0.0193  0.0193
  0.0193  0.0193  0.0193  0.0193  0.0193  0.0193  0.0193  0.0193  0.0193  0.0193  0.0193  0.0193
  0.0194  0.0194  0.0194  0.0194  0.0194  0.0193  0.0194  0.0194  0.0193  0.0194  0.0193  0.0193
  0.0196  0.0195  0.0194  0.0196  0.0195  0.0195  0.0195  0.0197  0.0194  0.0195  0.0194  0.0194
  0.0198  0.0197  0.0195  0.0199  0.0198  0.0200  0.0198  0.0201  0.0196  0.0197  0.0195  0.0195
   -1.8705   20.8154   12.3400  -15.4901   -8.1635   -4.2803
   13.1260   -4.2760  -13.8273  -15.6542    6.7457    7.3415
eta,q 0.98069 10.52356

---------------------------------------------------------------------
imgreg_4dfp /opt/freesurfer/average/711-2C_as_mni_average_305 /opt/freesurfer/average/711-2B_as_mni_average_305_mask talsrcimg_g11 none talsrcimg_to_711-2C_as_mni_average_305_t4 2311
---------------------------------------------------------------------

freesurfer imgreg_4dfp.c
/opt/freesurfer/average/711-2C_as_mni_average_305.4dfp.img
       256       256       256         1
  1.000000  1.000000  1.000000
orientation T byte_order littleendian
Reading image: /opt/freesurfer/average/711-2C_as_mni_average_305.4dfp.img
dimensions:      256       256       256
mmppix:       1.0000   -1.0000   -1.0000
center:     128.0000 -129.0000 -129.0000
/opt/freesurfer/average/711-2B_as_mni_average_305_mask.4dfp.img
       256       256       256         1
  1.000000  1.000000  1.000000
orientation T byte_order littleendian
Reading mask: /opt/freesurfer/average/711-2B_as_mni_average_305_mask.4dfp.img (2306576 pixels)
talsrcimg_g11.4dfp.img
       256       256       256         1
  1.000000  1.000000  1.000000
orientation T byte_order littleendian
Reading image: talsrcimg_g11.4dfp.img
dimensions:      256       256       256
mmppix:       1.0000   -1.0000   -1.0000
center:     128.0000 -129.0000 -129.0000
fimgreg.f
image alignment mode   2311 decimal      907 hex
parameters
   -1.8705   20.8154   12.3400  -15.4901   -8.1635   -4.2803
   13.1260   -4.2760  -13.8273  -15.6542    6.7457    7.3415
eta,q 0.98069 10.52356
niter,ni,del,rscale     5    3    5.0000    0.8000
parameters
   -1.8853   20.8035   12.4037  -15.8117   -8.1597   -4.9312
   13.1451   -4.3954  -13.8890  -15.8304    6.6096    7.3465
eta,q 0.98055 10.49480
  0.0211  0.0205  0.0204  0.0211  0.0210  0.0209  0.0211  0.0219  0.0204  0.0209  0.0201  0.0201
  0.0201  0.0198  0.0198  0.0202  0.0201  0.0204  0.0202  0.0205  0.0199  0.0200  0.0197  0.0198
  0.0195  0.0194  0.0194  0.0196  0.0195  0.0198  0.0197  0.0197  0.0196  0.0196  0.0195  0.0196
  0.0193  0.0193  0.0193  0.0193  0.0193  0.0193  0.0195  0.0195  0.0195  0.0195  0.0195  0.0195
  0.0195  0.0195  0.0194  0.0196  0.0195  0.0196  0.0197  0.0198  0.0196  0.0197  0.0195  0.0195
  0.0202  0.0199  0.0197  0.0204  0.0201  0.0208  0.0202  0.0207  0.0199  0.0202  0.0198  0.0197
  0.0212  0.0205  0.0202  0.0218  0.0210  0.0228  0.0211  0.0221  0.0205  0.0210  0.0201  0.0202
niter,ni,del,rscale     4    3    5.0000    0.7000
parameters
   -1.8617   20.8245   12.2769  -15.6672   -8.1058   -4.9564
   13.1153   -4.3341  -13.8794  -15.8095    6.6812    7.3174
eta,q 0.98056 10.50034
  0.0208  0.0204  0.0200  0.0210  0.0207  0.0209  0.0207  0.0216  0.0202  0.0206  0.0200  0.0200
  0.0201  0.0199  0.0197  0.0203  0.0200  0.0204  0.0200  0.0204  0.0198  0.0199  0.0197  0.0197
  0.0196  0.0196  0.0195  0.0197  0.0196  0.0199  0.0196  0.0197  0.0195  0.0196  0.0195  0.0195
  0.0195  0.0195  0.0194  0.0194  0.0194  0.0194  0.0194  0.0194  0.0194  0.0194  0.0194  0.0194
  0.0196  0.0195  0.0196  0.0195  0.0196  0.0194  0.0196  0.0197  0.0195  0.0196  0.0195  0.0195
  0.0200  0.0198  0.0198  0.0200  0.0200  0.0200  0.0200  0.0203  0.0198  0.0200  0.0197  0.0197
  0.0208  0.0203  0.0202  0.0209  0.0206  0.0214  0.0208  0.0214  0.0202  0.0206  0.0199  0.0200
niter,ni,del,rscale     3    3    5.0000    0.6000
parameters
   -1.8538   20.8247   12.2577  -15.5657   -8.1042   -4.7341
   13.1123   -4.2957  -13.8609  -15.7380    6.7327    7.3207
eta,q 0.98062 10.51018
  0.0204  0.0201  0.0199  0.0206  0.0204  0.0207  0.0204  0.0210  0.0200  0.0203  0.0198  0.0198
  0.0199  0.0197  0.0196  0.0201  0.0199  0.0203  0.0198  0.0201  0.0196  0.0198  0.0196  0.0196
  0.0196  0.0195  0.0195  0.0196  0.0195  0.0198  0.0195  0.0196  0.0194  0.0195  0.0194  0.0194
  0.0194  0.0194  0.0194  0.0194  0.0194  0.0194  0.0194  0.0194  0.0194  0.0194  0.0194  0.0194
  0.0195  0.0195  0.0195  0.0195  0.0195  0.0193  0.0195  0.0196  0.0194  0.0195  0.0194  0.0194
  0.0199  0.0197  0.0197  0.0199  0.0198  0.0197  0.0198  0.0201  0.0196  0.0198  0.0196  0.0196
  0.0204  0.0201  0.0199  0.0206  0.0204  0.0207  0.0204  0.0209  0.0200  0.0202  0.0198  0.0198
niter,ni,del,rscale     2    3    5.0000    0.5000
parameters
   -1.8614   20.8167   12.2947  -15.5090   -8.1255   -4.4866
   13.1198   -4.2812  -13.8447  -15.6915    6.7513    7.3371
eta,q 0.98066 10.51850
  0.0201  0.0198  0.0198  0.0202  0.0200  0.0204  0.0200  0.0205  0.0197  0.0200  0.0196  0.0196
  0.0197  0.0196  0.0196  0.0198  0.0197  0.0201  0.0197  0.0199  0.0195  0.0196  0.0195  0.0195
  0.0195  0.0194  0.0194  0.0195  0.0194  0.0197  0.0194  0.0195  0.0194  0.0194  0.0194  0.0194
  0.0194  0.0194  0.0194  0.0194  0.0194  0.0194  0.0193  0.0193  0.0193  0.0193  0.0193  0.0193
  0.0195  0.0194  0.0194  0.0194  0.0195  0.0193  0.0194  0.0195  0.0194  0.0194  0.0194  0.0194
  0.0197  0.0196  0.0195  0.0197  0.0197  0.0196  0.0197  0.0199  0.0195  0.0196  0.0195  0.0195
  0.0201  0.0199  0.0197  0.0202  0.0200  0.0203  0.0200  0.0205  0.0197  0.0200  0.0196  0.0196
niter,ni,del,rscale     1    3    5.0000    0.4000
parameters
   -1.8714   20.8097   12.3385  -15.4782   -8.1825   -4.2851
   13.1208   -4.2760  -13.8276  -15.6799    6.7572    7.3533
eta,q 0.98069 10.52304
  0.0198  0.0196  0.0196  0.0199  0.0197  0.0201  0.0198  0.0201  0.0196  0.0198  0.0195  0.0195
  0.0195  0.0195  0.0195  0.0196  0.0195  0.0198  0.0195  0.0197  0.0194  0.0195  0.0194  0.0194
  0.0194  0.0194  0.0194  0.0194  0.0194  0.0195  0.0194  0.0194  0.0193  0.0194  0.0193  0.0193
  0.0193  0.0193  0.0193  0.0193  0.0193  0.0193  0.0193  0.0193  0.0193  0.0193  0.0193  0.0193
  0.0194  0.0194  0.0194  0.0194  0.0194  0.0193  0.0194  0.0194  0.0193  0.0194  0.0193  0.0193
  0.0196  0.0195  0.0194  0.0196  0.0195  0.0195  0.0195  0.0197  0.0194  0.0195  0.0194  0.0194
  0.0198  0.0196  0.0196  0.0199  0.0198  0.0200  0.0198  0.0201  0.0196  0.0197  0.0195  0.0195
registration optimization eta report
parameter search radius
    0.8000    0.8000    0.8000    2.4000    2.4000    2.4000
    2.4000    2.4000    2.4000    2.4000    2.4000    2.4000
100000*second partial in parameter space
       73.       48.       38.       10.        7.       13.
        8.       14.        5.        8.        3.        3.
  0.0198  0.0196  0.0196  0.0199  0.0197  0.0201  0.0198  0.0201  0.0196  0.0198  0.0195  0.0195
  0.0195  0.0195  0.0195  0.0196  0.0195  0.0198  0.0195  0.0197  0.0194  0.0195  0.0194  0.0194
  0.0194  0.0194  0.0194  0.0194  0.0194  0.0195  0.0194  0.0194  0.0193  0.0194  0.0193  0.0193
  0.0193  0.0193  0.0193  0.0193  0.0193  0.0193  0.0193  0.0193  0.0193  0.0193  0.0193  0.0193
  0.0194  0.0194  0.0194  0.0194  0.0194  0.0193  0.0194  0.0194  0.0193  0.0194  0.0193  0.0193
  0.0196  0.0195  0.0194  0.0196  0.0195  0.0195  0.0195  0.0197  0.0194  0.0195  0.0194  0.0194
  0.0198  0.0196  0.0196  0.0199  0.0198  0.0200  0.0198  0.0201  0.0196  0.0197  0.0195  0.0195
   -1.8714   20.8097   12.3385  -15.4782   -8.1825   -4.2851
   13.1208   -4.2760  -13.8276  -15.6799    6.7572    7.3533
eta,q 0.98069 10.52304

---------------------------------------------------------------------
compute_vox2vox talsrcimg talsrcimg_to_711-2C_as_mni_average_305_t4 /opt/freesurfer/average/711-2C_as_mni_average_305
---------------------------------------------------------------------

freesurfer compute_vox2vox.c
Reading: talsrcimg.4dfp.ifh
Reading: talsrcimg_to_711-2C_as_mni_average_305_t4
Reading: /opt/freesurfer/average/711-2C_as_mni_average_305.4dfp.ifh
Writing: talsrcimg_to_711-2C_as_mni_average_305_t4_vox2vox.txt

start time Tue Mar 10 07:10:05 CET 2026
end		time Tue Mar 10 07:11:32 CET 2026

mpr2mni305 success

avi2talxfm orig_nu.mgz /opt/freesurfer/average/mni305.cor.mgz talsrcimg_to_711-2C_as_mni_average_305_t4_vox2vox.txt transforms/talairach.auto.xfm
avi2talxfm done
mv -f /out/sourcedata/freesurfer/sub-v1s8x0051348_ses-1/mri/talsrcimg_to_711-2C_as_mni_average_305_t4_vox2vox.txt /out/sourcedata/freesurfer/sub-v1s8x0051348_ses-1/mri/transforms/talsrcimg_to_711-2C_as_mni_average_305_t4_vox2vox.txt
lta_convert --src orig_nu.mgz --trg /opt/freesurfer/average/mni305.cor.mgz --inxfm transforms/talairach.auto.xfm --outlta transforms/talairach.auto.xfm.lta --subject fsaverage
7.3.2

--src: orig_nu.mgz src image (geometry).
--trg: /opt/freesurfer/average/mni305.cor.mgz trg image (geometry).
--inmni: transforms/talairach.auto.xfm input MNI/XFM transform.
--outlta: transforms/talairach.auto.xfm.lta output LTA.
--s: fsaverage subject name
 LTA read, type : 1
 1.15390   0.02422  -0.16683   7.82572;
-0.09358   1.02928  -0.06906   10.75354;
 0.15779   0.17942   1.05220  -69.74404;
 0.00000   0.00000   0.00000   1.00000;
setting subject to fsaverage
Writing  LTA to file transforms/talairach.auto.xfm.lta...
lta_convert successful.
 
 
Started at Tue Mar 10 07:10:05 CET 2026
Ended   at Tue Mar 10 07:11:33 CET 2026
talairach_avi done
