/out/sourcedata/freesurfer/sub-v1s8x0051344_ses-1/mri
/opt/freesurfer/bin/talairach_avi
--i orig_nu.mgz --xfm transforms/talairach.auto.xfm
talairach_avi 7.3.2
Linux dna078 5.14.0-427.37.1.el9_4.x86_64 #1 SMP PREEMPT_DYNAMIC Fri Sep 13 12:41:50 EDT 2024 x86_64 x86_64 x86_64 GNU/Linux
Tue Mar 10 06:57:38 CET 2026
mri_convert orig_nu.mgz talsrcimg.img 
reading from orig_nu.mgz...
TR=0.00, TE=0.00, TI=0.00, flip angle=0.00
i_ras = (-1, 0, 0)
j_ras = (0, 0, -1)
k_ras = (0, 1, 0)
writing to talsrcimg.img...
Analyze Output Matrix
-1.00000   0.00000   0.00000   131.61813;
 0.00000   0.00000   1.00000  -132.60034;
 0.00000  -1.00000   0.00000   129.29782;
 0.00000   0.00000   0.00000   1.00000;
--------------------
INFO: set hdr.hist.orient to -1
mpr2mni305 talsrcimg
Tue Mar 10 06:57:39 CET 2026
/opt/freesurfer/bin/mpr2mni305 talsrcimg
mpr2mni305 7.3.2
target=711-2C_as_mni_average_305

---------------------------------------------------------------------
analyzeto4dfp talsrcimg -O0 -y
---------------------------------------------------------------------

freesurfer ifh2hdr.c
Tue Mar 10 06:57:39 2026
Writing: talsrcimg.4dfp.hdr
freesurfer analyzeto4dfp.c
Reading: talsrcimg.hdr
header size 348 bytes
hdr.dime.datatype	offset=70	value=2
hdr.dime.bitpix		offset=72	value=8
hdr.hist.orient		offset=252	value=-1
dimensionality     4
dimensions       256       256       256         1
Reading: talsrcimg.img
Writing: talsrcimg.4dfp.img
Writing: talsrcimg.4dfp.ifh
ifh2hdr talsrcimg -r0to220
ori=2

---------------------------------------------------------------------
gauss_4dfp talsrcimg 1.1
---------------------------------------------------------------------

freesurfer gauss_4dfp.c
Reading: talsrcimg.4dfp.img
Writing: talsrcimg_g11.4dfp.img
image dimensions 256 256 256 padded to 288 288 288
processing volume 1freesurfer ifh2hdr.c
Tue Mar 10 06:57:40 2026
Writing: talsrcimg_g11.4dfp.hdr

Writing: talsrcimg_g11.4dfp.ifh
including: talsrcimg.4dfp.img.rec in talsrcimg_g11.4dfp.img.rec

---------------------------------------------------------------------
imgreg_4dfp /opt/freesurfer/average/711-2C_as_mni_average_305 none talsrcimg_g11 none talsrcimg_to_711-2C_as_mni_average_305_t4 4355
---------------------------------------------------------------------

freesurfer imgreg_4dfp.c
/opt/freesurfer/average/711-2C_as_mni_average_305.4dfp.img
       256       256       256         1
  1.000000  1.000000  1.000000
orientation T byte_order littleendian
Reading image: /opt/freesurfer/average/711-2C_as_mni_average_305.4dfp.img
dimensions:      256       256       256
mmppix:       1.0000   -1.0000   -1.0000
center:     128.0000 -129.0000 -129.0000
talsrcimg_g11.4dfp.img
       256       256       256         1
  1.000000  1.000000  1.000000
orientation T byte_order littleendian
Reading image: talsrcimg_g11.4dfp.img
dimensions:      256       256       256
mmppix:       1.0000   -1.0000   -1.0000
center:     128.0000 -129.0000 -129.0000
t4_read: open error in t4_sub.f l:  41 t4_file(1:l)talsrcimg_to_711-2C_as_mni_average_305_t4 
t4_read: transform initialized to I4
rotation matrix determinant  1.000000
image alignment mode   4355 decimal     1103 hex
   -7.5000  -45.0000  -45.0000 6285.3262   14.1357
    0.0000  -45.0000  -45.0000 6584.9390   14.2045
    7.5000  -45.0000  -45.0000 6290.0771   14.1837
   -7.5000  -37.5000  -45.0000 6870.9434   13.6810
    0.0000  -37.5000  -45.0000 7198.0723   13.7466
    7.5000  -37.5000  -45.0000 6879.7725   13.7309
   -7.5000  -30.0000  -45.0000 7769.7974   13.3619
    0.0000  -30.0000  -45.0000 8125.3086   13.4269
    7.5000  -30.0000  -45.0000 7778.0010   13.4129
   -7.5000  -22.5000  -45.0000 8703.6855   13.1308
    0.0000  -22.5000  -45.0000 9081.4541   13.1954
    7.5000  -22.5000  -45.0000 8703.0000   13.1814
   -7.5000  -15.0000  -45.0000 9663.8105   12.9773
    0.0000  -15.0000  -45.000010099.8594   13.0388
    7.5000  -15.0000  -45.0000 9665.2822   13.0236
   -7.5000   -7.5000  -45.000010679.5645   12.9295
    0.0000   -7.5000  -45.000011165.9102   12.9893
    7.5000   -7.5000  -45.000010695.0371   12.9737
   -7.5000    0.0000  -45.000011674.9531   12.9139
    0.0000    0.0000  -45.000012216.6475   12.9732
    7.5000    0.0000  -45.000011691.5537   12.9593
   -7.5000    7.5000  -45.000011683.1904   12.9118
    0.0000    7.5000  -45.000012223.6953   12.9718
    7.5000    7.5000  -45.000011703.3818   12.9595
   -7.5000   15.0000  -45.000011565.4443   12.9206
    0.0000   15.0000  -45.000012110.9941   12.9825
    7.5000   15.0000  -45.000011606.7002   12.9701
   -7.5000   22.5000  -45.000011377.2461   12.9292
    0.0000   22.5000  -45.000011920.7539   12.9916
    7.5000   22.5000  -45.000011436.0254   12.9782
   -7.5000   30.0000  -45.000011128.0947   12.7630
    0.0000   30.0000  -45.000011662.3193   12.8231
    7.5000   30.0000  -45.000011188.3828   12.8083
   -7.5000   37.5000  -45.000011123.6953   12.7543
    0.0000   37.5000  -45.000011648.6533   12.8133
    7.5000   37.5000  -45.000011156.2520   12.7980
   -7.5000   45.0000  -45.000010678.1035   12.4183
    0.0000   45.0000  -45.000011172.1982   12.4752
    7.5000   45.0000  -45.000010686.9102   12.4620
   -7.5000  -45.0000  -37.5000 6620.7744   14.1087
    0.0000  -45.0000  -37.5000 6933.5166   14.1774
    7.5000  -45.0000  -37.5000 6630.2065   14.1631
   -7.5000  -37.5000  -37.5000 7235.0801   13.6558
    0.0000  -37.5000  -37.5000 7569.4849   13.7189
    7.5000  -37.5000  -37.5000 7251.1553   13.7053
   -7.5000  -30.0000  -37.5000 8178.4688   13.3404
    0.0000  -30.0000  -37.5000 8542.3271   13.4046
    7.5000  -30.0000  -37.5000 8195.6455   13.3913
   -7.5000  -22.5000  -37.5000 9189.6875   13.1115
    0.0000  -22.5000  -37.5000 9584.8281   13.1789
    7.5000  -22.5000  -37.5000 9183.1230   13.1685
   -7.5000  -15.0000  -37.500010224.3730   12.9565
    0.0000  -15.0000  -37.500010677.3965   13.0228
    7.5000  -15.0000  -37.500010219.0557   13.0141
   -7.5000   -7.5000  -37.500011315.2344   12.9051
    0.0000   -7.5000  -37.500011810.7676   12.9682
    7.5000   -7.5000  -37.500011313.2412   12.9599
   -7.5000    0.0000  -37.500012361.3203   12.8883
    0.0000    0.0000  -37.500012917.2002   12.9472
    7.5000    0.0000  -37.500012363.5830   12.9382
   -7.5000    7.5000  -37.500012375.1299   12.8881
    0.0000    7.5000  -37.500012932.4092   12.9459
    7.5000    7.5000  -37.500012387.9619   12.9352
   -7.5000   15.0000  -37.500012262.9053   12.8999
    0.0000   15.0000  -37.500012818.2061   12.9613
    7.5000   15.0000  -37.500012272.2520   12.9499
   -7.5000   22.5000  -37.500012039.7168   12.9104
    0.0000   22.5000  -37.500012597.5205   12.9755
    7.5000   22.5000  -37.500012078.0850   12.9656
   -7.5000   30.0000  -37.500011764.2529   12.7426
    0.0000   30.0000  -37.500012282.8037   12.8074
    7.5000   30.0000  -37.500011793.8350   12.7990
   -7.5000   37.5000  -37.500011736.1689   12.7303
    0.0000   37.5000  -37.500012247.4980   12.7926
    7.5000   37.5000  -37.500011759.2773   12.7844
   -7.5000   45.0000  -37.500011217.1611   12.3936
    0.0000   45.0000  -37.500011723.1992   12.4503
    7.5000   45.0000  -37.500011242.7119   12.4416
   -7.5000  -45.0000  -30.0000 7055.5635   14.7000
    0.0000  -45.0000  -30.0000 7369.2056   14.7744
    7.5000  -45.0000  -30.0000 7050.7881   14.7658
   -7.5000  -37.5000  -30.0000 7727.0254   14.2245
    0.0000  -37.5000  -30.0000 8070.9927   14.2909
    7.5000  -37.5000  -30.0000 7729.8110   14.2802
   -7.5000  -30.0000  -30.0000 8753.0195   13.8936
    0.0000  -30.0000  -30.0000 9127.3008   13.9614
    7.5000  -30.0000  -30.0000 8759.8145   13.9484
   -7.5000  -22.5000  -30.0000 9867.1270   13.6570
    0.0000  -22.5000  -30.000010291.5977   13.7291
    7.5000  -22.5000  -30.0000 9853.4609   13.7188
   -7.5000  -15.0000  -30.000011007.6836   13.4984
    0.0000  -15.0000  -30.000011485.1035   13.5707
    7.5000  -15.0000  -30.000010980.3721   13.5640
   -7.5000   -7.5000  -30.000012151.3076   13.4449
    0.0000   -7.5000  -30.000012674.0430   13.5144
    7.5000   -7.5000  -30.000012121.8701   13.5104
   -7.5000    0.0000  -30.000013257.4209   13.4252
    0.0000    0.0000  -30.000013828.2988   13.4888
    7.5000    0.0000  -30.000013249.3301   13.4844
   -7.5000    7.5000  -30.000013290.6875   13.4227
    0.0000    7.5000  -30.000013873.7939   13.4835
    7.5000    7.5000  -30.000013292.3887   13.4755
   -7.5000   15.0000  -30.000013149.3945   13.4343
    0.0000   15.0000  -30.000013741.5625   13.4989
    7.5000   15.0000  -30.000013149.2197   13.4882
   -7.5000   22.5000  -30.000012903.5586   13.4460
    0.0000   22.5000  -30.000013488.7695   13.5157
    7.5000   22.5000  -30.000012913.1084   13.5059
   -7.5000   30.0000  -30.000012596.2969   13.2767
    0.0000   30.0000  -30.000013156.9727   13.3475
    7.5000   30.0000  -30.000012621.7695   13.3410
   -7.5000   37.5000  -30.000012572.9307   13.2641
    0.0000   37.5000  -30.000013119.2061   13.3326
    7.5000   37.5000  -30.000012603.4629   13.3287
   -7.5000   45.0000  -30.000011971.7793   12.9194
    0.0000   45.0000  -30.000012484.9902   12.9806
    7.5000   45.0000  -30.000011997.0439   12.9764
   -7.5000  -45.0000  -22.5000 7498.1753   15.1915
    0.0000  -45.0000  -22.5000 7823.2842   15.2703
    7.5000  -45.0000  -22.5000 7480.0679   15.2598
   -7.5000  -37.5000  -22.5000 8232.7441   14.6964
    0.0000  -37.5000  -22.5000 8587.2900   14.7678
    7.5000  -37.5000  -22.5000 8219.0732   14.7570
   -7.5000  -30.0000  -22.5000 9354.1309   14.3494
    0.0000  -30.0000  -22.5000 9762.6768   14.4200
    7.5000  -30.0000  -22.5000 9336.3613   14.4061
   -7.5000  -22.5000  -22.500010538.8555   14.1050
    0.0000  -22.5000  -22.500011019.9609   14.1771
    7.5000  -22.5000  -22.500010525.0811   14.1620
   -7.5000  -15.0000  -22.500011751.6777   13.9460
    0.0000  -15.0000  -22.500012287.2734   14.0180
    7.5000  -15.0000  -22.500011738.4463   14.0050
   -7.5000   -7.5000  -22.500012979.2285   13.8953
    0.0000   -7.5000  -22.500013565.5654   13.9665
    7.5000   -7.5000  -22.500012954.0518   13.9582
   -7.5000    0.0000  -22.500014148.0664   13.8747
    0.0000    0.0000  -22.500014785.8496   13.9425
    7.5000    0.0000  -22.500014113.3623   13.9369
   -7.5000    7.5000  -22.500014191.4092   13.8678
    0.0000    7.5000  -22.500014856.9170   13.9330
    7.5000    7.5000  -22.500014188.9492   13.9253
   -7.5000   15.0000  -22.500014034.4580   13.8756
    0.0000   15.0000  -22.500014690.8896   13.9424
    7.5000   15.0000  -22.500014009.4629   13.9305
   -7.5000   22.5000  -22.500013765.8516   13.8864
    0.0000   22.5000  -22.500014417.6230   13.9560
    7.5000   22.5000  -22.500013736.2188   13.9416
   -7.5000   30.0000  -22.500013435.1934   13.7190
    0.0000   30.0000  -22.500014076.0928   13.7895
    7.5000   30.0000  -22.500013472.4473   13.7769
   -7.5000   37.5000  -22.500013423.2734   13.7105
    0.0000   37.5000  -22.500014044.1963   13.7807
    7.5000   37.5000  -22.500013482.4531   13.7726
   -7.5000   45.0000  -22.500012729.1084   13.3620
    0.0000   45.0000  -22.500013281.8447   13.4273
    7.5000   45.0000  -22.500012768.4736   13.4219
   -7.5000  -45.0000  -15.0000 7940.2354   15.5453
    0.0000  -45.0000  -15.0000 8289.3818   15.6258
    7.5000  -45.0000  -15.0000 7925.2212   15.6079
   -7.5000  -37.5000  -15.0000 8737.2227   15.0386
    0.0000  -37.5000  -15.0000 9111.2168   15.1140
    7.5000  -37.5000  -15.0000 8708.1133   15.1008
   -7.5000  -30.0000  -15.0000 9921.9951   14.6795
    0.0000  -30.0000  -15.000010350.6641   14.7517
    7.5000  -30.0000  -15.0000 9900.4902   14.7370
   -7.5000  -22.5000  -15.000011176.1016   14.4265
    0.0000  -22.5000  -15.000011669.0420   14.4962
    7.5000  -22.5000  -15.000011160.6377   14.4769
   -7.5000  -15.0000  -15.000012459.2178   14.2660
    0.0000  -15.0000  -15.000013021.0166   14.3339
    7.5000  -15.0000  -15.000012435.2959   14.3132
   -7.5000   -7.5000  -15.000013757.1025   14.2196
    0.0000   -7.5000  -15.000014412.9082   14.2887
    7.5000   -7.5000  -15.000013747.2207   14.2720
   -7.5000    0.0000  -15.000014952.5566   14.2016
    0.0000    0.0000  -15.000015711.2539   14.2714
    7.5000    0.0000  -15.000014963.6387   14.2602
   -7.5000    7.5000  -15.000015010.7168   14.1925
    0.0000    7.5000  -15.000015805.3604   14.2611
    7.5000    7.5000  -15.000015055.4131   14.2518
   -7.5000   15.0000  -15.000014835.5020   14.1957
    0.0000   15.0000  -15.000015609.5840   14.2638
    7.5000   15.0000  -15.000014863.5391   14.2508
   -7.5000   22.5000  -15.000014556.1055   14.2026
    0.0000   22.5000  -15.000015293.4238   14.2699
    7.5000   22.5000  -15.000014591.7705   14.2515
   -7.5000   30.0000  -15.000014241.6885   14.0358
    0.0000   30.0000  -15.000014960.7559   14.1022
    7.5000   30.0000  -15.000014309.7295   14.0821
   -7.5000   37.5000  -15.000014232.2490   14.0325
    0.0000   37.5000  -15.000014958.0420   14.1007
    7.5000   37.5000  -15.000014313.5518   14.0843
   -7.5000   45.0000  -15.000013457.3662   13.6851
    0.0000   45.0000  -15.000014107.7686   13.7523
    7.5000   45.0000  -15.000013518.7793   13.7415
   -7.5000  -45.0000   -7.5000 8340.6885   15.7301
    0.0000  -45.0000   -7.5000 8715.8730   15.8087
    7.5000  -45.0000   -7.5000 8328.1562   15.7851
   -7.5000  -37.5000   -7.5000 9206.7891   15.2212
    0.0000  -37.5000   -7.5000 9601.2285   15.2968
    7.5000  -37.5000   -7.5000 9187.7607   15.2808
   -7.5000  -30.0000   -7.500010497.6328   14.8607
    0.0000  -30.0000   -7.500010933.7197   14.9336
    7.5000  -30.0000   -7.500010483.3896   14.9186
   -7.5000  -22.5000   -7.500011833.4092   14.6037
    0.0000  -22.5000   -7.500012325.8281   14.6733
    7.5000  -22.5000   -7.500011794.2275   14.6542
   -7.5000  -15.0000   -7.500013149.9346   14.4384
    0.0000  -15.0000   -7.500013730.1143   14.5044
    7.5000  -15.0000   -7.500013115.5449   14.4824
   -7.5000   -7.5000   -7.500014483.2598   14.3907
    0.0000   -7.5000   -7.500015216.8154   14.4572
    7.5000   -7.5000   -7.500014480.5342   14.4364
   -7.5000    0.0000   -7.500015724.5283   14.3740
    0.0000    0.0000   -7.500016617.6973   14.4421
    7.5000    0.0000   -7.500015769.3740   14.4265
   -7.5000    7.5000   -7.500015800.7383   14.3671
    0.0000    7.5000   -7.500016751.6055   14.4359
    7.5000    7.5000   -7.500015892.2334   14.4239
   -7.5000   15.0000   -7.500015635.2275   14.3715
    0.0000   15.0000   -7.500016589.7539   14.4405
    7.5000   15.0000   -7.500015760.0283   14.4270
   -7.5000   22.5000   -7.500015352.2168   14.3756
    0.0000   22.5000   -7.500016251.0957   14.4427
    7.5000   22.5000   -7.500015509.2734   14.4245
   -7.5000   30.0000   -7.500015044.3867   14.2052
    0.0000   30.0000   -7.500015881.2041   14.2697
    7.5000   30.0000   -7.500015147.1445   14.2482
   -7.5000   37.5000   -7.500015061.3604   14.2009
    0.0000   37.5000   -7.500015899.1084   14.2665
    7.5000   37.5000   -7.500015153.4414   14.2461
   -7.5000   45.0000   -7.500014251.7744   13.8538
    0.0000   45.0000   -7.500015033.4502   13.9195
    7.5000   45.0000   -7.500014299.3174   13.9044
   -7.5000  -45.0000    0.0000 8681.2090   15.7750
    0.0000  -45.0000    0.0000 9070.9150   15.8512
    7.5000  -45.0000    0.0000 8652.6426   15.8279
   -7.5000  -37.5000    0.0000 9581.9297   15.2688
    0.0000  -37.5000    0.000010015.8389   15.3415
    7.5000  -37.5000    0.0000 9555.9287   15.3238
   -7.5000  -30.0000    0.000010941.0283   14.9140
    0.0000  -30.0000    0.000011427.1455   14.9860
    7.5000  -30.0000    0.000010912.2051   14.9703
   -7.5000  -22.5000    0.000012314.8291   14.6570
    0.0000  -22.5000    0.000012871.9326   14.7287
    7.5000  -22.5000    0.000012292.9365   14.7130
   -7.5000  -15.0000    0.000013718.4756   14.4860
    0.0000  -15.0000    0.000014365.1494   14.5543
    7.5000  -15.0000    0.000013713.7617   14.5374
   -7.5000   -7.5000    0.000015086.3760   14.4324
    0.0000   -7.5000    0.000015895.9189   14.4988
    7.5000   -7.5000    0.000015133.0820   14.4813
   -7.5000    0.0000    0.000016334.3174   14.4148
    0.0000    0.0000    0.000017317.6914   14.4805
    7.5000    0.0000    0.000016441.4609   14.4649
   -7.5000    7.5000    0.000016433.6211   14.4125
    0.0000    7.5000    0.000017545.9668   14.4789
    7.5000    7.5000    0.000016600.9219   14.4651
   -7.5000   15.0000    0.000016338.7100   14.4225
    0.0000   15.0000    0.000017580.8066   14.4913
    7.5000   15.0000    0.000016598.3105   14.4773
   -7.5000   22.5000    0.000016198.3672   14.4278
    0.0000   22.5000    0.000017379.1816   14.4971
    7.5000   22.5000    0.000016470.2480   14.4821
   -7.5000   30.0000    0.000015922.4385   14.2524
    0.0000   30.0000    0.000016935.0898   14.3192
    7.5000   30.0000    0.000016015.4014   14.3027
   -7.5000   37.5000    0.000015926.1074   14.2424
    0.0000   37.5000    0.000016900.0957   14.3080
    7.5000   37.5000    0.000015940.4395   14.2908
   -7.5000   45.0000    0.000015009.4580   13.8942
    0.0000   45.0000    0.000015904.7285   13.9575
    7.5000   45.0000    0.000014999.2783   13.9425
   -7.5000  -45.0000    7.5000 8306.5889   15.7873
    0.0000  -45.0000    7.5000 8704.6836   15.8642
    7.5000  -45.0000    7.5000 8281.1660   15.8482
   -7.5000  -37.5000    7.5000 9218.4033   15.2806
    0.0000  -37.5000    7.5000 9646.9258   15.3512
    7.5000  -37.5000    7.5000 9192.8770   15.3359
   -7.5000  -30.0000    7.500010554.5664   14.9277
    0.0000  -30.0000    7.500011044.6367   14.9995
    7.5000  -30.0000    7.500010551.6699   14.9846
   -7.5000  -22.5000    7.500011871.8477   14.6716
    0.0000  -22.5000    7.500012431.1475   14.7470
    7.5000  -22.5000    7.500011904.0156   14.7352
   -7.5000  -15.0000    7.500013193.8076   14.4982
    0.0000  -15.0000    7.500013822.5830   14.5723
    7.5000  -15.0000    7.500013240.7285   14.5626
   -7.5000   -7.5000    7.500014497.3916   14.4406
    0.0000   -7.5000    7.500015240.4502   14.5112
    7.5000   -7.5000    7.500014571.9238   14.5019
   -7.5000    0.0000    7.500015740.5869   14.4218
    0.0000    0.0000    7.500016616.3418   14.4877
    7.5000    0.0000    7.500015813.5957   14.4776
   -7.5000    7.5000    7.500015858.4141   14.4216
    0.0000    7.5000    7.500016912.0156   14.4863
    7.5000    7.5000    7.500015973.0928   14.4743
   -7.5000   15.0000    7.500015855.2754   14.4348
    0.0000   15.0000    7.500017200.1035   14.5034
    7.5000   15.0000    7.500016074.3330   14.4907
   -7.5000   22.5000    7.500015851.2471   14.4419
    0.0000   22.5000    7.500017235.2012   14.5147
    7.5000   22.5000    7.500015990.5527   14.5035
   -7.5000   30.0000    7.500015598.7451   14.2643
    0.0000   30.0000    7.500016770.1465   14.3368
    7.5000   30.0000    7.500015560.8281   14.3274
   -7.5000   37.5000    7.500015483.3467   14.2506
    0.0000   37.5000    7.500016552.1172   14.3203
    7.5000   37.5000    7.500015477.8682   14.3111
   -7.5000   45.0000    7.500014496.6875   13.9009
    0.0000   45.0000    7.500015439.0449   13.9645
    7.5000   45.0000    7.500014561.6729   13.9548
   -7.5000  -45.0000   15.0000 7838.7026   15.7886
    0.0000  -45.0000   15.0000 8220.5068   15.8685
    7.5000  -45.0000   15.0000 7849.1338   15.8593
   -7.5000  -37.5000   15.0000 8735.0078   15.2780
    0.0000  -37.5000   15.0000 9158.6914   15.3494
    7.5000  -37.5000   15.0000 8739.3584   15.3379
   -7.5000  -30.0000   15.0000 9995.1367   14.9228
    0.0000  -30.0000   15.000010484.2598   14.9956
    7.5000  -30.0000   15.000010027.2227   14.9817
   -7.5000  -22.5000   15.000011272.7539   14.6687
    0.0000  -22.5000   15.000011826.9990   14.7462
    7.5000  -22.5000   15.000011324.4414   14.7352
   -7.5000  -15.0000   15.000012527.1494   14.4983
    0.0000  -15.0000   15.000013127.9521   14.5760
    7.5000  -15.0000   15.000012600.9131   14.5688
   -7.5000   -7.5000   15.000013804.8252   14.4409
    0.0000   -7.5000   15.000014498.5898   14.5155
    7.5000   -7.5000   15.000013897.7646   14.5112
   -7.5000    0.0000   15.000015097.2871   14.4197
    0.0000    0.0000   15.000015873.6182   14.4880
    7.5000    0.0000   15.000015166.7412   14.4834
   -7.5000    7.5000   15.000015207.4248   14.4170
    0.0000    7.5000   15.000016093.5576   14.4823
    7.5000    7.5000   15.000015349.8447   14.4738
   -7.5000   15.0000   15.000015152.8418   14.4295
    0.0000   15.0000   15.000016142.9248   14.4989
    7.5000   15.0000   15.000015361.0312   14.4873
   -7.5000   22.5000   15.000015040.9824   14.4388
    0.0000   22.5000   15.000016001.4258   14.5137
    7.5000   22.5000   15.000015158.5469   14.5032
   -7.5000   30.0000   15.000014746.0732   14.2644
    0.0000   30.0000   15.000015626.9609   14.3405
    7.5000   30.0000   15.000014781.2783   14.3335
   -7.5000   37.5000   15.000014706.0156   14.2509
    0.0000   37.5000   15.000015630.3018   14.3244
    7.5000   37.5000   15.000014821.3994   14.3203
   -7.5000   45.0000   15.000013820.0986   13.8989
    0.0000   45.0000   15.000014668.3887   13.9648
    7.5000   45.0000   15.000013977.4434   13.9603
   -7.5000  -45.0000   22.5000 7291.5132   15.8324
    0.0000  -45.0000   22.5000 7657.2720   15.9146
    7.5000  -45.0000   22.5000 7298.2007   15.9038
   -7.5000  -37.5000   22.5000 8152.4331   15.3174
    0.0000  -37.5000   22.5000 8545.7764   15.3920
    7.5000  -37.5000   22.5000 8140.2803   15.3809
   -7.5000  -30.0000   22.5000 9349.6465   14.9570
    0.0000  -30.0000   22.5000 9807.7578   15.0307
    7.5000  -30.0000   22.5000 9385.1475   15.0164
   -7.5000  -22.5000   22.500010578.3662   14.7034
    0.0000  -22.5000   22.500011081.0830   14.7787
    7.5000  -22.5000   22.500010636.8613   14.7631
   -7.5000  -15.0000   22.500011791.7832   14.5366
    0.0000  -15.0000   22.500012340.2285   14.6117
    7.5000  -15.0000   22.500011866.1562   14.5984
   -7.5000   -7.5000   22.500012997.7803   14.4835
    0.0000   -7.5000   22.500013600.0273   14.5578
    7.5000   -7.5000   22.500013098.2461   14.5494
   -7.5000    0.0000   22.500014156.1582   14.4622
    0.0000    0.0000   22.500014822.2686   14.5330
    7.5000    0.0000   22.500014282.4160   14.5274
   -7.5000    7.5000   22.500014207.8613   14.4554
    0.0000    7.5000   22.500014917.9209   14.5235
    7.5000    7.5000   22.500014395.0195   14.5157
   -7.5000   15.0000   22.500014126.4473   14.4636
    0.0000   15.0000   22.500014869.4668   14.5334
    7.5000   15.0000   22.500014326.2314   14.5211
   -7.5000   22.5000   22.500013997.2148   14.4724
    0.0000   22.5000   22.500014688.8594   14.5450
    7.5000   22.5000   22.500014089.2412   14.5302
   -7.5000   30.0000   22.500013714.1631   14.3019
    0.0000   30.0000   22.500014367.8535   14.3754
    7.5000   30.0000   22.500013765.8135   14.3624
   -7.5000   37.5000   22.500013744.7764   14.2929
    0.0000   37.5000   22.500014456.8418   14.3662
    7.5000   37.5000   22.500013833.8301   14.3579
   -7.5000   45.0000   22.500013003.9473   13.9399
    0.0000   45.0000   22.500013707.6709   14.0082
    7.5000   45.0000   22.500013115.4453   14.0028
   -7.5000  -45.0000   30.0000 6726.0117   16.0537
    0.0000  -45.0000   30.0000 7080.8198   16.1370
    7.5000  -45.0000   30.0000 6724.3804   16.1183
   -7.5000  -37.5000   30.0000 7517.8291   15.5284
    0.0000  -37.5000   30.0000 7904.7866   15.6065
    7.5000  -37.5000   30.0000 7524.4629   15.5927
   -7.5000  -30.0000   30.0000 8647.1865   15.1574
    0.0000  -30.0000   30.0000 9084.1611   15.2322
    7.5000  -30.0000   30.0000 8694.1611   15.2168
   -7.5000  -22.5000   30.0000 9808.1982   14.8961
    0.0000  -22.5000   30.000010265.6201   14.9684
    7.5000  -22.5000   30.0000 9861.7012   14.9482
   -7.5000  -15.0000   30.000010936.2021   14.7258
    0.0000  -15.0000   30.000011422.9590   14.7962
    7.5000  -15.0000   30.000010986.8633   14.7747
   -7.5000   -7.5000   30.000012055.0283   14.6766
    0.0000   -7.5000   30.000012580.2607   14.7482
    7.5000   -7.5000   30.000012118.9150   14.7308
   -7.5000    0.0000   30.000013117.5332   14.6586
    0.0000    0.0000   30.000013682.9473   14.7307
    7.5000    0.0000   30.000013216.3799   14.7192
   -7.5000    7.5000   30.000013163.7529   14.6505
    0.0000    7.5000   30.000013759.2754   14.7215
    7.5000    7.5000   30.000013313.6426   14.7117
   -7.5000   15.0000   30.000013090.3105   14.6544
    0.0000   15.0000   30.000013695.5566   14.7250
    7.5000   15.0000   30.000013224.8340   14.7113
   -7.5000   22.5000   30.000012925.9551   14.6593
    0.0000   22.5000   30.000013491.3164   14.7290
    7.5000   22.5000   30.000012983.5449   14.7097
   -7.5000   30.0000   30.000012652.4961   14.4874
    0.0000   30.0000   30.000013189.6172   14.5562
    7.5000   30.0000   30.000012678.4521   14.5352
   -7.5000   37.5000   30.000012731.5244   14.4834
    0.0000   37.5000   30.000013301.8545   14.5540
    7.5000   37.5000   30.000012768.2100   14.5370
   -7.5000   45.0000   30.000012082.5020   14.1292
    0.0000   45.0000   30.000012664.4629   14.1987
    7.5000   45.0000   30.000012136.7354   14.1876
   -7.5000  -45.0000   37.5000 6420.0811   16.3659
    0.0000  -45.0000   37.5000 6757.8618   16.4478
    7.5000  -45.0000   37.5000 6427.5068   16.4219
   -7.5000  -37.5000   37.5000 7160.6099   15.8293
    0.0000  -37.5000   37.5000 7540.3350   15.9082
    7.5000  -37.5000   37.5000 7192.7891   15.8903
   -7.5000  -30.0000   37.5000 8238.9375   15.4522
    0.0000  -30.0000   37.5000 8664.0186   15.5283
    7.5000  -30.0000   37.5000 8304.4219   15.5115
   -7.5000  -22.5000   37.5000 9363.6562   15.1831
    0.0000  -22.5000   37.5000 9808.3760   15.2556
    7.5000  -22.5000   37.5000 9417.8926   15.2347
   -7.5000  -15.0000   37.500010438.5674   15.0031
    0.0000  -15.0000   37.500010901.5938   15.0716
    7.5000  -15.0000   37.500010486.7998   15.0478
   -7.5000   -7.5000   37.500011516.2832   14.9501
    0.0000   -7.5000   37.500012017.4209   15.0191
    7.5000   -7.5000   37.500011573.2090   14.9967
   -7.5000    0.0000   37.500012534.1201   14.9327
    0.0000    0.0000   37.500013052.4492   15.0035
    7.5000    0.0000   37.500012601.5869   14.9864
   -7.5000    7.5000   37.500012608.0068   14.9275
    0.0000    7.5000   37.500013155.9824   14.9992
    7.5000    7.5000   37.500012702.8320   14.9858
   -7.5000   15.0000   37.500012542.0117   14.9340
    0.0000   15.0000   37.500013105.0889   15.0059
    7.5000   15.0000   37.500012630.7734   14.9909
   -7.5000   22.5000   37.500012337.7842   14.9380
    0.0000   22.5000   37.500012861.4375   15.0078
    7.5000   22.5000   37.500012373.6523   14.9880
   -7.5000   30.0000   37.500012046.7324   14.7594
    0.0000   30.0000   37.500012534.6084   14.8263
    7.5000   30.0000   37.500012039.2275   14.8031
   -7.5000   37.5000   37.500012143.1826   14.7533
    0.0000   37.5000   37.500012659.2256   14.8213
    7.5000   37.5000   37.500012149.3730   14.7992
   -7.5000   45.0000   37.500011580.7500   14.3934
    0.0000   45.0000   37.500012098.7754   14.4616
    7.5000   45.0000   37.500011597.8359   14.4452
   -7.5000  -45.0000   45.0000 5867.3374   16.7604
    0.0000  -45.0000   45.0000 6167.7808   16.8439
    7.5000  -45.0000   45.0000 5896.3735   16.8173
   -7.5000  -37.5000   45.0000 6552.4810   16.2028
    0.0000  -37.5000   45.0000 6890.4370   16.2828
    7.5000  -37.5000   45.0000 6598.6777   16.2626
   -7.5000  -30.0000   45.0000 7538.8579   15.8134
    0.0000  -30.0000   45.0000 7915.7446   15.8923
    7.5000  -30.0000   45.0000 7599.4111   15.8746
   -7.5000  -22.5000   45.0000 8560.0732   15.5313
    0.0000  -22.5000   45.0000 8962.5371   15.6090
    7.5000  -22.5000   45.0000 8612.0537   15.5918
   -7.5000  -15.0000   45.0000 9536.8193   15.3380
    0.0000  -15.0000   45.0000 9976.4473   15.4114
    7.5000  -15.0000   45.0000 9589.6904   15.3930
   -7.5000   -7.5000   45.000010531.4189   15.2797
    0.0000   -7.5000   45.000011001.2207   15.3514
    7.5000   -7.5000   45.000010585.2139   15.3321
   -7.5000    0.0000   45.000011459.4326   15.2635
    0.0000    0.0000   45.000011948.7910   15.3350
    7.5000    0.0000   45.000011540.2871   15.3175
   -7.5000    7.5000   45.000011541.6475   15.2624
    0.0000    7.5000   45.000012047.7930   15.3350
    7.5000    7.5000   45.000011625.5469   15.3194
   -7.5000   15.0000   45.000011492.4170   15.2719
    0.0000   15.0000   45.000011988.5527   15.3469
    7.5000   15.0000   45.000011549.1416   15.3313
   -7.5000   22.5000   45.000011289.2646   15.2747
    0.0000   22.5000   45.000011759.2285   15.3494
    7.5000   22.5000   45.000011301.5869   15.3332
   -7.5000   30.0000   45.000010990.2949   15.0862
    0.0000   30.0000   45.000011444.6201   15.1579
    7.5000   30.0000   45.000010975.5830   15.1400
   -7.5000   37.5000   45.000011108.6953   15.0771
    0.0000   37.5000   45.000011573.2832   15.1478
    7.5000   37.5000   45.000011090.6426   15.1288
   -7.5000   45.0000   45.000010629.3457   14.7189
    0.0000   45.0000   45.000011083.6689   14.7879
    7.5000   45.0000   45.000010635.2305   14.7710

---------------------------------------------------------------------
imgreg_4dfp /opt/freesurfer/average/711-2C_as_mni_average_305 /opt/freesurfer/average/711-2B_as_mni_average_305_mask talsrcimg_g11 none talsrcimg_to_711-2C_as_mni_average_305_t4 4355
---------------------------------------------------------------------

freesurfer imgreg_4dfp.c
/opt/freesurfer/average/711-2C_as_mni_average_305.4dfp.img
       256       256       256         1
  1.000000  1.000000  1.000000
orientation T byte_order littleendian
Reading image: /opt/freesurfer/average/711-2C_as_mni_average_305.4dfp.img
dimensions:      256       256       256
mmppix:       1.0000   -1.0000   -1.0000
center:     128.0000 -129.0000 -129.0000
/opt/freesurfer/average/711-2B_as_mni_average_305_mask.4dfp.img
       256       256       256         1
  1.000000  1.000000  1.000000
orientation T byte_order littleendian
Reading mask: /opt/freesurfer/average/711-2B_as_mni_average_305_mask.4dfp.img (2306576 pixels)
talsrcimg_g11.4dfp.img
       256       256       256         1
  1.000000  1.000000  1.000000
orientation T byte_order littleendian
Reading image: talsrcimg_g11.4dfp.img
dimensions:      256       256       256
mmppix:       1.0000   -1.0000   -1.0000
center:     128.0000 -129.0000 -129.0000
rotation matrix determinant  1.000000
image alignment mode   4355 decimal     1103 hex
   -7.5000  -30.0000  -45.0000 2050.7261   18.0533
    0.0000  -30.0000  -45.0000 2056.2463   18.0539
    7.5000  -30.0000  -45.0000 2040.7057   18.0905
   -7.5000  -22.5000  -45.0000 2162.9338   16.2865
    0.0000  -22.5000  -45.0000 2164.8145   16.2489
    7.5000  -22.5000  -45.0000 2151.5681   16.2796
   -7.5000  -15.0000  -45.0000 2263.0100   14.8607
    0.0000  -15.0000  -45.0000 2270.4438   14.8019
    7.5000  -15.0000  -45.0000 2252.6040   14.8547
   -7.5000   -7.5000  -45.0000 2351.8789   13.7537
    0.0000   -7.5000  -45.0000 2360.7710   13.6797
    7.5000   -7.5000  -45.0000 2344.2197   13.7463
   -7.5000    0.0000  -45.0000 2418.0610   12.9682
    0.0000    0.0000  -45.0000 2430.5061   12.8812
    7.5000    0.0000  -45.0000 2410.4290   12.9574
   -7.5000    7.5000  -45.0000 2446.4375   12.4863
    0.0000    7.5000  -45.0000 2460.0229   12.3635
    7.5000    7.5000  -45.0000 2439.1509   12.4760
   -7.5000   15.0000  -45.0000 2455.4524   12.2855
    0.0000   15.0000  -45.0000 2472.3870   12.1516
    7.5000   15.0000  -45.0000 2455.9761   12.2536
   -7.5000   22.5000  -45.0000 2447.3547   12.2874
    0.0000   22.5000  -45.0000 2465.7961   12.1341
    7.5000   22.5000  -45.0000 2452.4387   12.2244
   -7.5000   30.0000  -45.0000 2435.5610   12.4260
    0.0000   30.0000  -45.0000 2453.9387   12.2544
    7.5000   30.0000  -45.0000 2444.5103   12.3491
   -7.5000   37.5000  -45.0000 2414.6794   12.8160
    0.0000   37.5000  -45.0000 2434.2124   12.6413
    7.5000   37.5000  -45.0000 2421.4185   12.7189
   -7.5000   45.0000  -45.0000 2372.6868   13.4260
    0.0000   45.0000  -45.0000 2396.2834   13.2554
    7.5000   45.0000  -45.0000 2387.2681   13.3029
   -7.5000   52.5000  -45.0000 2295.4385   14.1361
    0.0000   52.5000  -45.0000 2320.8979   13.9796
    7.5000   52.5000  -45.0000 2313.0764   14.0108
   -7.5000   60.0000  -45.0000 2177.0320   14.9347
    0.0000   60.0000  -45.0000 2200.4941   14.8007
    7.5000   60.0000  -45.0000 2191.5798   14.7963
   -7.5000  -30.0000  -37.5000 2101.7727   17.0636
    0.0000  -30.0000  -37.5000 2108.7192   17.0082
    7.5000  -30.0000  -37.5000 2094.8933   17.0996
   -7.5000  -22.5000  -37.5000 2225.1418   15.3840
    0.0000  -22.5000  -37.5000 2230.6763   15.2944
    7.5000  -22.5000  -37.5000 2212.5051   15.3737
   -7.5000  -15.0000  -37.5000 2336.8418   14.0319
    0.0000  -15.0000  -37.5000 2346.2410   13.9387
    7.5000  -15.0000  -37.5000 2325.0488   13.9937
   -7.5000   -7.5000  -37.5000 2435.9399   12.9125
    0.0000   -7.5000  -37.5000 2442.9250   12.8232
    7.5000   -7.5000  -37.5000 2426.2207   12.8914
   -7.5000    0.0000  -37.5000 2508.3054   12.1243
    0.0000    0.0000  -37.5000 2516.7598   12.0100
    7.5000    0.0000  -37.5000 2494.2063   12.0983
   -7.5000    7.5000  -37.5000 2541.6382   11.6582
    0.0000    7.5000  -37.5000 2551.3110   11.5093
    7.5000    7.5000  -37.5000 2532.3145   11.6147
   -7.5000   15.0000  -37.5000 2555.0234   11.4649
    0.0000   15.0000  -37.5000 2568.3699   11.2980
    7.5000   15.0000  -37.5000 2554.3701   11.4062
   -7.5000   22.5000  -37.5000 2549.4077   11.4206
    0.0000   22.5000  -37.5000 2565.7998   11.2459
    7.5000   22.5000  -37.5000 2557.2808   11.3653
   -7.5000   30.0000  -37.5000 2537.4761   11.5407
    0.0000   30.0000  -37.5000 2552.8193   11.3766
    7.5000   30.0000  -37.5000 2544.7251   11.4748
   -7.5000   37.5000  -37.5000 2511.3574   11.8938
    0.0000   37.5000  -37.5000 2528.9917   11.7224
    7.5000   37.5000  -37.5000 2520.5203   11.8121
   -7.5000   45.0000  -37.5000 2469.1809   12.4417
    0.0000   45.0000  -37.5000 2494.4070   12.2591
    7.5000   45.0000  -37.5000 2486.5273   12.3221
   -7.5000   52.5000  -37.5000 2390.9275   13.0947
    0.0000   52.5000  -37.5000 2419.1074   12.9384
    7.5000   52.5000  -37.5000 2410.1396   12.9872
   -7.5000   60.0000  -37.5000 2265.2734   13.8386
    0.0000   60.0000  -37.5000 2291.1812   13.7024
    7.5000   60.0000  -37.5000 2282.2598   13.7194
   -7.5000  -30.0000  -30.0000 2188.8474   16.7457
    0.0000  -30.0000  -30.0000 2196.4915   16.6468
    7.5000  -30.0000  -30.0000 2183.4033   16.7962
   -7.5000  -22.5000  -30.0000 2325.9727   15.0709
    0.0000  -22.5000  -30.0000 2336.4719   14.9701
    7.5000  -22.5000  -30.0000 2316.5903   15.0760
   -7.5000  -15.0000  -30.0000 2449.2349   13.6970
    0.0000  -15.0000  -30.0000 2460.7292   13.6100
    7.5000  -15.0000  -30.0000 2438.3501   13.6839
   -7.5000   -7.5000  -30.0000 2553.1265   12.5668
    0.0000   -7.5000  -30.0000 2561.3728   12.4773
    7.5000   -7.5000  -30.0000 2544.9875   12.5458
   -7.5000    0.0000  -30.0000 2627.8372   11.7498
    0.0000    0.0000  -30.0000 2637.3254   11.6309
    7.5000    0.0000  -30.0000 2622.9280   11.7162
   -7.5000    7.5000  -30.0000 2671.0469   11.2592
    0.0000    7.5000  -30.0000 2679.8989   11.1058
    7.5000    7.5000  -30.0000 2668.4634   11.1928
   -7.5000   15.0000  -30.0000 2693.4829   11.0370
    0.0000   15.0000  -30.0000 2707.0066   10.8509
    7.5000   15.0000  -30.0000 2693.0193   10.9461
   -7.5000   22.5000  -30.0000 2695.8716   10.9485
    0.0000   22.5000  -30.0000 2711.9214   10.7822
    7.5000   22.5000  -30.0000 2701.5173   10.8710
   -7.5000   30.0000  -30.0000 2683.1980   11.0940
    0.0000   30.0000  -30.0000 2702.8672   10.9259
    7.5000   30.0000  -30.0000 2696.5703   11.0267
   -7.5000   37.5000  -30.0000 2658.0498   11.4202
    0.0000   37.5000  -30.0000 2678.7119   11.2431
    7.5000   37.5000  -30.0000 2672.6614   11.3512
   -7.5000   45.0000  -30.0000 2613.5989   11.9508
    0.0000   45.0000  -30.0000 2639.7336   11.7464
    7.5000   45.0000  -30.0000 2633.8762   11.8389
   -7.5000   52.5000  -30.0000 2529.7017   12.6084
    0.0000   52.5000  -30.0000 2559.5801   12.4001
    7.5000   52.5000  -30.0000 2554.9258   12.4761
   -7.5000   60.0000  -30.0000 2396.3022   13.3216
    0.0000   60.0000  -30.0000 2422.6057   13.1345
    7.5000   60.0000  -30.0000 2419.1433   13.1809
   -7.5000  -30.0000  -22.5000 2251.1099   16.3556
    0.0000  -30.0000  -22.5000 2261.7058   16.2474
    7.5000  -30.0000  -22.5000 2242.9614   16.4097
   -7.5000  -22.5000  -22.5000 2393.0208   14.6462
    0.0000  -22.5000  -22.5000 2405.9307   14.5675
    7.5000  -22.5000  -22.5000 2387.6328   14.6747
   -7.5000  -15.0000  -22.5000 2519.0359   13.2718
    0.0000  -15.0000  -22.5000 2534.2644   13.1979
    7.5000  -15.0000  -22.5000 2516.1333   13.2721
   -7.5000   -7.5000  -22.5000 2628.9753   12.1440
    0.0000   -7.5000  -22.5000 2643.7727   12.0657
    7.5000   -7.5000  -22.5000 2627.3164   12.1394
   -7.5000    0.0000  -22.5000 2712.4060   11.2977
    0.0000    0.0000  -22.5000 2724.9519   11.1938
    7.5000    0.0000  -22.5000 2709.6218   11.2787
   -7.5000    7.5000  -22.5000 2764.4983   10.7616
    0.0000    7.5000  -22.5000 2781.4141   10.6529
    7.5000    7.5000  -22.5000 2770.2595   10.7196
   -7.5000   15.0000  -22.5000 2794.0676   10.4866
    0.0000   15.0000  -22.5000 2813.5295   10.3448
    7.5000   15.0000  -22.5000 2802.6763   10.4117
   -7.5000   22.5000  -22.5000 2810.6570   10.3654
    0.0000   22.5000  -22.5000 2834.4868   10.2093
    7.5000   22.5000  -22.5000 2820.2986   10.2939
   -7.5000   30.0000  -22.5000 2798.2334   10.5414
    0.0000   30.0000  -22.5000 2826.2129   10.3769
    7.5000   30.0000  -22.5000 2817.7202   10.4701
   -7.5000   37.5000  -22.5000 2775.9795   10.8982
    0.0000   37.5000  -22.5000 2803.7539   10.7011
    7.5000   37.5000  -22.5000 2802.0442   10.8199
   -7.5000   45.0000  -22.5000 2735.2693   11.3878
    0.0000   45.0000  -22.5000 2761.1272   11.1821
    7.5000   45.0000  -22.5000 2761.1970   11.2810
   -7.5000   52.5000  -22.5000 2642.8489   12.0167
    0.0000   52.5000  -22.5000 2672.7781   11.8000
    7.5000   52.5000  -22.5000 2672.2449   11.8803
   -7.5000   60.0000  -22.5000 2497.8096   12.7281
    0.0000   60.0000  -22.5000 2528.2292   12.5268
    7.5000   60.0000  -22.5000 2527.3083   12.5771
   -7.5000  -30.0000  -15.0000 2275.0120   16.0113
    0.0000  -30.0000  -15.0000 2285.0464   15.9696
    7.5000  -30.0000  -15.0000 2271.8118   16.0816
   -7.5000  -22.5000  -15.0000 2416.6365   14.2778
    0.0000  -22.5000  -15.0000 2429.8972   14.2322
    7.5000  -22.5000  -15.0000 2415.2686   14.3182
   -7.5000  -15.0000  -15.0000 2548.4150   12.8722
    0.0000  -15.0000  -15.0000 2561.1038   12.8197
    7.5000  -15.0000  -15.0000 2545.6960   12.9001
   -7.5000   -7.5000  -15.0000 2665.3389   11.7543
    0.0000   -7.5000  -15.0000 2676.2344   11.6977
    7.5000   -7.5000  -15.0000 2661.6221   11.7631
   -7.5000    0.0000  -15.0000 2752.3271   10.8874
    0.0000    0.0000  -15.0000 2766.3044   10.8372
    7.5000    0.0000  -15.0000 2753.2063   10.9031
   -7.5000    7.5000  -15.0000 2819.3481   10.2931
    0.0000    7.5000  -15.0000 2840.1218   10.2306
    7.5000    7.5000  -15.0000 2826.2419   10.3195
   -7.5000   15.0000  -15.0000 2859.1497    9.9548
    0.0000   15.0000  -15.0000 2880.5779    9.8671
    7.5000   15.0000  -15.0000 2869.2603    9.9520
   -7.5000   22.5000  -15.0000 2886.7083    9.8188
    0.0000   22.5000  -15.0000 2910.4575    9.6897
    7.5000   22.5000  -15.0000 2904.5486    9.7930
   -7.5000   30.0000  -15.0000 2882.9377   10.0118
    0.0000   30.0000  -15.0000 2912.4414    9.8404
    7.5000   30.0000  -15.0000 2911.3276    9.9530
   -7.5000   37.5000  -15.0000 2858.6963   10.3788
    0.0000   37.5000  -15.0000 2893.4819   10.2056
    7.5000   37.5000  -15.0000 2893.9397   10.2999
   -7.5000   45.0000  -15.0000 2809.0183   10.8836
    0.0000   45.0000  -15.0000 2842.7612   10.7010
    7.5000   45.0000  -15.0000 2842.6814   10.7918
   -7.5000   52.5000  -15.0000 2712.3931   11.5085
    0.0000   52.5000  -15.0000 2745.5718   11.2961
    7.5000   52.5000  -15.0000 2744.0959   11.3981
   -7.5000   60.0000  -15.0000 2563.9268   12.1858
    0.0000   60.0000  -15.0000 2594.7952   11.9905
    7.5000   60.0000  -15.0000 2591.9570   12.0616
   -7.5000  -30.0000   -7.5000 2283.3118   15.8737
    0.0000  -30.0000   -7.5000 2291.3423   15.7885
    7.5000  -30.0000   -7.5000 2282.7236   15.9624
   -7.5000  -22.5000   -7.5000 2424.7954   14.0848
    0.0000  -22.5000   -7.5000 2429.5044   13.9861
    7.5000  -22.5000   -7.5000 2421.9175   14.1301
   -7.5000  -15.0000   -7.5000 2550.3835   12.6269
    0.0000  -15.0000   -7.5000 2556.4812   12.5462
    7.5000  -15.0000   -7.5000 2546.3259   12.6642
   -7.5000   -7.5000   -7.5000 2665.4590   11.4805
    0.0000   -7.5000   -7.5000 2675.9766   11.4308
    7.5000   -7.5000   -7.5000 2664.1665   11.5103
   -7.5000    0.0000   -7.5000 2758.8086   10.5993
    0.0000    0.0000   -7.5000 2772.8281   10.5703
    7.5000    0.0000   -7.5000 2762.8821   10.6113
   -7.5000    7.5000   -7.5000 2842.8103    9.9790
    0.0000    7.5000   -7.5000 2863.0891    9.9587
    7.5000    7.5000   -7.5000 2851.8953    9.9906
   -7.5000   15.0000   -7.5000 2895.9827    9.5660
    0.0000   15.0000   -7.5000 2924.6887    9.5192
    7.5000   15.0000   -7.5000 2913.1924    9.5954
   -7.5000   22.5000   -7.5000 2935.4885    9.4253
    0.0000   22.5000   -7.5000 2969.2219    9.3255
    7.5000   22.5000   -7.5000 2961.3086    9.4434
   -7.5000   30.0000   -7.5000 2941.2488    9.6063
    0.0000   30.0000   -7.5000 2980.9722    9.4694
    7.5000   30.0000   -7.5000 2969.8914    9.5932
   -7.5000   37.5000   -7.5000 2917.7046    9.9890
    0.0000   37.5000   -7.5000 2957.1130    9.8426
    7.5000   37.5000   -7.5000 2953.6401    9.9348
   -7.5000   45.0000   -7.5000 2863.5793   10.5108
    0.0000   45.0000   -7.5000 2901.6882   10.3217
    7.5000   45.0000   -7.5000 2898.1482   10.4034
   -7.5000   52.5000   -7.5000 2760.5562   11.1126
    0.0000   52.5000   -7.5000 2796.5420   10.8940
    7.5000   52.5000   -7.5000 2792.9314   10.9871
   -7.5000   60.0000   -7.5000 2602.1960   11.8041
    0.0000   60.0000   -7.5000 2632.2434   11.6023
    7.5000   60.0000   -7.5000 2630.2866   11.6825
   -7.5000  -30.0000    0.0000 2279.3938   15.8625
    0.0000  -30.0000    0.0000 2284.4575   15.7897
    7.5000  -30.0000    0.0000 2279.6433   15.8845
   -7.5000  -22.5000    0.0000 2410.4185   13.9922
    0.0000  -22.5000    0.0000 2416.2844   13.9488
    7.5000  -22.5000    0.0000 2406.8501   14.0497
   -7.5000  -15.0000    0.0000 2535.8101   12.5419
    0.0000  -15.0000    0.0000 2542.0657   12.5004
    7.5000  -15.0000    0.0000 2532.4758   12.6081
   -7.5000   -7.5000    0.0000 2650.5569   11.3741
    0.0000   -7.5000    0.0000 2659.1885   11.3571
    7.5000   -7.5000    0.0000 2651.2356   11.4369
   -7.5000    0.0000    0.0000 2746.7966   10.4504
    0.0000    0.0000    0.0000 2758.5620   10.4477
    7.5000    0.0000    0.0000 2755.2727   10.4899
   -7.5000    7.5000    0.0000 2842.0220    9.8103
    0.0000    7.5000    0.0000 2861.7253    9.8195
    7.5000    7.5000    0.0000 2857.8484    9.8357
   -7.5000   15.0000    0.0000 2908.8748    9.4257
    0.0000   15.0000    0.0000 2942.9685    9.4401
    7.5000   15.0000    0.0000 2934.7239    9.4403
   -7.5000   22.5000    0.0000 2971.4602    9.3240
    0.0000   22.5000    0.0000 3017.3198    9.3287
    7.5000   22.5000    0.0000 3003.0388    9.3451
   -7.5000   30.0000    0.0000 2984.1567    9.4885
    0.0000   30.0000    0.0000 3039.4399    9.4143
    7.5000   30.0000    0.0000 3018.7378    9.4737
   -7.5000   37.5000    0.0000 2957.1484    9.7970
    0.0000   37.5000    0.0000 3004.1763    9.6929
    7.5000   37.5000    0.0000 2993.7749    9.7199
   -7.5000   45.0000    0.0000 2892.7412   10.2729
    0.0000   45.0000    0.0000 2935.6643   10.1118
    7.5000   45.0000    0.0000 2932.1650   10.1516
   -7.5000   52.5000    0.0000 2785.1851   10.8718
    0.0000   52.5000    0.0000 2821.1462   10.6882
    7.5000   52.5000    0.0000 2820.7825   10.7473
   -7.5000   60.0000    0.0000 2617.1855   11.5884
    0.0000   60.0000    0.0000 2650.3350   11.4210
    7.5000   60.0000    0.0000 2649.2651   11.4782
   -7.5000  -30.0000    7.5000 2264.8545   16.0200
    0.0000  -30.0000    7.5000 2271.7400   15.9723
    7.5000  -30.0000    7.5000 2259.7947   16.1221
   -7.5000  -22.5000    7.5000 2393.3594   14.0828
    0.0000  -22.5000    7.5000 2401.8098   14.0531
    7.5000  -22.5000    7.5000 2390.2192   14.2209
   -7.5000  -15.0000    7.5000 2513.3269   12.5697
    0.0000  -15.0000    7.5000 2520.1758   12.5385
    7.5000  -15.0000    7.5000 2516.2563   12.6914
   -7.5000   -7.5000    7.5000 2622.5627   11.4016
    0.0000   -7.5000    7.5000 2628.5042   11.3918
    7.5000   -7.5000    7.5000 2631.1602   11.4811
   -7.5000    0.0000    7.5000 2726.2375   10.4906
    0.0000    0.0000    7.5000 2736.7056   10.4943
    7.5000    0.0000    7.5000 2739.7732   10.5380
   -7.5000    7.5000    7.5000 2827.4783    9.8769
    0.0000    7.5000    7.5000 2848.2061    9.8849
    7.5000    7.5000    7.5000 2844.6843    9.8978
   -7.5000   15.0000    7.5000 2913.0674    9.5225
    0.0000   15.0000    7.5000 2950.7842    9.5589
    7.5000   15.0000    7.5000 2932.9722    9.5124
   -7.5000   22.5000    7.5000 2985.3074    9.4357
    0.0000   22.5000    7.5000 3037.6987    9.5064
    7.5000   22.5000    7.5000 3011.0605    9.4282
   -7.5000   30.0000    7.5000 3002.3572    9.5549
    0.0000   30.0000    7.5000 3064.2891    9.5318
    7.5000   30.0000    7.5000 3036.2351    9.4959
   -7.5000   37.5000    7.5000 2967.1655    9.7775
    0.0000   37.5000    7.5000 3023.2351    9.6707
    7.5000   37.5000    7.5000 3011.1370    9.6819
   -7.5000   45.0000    7.5000 2900.4038   10.1831
    0.0000   45.0000    7.5000 2945.9524   10.0319
    7.5000   45.0000    7.5000 2943.5408   10.1163
   -7.5000   52.5000    7.5000 2787.0981   10.7846
    0.0000   52.5000    7.5000 2821.8223   10.6165
    7.5000   52.5000    7.5000 2825.1802   10.7023
   -7.5000   60.0000    7.5000 2621.3950   11.5319
    0.0000   60.0000    7.5000 2649.9851   11.3386
    7.5000   60.0000    7.5000 2655.2300   11.4258
   -7.5000  -30.0000   15.0000 2236.7930   16.3161
    0.0000  -30.0000   15.0000 2244.0488   16.2392
    7.5000  -30.0000   15.0000 2229.3025   16.5103
   -7.5000  -22.5000   15.0000 2368.9421   14.3638
    0.0000  -22.5000   15.0000 2377.1003   14.2817
    7.5000  -22.5000   15.0000 2366.7051   14.5060
   -7.5000  -15.0000   15.0000 2483.8899   12.8684
    0.0000  -15.0000   15.0000 2489.1895   12.7805
    7.5000  -15.0000   15.0000 2488.7944   12.9573
   -7.5000   -7.5000   15.0000 2591.7253   11.7210
    0.0000   -7.5000   15.0000 2597.5442   11.6608
    7.5000   -7.5000   15.0000 2601.2830   11.7617
   -7.5000    0.0000   15.0000 2704.7107   10.8378
    0.0000    0.0000   15.0000 2712.6982   10.7848
    7.5000    0.0000   15.0000 2714.3416   10.8488
   -7.5000    7.5000   15.0000 2804.3999   10.1753
    0.0000    7.5000   15.0000 2821.9663   10.1240
    7.5000    7.5000   15.0000 2819.5928   10.1648
   -7.5000   15.0000   15.0000 2891.5618    9.7551
    0.0000   15.0000   15.0000 2920.4958    9.7232
    7.5000   15.0000   15.0000 2912.7122    9.7587
   -7.5000   22.5000   15.0000 2962.8738    9.6250
    0.0000   22.5000   15.0000 3006.8477    9.5618
    7.5000   22.5000   15.0000 2995.5872    9.6151
   -7.5000   30.0000   15.0000 2981.9268    9.6896
    0.0000   30.0000   15.0000 3036.7515    9.5317
    7.5000   30.0000   15.0000 3016.6802    9.5836
   -7.5000   37.5000   15.0000 2948.9624    9.9465
    0.0000   37.5000   15.0000 3004.8982    9.7881
    7.5000   37.5000   15.0000 2993.1311    9.8734
   -7.5000   45.0000   15.0000 2880.2571   10.3853
    0.0000   45.0000   15.0000 2923.9441   10.2403
    7.5000   45.0000   15.0000 2921.8801   10.3460
   -7.5000   52.5000   15.0000 2769.5330   10.9695
    0.0000   52.5000   15.0000 2795.8723   10.8115
    7.5000   52.5000   15.0000 2800.2080   10.9143
   -7.5000   60.0000   15.0000 2605.3147   11.6707
    0.0000   60.0000   15.0000 2629.1282   11.4876
    7.5000   60.0000   15.0000 2635.3542   11.5681
   -7.5000  -30.0000   22.5000 2198.3376   16.9334
    0.0000  -30.0000   22.5000 2203.2021   16.8137
    7.5000  -30.0000   22.5000 2189.9263   17.1161
   -7.5000  -22.5000   22.5000 2335.9841   14.9388
    0.0000  -22.5000   22.5000 2341.9536   14.8047
    7.5000  -22.5000   22.5000 2333.1973   15.0672
   -7.5000  -15.0000   22.5000 2454.3330   13.4359
    0.0000  -15.0000   22.5000 2459.4673   13.2794
    7.5000  -15.0000   22.5000 2454.2883   13.4957
   -7.5000   -7.5000   22.5000 2560.5388   12.2402
    0.0000   -7.5000   22.5000 2566.8914   12.0921
    7.5000   -7.5000   22.5000 2566.3267   12.2597
   -7.5000    0.0000   22.5000 2669.7275   11.2886
    0.0000    0.0000   22.5000 2679.1736   11.1465
    7.5000    0.0000   22.5000 2682.6077   11.2809
   -7.5000    7.5000   22.5000 2768.1223   10.5733
    0.0000    7.5000   22.5000 2781.5059   10.4475
    7.5000    7.5000   22.5000 2786.2534   10.5468
   -7.5000   15.0000   22.5000 2853.0439   10.1439
    0.0000   15.0000   22.5000 2875.3086   10.0291
    7.5000   15.0000   22.5000 2878.3076   10.1225
   -7.5000   22.5000   22.5000 2916.7424    9.9832
    0.0000   22.5000   22.5000 2949.1599    9.8283
    7.5000   22.5000   22.5000 2944.2366    9.8993
   -7.5000   30.0000   22.5000 2935.8979    9.9875
    0.0000   30.0000   22.5000 2974.9141    9.7955
    7.5000   30.0000   22.5000 2966.4529    9.8759
   -7.5000   37.5000   22.5000 2904.1416   10.2657
    0.0000   37.5000   22.5000 2951.3123   10.0843
    7.5000   37.5000   22.5000 2944.2583   10.1746
   -7.5000   45.0000   22.5000 2839.8821   10.7558
    0.0000   45.0000   22.5000 2881.6272   10.5834
    7.5000   45.0000   22.5000 2877.9192   10.6959
   -7.5000   52.5000   22.5000 2724.8362   11.3667
    0.0000   52.5000   22.5000 2751.4233   11.1906
    7.5000   52.5000   22.5000 2754.4661   11.2977
   -7.5000   60.0000   22.5000 2568.0618   12.0214
    0.0000   60.0000   22.5000 2591.0110   11.8336
    7.5000   60.0000   22.5000 2596.1868   11.9102
   -7.5000  -30.0000   30.0000 2143.1875   17.8098
    0.0000  -30.0000   30.0000 2149.5002   17.6508
    7.5000  -30.0000   30.0000 2138.7720   17.9659
   -7.5000  -22.5000   30.0000 2288.7839   15.7320
    0.0000  -22.5000   30.0000 2292.7827   15.5172
    7.5000  -22.5000   30.0000 2283.8748   15.8092
   -7.5000  -15.0000   30.0000 2406.4863   14.1480
    0.0000  -15.0000   30.0000 2414.0420   13.8874
    7.5000  -15.0000   30.0000 2408.2014   14.1462
   -7.5000   -7.5000   30.0000 2515.2190   12.8802
    0.0000   -7.5000   30.0000 2526.7952   12.6301
    7.5000   -7.5000   30.0000 2525.2637   12.8459
   -7.5000    0.0000   30.0000 2620.4973   11.8734
    0.0000    0.0000   30.0000 2634.7922   11.6438
    7.5000    0.0000   30.0000 2637.3757   11.8237
   -7.5000    7.5000   30.0000 2715.3372   11.1204
    0.0000    7.5000   30.0000 2732.7017   10.9337
    7.5000    7.5000   30.0000 2738.2925   11.0708
   -7.5000   15.0000   30.0000 2791.0039   10.6866
    0.0000   15.0000   30.0000 2815.0527   10.4935
    7.5000   15.0000   30.0000 2821.8955   10.5986
   -7.5000   22.5000   30.0000 2839.3669   10.4870
    0.0000   22.5000   30.0000 2873.5251   10.2728
    7.5000   22.5000   30.0000 2875.4895   10.3475
   -7.5000   30.0000   30.0000 2865.1870   10.4597
    0.0000   30.0000   30.0000 2897.9851   10.2516
    7.5000   30.0000   30.0000 2895.1602   10.3347
   -7.5000   37.5000   30.0000 2832.8840   10.7527
    0.0000   37.5000   30.0000 2869.5925   10.5723
    7.5000   37.5000   30.0000 2867.2937   10.6513
   -7.5000   45.0000   30.0000 2770.7959   11.2578
    0.0000   45.0000   30.0000 2809.4980   11.0687
    7.5000   45.0000   30.0000 2808.3398   11.1499
   -7.5000   52.5000   30.0000 2665.2053   11.8726
    0.0000   52.5000   30.0000 2694.5083   11.6664
    7.5000   52.5000   30.0000 2695.8894   11.7705
   -7.5000   60.0000   30.0000 2513.9399   12.5103
    0.0000   60.0000   30.0000 2539.4639   12.3062
    7.5000   60.0000   30.0000 2542.0093   12.3838
   -7.5000  -30.0000   37.5000 2085.0549   18.8630
    0.0000  -30.0000   37.5000 2096.3860   18.6012
    7.5000  -30.0000   37.5000 2086.5920   18.9445
   -7.5000  -22.5000   37.5000 2234.8955   16.6758
    0.0000  -22.5000   37.5000 2242.6758   16.3599
    7.5000  -22.5000   37.5000 2235.5283   16.6717
   -7.5000  -15.0000   37.5000 2351.7495   14.9669
    0.0000  -15.0000   37.5000 2363.0569   14.6575
    7.5000  -15.0000   37.5000 2359.6511   14.9316
   -7.5000   -7.5000   37.5000 2463.1150   13.6375
    0.0000   -7.5000   37.5000 2480.0972   13.3342
    7.5000   -7.5000   37.5000 2477.1448   13.5670
   -7.5000    0.0000   37.5000 2566.8855   12.6019
    0.0000    0.0000   37.5000 2579.2756   12.3255
    7.5000    0.0000   37.5000 2581.3611   12.5214
   -7.5000    7.5000   37.5000 2655.7878   11.8306
    0.0000    7.5000   37.5000 2676.8223   11.5756
    7.5000    7.5000   37.5000 2677.0283   11.7313
   -7.5000   15.0000   37.5000 2722.8645   11.3805
    0.0000   15.0000   37.5000 2751.2546   11.1390
    7.5000   15.0000   37.5000 2754.8442   11.2423
   -7.5000   22.5000   37.5000 2760.0552   11.1230
    0.0000   22.5000   37.5000 2795.3662   10.8845
    7.5000   22.5000   37.5000 2796.6697   10.9800
   -7.5000   30.0000   37.5000 2779.7622   11.0720
    0.0000   30.0000   37.5000 2806.2087   10.8679
    7.5000   30.0000   37.5000 2805.7434   10.9375
   -7.5000   37.5000   37.5000 2744.6421   11.3963
    0.0000   37.5000   37.5000 2773.9353   11.2090
    7.5000   37.5000   37.5000 2776.8584   11.2737
   -7.5000   45.0000   37.5000 2690.8696   11.8685
    0.0000   45.0000   37.5000 2721.2808   11.6697
    7.5000   45.0000   37.5000 2722.8281   11.7519
   -7.5000   52.5000   37.5000 2592.3770   12.4618
    0.0000   52.5000   37.5000 2623.1577   12.2421
    7.5000   52.5000   37.5000 2623.5178   12.3445
   -7.5000   60.0000   37.5000 2450.0962   13.0909
    0.0000   60.0000   37.5000 2477.4353   12.8768
    7.5000   60.0000   37.5000 2479.8904   12.9422
   -7.5000  -30.0000   45.0000 2028.0911   20.0711
    0.0000  -30.0000   45.0000 2039.5807   19.7577
    7.5000  -30.0000   45.0000 2033.1715   20.1318
   -7.5000  -22.5000   45.0000 2178.5669   17.7556
    0.0000  -22.5000   45.0000 2189.8972   17.4257
    7.5000  -22.5000   45.0000 2183.0791   17.7227
   -7.5000  -15.0000   45.0000 2294.3235   15.9383
    0.0000  -15.0000   45.0000 2311.4253   15.6149
    7.5000  -15.0000   45.0000 2305.2383   15.9108
   -7.5000   -7.5000   45.0000 2404.0791   14.5378
    0.0000   -7.5000   45.0000 2424.0996   14.2110
    7.5000   -7.5000   45.0000 2419.2869   14.4638
   -7.5000    0.0000   45.0000 2501.3296   13.4588
    0.0000    0.0000   45.0000 2517.1731   13.1726
    7.5000    0.0000   45.0000 2520.4766   13.3803
   -7.5000    7.5000   45.0000 2584.8801   12.6899
    0.0000    7.5000   45.0000 2605.9070   12.4031
    7.5000    7.5000   45.0000 2607.2063   12.5685
   -7.5000   15.0000   45.0000 2645.1182   12.2049
    0.0000   15.0000   45.0000 2672.5950   11.9280
    7.5000   15.0000   45.0000 2673.0298   12.0451
   -7.5000   22.5000   45.0000 2678.1677   11.9223
    0.0000   22.5000   45.0000 2707.8354   11.6555
    7.5000   22.5000   45.0000 2705.5999   11.7660
   -7.5000   30.0000   45.0000 2681.9790   11.8859
    0.0000   30.0000   45.0000 2709.9353   11.6755
    7.5000   30.0000   45.0000 2709.1665   11.7332
   -7.5000   37.5000   45.0000 2652.6125   12.1851
    0.0000   37.5000   45.0000 2683.9248   11.9644
    7.5000   37.5000   45.0000 2684.4143   12.0281
   -7.5000   45.0000   45.0000 2606.6694   12.6297
    0.0000   45.0000   45.0000 2632.2634   12.4081
    7.5000   45.0000   45.0000 2637.1038   12.4893
   -7.5000   52.5000   45.0000 2512.9507   13.1868
    0.0000   52.5000   45.0000 2541.0691   12.9634
    7.5000   52.5000   45.0000 2547.1982   13.0382
   -7.5000   60.0000   45.0000 2380.2385   13.7925
    0.0000   60.0000   45.0000 2406.7676   13.5644
    7.5000   60.0000   45.0000 2404.0920   13.6195

---------------------------------------------------------------------
imgreg_4dfp /opt/freesurfer/average/711-2C_as_mni_average_305 /opt/freesurfer/average/711-2B_as_mni_average_305_mask talsrcimg_g11 none talsrcimg_to_711-2C_as_mni_average_305_t4 1283
---------------------------------------------------------------------

freesurfer imgreg_4dfp.c
/opt/freesurfer/average/711-2C_as_mni_average_305.4dfp.img
       256       256       256         1
  1.000000  1.000000  1.000000
orientation T byte_order littleendian
Reading image: /opt/freesurfer/average/711-2C_as_mni_average_305.4dfp.img
dimensions:      256       256       256
mmppix:       1.0000   -1.0000   -1.0000
center:     128.0000 -129.0000 -129.0000
/opt/freesurfer/average/711-2B_as_mni_average_305_mask.4dfp.img
       256       256       256         1
  1.000000  1.000000  1.000000
orientation T byte_order littleendian
Reading mask: /opt/freesurfer/average/711-2B_as_mni_average_305_mask.4dfp.img (2306576 pixels)
talsrcimg_g11.4dfp.img
       256       256       256         1
  1.000000  1.000000  1.000000
orientation T byte_order littleendian
Reading image: talsrcimg_g11.4dfp.img
dimensions:      256       256       256
mmppix:       1.0000   -1.0000   -1.0000
center:     128.0000 -129.0000 -129.0000
rotation matrix determinant  1.000000
fimgreg.f
image alignment mode   1283 decimal      503 hex
parameters
    0.0000   30.0000    7.5000    0.0000    0.0000    0.0000
eta,q 0.96139  9.52892
niter,ni,del,rscale     5    3   12.0000    1.2000
parameter  4  1.419398 ->  0.500000 qaram    1.1500
parameters
    1.9080   29.3786    7.8627   -3.4500   -2.3254   -1.3948
eta,q 0.96710  9.46047
  0.0588  0.0441  0.0421  0.0332  0.0357  0.0351
  0.0504  0.0404  0.0399  0.0337  0.0337  0.0337
  0.0427  0.0377  0.0383  0.0349  0.0330  0.0330
  0.0380  0.0371  0.0368  0.0367  0.0340  0.0330
  0.0372  0.0393  0.0362  0.0393  0.0367  0.0341
  0.0395  0.0429  0.0379  0.0422  0.0405  0.0362
  0.0430  0.0471  0.0421  0.0445  0.0449  0.0387
niter,ni,del,rscale     5    3   12.0000    1.2000
parameter  4  1.211251 ->  0.500000 qaram    1.3225
parameters
    2.5033   30.2992    6.1979   -7.4175   -2.5671   -2.4271
eta,q 0.97037  9.46084
  0.0495  0.0432  0.0353  0.0294  0.0364  0.0323
  0.0414  0.0382  0.0330  0.0297  0.0331  0.0301
  0.0351  0.0350  0.0326  0.0310  0.0305  0.0294
  0.0329  0.0330  0.0328  0.0326  0.0300  0.0300
  0.0343  0.0332  0.0341  0.0349  0.0310  0.0306
  0.0379  0.0353  0.0376  0.0377  0.0334  0.0321
  0.0437  0.0384  0.0425  0.0406  0.0378  0.0345
niter,ni,del,rscale     5    3   12.0000    1.2000
parameters
    2.5491   31.3094    5.7660   -8.0708   -2.8064   -2.0842
eta,q 0.97064  9.47402
  0.0461  0.0427  0.0365  0.0377  0.0358  0.0336
  0.0372  0.0350  0.0319  0.0313  0.0323  0.0309
  0.0311  0.0308  0.0299  0.0287  0.0298  0.0294
  0.0296  0.0296  0.0298  0.0297  0.0293  0.0293
  0.0321  0.0304  0.0311  0.0320  0.0303  0.0295
  0.0375  0.0321  0.0337  0.0349  0.0328  0.0303
  0.0449  0.0351  0.0383  0.0387  0.0371  0.0326
niter,ni,del,rscale     4    3   12.0000    1.2000
parameters
    2.6473   31.5069    5.5854   -8.2199   -2.8924   -1.9866
eta,q 0.97068  9.47559
  0.0462  0.0392  0.0370  0.0388  0.0359  0.0330
  0.0371  0.0325  0.0321  0.0322  0.0325  0.0306
  0.0310  0.0296  0.0297  0.0286  0.0299  0.0294
  0.0294  0.0294  0.0294  0.0294  0.0293  0.0293
  0.0315  0.0306  0.0307  0.0313  0.0301  0.0294
  0.0370  0.0328  0.0332  0.0340  0.0324  0.0304
  0.0445  0.0368  0.0374  0.0378  0.0366  0.0328
niter,ni,del,rscale     3    3   12.0000    1.2000
parameters
    2.6859   31.5161    5.5314   -8.2337   -2.9263   -1.9613
eta,q 0.97069  9.47555
  0.0458  0.0384  0.0374  0.0391  0.0359  0.0329
  0.0369  0.0319  0.0323  0.0325  0.0326  0.0306
  0.0309  0.0293  0.0297  0.0286  0.0300  0.0294
  0.0293  0.0293  0.0293  0.0293  0.0293  0.0293
  0.0315  0.0306  0.0305  0.0312  0.0300  0.0293
  0.0372  0.0330  0.0330  0.0338  0.0322  0.0304
  0.0448  0.0372  0.0371  0.0375  0.0364  0.0329
registration optimization eta report
parameter search radius
    6.0000    6.0000    6.0000    7.9350    6.0000    6.0000
100000*second partial in parameter space
       44.       24.       22.       15.       19.       11.
  0.0458  0.0384  0.0374  0.0391  0.0359  0.0329
  0.0369  0.0319  0.0323  0.0325  0.0326  0.0306
  0.0309  0.0293  0.0297  0.0286  0.0300  0.0294
  0.0293  0.0293  0.0293  0.0293  0.0293  0.0293
  0.0315  0.0306  0.0305  0.0312  0.0300  0.0293
  0.0372  0.0330  0.0330  0.0338  0.0322  0.0304
  0.0448  0.0372  0.0371  0.0375  0.0364  0.0329
    2.6859   31.5161    5.5314   -8.2337   -2.9263   -1.9613
eta,q 0.97069  9.47555

---------------------------------------------------------------------
imgreg_4dfp /opt/freesurfer/average/711-2C_as_mni_average_305 /opt/freesurfer/average/711-2B_as_mni_average_305_mask talsrcimg_g11 none talsrcimg_to_711-2C_as_mni_average_305_t4 3335
---------------------------------------------------------------------

freesurfer imgreg_4dfp.c
/opt/freesurfer/average/711-2C_as_mni_average_305.4dfp.img
       256       256       256         1
  1.000000  1.000000  1.000000
orientation T byte_order littleendian
Reading image: /opt/freesurfer/average/711-2C_as_mni_average_305.4dfp.img
dimensions:      256       256       256
mmppix:       1.0000   -1.0000   -1.0000
center:     128.0000 -129.0000 -129.0000
/opt/freesurfer/average/711-2B_as_mni_average_305_mask.4dfp.img
       256       256       256         1
  1.000000  1.000000  1.000000
orientation T byte_order littleendian
Reading mask: /opt/freesurfer/average/711-2B_as_mni_average_305_mask.4dfp.img (2306576 pixels)
talsrcimg_g11.4dfp.img
       256       256       256         1
  1.000000  1.000000  1.000000
orientation T byte_order littleendian
Reading image: talsrcimg_g11.4dfp.img
dimensions:      256       256       256
mmppix:       1.0000   -1.0000   -1.0000
center:     128.0000 -129.0000 -129.0000
fimgreg.f
image alignment mode   3335 decimal      D07 hex
parameters
    2.6859   31.5161    5.5314   -0.1889   -1.0637   -1.1598
    2.6564    5.5398   -3.4179   14.1398   -5.1052  -14.3024
eta,q 0.97231  9.52208
niter,ni,del,rscale     5    3    5.0000    1.2000
parameter  4  0.513154 ->  0.500000 qaram    1.1500
parameter  5  1.470294 ->  0.500000 qaram    1.1500
parameters
    2.5603   32.4480    5.5250   -4.3289   -5.2037   -2.7079
    4.2956    6.2802   -0.1842   13.0677   -4.9301  -17.1239
eta,q 0.97668  9.29262
  0.0304  0.0309  0.0290  0.0271  0.0228  0.0252  0.0275  0.0280  0.0270  0.0257  0.0242  0.0237
  0.0288  0.0295  0.0281  0.0266  0.0235  0.0247  0.0259  0.0259  0.0257  0.0244  0.0238  0.0234
  0.0279  0.0285  0.0275  0.0265  0.0246  0.0242  0.0247  0.0245  0.0246  0.0236  0.0236  0.0233
  0.0277  0.0277  0.0273  0.0273  0.0265  0.0238  0.0241  0.0239  0.0239  0.0235  0.0235  0.0235
  0.0282  0.0273  0.0275  0.0290  0.0292  0.0241  0.0240  0.0241  0.0235  0.0241  0.0236  0.0239
  0.0293  0.0275  0.0281  0.0315  0.0320  0.0257  0.0244  0.0250  0.0236  0.0255  0.0238  0.0246
  0.0311  0.0282  0.0290  0.0352  0.0346  0.0292  0.0254  0.0266  0.0241  0.0277  0.0241  0.0255
niter,ni,del,rscale     6    3    5.0000    1.2000
parameter  5  0.514578 ->  0.500000 qaram    1.3225
parameters
    2.6536   32.4069    5.2337   -4.2146   -9.9647   -2.4002
    3.6784    6.2631    0.3186   14.5954   -5.2302  -18.6116
eta,q 0.97800  9.19298
  0.0263  0.0255  0.0242  0.0258  0.0230  0.0239  0.0241  0.0256  0.0240  0.0256  0.0227  0.0228
  0.0247  0.0243  0.0236  0.0248  0.0224  0.0231  0.0230  0.0237  0.0231  0.0241  0.0223  0.0223
  0.0237  0.0235  0.0233  0.0240  0.0224  0.0227  0.0224  0.0226  0.0225  0.0230  0.0221  0.0220
  0.0233  0.0233  0.0233  0.0233  0.0233  0.0223  0.0223  0.0222  0.0222  0.0222  0.0220  0.0221
  0.0235  0.0236  0.0235  0.0232  0.0248  0.0219  0.0227  0.0226  0.0223  0.0221  0.0221  0.0224
  0.0244  0.0244  0.0240  0.0242  0.0275  0.0223  0.0236  0.0238  0.0228  0.0226  0.0224  0.0229
  0.0259  0.0256  0.0247  0.0262  0.0310  0.0242  0.0249  0.0256  0.0236  0.0237  0.0228  0.0237
niter,ni,del,rscale     6    3    5.0000    1.2000
parameters
    2.7258   32.5439    5.2292   -3.3213  -10.7044   -2.3507
    3.4238    6.5085    0.5657   15.0706   -5.0329  -18.8712
eta,q 0.97824  9.20868
  0.0249  0.0246  0.0232  0.0246  0.0253  0.0236  0.0240  0.0256  0.0235  0.0246  0.0226  0.0229
  0.0234  0.0232  0.0225  0.0236  0.0235  0.0228  0.0228  0.0235  0.0226  0.0233  0.0221  0.0223
  0.0224  0.0224  0.0221  0.0228  0.0223  0.0224  0.0220  0.0223  0.0221  0.0223  0.0219  0.0219
  0.0220  0.0220  0.0220  0.0220  0.0218  0.0218  0.0218  0.0218  0.0218  0.0218  0.0218  0.0218
  0.0222  0.0222  0.0222  0.0217  0.0224  0.0214  0.0222  0.0221  0.0219  0.0219  0.0218  0.0219
  0.0231  0.0229  0.0226  0.0224  0.0239  0.0221  0.0230  0.0232  0.0224  0.0227  0.0221  0.0224
  0.0246  0.0240  0.0232  0.0242  0.0271  0.0243  0.0243  0.0251  0.0233  0.0241  0.0225  0.0231
niter,ni,del,rscale     5    3    5.0000    1.2000
parameters
    2.7258   32.5839    5.1992   -3.2404  -10.8193   -2.2932
    3.4388    6.5302    0.6276   15.1888   -5.0267  -18.9392
eta,q 0.97827  9.21120
  0.0246  0.0242  0.0230  0.0243  0.0256  0.0236  0.0241  0.0253  0.0233  0.0243  0.0225  0.0230
  0.0231  0.0229  0.0223  0.0233  0.0238  0.0228  0.0228  0.0233  0.0225  0.0231  0.0221  0.0223
  0.0221  0.0220  0.0219  0.0225  0.0224  0.0224  0.0220  0.0221  0.0220  0.0222  0.0218  0.0219
  0.0218  0.0218  0.0218  0.0218  0.0218  0.0218  0.0217  0.0217  0.0217  0.0217  0.0217  0.0217
  0.0221  0.0220  0.0219  0.0217  0.0222  0.0213  0.0220  0.0221  0.0219  0.0219  0.0218  0.0219
  0.0230  0.0228  0.0224  0.0227  0.0234  0.0220  0.0228  0.0233  0.0224  0.0228  0.0221  0.0223
  0.0246  0.0240  0.0230  0.0248  0.0263  0.0243  0.0241  0.0253  0.0233  0.0243  0.0225  0.0230
niter,ni,del,rscale     4    3    5.0000    1.2000
parameters
    2.7187   32.5970    5.1907   -3.2244  -10.8553   -2.3063
    3.4387    6.5273    0.6537   15.2278   -5.0402  -18.9542
eta,q 0.97827  9.21058
  0.0246  0.0241  0.0230  0.0243  0.0257  0.0236  0.0241  0.0253  0.0233  0.0243  0.0225  0.0230
  0.0230  0.0228  0.0223  0.0233  0.0238  0.0228  0.0228  0.0233  0.0225  0.0230  0.0221  0.0223
  0.0221  0.0220  0.0218  0.0224  0.0224  0.0223  0.0220  0.0221  0.0220  0.0222  0.0218  0.0219
  0.0217  0.0217  0.0217  0.0217  0.0217  0.0217  0.0217  0.0217  0.0217  0.0217  0.0217  0.0217
  0.0220  0.0220  0.0219  0.0217  0.0221  0.0213  0.0220  0.0221  0.0219  0.0219  0.0218  0.0219
  0.0230  0.0228  0.0223  0.0227  0.0234  0.0221  0.0228  0.0233  0.0224  0.0228  0.0221  0.0223
  0.0246  0.0240  0.0230  0.0249  0.0262  0.0244  0.0241  0.0253  0.0233  0.0244  0.0225  0.0230
registration optimization eta report
parameter search radius
    2.4000    2.4000    2.4000    8.2800    9.5220    7.2000
    7.2000    7.2000    7.2000    7.2000    7.2000    7.2000
100000*second partial in parameter space
       50.       40.       22.        4.        5.        5.
        5.        7.        3.        5.        2.        2.
  0.0246  0.0241  0.0230  0.0243  0.0257  0.0236  0.0241  0.0253  0.0233  0.0243  0.0225  0.0230
  0.0230  0.0228  0.0223  0.0233  0.0238  0.0228  0.0228  0.0233  0.0225  0.0230  0.0221  0.0223
  0.0221  0.0220  0.0218  0.0224  0.0224  0.0223  0.0220  0.0221  0.0220  0.0222  0.0218  0.0219
  0.0217  0.0217  0.0217  0.0217  0.0217  0.0217  0.0217  0.0217  0.0217  0.0217  0.0217  0.0217
  0.0220  0.0220  0.0219  0.0217  0.0221  0.0213  0.0220  0.0221  0.0219  0.0219  0.0218  0.0219
  0.0230  0.0228  0.0223  0.0227  0.0234  0.0221  0.0228  0.0233  0.0224  0.0228  0.0221  0.0223
  0.0246  0.0240  0.0230  0.0249  0.0262  0.0244  0.0241  0.0253  0.0233  0.0244  0.0225  0.0230
    2.7187   32.5970    5.1907   -3.2244  -10.8553   -2.3063
    3.4387    6.5273    0.6537   15.2278   -5.0402  -18.9542
eta,q 0.97827  9.21058

---------------------------------------------------------------------
imgreg_4dfp /opt/freesurfer/average/711-2C_as_mni_average_305 /opt/freesurfer/average/711-2B_as_mni_average_305_mask talsrcimg_g11 none talsrcimg_to_711-2C_as_mni_average_305_t4 2311
---------------------------------------------------------------------

freesurfer imgreg_4dfp.c
/opt/freesurfer/average/711-2C_as_mni_average_305.4dfp.img
       256       256       256         1
  1.000000  1.000000  1.000000
orientation T byte_order littleendian
Reading image: /opt/freesurfer/average/711-2C_as_mni_average_305.4dfp.img
dimensions:      256       256       256
mmppix:       1.0000   -1.0000   -1.0000
center:     128.0000 -129.0000 -129.0000
/opt/freesurfer/average/711-2B_as_mni_average_305_mask.4dfp.img
       256       256       256         1
  1.000000  1.000000  1.000000
orientation T byte_order littleendian
Reading mask: /opt/freesurfer/average/711-2B_as_mni_average_305_mask.4dfp.img (2306576 pixels)
talsrcimg_g11.4dfp.img
       256       256       256         1
  1.000000  1.000000  1.000000
orientation T byte_order littleendian
Reading image: talsrcimg_g11.4dfp.img
dimensions:      256       256       256
mmppix:       1.0000   -1.0000   -1.0000
center:     128.0000 -129.0000 -129.0000
fimgreg.f
image alignment mode   2311 decimal      907 hex
parameters
    2.7187   32.5970    5.1907   -3.2244  -10.8554   -2.3063
    3.4387    6.5273    0.6537   15.2278   -5.0402  -18.9542
eta,q 0.97827  9.21058
niter,ni,del,rscale     5    3    5.0000    0.8000
parameters
    2.7351   32.5844    5.1448   -2.0490  -10.4448   -0.8946
    3.1762    6.8596    0.5591   15.3655   -4.4246  -18.9780
eta,q 0.97880  9.30670
  0.0231  0.0228  0.0223  0.0231  0.0229  0.0228  0.0223  0.0235  0.0219  0.0227  0.0219  0.0218
  0.0223  0.0222  0.0219  0.0226  0.0223  0.0224  0.0217  0.0223  0.0216  0.0220  0.0215  0.0215
  0.0219  0.0218  0.0218  0.0221  0.0218  0.0220  0.0213  0.0215  0.0213  0.0215  0.0213  0.0213
  0.0217  0.0217  0.0217  0.0217  0.0216  0.0216  0.0212  0.0212  0.0212  0.0212  0.0212  0.0212
  0.0219  0.0219  0.0218  0.0216  0.0217  0.0212  0.0214  0.0214  0.0213  0.0213  0.0212  0.0213
  0.0223  0.0222  0.0220  0.0218  0.0220  0.0214  0.0218  0.0219  0.0216  0.0218  0.0214  0.0215
  0.0230  0.0228  0.0223  0.0223  0.0226  0.0221  0.0225  0.0229  0.0220  0.0226  0.0216  0.0219
niter,ni,del,rscale     4    3    5.0000    0.7000
parameters
    2.6918   32.5327    5.3125   -1.9579  -10.4868   -0.7339
    3.3862    6.7641    0.4983   15.2970   -4.2982  -18.8268
eta,q 0.97885  9.31163
  0.0222  0.0220  0.0220  0.0222  0.0221  0.0224  0.0221  0.0226  0.0217  0.0223  0.0216  0.0217
  0.0217  0.0215  0.0216  0.0218  0.0216  0.0220  0.0216  0.0218  0.0214  0.0217  0.0214  0.0214
  0.0213  0.0213  0.0213  0.0214  0.0213  0.0216  0.0213  0.0213  0.0212  0.0213  0.0212  0.0212
  0.0212  0.0212  0.0212  0.0212  0.0212  0.0212  0.0212  0.0212  0.0212  0.0212  0.0212  0.0212
  0.0213  0.0213  0.0212  0.0212  0.0213  0.0212  0.0212  0.0214  0.0212  0.0213  0.0212  0.0212
  0.0217  0.0216  0.0214  0.0216  0.0217  0.0216  0.0215  0.0219  0.0214  0.0217  0.0213  0.0213
  0.0224  0.0221  0.0217  0.0223  0.0222  0.0225  0.0220  0.0228  0.0218  0.0224  0.0215  0.0216
niter,ni,del,rscale     3    3    5.0000    0.6000
parameters
    2.6780   32.4996    5.3643   -1.8696  -10.4829   -0.4918
    3.4038    6.7422    0.4765   15.2481   -4.2185  -18.7690
eta,q 0.97888  9.32026
  0.0220  0.0218  0.0217  0.0220  0.0219  0.0222  0.0218  0.0223  0.0215  0.0220  0.0214  0.0215
  0.0215  0.0214  0.0214  0.0216  0.0215  0.0218  0.0214  0.0216  0.0213  0.0215  0.0213  0.0213
  0.0212  0.0212  0.0212  0.0213  0.0213  0.0215  0.0212  0.0212  0.0212  0.0212  0.0212  0.0212
  0.0212  0.0212  0.0212  0.0212  0.0212  0.0212  0.0211  0.0211  0.0211  0.0211  0.0211  0.0211
  0.0213  0.0212  0.0212  0.0212  0.0212  0.0211  0.0212  0.0213  0.0212  0.0212  0.0211  0.0212
  0.0215  0.0215  0.0213  0.0215  0.0215  0.0215  0.0214  0.0217  0.0213  0.0215  0.0212  0.0213
  0.0220  0.0218  0.0216  0.0220  0.0219  0.0221  0.0218  0.0223  0.0216  0.0220  0.0214  0.0215
niter,ni,del,rscale     2    3    5.0000    0.5000
parameters
    2.6705   32.4782    5.4191   -1.8137  -10.4930   -0.2885
    3.4243    6.7165    0.4460   15.2211   -4.1728  -18.7114
eta,q 0.97890  9.32678
  0.0217  0.0215  0.0215  0.0217  0.0216  0.0220  0.0216  0.0219  0.0214  0.0217  0.0213  0.0214
  0.0214  0.0213  0.0213  0.0214  0.0214  0.0216  0.0213  0.0215  0.0212  0.0214  0.0212  0.0212
  0.0212  0.0212  0.0212  0.0212  0.0212  0.0213  0.0212  0.0212  0.0211  0.0212  0.0211  0.0211
  0.0211  0.0211  0.0211  0.0211  0.0211  0.0211  0.0211  0.0211  0.0211  0.0211  0.0211  0.0211
  0.0212  0.0212  0.0211  0.0212  0.0212  0.0211  0.0212  0.0212  0.0211  0.0212  0.0211  0.0211
  0.0214  0.0213  0.0212  0.0214  0.0214  0.0214  0.0213  0.0215  0.0212  0.0214  0.0212  0.0212
  0.0217  0.0216  0.0214  0.0217  0.0217  0.0219  0.0216  0.0219  0.0214  0.0218  0.0213  0.0214
niter,ni,del,rscale     1    3    5.0000    0.4000
parameters
    2.6625   32.4563    5.4739   -1.7600  -10.4831   -0.1419
    3.4439    6.7018    0.4395   15.1750   -4.1592  -18.6349
eta,q 0.97891  9.33192
  0.0215  0.0214  0.0213  0.0215  0.0215  0.0217  0.0214  0.0216  0.0213  0.0215  0.0212  0.0213
  0.0213  0.0212  0.0212  0.0213  0.0213  0.0214  0.0212  0.0213  0.0212  0.0213  0.0212  0.0212
  0.0211  0.0211  0.0211  0.0212  0.0211  0.0212  0.0211  0.0212  0.0211  0.0211  0.0211  0.0211
  0.0211  0.0211  0.0211  0.0211  0.0211  0.0211  0.0211  0.0211  0.0211  0.0211  0.0211  0.0211
  0.0211  0.0211  0.0211  0.0211  0.0211  0.0211  0.0211  0.0212  0.0211  0.0211  0.0211  0.0211
  0.0213  0.0212  0.0212  0.0213  0.0213  0.0213  0.0212  0.0213  0.0212  0.0213  0.0212  0.0212
  0.0215  0.0214  0.0213  0.0215  0.0215  0.0216  0.0214  0.0216  0.0213  0.0215  0.0212  0.0213
registration optimization eta report
parameter search radius
    0.8000    0.8000    0.8000    2.4000    2.4000    2.4000
    2.4000    2.4000    2.4000    2.4000    2.4000    2.4000
100000*second partial in parameter space
       59.       45.       34.        7.        6.       10.
        5.        9.        3.        7.        3.        3.
  0.0215  0.0214  0.0213  0.0215  0.0215  0.0217  0.0214  0.0216  0.0213  0.0215  0.0212  0.0213
  0.0213  0.0212  0.0212  0.0213  0.0213  0.0214  0.0212  0.0213  0.0212  0.0213  0.0212  0.0212
  0.0211  0.0211  0.0211  0.0212  0.0211  0.0212  0.0211  0.0212  0.0211  0.0211  0.0211  0.0211
  0.0211  0.0211  0.0211  0.0211  0.0211  0.0211  0.0211  0.0211  0.0211  0.0211  0.0211  0.0211
  0.0211  0.0211  0.0211  0.0211  0.0211  0.0211  0.0211  0.0212  0.0211  0.0211  0.0211  0.0211
  0.0213  0.0212  0.0212  0.0213  0.0213  0.0213  0.0212  0.0213  0.0212  0.0213  0.0212  0.0212
  0.0215  0.0214  0.0213  0.0215  0.0215  0.0216  0.0214  0.0216  0.0213  0.0215  0.0212  0.0213
    2.6625   32.4563    5.4739   -1.7600  -10.4831   -0.1419
    3.4439    6.7018    0.4395   15.1750   -4.1592  -18.6349
eta,q 0.97891  9.33192

---------------------------------------------------------------------
imgreg_4dfp /opt/freesurfer/average/711-2C_as_mni_average_305 /opt/freesurfer/average/711-2B_as_mni_average_305_mask talsrcimg_g11 none talsrcimg_to_711-2C_as_mni_average_305_t4 2311
---------------------------------------------------------------------

freesurfer imgreg_4dfp.c
/opt/freesurfer/average/711-2C_as_mni_average_305.4dfp.img
       256       256       256         1
  1.000000  1.000000  1.000000
orientation T byte_order littleendian
Reading image: /opt/freesurfer/average/711-2C_as_mni_average_305.4dfp.img
dimensions:      256       256       256
mmppix:       1.0000   -1.0000   -1.0000
center:     128.0000 -129.0000 -129.0000
/opt/freesurfer/average/711-2B_as_mni_average_305_mask.4dfp.img
       256       256       256         1
  1.000000  1.000000  1.000000
orientation T byte_order littleendian
Reading mask: /opt/freesurfer/average/711-2B_as_mni_average_305_mask.4dfp.img (2306576 pixels)
talsrcimg_g11.4dfp.img
       256       256       256         1
  1.000000  1.000000  1.000000
orientation T byte_order littleendian
Reading image: talsrcimg_g11.4dfp.img
dimensions:      256       256       256
mmppix:       1.0000   -1.0000   -1.0000
center:     128.0000 -129.0000 -129.0000
fimgreg.f
image alignment mode   2311 decimal      907 hex
parameters
    2.6625   32.4563    5.4739   -1.7600  -10.4831   -0.1419
    3.4439    6.7018    0.4395   15.1750   -4.1592  -18.6349
eta,q 0.97891  9.33192
niter,ni,del,rscale     5    3    5.0000    0.8000
parameters
    2.6485   32.4476    5.5288   -2.1312  -10.5270   -0.7051
    3.4611    6.6375    0.3721   15.0533   -4.2942  -18.6599
eta,q 0.97882  9.30470
  0.0226  0.0222  0.0220  0.0223  0.0223  0.0224  0.0223  0.0231  0.0219  0.0225  0.0216  0.0218
  0.0217  0.0216  0.0215  0.0217  0.0217  0.0219  0.0217  0.0220  0.0215  0.0219  0.0214  0.0215
  0.0213  0.0212  0.0212  0.0213  0.0213  0.0214  0.0213  0.0214  0.0213  0.0214  0.0212  0.0213
  0.0211  0.0211  0.0211  0.0211  0.0211  0.0211  0.0212  0.0212  0.0212  0.0212  0.0212  0.0212
  0.0213  0.0212  0.0212  0.0213  0.0213  0.0213  0.0213  0.0214  0.0213  0.0214  0.0212  0.0212
  0.0218  0.0216  0.0215  0.0219  0.0217  0.0221  0.0217  0.0221  0.0215  0.0219  0.0214  0.0215
  0.0226  0.0222  0.0219  0.0229  0.0224  0.0237  0.0223  0.0232  0.0220  0.0228  0.0217  0.0218
niter,ni,del,rscale     4    3    5.0000    0.7000
parameters
    2.6793   32.4442    5.4134   -1.9911  -10.4323   -0.6406
    3.4050    6.7180    0.3937   15.0992   -4.2521  -18.6976
eta,q 0.97886  9.31308
  0.0223  0.0220  0.0217  0.0222  0.0221  0.0223  0.0220  0.0228  0.0217  0.0223  0.0216  0.0216
  0.0217  0.0216  0.0214  0.0218  0.0217  0.0220  0.0215  0.0219  0.0214  0.0217  0.0213  0.0214
  0.0213  0.0213  0.0212  0.0214  0.0213  0.0215  0.0212  0.0213  0.0212  0.0213  0.0212  0.0212
  0.0212  0.0212  0.0212  0.0212  0.0212  0.0212  0.0211  0.0211  0.0211  0.0211  0.0211  0.0212
  0.0213  0.0213  0.0213  0.0212  0.0213  0.0212  0.0213  0.0213  0.0212  0.0213  0.0212  0.0212
  0.0216  0.0216  0.0215  0.0216  0.0216  0.0216  0.0216  0.0218  0.0214  0.0216  0.0213  0.0214
  0.0222  0.0220  0.0219  0.0222  0.0221  0.0226  0.0221  0.0226  0.0217  0.0223  0.0215  0.0217
niter,ni,del,rscale     3    3    5.0000    0.6000
parameters
    2.6791   32.4614    5.4071   -1.8904  -10.4345   -0.4436
    3.4238    6.7254    0.4009   15.1499   -4.2016  -18.7038
eta,q 0.97888  9.32158
  0.0220  0.0218  0.0216  0.0220  0.0219  0.0222  0.0218  0.0223  0.0215  0.0220  0.0214  0.0215
  0.0215  0.0214  0.0213  0.0216  0.0215  0.0218  0.0214  0.0216  0.0213  0.0216  0.0213  0.0213
  0.0212  0.0212  0.0212  0.0213  0.0212  0.0214  0.0212  0.0212  0.0212  0.0212  0.0212  0.0212
  0.0211  0.0211  0.0211  0.0211  0.0211  0.0211  0.0211  0.0211  0.0211  0.0211  0.0211  0.0211
  0.0212  0.0212  0.0212  0.0212  0.0212  0.0211  0.0212  0.0213  0.0212  0.0212  0.0211  0.0212
  0.0215  0.0214  0.0214  0.0215  0.0215  0.0215  0.0214  0.0216  0.0213  0.0215  0.0212  0.0213
  0.0220  0.0218  0.0216  0.0220  0.0219  0.0221  0.0218  0.0223  0.0216  0.0220  0.0214  0.0215
niter,ni,del,rscale     2    3    5.0000    0.5000
parameters
    2.6683   32.4558    5.4434   -1.8179  -10.4623   -0.2671
    3.4426    6.7101    0.4013   15.1694   -4.1497  -18.6617
eta,q 0.97890  9.32765
  0.0217  0.0216  0.0215  0.0217  0.0216  0.0219  0.0216  0.0219  0.0214  0.0217  0.0213  0.0214
  0.0214  0.0213  0.0213  0.0214  0.0214  0.0216  0.0213  0.0215  0.0212  0.0214  0.0212  0.0212
  0.0212  0.0212  0.0212  0.0212  0.0212  0.0213  0.0212  0.0212  0.0211  0.0212  0.0211  0.0211
  0.0211  0.0211  0.0211  0.0211  0.0211  0.0211  0.0211  0.0211  0.0211  0.0211  0.0211  0.0211
  0.0212  0.0212  0.0211  0.0212  0.0212  0.0211  0.0211  0.0212  0.0211  0.0212  0.0211  0.0211
  0.0214  0.0213  0.0212  0.0214  0.0214  0.0214  0.0213  0.0215  0.0212  0.0214  0.0212  0.0212
  0.0217  0.0216  0.0214  0.0217  0.0217  0.0219  0.0216  0.0219  0.0214  0.0217  0.0213  0.0214
niter,ni,del,rscale     1    3    5.0000    0.4000
parameters
    2.6635   32.4502    5.4794   -1.7701  -10.4652   -0.1309
    3.4521    6.6952    0.4053   15.1518   -4.1642  -18.6333
eta,q 0.97891  9.33229
  0.0215  0.0214  0.0213  0.0215  0.0214  0.0217  0.0214  0.0216  0.0213  0.0215  0.0212  0.0213
  0.0213  0.0212  0.0212  0.0213  0.0213  0.0214  0.0212  0.0213  0.0212  0.0213  0.0212  0.0212
  0.0211  0.0211  0.0211  0.0212  0.0211  0.0212  0.0211  0.0211  0.0211  0.0211  0.0211  0.0211
  0.0211  0.0211  0.0211  0.0211  0.0211  0.0211  0.0211  0.0211  0.0211  0.0211  0.0211  0.0211
  0.0211  0.0211  0.0211  0.0211  0.0211  0.0211  0.0211  0.0212  0.0211  0.0211  0.0211  0.0211
  0.0213  0.0212  0.0212  0.0213  0.0213  0.0213  0.0212  0.0213  0.0212  0.0213  0.0212  0.0212
  0.0215  0.0214  0.0213  0.0215  0.0215  0.0216  0.0214  0.0216  0.0213  0.0215  0.0212  0.0213
registration optimization eta report
parameter search radius
    0.8000    0.8000    0.8000    2.4000    2.4000    2.4000
    2.4000    2.4000    2.4000    2.4000    2.4000    2.4000
100000*second partial in parameter space
       59.       45.       34.        7.        6.       10.
        5.       10.        3.        7.        3.        3.
  0.0215  0.0214  0.0213  0.0215  0.0214  0.0217  0.0214  0.0216  0.0213  0.0215  0.0212  0.0213
  0.0213  0.0212  0.0212  0.0213  0.0213  0.0214  0.0212  0.0213  0.0212  0.0213  0.0212  0.0212
  0.0211  0.0211  0.0211  0.0212  0.0211  0.0212  0.0211  0.0211  0.0211  0.0211  0.0211  0.0211
  0.0211  0.0211  0.0211  0.0211  0.0211  0.0211  0.0211  0.0211  0.0211  0.0211  0.0211  0.0211
  0.0211  0.0211  0.0211  0.0211  0.0211  0.0211  0.0211  0.0212  0.0211  0.0211  0.0211  0.0211
  0.0213  0.0212  0.0212  0.0213  0.0213  0.0213  0.0212  0.0213  0.0212  0.0213  0.0212  0.0212
  0.0215  0.0214  0.0213  0.0215  0.0215  0.0216  0.0214  0.0216  0.0213  0.0215  0.0212  0.0213
    2.6635   32.4502    5.4794   -1.7701  -10.4652   -0.1309
    3.4521    6.6952    0.4053   15.1518   -4.1642  -18.6333
eta,q 0.97891  9.33229

---------------------------------------------------------------------
compute_vox2vox talsrcimg talsrcimg_to_711-2C_as_mni_average_305_t4 /opt/freesurfer/average/711-2C_as_mni_average_305
---------------------------------------------------------------------

freesurfer compute_vox2vox.c
Reading: talsrcimg.4dfp.ifh
Reading: talsrcimg_to_711-2C_as_mni_average_305_t4
Reading: /opt/freesurfer/average/711-2C_as_mni_average_305.4dfp.ifh
Writing: talsrcimg_to_711-2C_as_mni_average_305_t4_vox2vox.txt

start time Tue Mar 10 06:57:39 CET 2026
end		time Tue Mar 10 06:57:52 CET 2026

mpr2mni305 success

avi2talxfm orig_nu.mgz /opt/freesurfer/average/mni305.cor.mgz talsrcimg_to_711-2C_as_mni_average_305_t4_vox2vox.txt transforms/talairach.auto.xfm
avi2talxfm done
mv -f /out/sourcedata/freesurfer/sub-v1s8x0051344_ses-1/mri/talsrcimg_to_711-2C_as_mni_average_305_t4_vox2vox.txt /out/sourcedata/freesurfer/sub-v1s8x0051344_ses-1/mri/transforms/talsrcimg_to_711-2C_as_mni_average_305_t4_vox2vox.txt
lta_convert --src orig_nu.mgz --trg /opt/freesurfer/average/mni305.cor.mgz --inxfm transforms/talairach.auto.xfm --outlta transforms/talairach.auto.xfm.lta --subject fsaverage
7.3.2

--src: orig_nu.mgz src image (geometry).
--trg: /opt/freesurfer/average/mni305.cor.mgz trg image (geometry).
--inmni: transforms/talairach.auto.xfm input MNI/XFM transform.
--outlta: transforms/talairach.auto.xfm.lta output LTA.
--s: fsaverage subject name
 LTA read, type : 1
 1.01568  -0.06025  -0.05170  -3.61841;
 0.04022   0.96828   0.19996  -8.61184;
-0.01140  -0.16359   1.08328  -35.27116;
 0.00000   0.00000   0.00000   1.00000;
setting subject to fsaverage
Writing  LTA to file transforms/talairach.auto.xfm.lta...
lta_convert successful.
 
 
Started at Tue Mar 10 06:57:38 CET 2026
Ended   at Tue Mar 10 06:57:52 CET 2026
talairach_avi done
