/out/sourcedata/freesurfer/sub-v1s8x0051334_ses-1/mri
/opt/freesurfer/bin/talairach_avi
--i orig_nu.mgz --xfm transforms/talairach.auto.xfm
talairach_avi 7.3.2
Linux dna076 5.14.0-427.37.1.el9_4.x86_64 #1 SMP PREEMPT_DYNAMIC Fri Sep 13 12:41:50 EDT 2024 x86_64 x86_64 x86_64 GNU/Linux
Tue Mar 10 06:48:37 CET 2026
mri_convert orig_nu.mgz talsrcimg.img 
reading from orig_nu.mgz...
TR=0.00, TE=0.00, TI=0.00, flip angle=0.00
i_ras = (-1, 0, 0)
j_ras = (0, 0, -1)
k_ras = (0, 1, 0)
writing to talsrcimg.img...
Analyze Output Matrix
-1.00000   0.00000   0.00000   130.00143;
 0.00000   0.00000   1.00000  -127.85555;
 0.00000  -1.00000   0.00000   110.81778;
 0.00000   0.00000   0.00000   1.00000;
--------------------
INFO: set hdr.hist.orient to -1
mpr2mni305 talsrcimg
Tue Mar 10 06:48:38 CET 2026
/opt/freesurfer/bin/mpr2mni305 talsrcimg
mpr2mni305 7.3.2
target=711-2C_as_mni_average_305

---------------------------------------------------------------------
analyzeto4dfp talsrcimg -O0 -y
---------------------------------------------------------------------

freesurfer ifh2hdr.c
Tue Mar 10 06:48:38 2026
Writing: talsrcimg.4dfp.hdr
freesurfer analyzeto4dfp.c
Reading: talsrcimg.hdr
header size 348 bytes
hdr.dime.datatype	offset=70	value=2
hdr.dime.bitpix		offset=72	value=8
hdr.hist.orient		offset=252	value=-1
dimensionality     4
dimensions       256       256       256         1
Reading: talsrcimg.img
Writing: talsrcimg.4dfp.img
Writing: talsrcimg.4dfp.ifh
ifh2hdr talsrcimg -r0to255
ori=2

---------------------------------------------------------------------
gauss_4dfp talsrcimg 1.1
---------------------------------------------------------------------

freesurfer gauss_4dfp.c
Reading: talsrcimg.4dfp.img
Writing: talsrcimg_g11.4dfp.img
image dimensions 256 256 256 padded to 288 288 288
processing volume 1freesurfer ifh2hdr.c
Tue Mar 10 06:48:39 2026
Writing: talsrcimg_g11.4dfp.hdr

Writing: talsrcimg_g11.4dfp.ifh
including: talsrcimg.4dfp.img.rec in talsrcimg_g11.4dfp.img.rec

---------------------------------------------------------------------
imgreg_4dfp /opt/freesurfer/average/711-2C_as_mni_average_305 none talsrcimg_g11 none talsrcimg_to_711-2C_as_mni_average_305_t4 4355
---------------------------------------------------------------------

freesurfer imgreg_4dfp.c
/opt/freesurfer/average/711-2C_as_mni_average_305.4dfp.img
       256       256       256         1
  1.000000  1.000000  1.000000
orientation T byte_order littleendian
Reading image: /opt/freesurfer/average/711-2C_as_mni_average_305.4dfp.img
dimensions:      256       256       256
mmppix:       1.0000   -1.0000   -1.0000
center:     128.0000 -129.0000 -129.0000
talsrcimg_g11.4dfp.img
       256       256       256         1
  1.000000  1.000000  1.000000
orientation T byte_order littleendian
Reading image: talsrcimg_g11.4dfp.img
dimensions:      256       256       256
mmppix:       1.0000   -1.0000   -1.0000
center:     128.0000 -129.0000 -129.0000
t4_read: open error in t4_sub.f l:  41 t4_file(1:l)talsrcimg_to_711-2C_as_mni_average_305_t4 
t4_read: transform initialized to I4
rotation matrix determinant  1.000000
image alignment mode   4355 decimal     1103 hex
   -7.5000  -45.0000  -45.0000 6938.2114   10.0954
    0.0000  -45.0000  -45.0000 7202.0361   10.0865
    7.5000  -45.0000  -45.0000 6880.4839   10.0837
   -7.5000  -37.5000  -45.0000 7521.3389    9.8591
    0.0000  -37.5000  -45.0000 7823.7632    9.8434
    7.5000  -37.5000  -45.0000 7448.5503    9.8381
   -7.5000  -30.0000  -45.0000 8448.0498    9.7052
    0.0000  -30.0000  -45.0000 8811.4883    9.6891
    7.5000  -30.0000  -45.0000 8379.5303    9.6845
   -7.5000  -22.5000  -45.0000 9454.7354    9.6111
    0.0000  -22.5000  -45.0000 9862.5752    9.6032
    7.5000  -22.5000  -45.0000 9379.6963    9.6020
   -7.5000  -15.0000  -45.000010490.0371    9.5810
    0.0000  -15.0000  -45.000010929.0488    9.5822
    7.5000  -15.0000  -45.000010378.5938    9.5837
   -7.5000   -7.5000  -45.000011415.3008    9.5751
    0.0000   -7.5000  -45.000011899.8398    9.5772
    7.5000   -7.5000  -45.000011292.5732    9.5783
   -7.5000    0.0000  -45.000012241.9336    9.5861
    0.0000    0.0000  -45.000012780.4150    9.5810
    7.5000    0.0000  -45.000012116.8223    9.5790
   -7.5000    7.5000  -45.000012164.8857    9.5966
    0.0000    7.5000  -45.000012710.4092    9.5827
    7.5000    7.5000  -45.000012020.3994    9.5780
   -7.5000   15.0000  -45.000012046.7080    9.5966
    0.0000   15.0000  -45.000012561.1514    9.5811
    7.5000   15.0000  -45.000011883.4082    9.5768
   -7.5000   22.5000  -45.000011820.1221    9.5840
    0.0000   22.5000  -45.000012303.3018    9.5764
    7.5000   22.5000  -45.000011650.3838    9.5753
   -7.5000   30.0000  -45.000011386.8447    9.4467
    0.0000   30.0000  -45.000011841.3281    9.4479
    7.5000   30.0000  -45.000011186.7393    9.4495
   -7.5000   37.5000  -45.000011245.2393    9.4475
    0.0000   37.5000  -45.000011712.1143    9.4495
    7.5000   37.5000  -45.000011027.3340    9.4507
   -7.5000   45.0000  -45.000010448.4707    9.2182
    0.0000   45.0000  -45.000010910.8936    9.2132
    7.5000   45.0000  -45.000010265.7236    9.2114
   -7.5000  -45.0000  -37.5000 7295.9429   10.0611
    0.0000  -45.0000  -37.5000 7588.6890   10.0530
    7.5000  -45.0000  -37.5000 7228.7744   10.0526
   -7.5000  -37.5000  -37.5000 7926.6245    9.8250
    0.0000  -37.5000  -37.5000 8255.3838    9.8101
    7.5000  -37.5000  -37.5000 7847.5747    9.8053
   -7.5000  -30.0000  -37.5000 8944.1309    9.6765
    0.0000  -30.0000  -37.5000 9323.6836    9.6609
    7.5000  -30.0000  -37.5000 8841.2715    9.6542
   -7.5000  -22.5000  -37.500010020.2441    9.5886
    0.0000  -22.5000  -37.500010429.1133    9.5809
    7.5000  -22.5000  -37.5000 9893.8633    9.5767
   -7.5000  -15.0000  -37.500011097.8984    9.5596
    0.0000  -15.0000  -37.500011551.7627    9.5611
    7.5000  -15.0000  -37.500010946.3359    9.5611
   -7.5000   -7.5000  -37.500012095.5625    9.5487
    0.0000   -7.5000  -37.500012597.6162    9.5513
    7.5000   -7.5000  -37.500011940.5898    9.5535
   -7.5000    0.0000  -37.500012971.8857    9.5541
    0.0000    0.0000  -37.500013516.8965    9.5496
    7.5000    0.0000  -37.500012822.8760    9.5499
   -7.5000    7.5000  -37.500012889.7744    9.5640
    0.0000    7.5000  -37.500013447.9717    9.5509
    7.5000    7.5000  -37.500012734.6582    9.5466
   -7.5000   15.0000  -37.500012731.3047    9.5686
    0.0000   15.0000  -37.500013251.9834    9.5537
    7.5000   15.0000  -37.500012557.6377    9.5472
   -7.5000   22.5000  -37.500012455.9238    9.5617
    0.0000   22.5000  -37.500012957.7158    9.5543
    7.5000   22.5000  -37.500012284.7812    9.5502
   -7.5000   30.0000  -37.500011954.6123    9.4256
    0.0000   30.0000  -37.500012412.4580    9.4272
    7.5000   30.0000  -37.500011751.0771    9.4272
   -7.5000   37.5000  -37.500011800.4229    9.4215
    0.0000   37.5000  -37.500012280.7100    9.4240
    7.5000   37.5000  -37.500011601.7402    9.4262
   -7.5000   45.0000  -37.500010997.7832    9.1874
    0.0000   45.0000  -37.500011478.2676    9.1831
    7.5000   45.0000  -37.500010816.9824    9.1834
   -7.5000  -45.0000  -30.0000 7803.4272   10.4890
    0.0000  -45.0000  -30.0000 8126.2412   10.4837
    7.5000  -45.0000  -30.0000 7740.8472   10.4853
   -7.5000  -37.5000  -30.0000 8487.1104   10.2401
    0.0000  -37.5000  -30.0000 8855.8486   10.2291
    7.5000  -37.5000  -30.0000 8413.7549   10.2267
   -7.5000  -30.0000  -30.0000 9575.0986   10.0885
    0.0000  -30.0000  -30.0000 9993.9307   10.0770
    7.5000  -30.0000  -30.0000 9476.5215   10.0708
   -7.5000  -22.5000  -30.000010723.4482   10.0036
    0.0000  -22.5000  -30.000011179.0371    9.9983
    7.5000  -22.5000  -30.000010588.4902    9.9923
   -7.5000  -15.0000  -30.000011889.0430    9.9766
    0.0000  -15.0000  -30.000012379.3916    9.9789
    7.5000  -15.0000  -30.000011730.0762    9.9766
   -7.5000   -7.5000  -30.000012992.2988    9.9607
    0.0000   -7.5000  -30.000013517.0752    9.9642
    7.5000   -7.5000  -30.000012816.3760    9.9660
   -7.5000    0.0000  -30.000013947.3359    9.9598
    0.0000    0.0000  -30.000014517.8867    9.9577
    7.5000    0.0000  -30.000013764.2109    9.9597
   -7.5000    7.5000  -30.000013860.2129    9.9679
    0.0000    7.5000  -30.000014448.5898    9.9587
    7.5000    7.5000  -30.000013669.2920    9.9567
   -7.5000   15.0000  -30.000013664.6338    9.9761
    0.0000   15.0000  -30.000014237.0879    9.9651
    7.5000   15.0000  -30.000013444.6719    9.9593
   -7.5000   22.5000  -30.000013322.7734    9.9745
    0.0000   22.5000  -30.000013885.5547    9.9696
    7.5000   22.5000  -30.000013116.7979    9.9637
   -7.5000   30.0000  -30.000012738.4922    9.8377
    0.0000   30.0000  -30.000013263.1982    9.8401
    7.5000   30.0000  -30.000012517.4346    9.8378
   -7.5000   37.5000  -30.000012561.1670    9.8289
    0.0000   37.5000  -30.000013094.2939    9.8324
    7.5000   37.5000  -30.000012352.4961    9.8341
   -7.5000   45.0000  -30.000011720.1846    9.5845
    0.0000   45.0000  -30.000012227.5615    9.5825
    7.5000   45.0000  -30.000011535.3584    9.5845
   -7.5000  -45.0000  -22.5000 8331.0410   10.8528
    0.0000  -45.0000  -22.5000 8673.9346   10.8494
    7.5000  -45.0000  -22.5000 8240.1543   10.8501
   -7.5000  -37.5000  -22.5000 9072.4375   10.5936
    0.0000  -37.5000  -22.5000 9447.4873   10.5863
    7.5000  -37.5000  -22.5000 8963.3047   10.5860
   -7.5000  -30.0000  -22.500010214.9893   10.4344
    0.0000  -30.0000  -22.500010638.8242   10.4271
    7.5000  -30.0000  -22.500010092.1123   10.4247
   -7.5000  -22.5000  -22.500011431.8242   10.3469
    0.0000  -22.5000  -22.500011902.2930   10.3441
    7.5000  -22.5000  -22.500011287.4805   10.3400
   -7.5000  -15.0000  -22.500012683.9248   10.3214
    0.0000  -15.0000  -22.500013207.0781   10.3242
    7.5000  -15.0000  -22.500012527.4619   10.3209
   -7.5000   -7.5000  -22.500013859.3516   10.3067
    0.0000   -7.5000  -22.500014446.9102   10.3103
    7.5000   -7.5000  -22.500013691.0752   10.3099
   -7.5000    0.0000  -22.500014910.0322   10.3057
    0.0000    0.0000  -22.500015531.6680   10.3051
    7.5000    0.0000  -22.500014694.8037   10.3063
   -7.5000    7.5000  -22.500014825.9443   10.3121
    0.0000    7.5000  -22.500015455.2188   10.3066
    7.5000    7.5000  -22.500014556.2568   10.3066
   -7.5000   15.0000  -22.500014574.2217   10.3183
    0.0000   15.0000  -22.500015198.0801   10.3115
    7.5000   15.0000  -22.500014308.4551   10.3092
   -7.5000   22.5000  -22.500014204.4766   10.3162
    0.0000   22.5000  -22.500014805.6436   10.3137
    7.5000   22.5000  -22.500013948.0000   10.3097
   -7.5000   30.0000  -22.500013562.6465   10.1793
    0.0000   30.0000  -22.500014131.0957   10.1822
    7.5000   30.0000  -22.500013318.3564   10.1789
   -7.5000   37.5000  -22.500013327.0811   10.1719
    0.0000   37.5000  -22.500013896.5352   10.1754
    7.5000   37.5000  -22.500013110.6367   10.1750
   -7.5000   45.0000  -22.500012406.0771    9.9249
    0.0000   45.0000  -22.500012949.0322    9.9244
    7.5000   45.0000  -22.500012224.3750    9.9255
   -7.5000  -45.0000  -15.0000 8812.3301   11.1094
    0.0000  -45.0000  -15.0000 9190.6455   11.1047
    7.5000  -45.0000  -15.0000 8719.0576   11.1024
   -7.5000  -37.5000  -15.0000 9599.3506   10.8451
    0.0000  -37.5000  -15.000010009.8652   10.8369
    7.5000  -37.5000  -15.0000 9475.6309   10.8360
   -7.5000  -30.0000  -15.000010821.9893   10.6764
    0.0000  -30.0000  -15.000011271.2363   10.6688
    7.5000  -30.0000  -15.000010662.5586   10.6689
   -7.5000  -22.5000  -15.000012120.4277   10.5810
    0.0000  -22.5000  -15.000012610.8320   10.5779
    7.5000  -22.5000  -15.000011938.2686   10.5770
   -7.5000  -15.0000  -15.000013451.7256   10.5545
    0.0000  -15.0000  -15.000014009.1289   10.5566
    7.5000  -15.0000  -15.000013256.0342   10.5544
   -7.5000   -7.5000  -15.000014725.6357   10.5455
    0.0000   -7.5000  -15.000015350.4590   10.5480
    7.5000   -7.5000  -15.000014500.6494   10.5459
   -7.5000    0.0000  -15.000015831.6865   10.5507
    0.0000    0.0000  -15.000016506.9141   10.5490
    7.5000    0.0000  -15.000015583.7998   10.5475
   -7.5000    7.5000  -15.000015759.6182   10.5573
    0.0000    7.5000  -15.000016433.4648   10.5509
    7.5000    7.5000  -15.000015461.0078   10.5503
   -7.5000   15.0000  -15.000015483.9629   10.5576
    0.0000   15.0000  -15.000016148.7871   10.5505
    7.5000   15.0000  -15.000015198.3311   10.5507
   -7.5000   22.5000  -15.000015077.7500   10.5491
    0.0000   22.5000  -15.000015705.4922   10.5463
    7.5000   22.5000  -15.000014806.9482   10.5455
   -7.5000   30.0000  -15.000014370.1436   10.4107
    0.0000   30.0000  -15.000014953.8662   10.4129
    7.5000   30.0000  -15.000014132.4980   10.4107
   -7.5000   37.5000  -15.000014101.5332   10.4090
    0.0000   37.5000  -15.000014675.1240   10.4115
    7.5000   37.5000  -15.000013859.6318   10.4094
   -7.5000   45.0000  -15.000013107.1299   10.1670
    0.0000   45.0000  -15.000013659.8750   10.1654
    7.5000   45.0000  -15.000012886.7842   10.1639
   -7.5000  -45.0000   -7.5000 9311.5020   11.2299
    0.0000  -45.0000   -7.5000 9708.2314   11.2221
    7.5000  -45.0000   -7.5000 9217.4180   11.2181
   -7.5000  -37.5000   -7.500010159.6689   10.9659
    0.0000  -37.5000   -7.500010582.5479   10.9528
    7.5000  -37.5000   -7.500010024.7744   10.9491
   -7.5000  -30.0000   -7.500011463.2881   10.7933
    0.0000  -30.0000   -7.500011919.9023   10.7805
    7.5000  -30.0000   -7.500011280.3447   10.7790
   -7.5000  -22.5000   -7.500012809.2295   10.6905
    0.0000  -22.5000   -7.500013338.4297   10.6845
    7.5000  -22.5000   -7.500012629.3525   10.6848
   -7.5000  -15.0000   -7.500014190.4463   10.6601
    0.0000  -15.0000   -7.500014780.9141   10.6615
    7.5000  -15.0000   -7.500013988.6904   10.6619
   -7.5000   -7.5000   -7.500015549.1943   10.6546
    0.0000   -7.5000   -7.500016186.5674   10.6567
    7.5000   -7.5000   -7.500015277.0791   10.6555
   -7.5000    0.0000   -7.500016771.4512   10.6660
    0.0000    0.0000   -7.500017477.8867   10.6619
    7.5000    0.0000   -7.500016476.8926   10.6588
   -7.5000    7.5000   -7.500016698.5176   10.6752
    0.0000    7.5000   -7.500017432.8730   10.6640
    7.5000    7.5000   -7.500016390.9844   10.6608
   -7.5000   15.0000   -7.500016452.0664   10.6731
    0.0000   15.0000   -7.500017174.3418   10.6609
    7.5000   15.0000   -7.500016180.5518   10.6596
   -7.5000   22.5000   -7.500016006.2119   10.6571
    0.0000   22.5000   -7.500016640.5449   10.6514
    7.5000   22.5000   -7.500015759.0664   10.6517
   -7.5000   30.0000   -7.500015226.9082   10.5146
    0.0000   30.0000   -7.500015805.4404   10.5161
    7.5000   30.0000   -7.500014965.9209   10.5165
   -7.5000   37.5000   -7.500014935.6729   10.5165
    0.0000   37.5000   -7.500015516.0293   10.5185
    7.5000   37.5000   -7.500014615.2422   10.5174
   -7.5000   45.0000   -7.500013904.0723   10.2800
    0.0000   45.0000   -7.500014463.7686   10.2760
    7.5000   45.0000   -7.500013560.8105   10.2731
   -7.5000  -45.0000    0.0000 9691.2119   11.2487
    0.0000  -45.0000    0.000010114.6211   11.2388
    7.5000  -45.0000    0.0000 9574.5801   11.2357
   -7.5000  -37.5000    0.000010609.5146   10.9866
    0.0000  -37.5000    0.000011052.8242   10.9692
    7.5000  -37.5000    0.000010447.0713   10.9633
   -7.5000  -30.0000    0.000011983.4756   10.8160
    0.0000  -30.0000    0.000012468.5742   10.7982
    7.5000  -30.0000    0.000011801.0410   10.7933
   -7.5000  -22.5000    0.000013371.2393   10.7118
    0.0000  -22.5000    0.000013928.9307   10.7032
    7.5000  -22.5000    0.000013217.6006   10.7018
   -7.5000  -15.0000    0.000014775.4727   10.6783
    0.0000  -15.0000    0.000015415.9287   10.6797
    7.5000  -15.0000    0.000014664.9287   10.6813
   -7.5000   -7.5000    0.000016180.2100   10.6715
    0.0000   -7.5000    0.000016869.3125   10.6738
    7.5000   -7.5000    0.000016044.1279   10.6750
   -7.5000    0.0000    0.000017503.9199   10.6835
    0.0000    0.0000    0.000018246.6719   10.6778
    7.5000    0.0000    0.000017293.2891   10.6755
   -7.5000    7.5000    0.000017564.1719   10.6952
    0.0000    7.5000    0.000018376.6055   10.6799
    7.5000    7.5000    0.000017212.0234   10.6746
   -7.5000   15.0000    0.000017512.8457   10.6955
    0.0000   15.0000    0.000018333.6973   10.6785
    7.5000   15.0000    0.000017015.0312   10.6736
   -7.5000   22.5000    0.000017117.4160   10.6783
    0.0000   22.5000    0.000017813.3438   10.6700
    7.5000   22.5000    0.000016589.2109   10.6686
   -7.5000   30.0000    0.000016151.4893   10.5327
    0.0000   30.0000    0.000016739.4258   10.5342
    7.5000   30.0000    0.000015642.6338   10.5358
   -7.5000   37.5000    0.000015710.5459   10.5334
    0.0000   37.5000    0.000016280.8555   10.5356
    7.5000   37.5000    0.000015180.3027   10.5368
   -7.5000   45.0000    0.000014566.0781   10.2976
    0.0000   45.0000    0.000015106.6758   10.2921
    7.5000   45.0000    0.000014085.3984   10.2900
   -7.5000  -45.0000    7.5000 9344.0166   11.2555
    0.0000  -45.0000    7.5000 9752.0088   11.2464
    7.5000  -45.0000    7.5000 9233.0625   11.2460
   -7.5000  -37.5000    7.500010216.0645   10.9916
    0.0000  -37.5000    7.500010659.0186   10.9748
    7.5000  -37.5000    7.500010091.4326   10.9695
   -7.5000  -30.0000    7.500011509.7373   10.8255
    0.0000  -30.0000    7.500011998.6592   10.8081
    7.5000  -30.0000    7.500011393.1279   10.8006
   -7.5000  -22.5000    7.500012862.0020   10.7272
    0.0000  -22.5000    7.500013414.4023   10.7187
    7.5000  -22.5000    7.500012746.2910   10.7139
   -7.5000  -15.0000    7.500014262.5811   10.6948
    0.0000  -15.0000    7.500014902.8682   10.6965
    7.5000  -15.0000    7.500014153.8945   10.6965
   -7.5000   -7.5000    7.500015680.1787   10.6825
    0.0000   -7.5000    7.500016381.7217   10.6854
    7.5000   -7.5000    7.500015496.2051   10.6879
   -7.5000    0.0000    7.500017034.9453   10.6885
    0.0000    0.0000    7.500017765.4355   10.6835
    7.5000    0.0000    7.500016700.8066   10.6838
   -7.5000    7.5000    7.500017132.3184   10.6996
    0.0000    7.5000    7.500017947.3965   10.6849
    7.5000    7.5000    7.500016639.9922   10.6802
   -7.5000   15.0000    7.500017030.5508   10.7048
    0.0000   15.0000    7.500017808.5059   10.6882
    7.5000   15.0000    7.500016421.5391   10.6809
   -7.5000   22.5000    7.500016617.4785   10.6937
    0.0000   22.5000    7.500017302.8965   10.6855
    7.5000   22.5000    7.500015977.5410   10.6808
   -7.5000   30.0000    7.500015675.2510   10.5490
    0.0000   30.0000    7.500016283.9961   10.5507
    7.5000   30.0000    7.500015077.3486   10.5508
   -7.5000   37.5000    7.500015140.7842   10.5443
    0.0000   37.5000    7.500015731.0391   10.5471
    7.5000   37.5000    7.500014619.3213   10.5496
   -7.5000   45.0000    7.500013957.8574   10.3025
    0.0000   45.0000    7.500014496.4893   10.2976
    7.5000   45.0000    7.500013563.9287   10.2979
   -7.5000  -45.0000   15.0000 8877.0439   11.2704
    0.0000  -45.0000   15.0000 9278.6475   11.2647
    7.5000  -45.0000   15.0000 8754.7705   11.2664
   -7.5000  -37.5000   15.0000 9731.9541   11.0032
    0.0000  -37.5000   15.000010157.5186   10.9913
    7.5000  -37.5000   15.0000 9590.2314   10.9887
   -7.5000  -30.0000   15.000010998.8223   10.8405
    0.0000  -30.0000   15.000011474.6670   10.8279
    7.5000  -30.0000   15.000010835.3086   10.8213
   -7.5000  -22.5000   15.000012319.1709   10.7492
    0.0000  -22.5000   15.000012869.1982   10.7435
    7.5000  -22.5000   15.000012126.8672   10.7370
   -7.5000  -15.0000   15.000013639.7139   10.7203
    0.0000  -15.0000   15.000014254.2939   10.7227
    7.5000  -15.0000   15.000013444.7549   10.7202
   -7.5000   -7.5000   15.000014902.9004   10.7032
    0.0000   -7.5000   15.000015562.4736   10.7070
    7.5000   -7.5000   15.000014673.1650   10.7088
   -7.5000    0.0000   15.000016101.3574   10.7022
    0.0000    0.0000   15.000016792.2012   10.6999
    7.5000    0.0000   15.000015815.5664   10.7021
   -7.5000    7.5000   15.000016132.7139   10.7109
    0.0000    7.5000   15.000016835.4590   10.7010
    7.5000    7.5000   15.000015803.8877   10.6988
   -7.5000   15.0000   15.000015929.9287   10.7198
    0.0000   15.0000   15.000016553.0938   10.7079
    7.5000   15.0000   15.000015568.3428   10.7015
   -7.5000   22.5000   15.000015541.2705   10.7157
    0.0000   22.5000   15.000016097.4893   10.7103
    7.5000   22.5000   15.000015154.6768   10.7039
   -7.5000   30.0000   15.000014739.2090   10.5741
    0.0000   30.0000   15.000015261.5469   10.5766
    7.5000   30.0000   15.000014369.8330   10.5742
   -7.5000   37.5000   15.000014295.1953   10.5647
    0.0000   37.5000   15.000014829.8613   10.5684
    7.5000   37.5000   15.000013956.7354   10.5702
   -7.5000   45.0000   15.000013201.6074   10.3157
    0.0000   45.0000   15.000013701.1729   10.3134
    7.5000   45.0000   15.000012929.5605   10.3156
   -7.5000  -45.0000   22.5000 8301.5273   11.3154
    0.0000  -45.0000   22.5000 8675.7773   11.3118
    7.5000  -45.0000   22.5000 8180.7681   11.3128
   -7.5000  -37.5000   22.5000 9121.1367   11.0449
    0.0000  -37.5000   22.5000 9523.8174   11.0372
    7.5000  -37.5000   22.5000 8973.6768   11.0372
   -7.5000  -30.0000   22.500010305.6807   10.8789
    0.0000  -30.0000   22.500010753.1719   10.8712
    7.5000  -30.0000   22.500010133.5801   10.8689
   -7.5000  -22.5000   22.500011509.2051   10.7879
    0.0000  -22.5000   22.500012014.2715   10.7849
    7.5000  -22.5000   22.500011349.4453   10.7808
   -7.5000  -15.0000   22.500012712.3779   10.7615
    0.0000  -15.0000   22.500013260.9941   10.7644
    7.5000  -15.0000   22.500012569.5488   10.7610
   -7.5000   -7.5000   22.500013884.2861   10.7461
    0.0000   -7.5000   22.500014463.3232   10.7498
    7.5000   -7.5000   22.500013730.2412   10.7496
   -7.5000    0.0000   22.500014993.9482   10.7451
    0.0000    0.0000   22.500015609.3848   10.7444
    7.5000    0.0000   22.500014811.8438   10.7459
   -7.5000    7.5000   22.500014937.0361   10.7518
    0.0000    7.5000   22.500015549.9111   10.7459
    7.5000    7.5000   22.500014772.5732   10.7461
   -7.5000   15.0000   22.500014700.9766   10.7582
    0.0000   15.0000   22.500015263.5078   10.7509
    7.5000   15.0000   22.500014549.8340   10.7488
   -7.5000   22.5000   22.500014410.9766   10.7544
    0.0000   22.5000   22.500014935.6816   10.7517
    7.5000   22.5000   22.500014209.1777   10.7477
   -7.5000   30.0000   22.500013767.0107   10.6148
    0.0000   30.0000   22.500014261.3350   10.6177
    7.5000   30.0000   22.500013548.4375   10.6145
   -7.5000   37.5000   22.500013377.5537   10.6070
    0.0000   37.5000   22.500013840.2578   10.6107
    7.5000   37.5000   22.500013159.0078   10.6105
   -7.5000   45.0000   22.500012362.3652   10.3570
    0.0000   45.0000   22.500012785.0459   10.3564
    7.5000   45.0000   22.500012175.8574   10.3578
   -7.5000  -45.0000   30.0000 7643.4111   11.4251
    0.0000  -45.0000   30.0000 7980.8555   11.4201
    7.5000  -45.0000   30.0000 7546.9478   11.4177
   -7.5000  -37.5000   30.0000 8397.3223   11.1510
    0.0000  -37.5000   30.0000 8759.0879   11.1424
    7.5000  -37.5000   30.0000 8300.7070   11.1414
   -7.5000  -30.0000   30.0000 9482.5000   10.9765
    0.0000  -30.0000   30.0000 9878.9600   10.9684
    7.5000  -30.0000   30.0000 9388.0732   10.9686
   -7.5000  -22.5000   30.000010594.4502   10.8781
    0.0000  -22.5000   30.000011041.9287   10.8747
    7.5000  -22.5000   30.000010517.3447   10.8739
   -7.5000  -15.0000   30.000011705.3535   10.8510
    0.0000  -15.0000   30.000012199.5098   10.8529
    7.5000  -15.0000   30.000011637.5488   10.8508
   -7.5000   -7.5000   30.000012789.1631   10.8415
    0.0000   -7.5000   30.000013329.9434   10.8439
    7.5000   -7.5000   30.000012690.9365   10.8418
   -7.5000    0.0000   30.000013794.8281   10.8471
    0.0000    0.0000   30.000014366.9082   10.8451
    7.5000    0.0000   30.000013668.0537   10.8435
   -7.5000    7.5000   30.000013723.4629   10.8540
    0.0000    7.5000   30.000014272.5029   10.8471
    7.5000    7.5000   30.000013613.2061   10.8466
   -7.5000   15.0000   30.000013504.2061   10.8544
    0.0000   15.0000   30.000014018.1738   10.8468
    7.5000   15.0000   30.000013409.8066   10.8470
   -7.5000   22.5000   30.000013242.7080   10.8443
    0.0000   22.5000   30.000013752.4199   10.8412
    7.5000   22.5000   30.000013130.4004   10.8404
   -7.5000   30.0000   30.000012698.5596   10.7030
    0.0000   30.0000   30.000013179.2568   10.7050
    7.5000   30.0000   30.000012536.1787   10.7029
   -7.5000   37.5000   30.000012353.6777   10.7012
    0.0000   37.5000   30.000012800.4961   10.7036
    7.5000   37.5000   30.000012181.3682   10.7015
   -7.5000   45.0000   30.000011419.0381   10.4553
    0.0000   45.0000   30.000011843.9521   10.4534
    7.5000   45.0000   30.000011277.4297   10.4519
   -7.5000  -45.0000   37.5000 7316.2329   11.6764
    0.0000  -45.0000   37.5000 7632.3833   11.6680
    7.5000  -45.0000   37.5000 7256.5649   11.6635
   -7.5000  -37.5000   37.5000 8025.8511   11.3938
    0.0000  -37.5000   37.5000 8364.9219   11.3795
    7.5000  -37.5000   37.5000 7975.7417   11.3752
   -7.5000  -30.0000   37.5000 9069.4854   11.2085
    0.0000  -30.0000   37.5000 9447.4492   11.1945
    7.5000  -30.0000   37.5000 9022.8662   11.1926
   -7.5000  -22.5000   37.500010140.5469   11.0985
    0.0000  -22.5000   37.500010573.4512   11.0920
    7.5000  -22.5000   37.500010088.7178   11.0920
   -7.5000  -15.0000   37.500011201.3447   11.0669
    0.0000  -15.0000   37.500011682.4375   11.0686
    7.5000  -15.0000   37.500011145.3193   11.0688
   -7.5000   -7.5000   37.500012240.3164   11.0624
    0.0000   -7.5000   37.500012761.5068   11.0648
    7.5000   -7.5000   37.500012154.5293   11.0635
   -7.5000    0.0000   37.500013194.4912   11.0760
    0.0000    0.0000   37.500013751.0312   11.0714
    7.5000    0.0000   37.500013085.9014   11.0680
   -7.5000    7.5000   37.500013096.6709   11.0856
    0.0000    7.5000   37.500013636.2715   11.0733
    7.5000    7.5000   37.500012996.5615   11.0695
   -7.5000   15.0000   37.500012871.3223   11.0820
    0.0000   15.0000   37.500013401.0264   11.0686
    7.5000   15.0000   37.500012788.6084   11.0667
   -7.5000   22.5000   37.500012621.5801   11.0637
    0.0000   22.5000   37.500013135.3281   11.0575
    7.5000   22.5000   37.500012525.3975   11.0576
   -7.5000   30.0000   37.500012130.2090   10.9158
    0.0000   30.0000   37.500012620.0537   10.9176
    7.5000   30.0000   37.500012000.7588   10.9179
   -7.5000   37.5000   37.500011794.0938   10.9193
    0.0000   37.5000   37.500012264.1035   10.9216
    7.5000   37.5000   37.500011658.0283   10.9203
   -7.5000   45.0000   37.500010914.0996   10.6760
    0.0000   45.0000   37.500011371.1885   10.6716
    7.5000   45.0000   37.500010809.6807   10.6682
   -7.5000  -45.0000   45.0000 6711.9819   11.9781
    0.0000  -45.0000   45.0000 6997.0059   11.9652
    7.5000  -45.0000   45.0000 6655.9458   11.9606
   -7.5000  -37.5000   45.0000 7361.3564   11.6821
    0.0000  -37.5000   45.0000 7670.4443   11.6610
    7.5000  -37.5000   45.0000 7315.8223   11.6538
   -7.5000  -30.0000   45.0000 8313.4385   11.4881
    0.0000  -30.0000   45.0000 8669.1299   11.4673
    7.5000  -30.0000   45.0000 8269.3672   11.4618
   -7.5000  -22.5000   45.0000 9301.9834   11.3697
    0.0000  -22.5000   45.0000 9697.7100   11.3597
    7.5000  -22.5000   45.0000 9240.0967   11.3583
   -7.5000  -15.0000   45.000010267.0156   11.3334
    0.0000  -15.0000   45.000010710.6797   11.3345
    7.5000  -15.0000   45.000010203.5469   11.3360
   -7.5000   -7.5000   45.000011190.8145   11.3286
    0.0000   -7.5000   45.000011699.4043   11.3301
    7.5000   -7.5000   45.000011128.5156   11.3306
   -7.5000    0.0000   45.000012050.9424   11.3449
    0.0000    0.0000   45.000012607.5146   11.3368
    7.5000    0.0000   45.000011967.2246   11.3333
   -7.5000    7.5000   45.000011942.7100   11.3577
    0.0000    7.5000   45.000012482.7158   11.3391
    7.5000    7.5000   45.000011861.7188   11.3326
   -7.5000   15.0000   45.000011724.0332   11.3552
    0.0000   15.0000   45.000012260.8740   11.3353
    7.5000   15.0000   45.000011652.3994   11.3299
   -7.5000   22.5000   45.000011478.2920   11.3335
    0.0000   22.5000   45.000011995.9580   11.3238
    7.5000   22.5000   45.000011405.7734   11.3224
   -7.5000   30.0000   45.000011050.5713   11.1774
    0.0000   30.0000   45.000011547.1162   11.1786
    7.5000   30.0000   45.000010963.7070   11.1802
   -7.5000   37.5000   45.000010762.8291   11.1810
    0.0000   37.5000   45.000011226.4434   11.1825
    7.5000   37.5000   45.000010654.8955   11.1830
   -7.5000   45.0000   45.0000 9978.5527   10.9401
    0.0000   45.0000   45.000010418.5742   10.9323
    7.5000   45.0000   45.0000 9892.7949   10.9290

---------------------------------------------------------------------
imgreg_4dfp /opt/freesurfer/average/711-2C_as_mni_average_305 /opt/freesurfer/average/711-2B_as_mni_average_305_mask talsrcimg_g11 none talsrcimg_to_711-2C_as_mni_average_305_t4 4355
---------------------------------------------------------------------

freesurfer imgreg_4dfp.c
/opt/freesurfer/average/711-2C_as_mni_average_305.4dfp.img
       256       256       256         1
  1.000000  1.000000  1.000000
orientation T byte_order littleendian
Reading image: /opt/freesurfer/average/711-2C_as_mni_average_305.4dfp.img
dimensions:      256       256       256
mmppix:       1.0000   -1.0000   -1.0000
center:     128.0000 -129.0000 -129.0000
/opt/freesurfer/average/711-2B_as_mni_average_305_mask.4dfp.img
       256       256       256         1
  1.000000  1.000000  1.000000
orientation T byte_order littleendian
Reading mask: /opt/freesurfer/average/711-2B_as_mni_average_305_mask.4dfp.img (2306576 pixels)
talsrcimg_g11.4dfp.img
       256       256       256         1
  1.000000  1.000000  1.000000
orientation T byte_order littleendian
Reading image: talsrcimg_g11.4dfp.img
dimensions:      256       256       256
mmppix:       1.0000   -1.0000   -1.0000
center:     128.0000 -129.0000 -129.0000
rotation matrix determinant  1.000000
image alignment mode   4355 decimal     1103 hex
   -7.5000  -37.5000  -45.0000 2089.2937   13.1086
    0.0000  -37.5000  -45.0000 2094.8655   13.1280
    7.5000  -37.5000  -45.0000 2077.6321   13.1775
   -7.5000  -30.0000  -45.0000 2196.1084   11.7874
    0.0000  -30.0000  -45.0000 2205.7112   11.8267
    7.5000  -30.0000  -45.0000 2187.6003   11.8529
   -7.5000  -22.5000  -45.0000 2301.4900   10.7534
    0.0000  -22.5000  -45.0000 2310.1252   10.8066
    7.5000  -22.5000  -45.0000 2292.8433   10.8402
   -7.5000  -15.0000  -45.0000 2381.6108    9.9962
    0.0000  -15.0000  -45.0000 2385.9163   10.0317
    7.5000  -15.0000  -45.0000 2368.6206   10.0688
   -7.5000   -7.5000  -45.0000 2432.3430    9.4354
    0.0000   -7.5000  -45.0000 2436.6418    9.4605
    7.5000   -7.5000  -45.0000 2415.5139    9.5233
   -7.5000    0.0000  -45.0000 2460.3105    9.0490
    0.0000    0.0000  -45.0000 2466.8630    9.0676
    7.5000    0.0000  -45.0000 2443.3621    9.1619
   -7.5000    7.5000  -45.0000 2467.7905    8.8496
    0.0000    7.5000  -45.0000 2480.7263    8.8436
    7.5000    7.5000  -45.0000 2455.8677    8.9492
   -7.5000   15.0000  -45.0000 2471.7427    8.8186
    0.0000   15.0000  -45.0000 2481.2910    8.8012
    7.5000   15.0000  -45.0000 2460.9253    8.8942
   -7.5000   22.5000  -45.0000 2468.3362    8.8952
    0.0000   22.5000  -45.0000 2476.3677    8.8683
    7.5000   22.5000  -45.0000 2457.2849    8.9827
   -7.5000   30.0000  -45.0000 2449.2698    9.1465
    0.0000   30.0000  -45.0000 2461.8555    9.1318
    7.5000   30.0000  -45.0000 2438.4180    9.2541
   -7.5000   37.5000  -45.0000 2417.9658    9.5495
    0.0000   37.5000  -45.0000 2430.2070    9.5387
    7.5000   37.5000  -45.0000 2402.9001    9.6711
   -7.5000   45.0000  -45.0000 2362.7234   10.1066
    0.0000   45.0000  -45.0000 2375.6267   10.0970
    7.5000   45.0000  -45.0000 2346.7920   10.2102
   -7.5000   52.5000  -45.0000 2265.4827   10.7602
    0.0000   52.5000  -45.0000 2278.7827   10.7558
    7.5000   52.5000  -45.0000 2253.8325   10.8628
   -7.5000  -37.5000  -37.5000 2148.4832   12.3858
    0.0000  -37.5000  -37.5000 2156.1858   12.4030
    7.5000  -37.5000  -37.5000 2137.5010   12.4275
   -7.5000  -30.0000  -37.5000 2266.3894   11.1458
    0.0000  -30.0000  -37.5000 2277.5354   11.1452
    7.5000  -30.0000  -37.5000 2253.0808   11.1708
   -7.5000  -22.5000  -37.5000 2379.4280   10.1341
    0.0000  -22.5000  -37.5000 2384.5627   10.1425
    7.5000  -22.5000  -37.5000 2363.4036   10.1905
   -7.5000  -15.0000  -37.5000 2465.3706    9.3709
    0.0000  -15.0000  -37.5000 2469.7947    9.3788
    7.5000  -15.0000  -37.5000 2443.8718    9.4541
   -7.5000   -7.5000  -37.5000 2516.7590    8.8446
    0.0000   -7.5000  -37.5000 2525.7793    8.8401
    7.5000   -7.5000  -37.5000 2500.8645    8.9115
   -7.5000    0.0000  -37.5000 2550.4067    8.4420
    0.0000    0.0000  -37.5000 2559.5132    8.4257
    7.5000    0.0000  -37.5000 2538.2253    8.5258
   -7.5000    7.5000  -37.5000 2573.0056    8.2198
    0.0000    7.5000  -37.5000 2583.1936    8.1883
    7.5000    7.5000  -37.5000 2560.8970    8.2904
   -7.5000   15.0000  -37.5000 2574.1763    8.1920
    0.0000   15.0000  -37.5000 2579.5022    8.1668
    7.5000   15.0000  -37.5000 2564.7822    8.2680
   -7.5000   22.5000  -37.5000 2569.4778    8.2545
    0.0000   22.5000  -37.5000 2578.0776    8.2199
    7.5000   22.5000  -37.5000 2561.6506    8.3385
   -7.5000   30.0000  -37.5000 2551.9587    8.4736
    0.0000   30.0000  -37.5000 2561.9419    8.4439
    7.5000   30.0000  -37.5000 2540.9453    8.5750
   -7.5000   37.5000  -37.5000 2518.7847    8.8385
    0.0000   37.5000  -37.5000 2532.1101    8.8097
    7.5000   37.5000  -37.5000 2506.2156    8.9368
   -7.5000   45.0000  -37.5000 2463.9329    9.3500
    0.0000   45.0000  -37.5000 2477.8418    9.3335
    7.5000   45.0000  -37.5000 2449.4397    9.4584
   -7.5000   52.5000  -37.5000 2362.8970    9.9630
    0.0000   52.5000  -37.5000 2377.6501    9.9528
    7.5000   52.5000  -37.5000 2347.7649   10.0705
   -7.5000  -37.5000  -30.0000 2242.3872   12.1717
    0.0000  -37.5000  -30.0000 2253.1157   12.1679
    7.5000  -37.5000  -30.0000 2238.3279   12.2035
   -7.5000  -30.0000  -30.0000 2366.4565   10.9227
    0.0000  -30.0000  -30.0000 2376.2910   10.9167
    7.5000  -30.0000  -30.0000 2358.4744   10.9605
   -7.5000  -22.5000  -30.0000 2482.3044    9.9076
    0.0000  -22.5000  -30.0000 2491.7256    9.8995
    7.5000  -22.5000  -30.0000 2467.4214    9.9790
   -7.5000  -15.0000  -30.0000 2575.0889    9.1246
    0.0000  -15.0000  -30.0000 2583.6809    9.1130
    7.5000  -15.0000  -30.0000 2555.5779    9.2260
   -7.5000   -7.5000  -30.0000 2639.6216    8.5744
    0.0000   -7.5000  -30.0000 2650.0056    8.5314
    7.5000   -7.5000  -30.0000 2626.2642    8.6446
   -7.5000    0.0000  -30.0000 2678.6404    8.1729
    0.0000    0.0000  -30.0000 2688.6370    8.1423
    7.5000    0.0000  -30.0000 2670.0911    8.2407
   -7.5000    7.5000  -30.0000 2715.1226    7.9191
    0.0000    7.5000  -30.0000 2726.0212    7.8896
    7.5000    7.5000  -30.0000 2703.8372    7.9892
   -7.5000   15.0000  -30.0000 2721.7979    7.8673
    0.0000   15.0000  -30.0000 2730.1038    7.8458
    7.5000   15.0000  -30.0000 2706.4307    7.9512
   -7.5000   22.5000  -30.0000 2718.7285    7.9232
    0.0000   22.5000  -30.0000 2731.5273    7.9000
    7.5000   22.5000  -30.0000 2708.7068    8.0181
   -7.5000   30.0000  -30.0000 2701.5129    8.1454
    0.0000   30.0000  -30.0000 2716.0793    8.1144
    7.5000   30.0000  -30.0000 2688.8931    8.2418
   -7.5000   37.5000  -30.0000 2668.5833    8.5006
    0.0000   37.5000  -30.0000 2683.1577    8.4624
    7.5000   37.5000  -30.0000 2654.9741    8.6056
   -7.5000   45.0000  -30.0000 2608.1526    9.0034
    0.0000   45.0000  -30.0000 2621.8333    8.9535
    7.5000   45.0000  -30.0000 2596.1792    9.0978
   -7.5000   52.5000  -30.0000 2496.5813    9.6083
    0.0000   52.5000  -30.0000 2509.5718    9.5713
    7.5000   52.5000  -30.0000 2484.3665    9.7087
   -7.5000  -37.5000  -22.5000 2308.0884   11.8752
    0.0000  -37.5000  -22.5000 2319.7881   11.8678
    7.5000  -37.5000  -22.5000 2302.5667   11.9433
   -7.5000  -30.0000  -22.5000 2431.4470   10.6284
    0.0000  -30.0000  -22.5000 2442.7441   10.6116
    7.5000  -30.0000  -22.5000 2424.7065   10.6949
   -7.5000  -22.5000  -22.5000 2546.8989    9.6131
    0.0000  -22.5000  -22.5000 2558.6118    9.5806
    7.5000  -22.5000  -22.5000 2538.1360    9.6911
   -7.5000  -15.0000  -22.5000 2648.4670    8.8217
    0.0000  -15.0000  -22.5000 2658.8438    8.7843
    7.5000  -15.0000  -22.5000 2638.1997    8.9063
   -7.5000   -7.5000  -22.5000 2724.3867    8.2382
    0.0000   -7.5000  -22.5000 2738.0459    8.2068
    7.5000   -7.5000  -22.5000 2714.8052    8.3310
   -7.5000    0.0000  -22.5000 2773.2805    7.8205
    0.0000    0.0000  -22.5000 2788.0156    7.7947
    7.5000    0.0000  -22.5000 2764.2075    7.9042
   -7.5000    7.5000  -22.5000 2816.7847    7.5671
    0.0000    7.5000  -22.5000 2833.2192    7.5340
    7.5000    7.5000  -22.5000 2803.3474    7.6510
   -7.5000   15.0000  -22.5000 2833.6875    7.4809
    0.0000   15.0000  -22.5000 2845.4937    7.4565
    7.5000   15.0000  -22.5000 2818.2036    7.5773
   -7.5000   22.5000  -22.5000 2841.2234    7.5354
    0.0000   22.5000  -22.5000 2855.1118    7.5129
    7.5000   22.5000  -22.5000 2826.4739    7.6337
   -7.5000   30.0000  -22.5000 2827.9160    7.7541
    0.0000   30.0000  -22.5000 2844.8442    7.7183
    7.5000   30.0000  -22.5000 2814.0964    7.8599
   -7.5000   37.5000  -22.5000 2786.5525    8.1193
    0.0000   37.5000  -22.5000 2801.5222    8.0633
    7.5000   37.5000  -22.5000 2774.0227    8.2176
   -7.5000   45.0000  -22.5000 2716.3530    8.6198
    0.0000   45.0000  -22.5000 2730.4263    8.5603
    7.5000   45.0000  -22.5000 2706.6716    8.7108
   -7.5000   52.5000  -22.5000 2596.5571    9.2330
    0.0000   52.5000  -22.5000 2608.8835    9.1831
    7.5000   52.5000  -22.5000 2586.0774    9.3303
   -7.5000  -37.5000  -15.0000 2337.3616   11.5772
    0.0000  -37.5000  -15.0000 2348.0500   11.5639
    7.5000  -37.5000  -15.0000 2333.4463   11.6854
   -7.5000  -30.0000  -15.0000 2465.7336   10.3268
    0.0000  -30.0000  -15.0000 2475.7722   10.3151
    7.5000  -30.0000  -15.0000 2453.6919   10.4271
   -7.5000  -22.5000  -15.0000 2584.1604    9.3094
    0.0000  -22.5000  -15.0000 2595.7129    9.2709
    7.5000  -22.5000  -15.0000 2574.5913    9.4001
   -7.5000  -15.0000  -15.0000 2689.8342    8.5142
    0.0000  -15.0000  -15.0000 2703.8777    8.4661
    7.5000  -15.0000  -15.0000 2682.9822    8.6022
   -7.5000   -7.5000  -15.0000 2774.4768    7.9222
    0.0000   -7.5000  -15.0000 2787.4233    7.8856
    7.5000   -7.5000  -15.0000 2765.7629    8.0102
   -7.5000    0.0000  -15.0000 2832.0344    7.4841
    0.0000    0.0000  -15.0000 2847.2546    7.4607
    7.5000    0.0000  -15.0000 2821.9985    7.5956
   -7.5000    7.5000  -15.0000 2878.0930    7.2304
    0.0000    7.5000  -15.0000 2894.0322    7.1918
    7.5000    7.5000  -15.0000 2864.7488    7.3423
   -7.5000   15.0000  -15.0000 2908.4583    7.1241
    0.0000   15.0000  -15.0000 2925.2188    7.0881
    7.5000   15.0000  -15.0000 2888.8833    7.2563
   -7.5000   22.5000  -15.0000 2927.0300    7.1653
    0.0000   22.5000  -15.0000 2944.6365    7.1230
    7.5000   22.5000  -15.0000 2905.1416    7.3038
   -7.5000   30.0000  -15.0000 2914.2773    7.3836
    0.0000   30.0000  -15.0000 2931.9585    7.3283
    7.5000   30.0000  -15.0000 2900.1580    7.5087
   -7.5000   37.5000  -15.0000 2867.9736    7.7510
    0.0000   37.5000  -15.0000 2883.0581    7.6949
    7.5000   37.5000  -15.0000 2854.7881    7.8697
   -7.5000   45.0000  -15.0000 2789.4419    8.2610
    0.0000   45.0000  -15.0000 2804.7173    8.2104
    7.5000   45.0000  -15.0000 2777.2708    8.3828
   -7.5000   52.5000  -15.0000 2660.1797    8.8669
    0.0000   52.5000  -15.0000 2677.2742    8.8141
    7.5000   52.5000  -15.0000 2648.6472    8.9967
   -7.5000  -37.5000   -7.5000 2348.8347   11.3612
    0.0000  -37.5000   -7.5000 2365.6243   11.3227
    7.5000  -37.5000   -7.5000 2347.5493   11.5171
   -7.5000  -30.0000   -7.5000 2477.6599   10.1044
    0.0000  -30.0000   -7.5000 2489.5198   10.0474
    7.5000  -30.0000   -7.5000 2470.4529   10.2341
   -7.5000  -22.5000   -7.5000 2595.2351    9.0740
    0.0000  -22.5000   -7.5000 2607.4802    9.0214
    7.5000  -22.5000   -7.5000 2590.5542    9.2039
   -7.5000  -15.0000   -7.5000 2705.4890    8.2633
    0.0000  -15.0000   -7.5000 2717.8772    8.2221
    7.5000  -15.0000   -7.5000 2698.2788    8.3883
   -7.5000   -7.5000   -7.5000 2795.5557    7.6626
    0.0000   -7.5000   -7.5000 2809.5459    7.6079
    7.5000   -7.5000   -7.5000 2785.2998    7.7648
   -7.5000    0.0000   -7.5000 2866.3450    7.2250
    0.0000    0.0000   -7.5000 2885.1790    7.1760
    7.5000    0.0000   -7.5000 2858.9407    7.3420
   -7.5000    7.5000   -7.5000 2917.8120    6.9711
    0.0000    7.5000   -7.5000 2936.9065    6.9247
    7.5000    7.5000   -7.5000 2909.2717    7.0867
   -7.5000   15.0000   -7.5000 2964.3818    6.8618
    0.0000   15.0000   -7.5000 2983.3118    6.8225
    7.5000   15.0000   -7.5000 2944.5867    7.0028
   -7.5000   22.5000   -7.5000 2991.3716    6.8808
    0.0000   22.5000   -7.5000 3009.6304    6.8380
    7.5000   22.5000   -7.5000 2960.7283    7.0644
   -7.5000   30.0000   -7.5000 2972.4043    7.0791
    0.0000   30.0000   -7.5000 2991.8777    7.0131
    7.5000   30.0000   -7.5000 2949.5010    7.2384
   -7.5000   37.5000   -7.5000 2922.1914    7.4512
    0.0000   37.5000   -7.5000 2942.5540    7.3895
    7.5000   37.5000   -7.5000 2901.6104    7.5763
   -7.5000   45.0000   -7.5000 2840.5054    7.9680
    0.0000   45.0000   -7.5000 2858.2163    7.9018
    7.5000   45.0000   -7.5000 2820.6411    8.0681
   -7.5000   52.5000   -7.5000 2703.0576    8.5927
    0.0000   52.5000   -7.5000 2720.1565    8.5247
    7.5000   52.5000   -7.5000 2686.6648    8.6755
   -7.5000  -37.5000    0.0000 2349.0583   11.2939
    0.0000  -37.5000    0.0000 2364.3455   11.2508
    7.5000  -37.5000    0.0000 2345.8909   11.4736
   -7.5000  -30.0000    0.0000 2473.0496   10.0244
    0.0000  -30.0000    0.0000 2487.1389    9.9803
    7.5000  -30.0000    0.0000 2468.7417   10.2033
   -7.5000  -22.5000    0.0000 2589.5847    8.9805
    0.0000  -22.5000    0.0000 2602.1348    8.9450
    7.5000  -22.5000    0.0000 2582.4016    9.1810
   -7.5000  -15.0000    0.0000 2694.8555    8.1521
    0.0000  -15.0000    0.0000 2709.5002    8.1105
    7.5000  -15.0000    0.0000 2691.2585    8.3453
   -7.5000   -7.5000    0.0000 2789.0142    7.5315
    0.0000   -7.5000    0.0000 2805.5581    7.4856
    7.5000   -7.5000    0.0000 2788.4263    7.7056
   -7.5000    0.0000    0.0000 2872.5901    7.1087
    0.0000    0.0000    0.0000 2894.0823    7.0608
    7.5000    0.0000    0.0000 2871.7307    7.2605
   -7.5000    7.5000    0.0000 2942.4590    6.8659
    0.0000    7.5000    0.0000 2969.0220    6.8204
    7.5000    7.5000    0.0000 2935.5403    6.9880
   -7.5000   15.0000    0.0000 3001.8149    6.7824
    0.0000   15.0000    0.0000 3031.5989    6.7345
    7.5000   15.0000    0.0000 2982.5073    6.8682
   -7.5000   22.5000    0.0000 3024.2400    6.8349
    0.0000   22.5000    0.0000 3055.3887    6.7837
    7.5000   22.5000    0.0000 2993.6304    6.9354
   -7.5000   30.0000    0.0000 3004.2808    6.9557
    0.0000   30.0000    0.0000 3027.3083    6.9051
    7.5000   30.0000    0.0000 2970.3948    7.0941
   -7.5000   37.5000    0.0000 2955.8501    7.2587
    0.0000   37.5000    0.0000 2978.3835    7.2060
    7.5000   37.5000    0.0000 2926.8704    7.3785
   -7.5000   45.0000    0.0000 2866.6719    7.7898
    0.0000   45.0000    0.0000 2885.7576    7.7308
    7.5000   45.0000    0.0000 2844.6460    7.8738
   -7.5000   52.5000    0.0000 2721.7891    8.4554
    0.0000   52.5000    0.0000 2738.5825    8.4038
    7.5000   52.5000    0.0000 2704.7185    8.5280
   -7.5000  -37.5000    7.5000 2340.9592   11.3423
    0.0000  -37.5000    7.5000 2359.5532   11.2935
    7.5000  -37.5000    7.5000 2338.4429   11.6012
   -7.5000  -30.0000    7.5000 2460.4541   10.0663
    0.0000  -30.0000    7.5000 2474.9094   10.0123
    7.5000  -30.0000    7.5000 2459.2219   10.3048
   -7.5000  -22.5000    7.5000 2568.6218    9.0442
    0.0000  -22.5000    7.5000 2584.7578    9.0014
    7.5000  -22.5000    7.5000 2568.3965    9.2802
   -7.5000  -15.0000    7.5000 2675.8464    8.2343
    0.0000  -15.0000    7.5000 2692.6323    8.2055
    7.5000  -15.0000    7.5000 2679.4265    8.4460
   -7.5000   -7.5000    7.5000 2777.7314    7.6267
    0.0000   -7.5000    7.5000 2795.7156    7.5894
    7.5000   -7.5000    7.5000 2777.3933    7.7980
   -7.5000    0.0000    7.5000 2867.3906    7.1988
    0.0000    0.0000    7.5000 2886.5413    7.1511
    7.5000    0.0000    7.5000 2864.9734    7.3194
   -7.5000    7.5000    7.5000 2951.8303    6.9356
    0.0000    7.5000    7.5000 2973.7566    6.8970
    7.5000    7.5000    7.5000 2936.7600    7.0323
   -7.5000   15.0000    7.5000 3022.3323    6.8388
    0.0000   15.0000    7.5000 3048.4595    6.8133
    7.5000   15.0000    7.5000 2988.6267    6.9208
   -7.5000   22.5000    7.5000 3041.4060    6.8767
    0.0000   22.5000    7.5000 3073.3762    6.8438
    7.5000   22.5000    7.5000 3001.3047    6.9591
   -7.5000   30.0000    7.5000 3005.7844    7.0262
    0.0000   30.0000    7.5000 3028.7532    6.9691
    7.5000   30.0000    7.5000 2974.8545    7.1035
   -7.5000   37.5000    7.5000 2950.1580    7.3004
    0.0000   37.5000    7.5000 2972.0618    7.2505
    7.5000   37.5000    7.5000 2923.5457    7.3990
   -7.5000   45.0000    7.5000 2860.9084    7.7997
    0.0000   45.0000    7.5000 2876.7075    7.7532
    7.5000   45.0000    7.5000 2838.8965    7.8958
   -7.5000   52.5000    7.5000 2720.3594    8.4314
    0.0000   52.5000    7.5000 2731.3909    8.3843
    7.5000   52.5000    7.5000 2702.3113    8.5159
   -7.5000  -37.5000   15.0000 2317.7673   11.6058
    0.0000  -37.5000   15.0000 2332.6541   11.5677
    7.5000  -37.5000   15.0000 2313.6243   11.8760
   -7.5000  -30.0000   15.0000 2437.8372   10.3150
    0.0000  -30.0000   15.0000 2450.7307   10.2763
    7.5000  -30.0000   15.0000 2431.9941   10.5761
   -7.5000  -22.5000   15.0000 2548.1436    9.3028
    0.0000  -22.5000   15.0000 2562.6277    9.2612
    7.5000  -22.5000   15.0000 2544.5852    9.5202
   -7.5000  -15.0000   15.0000 2656.9448    8.4765
    0.0000  -15.0000   15.0000 2671.2192    8.4471
    7.5000  -15.0000   15.0000 2656.7185    8.6585
   -7.5000   -7.5000   15.0000 2756.8457    7.8199
    0.0000   -7.5000   15.0000 2774.3413    7.7840
    7.5000   -7.5000   15.0000 2755.1140    7.9748
   -7.5000    0.0000   15.0000 2850.6287    7.3524
    0.0000    0.0000   15.0000 2869.6626    7.3011
    7.5000    0.0000   15.0000 2847.8936    7.4753
   -7.5000    7.5000   15.0000 2937.4333    7.0754
    0.0000    7.5000   15.0000 2960.8970    7.0212
    7.5000    7.5000   15.0000 2925.5791    7.1736
   -7.5000   15.0000   15.0000 3003.4680    6.9446
    0.0000   15.0000   15.0000 3028.6602    6.8826
    7.5000   15.0000   15.0000 2972.6702    7.0532
   -7.5000   22.5000   15.0000 3022.2524    6.9625
    0.0000   22.5000   15.0000 3039.9963    6.8967
    7.5000   22.5000   15.0000 2982.3445    7.1013
   -7.5000   30.0000   15.0000 2982.9978    7.1571
    0.0000   30.0000   15.0000 2999.8040    7.0812
    7.5000   30.0000   15.0000 2954.9902    7.2735
   -7.5000   37.5000   15.0000 2918.2456    7.4882
    0.0000   37.5000   15.0000 2936.8945    7.4171
    7.5000   37.5000   15.0000 2898.4404    7.5911
   -7.5000   45.0000   15.0000 2822.5332    7.9956
    0.0000   45.0000   15.0000 2838.5527    7.9242
    7.5000   45.0000   15.0000 2808.6304    8.0764
   -7.5000   52.5000   15.0000 2686.9697    8.5954
    0.0000   52.5000   15.0000 2698.9578    8.5306
    7.5000   52.5000   15.0000 2673.6758    8.6618
   -7.5000  -37.5000   22.5000 2276.3384   12.0691
    0.0000  -37.5000   22.5000 2292.3511   12.0427
    7.5000  -37.5000   22.5000 2273.6721   12.3567
   -7.5000  -30.0000   22.5000 2403.8203   10.7129
    0.0000  -30.0000   22.5000 2415.9749   10.6710
    7.5000  -30.0000   22.5000 2394.4358   10.9671
   -7.5000  -22.5000   22.5000 2520.1145    9.6322
    0.0000  -22.5000   22.5000 2536.1990    9.5791
    7.5000  -22.5000   22.5000 2511.6833    9.8404
   -7.5000  -15.0000   22.5000 2629.3223    8.7557
    0.0000  -15.0000   22.5000 2646.9788    8.6984
    7.5000  -15.0000   22.5000 2623.3076    8.9543
   -7.5000   -7.5000   22.5000 2729.8406    8.0997
    0.0000   -7.5000   22.5000 2748.4219    8.0319
    7.5000   -7.5000   22.5000 2725.7637    8.2589
   -7.5000    0.0000   22.5000 2825.3579    7.6309
    0.0000    0.0000   22.5000 2843.2507    7.5606
    7.5000    0.0000   22.5000 2819.8982    7.7613
   -7.5000    7.5000   22.5000 2904.7612    7.3380
    0.0000    7.5000   22.5000 2925.4536    7.2682
    7.5000    7.5000   22.5000 2891.4094    7.4488
   -7.5000   15.0000   22.5000 2954.1755    7.2027
    0.0000   15.0000   22.5000 2976.9834    7.1140
    7.5000   15.0000   22.5000 2933.9236    7.3265
   -7.5000   22.5000   22.5000 2963.6357    7.2453
    0.0000   22.5000   22.5000 2979.1492    7.1676
    7.5000   22.5000   22.5000 2934.5842    7.3792
   -7.5000   30.0000   22.5000 2929.7871    7.4589
    0.0000   30.0000   22.5000 2946.6719    7.3853
    7.5000   30.0000   22.5000 2906.2002    7.5726
   -7.5000   37.5000   22.5000 2864.1738    7.7924
    0.0000   37.5000   22.5000 2876.6230    7.7120
    7.5000   37.5000   22.5000 2847.6091    7.8973
   -7.5000   45.0000   22.5000 2772.1111    8.2856
    0.0000   45.0000   22.5000 2783.4094    8.1909
    7.5000   45.0000   22.5000 2758.0349    8.3650
   -7.5000   52.5000   22.5000 2638.1924    8.8519
    0.0000   52.5000   22.5000 2648.3909    8.7746
    7.5000   52.5000   22.5000 2627.3115    8.9225
   -7.5000  -37.5000   30.0000 2227.0439   12.5984
    0.0000  -37.5000   30.0000 2242.2288   12.5808
    7.5000  -37.5000   30.0000 2225.4343   12.9310
   -7.5000  -30.0000   30.0000 2361.7009   11.1484
    0.0000  -30.0000   30.0000 2372.0171   11.1090
    7.5000  -30.0000   30.0000 2350.0530   11.4413
   -7.5000  -22.5000   30.0000 2481.4385   10.0208
    0.0000  -22.5000   30.0000 2496.3706    9.9491
    7.5000  -22.5000   30.0000 2472.3391   10.2628
   -7.5000  -15.0000   30.0000 2588.0500    9.1387
    0.0000  -15.0000   30.0000 2605.9299    9.0714
    7.5000  -15.0000   30.0000 2583.4221    9.3507
   -7.5000   -7.5000   30.0000 2690.7798    8.4771
    0.0000   -7.5000   30.0000 2710.7144    8.3942
    7.5000   -7.5000   30.0000 2684.7998    8.6489
   -7.5000    0.0000   30.0000 2780.3838    8.0088
    0.0000    0.0000   30.0000 2799.7856    7.9242
    7.5000    0.0000   30.0000 2770.6646    8.1395
   -7.5000    7.5000   30.0000 2852.4587    7.7205
    0.0000    7.5000   30.0000 2869.1970    7.6390
    7.5000    7.5000   30.0000 2836.6279    7.8386
   -7.5000   15.0000   30.0000 2893.0945    7.5802
    0.0000   15.0000   30.0000 2909.0647    7.4940
    7.5000   15.0000   30.0000 2875.7891    7.7033
   -7.5000   22.5000   30.0000 2888.8713    7.6493
    0.0000   22.5000   30.0000 2901.8547    7.5787
    7.5000   22.5000   30.0000 2871.5767    7.7706
   -7.5000   30.0000   30.0000 2856.1111    7.8577
    0.0000   30.0000   30.0000 2872.3733    7.7896
    7.5000   30.0000   30.0000 2834.0640    7.9599
   -7.5000   37.5000   30.0000 2788.4890    8.2066
    0.0000   37.5000   30.0000 2800.6045    8.1397
    7.5000   37.5000   30.0000 2775.2542    8.2990
   -7.5000   45.0000   30.0000 2701.1497    8.6847
    0.0000   45.0000   30.0000 2713.7976    8.6133
    7.5000   45.0000   30.0000 2692.8142    8.7632
   -7.5000   52.5000   30.0000 2572.7781    9.2367
    0.0000   52.5000   30.0000 2585.4011    9.1630
    7.5000   52.5000   30.0000 2564.8186    9.2928
   -7.5000  -37.5000   37.5000 2176.5657   13.2148
    0.0000  -37.5000   37.5000 2188.9065   13.1984
    7.5000  -37.5000   37.5000 2174.1108   13.5979
   -7.5000  -30.0000   37.5000 2313.1016   11.7019
    0.0000  -30.0000   37.5000 2323.5767   11.6578
    7.5000  -30.0000   37.5000 2303.7373   12.0310
   -7.5000  -22.5000   37.5000 2432.2566   10.5437
    0.0000  -22.5000   37.5000 2447.5781   10.4775
    7.5000  -22.5000   37.5000 2424.1519   10.7990
   -7.5000  -15.0000   37.5000 2537.8735    9.6527
    0.0000  -15.0000   37.5000 2556.0283    9.5842
    7.5000  -15.0000   37.5000 2532.6523    9.8596
   -7.5000   -7.5000   37.5000 2638.6575    8.9762
    0.0000   -7.5000   37.5000 2658.0508    8.9064
    7.5000   -7.5000   37.5000 2629.7590    9.1479
   -7.5000    0.0000   37.5000 2723.4946    8.5049
    0.0000    0.0000   37.5000 2741.9526    8.4353
    7.5000    0.0000   37.5000 2709.1230    8.6412
   -7.5000    7.5000   37.5000 2784.8696    8.2127
    0.0000    7.5000   37.5000 2802.6555    8.1371
    7.5000    7.5000   37.5000 2766.1162    8.3385
   -7.5000   15.0000   37.5000 2815.4104    8.0737
    0.0000   15.0000   37.5000 2829.6882    8.0178
    7.5000   15.0000   37.5000 2799.5142    8.1900
   -7.5000   22.5000   37.5000 2804.8240    8.1355
    0.0000   22.5000   37.5000 2819.5208    8.0887
    7.5000   22.5000   37.5000 2788.4902    8.2574
   -7.5000   30.0000   37.5000 2769.2024    8.3457
    0.0000   30.0000   37.5000 2784.7017    8.2962
    7.5000   30.0000   37.5000 2750.1692    8.4465
   -7.5000   37.5000   37.5000 2702.7810    8.6855
    0.0000   37.5000   37.5000 2717.3347    8.6353
    7.5000   37.5000   37.5000 2692.7615    8.7971
   -7.5000   45.0000   37.5000 2617.9172    9.1646
    0.0000   45.0000   37.5000 2633.5847    9.1224
    7.5000   45.0000   37.5000 2611.9778    9.2627
   -7.5000   52.5000   37.5000 2497.8606    9.7275
    0.0000   52.5000   37.5000 2511.1631    9.6832
    7.5000   52.5000   37.5000 2488.2886    9.8079
   -7.5000  -37.5000   45.0000 2124.6689   14.0481
    0.0000  -37.5000   45.0000 2134.5071   14.0287
    7.5000  -37.5000   45.0000 2116.2849   14.4408
   -7.5000  -30.0000   45.0000 2256.9004   12.4382
    0.0000  -30.0000   45.0000 2268.6099   12.4002
    7.5000  -30.0000   45.0000 2246.6099   12.7793
   -7.5000  -22.5000   45.0000 2374.1025   11.2486
    0.0000  -22.5000   45.0000 2388.1360   11.1931
    7.5000  -22.5000   45.0000 2361.7009   11.4898
   -7.5000  -15.0000   45.0000 2475.1294   10.3316
    0.0000  -15.0000   45.0000 2489.9111   10.2692
    7.5000  -15.0000   45.0000 2465.5408   10.5076
   -7.5000   -7.5000   45.0000 2568.8821    9.6222
    0.0000   -7.5000   45.0000 2588.3496    9.5652
    7.5000   -7.5000   45.0000 2558.6135    9.7838
   -7.5000    0.0000   45.0000 2646.8875    9.1396
    0.0000    0.0000   45.0000 2669.2061    9.0921
    7.5000    0.0000   45.0000 2633.0012    9.2665
   -7.5000    7.5000   45.0000 2697.5352    8.8318
    0.0000    7.5000   45.0000 2719.9688    8.7883
    7.5000    7.5000   45.0000 2683.0566    8.9571
   -7.5000   15.0000   45.0000 2715.7080    8.7071
    0.0000   15.0000   45.0000 2732.6006    8.6837
    7.5000   15.0000   45.0000 2702.8445    8.8194
   -7.5000   22.5000   45.0000 2704.1135    8.7541
    0.0000   22.5000   45.0000 2721.4180    8.7260
    7.5000   22.5000   45.0000 2689.8220    8.8723
   -7.5000   30.0000   45.0000 2672.7366    8.9361
    0.0000   30.0000   45.0000 2691.0408    8.9226
    7.5000   30.0000   45.0000 2657.8726    9.0560
   -7.5000   37.5000   45.0000 2616.0989    9.2578
    0.0000   37.5000   45.0000 2627.0857    9.2444
    7.5000   37.5000   45.0000 2598.7961    9.3774
   -7.5000   45.0000   45.0000 2533.8435    9.7411
    0.0000   45.0000   45.0000 2546.3884    9.7226
    7.5000   45.0000   45.0000 2521.2285    9.8481
   -7.5000   52.5000   45.0000 2411.4478   10.3320
    0.0000   52.5000   45.0000 2426.1841   10.2958
    7.5000   52.5000   45.0000 2401.5369   10.4118

---------------------------------------------------------------------
imgreg_4dfp /opt/freesurfer/average/711-2C_as_mni_average_305 /opt/freesurfer/average/711-2B_as_mni_average_305_mask talsrcimg_g11 none talsrcimg_to_711-2C_as_mni_average_305_t4 1283
---------------------------------------------------------------------

freesurfer imgreg_4dfp.c
/opt/freesurfer/average/711-2C_as_mni_average_305.4dfp.img
       256       256       256         1
  1.000000  1.000000  1.000000
orientation T byte_order littleendian
Reading image: /opt/freesurfer/average/711-2C_as_mni_average_305.4dfp.img
dimensions:      256       256       256
mmppix:       1.0000   -1.0000   -1.0000
center:     128.0000 -129.0000 -129.0000
/opt/freesurfer/average/711-2B_as_mni_average_305_mask.4dfp.img
       256       256       256         1
  1.000000  1.000000  1.000000
orientation T byte_order littleendian
Reading mask: /opt/freesurfer/average/711-2B_as_mni_average_305_mask.4dfp.img (2306576 pixels)
talsrcimg_g11.4dfp.img
       256       256       256         1
  1.000000  1.000000  1.000000
orientation T byte_order littleendian
Reading image: talsrcimg_g11.4dfp.img
dimensions:      256       256       256
mmppix:       1.0000   -1.0000   -1.0000
center:     128.0000 -129.0000 -129.0000
rotation matrix determinant  1.000000
fimgreg.f
image alignment mode   1283 decimal      503 hex
parameters
    0.0000   22.5000    7.5000    0.0000    0.0000    0.0000
eta,q 0.96424  6.86238
niter,ni,del,rscale     5    3   12.0000    1.2000
parameters
   -1.1757   20.7031    6.4644   -2.7038    0.3645   -1.9837
eta,q 0.96513  6.85167
  0.0453  0.0388  0.0401  0.0370  0.0426  0.0366
  0.0397  0.0370  0.0378  0.0358  0.0388  0.0351
  0.0369  0.0366  0.0365  0.0356  0.0366  0.0349
  0.0370  0.0365  0.0367  0.0364  0.0354  0.0354
  0.0405  0.0379  0.0380  0.0381  0.0357  0.0365
  0.0471  0.0416  0.0401  0.0401  0.0377  0.0385
  0.0549  0.0460  0.0436  0.0423  0.0412  0.0413
niter,ni,del,rscale     4    3   12.0000    1.2000
parameters
   -1.6820   21.5406    6.2857   -3.9947    0.9018   -2.0188
eta,q 0.96522  6.85390
  0.0477  0.0419  0.0392  0.0364  0.0422  0.0377
  0.0400  0.0375  0.0361  0.0359  0.0385  0.0359
  0.0350  0.0351  0.0351  0.0351  0.0361  0.0350
  0.0349  0.0346  0.0348  0.0348  0.0349  0.0348
  0.0380  0.0352  0.0351  0.0355  0.0350  0.0351
  0.0442  0.0360  0.0367  0.0372  0.0366  0.0359
  0.0517  0.0381  0.0397  0.0394  0.0403  0.0377
niter,ni,del,rscale     3    3   12.0000    1.2000
parameters
   -1.9400   22.3521    6.0258   -5.4253    1.1972   -1.4987
eta,q 0.96516  6.84441
  0.0489  0.0403  0.0387  0.0358  0.0417  0.0384
  0.0410  0.0365  0.0359  0.0355  0.0383  0.0367
  0.0354  0.0347  0.0352  0.0351  0.0361  0.0355
  0.0348  0.0347  0.0347  0.0348  0.0350  0.0349
  0.0375  0.0347  0.0351  0.0351  0.0351  0.0350
  0.0434  0.0351  0.0366  0.0365  0.0370  0.0358
  0.0507  0.0375  0.0395  0.0389  0.0409  0.0375
niter,ni,del,rscale     2    3   12.0000    1.2000
parameters
   -2.0927   23.5877    5.5830   -7.9845    1.3768   -1.7255
eta,q 0.96554  6.82404
  0.0497  0.0393  0.0386  0.0344  0.0412  0.0379
  0.0414  0.0364  0.0360  0.0344  0.0377  0.0362
  0.0355  0.0355  0.0348  0.0345  0.0356  0.0349
  0.0348  0.0348  0.0343  0.0343  0.0345  0.0345
  0.0373  0.0341  0.0350  0.0349  0.0347  0.0351
  0.0430  0.0343  0.0368  0.0364  0.0368  0.0367
  0.0505  0.0367  0.0403  0.0389  0.0408  0.0384
niter,ni,del,rscale     1    3   12.0000    1.2000
parameters
   -2.0728   25.7896    3.9645  -10.7550    1.1217   -2.6938
eta,q 0.96920  6.78103
  0.0500  0.0395  0.0359  0.0326  0.0379  0.0348
  0.0421  0.0371  0.0332  0.0313  0.0344  0.0324
  0.0359  0.0356  0.0321  0.0311  0.0321  0.0310
  0.0345  0.0345  0.0328  0.0321  0.0310  0.0311
  0.0362  0.0329  0.0350  0.0342  0.0319  0.0325
  0.0419  0.0328  0.0380  0.0366  0.0350  0.0350
  0.0497  0.0355  0.0419  0.0398  0.0396  0.0376
registration optimization eta report
parameter search radius
    6.0000    6.0000    6.0000    6.0000    6.0000    6.0000
100000*second partial in parameter space
       43.        9.       17.       11.       21.       14.
  0.0500  0.0395  0.0359  0.0326  0.0379  0.0348
  0.0421  0.0371  0.0332  0.0313  0.0344  0.0324
  0.0359  0.0356  0.0321  0.0311  0.0321  0.0310
  0.0345  0.0345  0.0328  0.0321  0.0310  0.0311
  0.0362  0.0329  0.0350  0.0342  0.0319  0.0325
  0.0419  0.0328  0.0380  0.0366  0.0350  0.0350
  0.0497  0.0355  0.0419  0.0398  0.0396  0.0376
   -2.0728   25.7896    3.9645  -10.7550    1.1217   -2.6938
eta,q 0.96920  6.78103

---------------------------------------------------------------------
imgreg_4dfp /opt/freesurfer/average/711-2C_as_mni_average_305 /opt/freesurfer/average/711-2B_as_mni_average_305_mask talsrcimg_g11 none talsrcimg_to_711-2C_as_mni_average_305_t4 3335
---------------------------------------------------------------------

freesurfer imgreg_4dfp.c
/opt/freesurfer/average/711-2C_as_mni_average_305.4dfp.img
       256       256       256         1
  1.000000  1.000000  1.000000
orientation T byte_order littleendian
Reading image: /opt/freesurfer/average/711-2C_as_mni_average_305.4dfp.img
dimensions:      256       256       256
mmppix:       1.0000   -1.0000   -1.0000
center:     128.0000 -129.0000 -129.0000
/opt/freesurfer/average/711-2B_as_mni_average_305_mask.4dfp.img
       256       256       256         1
  1.000000  1.000000  1.000000
orientation T byte_order littleendian
Reading mask: /opt/freesurfer/average/711-2B_as_mni_average_305_mask.4dfp.img (2306576 pixels)
talsrcimg_g11.4dfp.img
       256       256       256         1
  1.000000  1.000000  1.000000
orientation T byte_order littleendian
Reading image: talsrcimg_g11.4dfp.img
dimensions:      256       256       256
mmppix:       1.0000   -1.0000   -1.0000
center:     128.0000 -129.0000 -129.0000
fimgreg.f
image alignment mode   3335 decimal      D07 hex
parameters
   -2.0728   25.7896    3.9645   -0.1296   -1.8823   -1.7754
    4.9823   -1.0441   -4.6990   18.7307    1.9576  -18.6573
eta,q 0.96940  6.85041
niter,ni,del,rscale     5    3    5.0000    1.2000
parameter  4  0.661466 ->  0.500000 qaram    1.1500
parameters
   -1.7300   25.7690    4.1440   -4.2696   -4.6192   -2.2007
    4.7868   -1.1714   -4.4862   17.9704    3.9709  -19.0501
eta,q 0.97141  6.72631
  0.0337  0.0320  0.0317  0.0296  0.0296  0.0300  0.0304  0.0314  0.0303  0.0306  0.0300  0.0295
  0.0323  0.0311  0.0311  0.0291  0.0289  0.0295  0.0295  0.0298  0.0294  0.0296  0.0294  0.0290
  0.0312  0.0306  0.0307  0.0292  0.0286  0.0290  0.0288  0.0289  0.0289  0.0289  0.0289  0.0287
  0.0306  0.0305  0.0305  0.0305  0.0291  0.0286  0.0287  0.0287  0.0287  0.0287  0.0287  0.0286
  0.0306  0.0307  0.0306  0.0329  0.0300  0.0284  0.0289  0.0290  0.0288  0.0292  0.0286  0.0287
  0.0312  0.0312  0.0309  0.0356  0.0314  0.0292  0.0296  0.0300  0.0293  0.0302  0.0287  0.0291
  0.0325  0.0320  0.0314  0.0386  0.0335  0.0312  0.0306  0.0316  0.0301  0.0317  0.0290  0.0297
niter,ni,del,rscale     5    3    5.0000    1.2000
parameters
   -1.7819   25.6163    4.4016   -5.6024   -4.6377   -1.5236
    4.8449   -1.7794   -4.7085   18.1996    4.3551  -18.7213
eta,q 0.97140  6.71440
  0.0308  0.0301  0.0296  0.0307  0.0306  0.0303  0.0303  0.0308  0.0300  0.0312  0.0295  0.0298
  0.0295  0.0292  0.0291  0.0298  0.0300  0.0296  0.0295  0.0294  0.0292  0.0301  0.0291  0.0292
  0.0288  0.0287  0.0288  0.0291  0.0292  0.0291  0.0289  0.0287  0.0288  0.0291  0.0287  0.0288
  0.0286  0.0286  0.0286  0.0286  0.0287  0.0287  0.0286  0.0286  0.0286  0.0286  0.0286  0.0286
  0.0289  0.0289  0.0286  0.0289  0.0290  0.0284  0.0288  0.0291  0.0288  0.0288  0.0287  0.0287
  0.0297  0.0295  0.0288  0.0308  0.0298  0.0287  0.0294  0.0300  0.0294  0.0297  0.0289  0.0290
  0.0309  0.0304  0.0293  0.0337  0.0309  0.0302  0.0303  0.0316  0.0302  0.0311  0.0294  0.0296
niter,ni,del,rscale     4    3    5.0000    1.2000
parameters
   -1.8769   25.5929    4.7861   -5.9551   -4.8993   -1.3976
    5.0839   -1.9647   -4.9307   18.3108    4.6012  -18.2544
eta,q 0.97141  6.69890
  0.0305  0.0303  0.0298  0.0310  0.0305  0.0303  0.0304  0.0311  0.0300  0.0312  0.0296  0.0299
  0.0294  0.0294  0.0292  0.0301  0.0298  0.0296  0.0295  0.0296  0.0292  0.0300  0.0291  0.0292
  0.0288  0.0288  0.0288  0.0292  0.0291  0.0291  0.0289  0.0288  0.0287  0.0291  0.0287  0.0288
  0.0286  0.0286  0.0286  0.0286  0.0286  0.0286  0.0286  0.0286  0.0286  0.0286  0.0286  0.0286
  0.0289  0.0288  0.0286  0.0285  0.0289  0.0284  0.0287  0.0289  0.0288  0.0289  0.0287  0.0287
  0.0296  0.0294  0.0288  0.0297  0.0298  0.0290  0.0293  0.0298  0.0294  0.0298  0.0290  0.0290
  0.0309  0.0303  0.0293  0.0323  0.0310  0.0308  0.0302  0.0313  0.0302  0.0312  0.0294  0.0296
niter,ni,del,rscale     3    3    5.0000    1.2000
parameters
   -1.9523   25.5436    4.9329   -6.0347   -5.0921   -1.4000
    5.1469   -2.0290   -5.0492   18.2781    4.8138  -17.9441
eta,q 0.97141  6.68987
  0.0305  0.0302  0.0297  0.0310  0.0304  0.0303  0.0303  0.0312  0.0301  0.0311  0.0296  0.0299
  0.0295  0.0293  0.0292  0.0302  0.0298  0.0296  0.0295  0.0297  0.0293  0.0300  0.0291  0.0292
  0.0288  0.0288  0.0288  0.0293  0.0290  0.0291  0.0288  0.0288  0.0288  0.0290  0.0287  0.0287
  0.0286  0.0286  0.0286  0.0286  0.0286  0.0286  0.0286  0.0286  0.0286  0.0286  0.0286  0.0286
  0.0288  0.0288  0.0286  0.0284  0.0289  0.0284  0.0288  0.0289  0.0288  0.0289  0.0287  0.0287
  0.0296  0.0295  0.0289  0.0295  0.0297  0.0291  0.0294  0.0298  0.0293  0.0298  0.0290  0.0291
  0.0308  0.0303  0.0295  0.0320  0.0309  0.0309  0.0303  0.0312  0.0301  0.0313  0.0295  0.0296
niter,ni,del,rscale     2    3    5.0000    1.2000
parameters
   -1.9884   25.5010    5.0043   -6.0408   -5.1594   -1.4073
    5.1689   -2.0713   -5.1105   18.2015    4.8992  -17.7648
eta,q 0.97140  6.68657
  0.0306  0.0302  0.0297  0.0311  0.0305  0.0303  0.0303  0.0312  0.0301  0.0311  0.0296  0.0298
  0.0295  0.0294  0.0291  0.0302  0.0298  0.0296  0.0295  0.0297  0.0293  0.0300  0.0290  0.0292
  0.0288  0.0288  0.0288  0.0293  0.0291  0.0291  0.0288  0.0288  0.0288  0.0290  0.0287  0.0287
  0.0286  0.0286  0.0286  0.0286  0.0286  0.0286  0.0286  0.0286  0.0286  0.0286  0.0286  0.0286
  0.0288  0.0288  0.0286  0.0285  0.0288  0.0284  0.0288  0.0289  0.0288  0.0289  0.0287  0.0287
  0.0296  0.0295  0.0290  0.0294  0.0296  0.0291  0.0294  0.0298  0.0293  0.0299  0.0290  0.0291
  0.0308  0.0303  0.0296  0.0319  0.0308  0.0309  0.0303  0.0312  0.0301  0.0313  0.0295  0.0297
niter,ni,del,rscale     1    3    5.0000    1.2000
parameters
   -2.0047   25.4706    5.0386   -6.0414   -5.1669   -1.4116
    5.1854   -2.0873   -5.1391   18.1262    4.9363  -17.6543
eta,q 0.97141  6.68536
  0.0307  0.0303  0.0296  0.0311  0.0305  0.0303  0.0303  0.0312  0.0301  0.0311  0.0295  0.0298
  0.0296  0.0294  0.0291  0.0302  0.0298  0.0296  0.0295  0.0297  0.0293  0.0300  0.0290  0.0291
  0.0288  0.0288  0.0288  0.0293  0.0291  0.0291  0.0288  0.0288  0.0288  0.0290  0.0287  0.0287
  0.0286  0.0286  0.0286  0.0286  0.0286  0.0286  0.0286  0.0286  0.0286  0.0286  0.0286  0.0286
  0.0288  0.0288  0.0287  0.0285  0.0288  0.0284  0.0288  0.0289  0.0288  0.0289  0.0287  0.0287
  0.0296  0.0295  0.0290  0.0294  0.0296  0.0291  0.0294  0.0297  0.0293  0.0299  0.0290  0.0291
  0.0308  0.0303  0.0297  0.0319  0.0307  0.0309  0.0303  0.0312  0.0301  0.0313  0.0295  0.0297
registration optimization eta report
parameter search radius
    2.4000    2.4000    2.4000    8.2800    7.2000    7.2000
    7.2000    7.2000    7.2000    7.2000    7.2000    7.2000
100000*second partial in parameter space
       37.       29.       18.        4.        4.        4.
        3.        5.        3.        5.        2.        2.
  0.0307  0.0303  0.0296  0.0311  0.0305  0.0303  0.0303  0.0312  0.0301  0.0311  0.0295  0.0298
  0.0296  0.0294  0.0291  0.0302  0.0298  0.0296  0.0295  0.0297  0.0293  0.0300  0.0290  0.0291
  0.0288  0.0288  0.0288  0.0293  0.0291  0.0291  0.0288  0.0288  0.0288  0.0290  0.0287  0.0287
  0.0286  0.0286  0.0286  0.0286  0.0286  0.0286  0.0286  0.0286  0.0286  0.0286  0.0286  0.0286
  0.0288  0.0288  0.0287  0.0285  0.0288  0.0284  0.0288  0.0289  0.0288  0.0289  0.0287  0.0287
  0.0296  0.0295  0.0290  0.0294  0.0296  0.0291  0.0294  0.0297  0.0293  0.0299  0.0290  0.0291
  0.0308  0.0303  0.0297  0.0319  0.0307  0.0309  0.0303  0.0312  0.0301  0.0313  0.0295  0.0297
   -2.0047   25.4706    5.0386   -6.0414   -5.1669   -1.4116
    5.1854   -2.0873   -5.1391   18.1262    4.9363  -17.6543
eta,q 0.97141  6.68536

---------------------------------------------------------------------
imgreg_4dfp /opt/freesurfer/average/711-2C_as_mni_average_305 /opt/freesurfer/average/711-2B_as_mni_average_305_mask talsrcimg_g11 none talsrcimg_to_711-2C_as_mni_average_305_t4 2311
---------------------------------------------------------------------

freesurfer imgreg_4dfp.c
/opt/freesurfer/average/711-2C_as_mni_average_305.4dfp.img
       256       256       256         1
  1.000000  1.000000  1.000000
orientation T byte_order littleendian
Reading image: /opt/freesurfer/average/711-2C_as_mni_average_305.4dfp.img
dimensions:      256       256       256
mmppix:       1.0000   -1.0000   -1.0000
center:     128.0000 -129.0000 -129.0000
/opt/freesurfer/average/711-2B_as_mni_average_305_mask.4dfp.img
       256       256       256         1
  1.000000  1.000000  1.000000
orientation T byte_order littleendian
Reading mask: /opt/freesurfer/average/711-2B_as_mni_average_305_mask.4dfp.img (2306576 pixels)
talsrcimg_g11.4dfp.img
       256       256       256         1
  1.000000  1.000000  1.000000
orientation T byte_order littleendian
Reading image: talsrcimg_g11.4dfp.img
dimensions:      256       256       256
mmppix:       1.0000   -1.0000   -1.0000
center:     128.0000 -129.0000 -129.0000
fimgreg.f
image alignment mode   2311 decimal      907 hex
parameters
   -2.0047   25.4706    5.0386   -6.0414   -5.1669   -1.4116
    5.1854   -2.0873   -5.1391   18.1262    4.9363  -17.6543
eta,q 0.97141  6.68536
niter,ni,del,rscale     5    3    5.0000    0.8000
parameters
   -1.9880   25.4324    5.1318   -4.5931   -5.0034   -0.4047
    5.1789   -2.1395   -5.1810   17.7767    4.4056  -18.1489
eta,q 0.97173  6.75249
  0.0296  0.0294  0.0291  0.0300  0.0296  0.0295  0.0292  0.0297  0.0291  0.0295  0.0287  0.0287
  0.0290  0.0289  0.0289  0.0295  0.0291  0.0291  0.0287  0.0289  0.0286  0.0288  0.0284  0.0284
  0.0287  0.0287  0.0287  0.0290  0.0287  0.0288  0.0284  0.0284  0.0284  0.0284  0.0283  0.0283
  0.0286  0.0286  0.0286  0.0286  0.0284  0.0284  0.0283  0.0283  0.0283  0.0283  0.0283  0.0283
  0.0287  0.0287  0.0286  0.0284  0.0285  0.0282  0.0284  0.0285  0.0284  0.0285  0.0284  0.0284
  0.0290  0.0290  0.0288  0.0285  0.0289  0.0284  0.0287  0.0289  0.0287  0.0291  0.0286  0.0286
  0.0295  0.0294  0.0290  0.0290  0.0296  0.0290  0.0292  0.0297  0.0291  0.0299  0.0289  0.0289
niter,ni,del,rscale     4    3    5.0000    0.7000
parameters
   -2.0082   25.4287    4.8986   -4.5901   -4.8583   -0.2194
    5.3761   -2.1335   -5.0692   17.7704    4.2892  -18.5965
eta,q 0.97177  6.76510
  0.0291  0.0289  0.0286  0.0292  0.0293  0.0291  0.0289  0.0293  0.0289  0.0293  0.0286  0.0285
  0.0286  0.0286  0.0284  0.0288  0.0288  0.0288  0.0286  0.0287  0.0285  0.0288  0.0284  0.0283
  0.0283  0.0283  0.0283  0.0284  0.0285  0.0285  0.0283  0.0283  0.0283  0.0284  0.0283  0.0282
  0.0283  0.0283  0.0283  0.0283  0.0283  0.0283  0.0282  0.0282  0.0282  0.0282  0.0282  0.0282
  0.0284  0.0284  0.0284  0.0283  0.0283  0.0282  0.0283  0.0284  0.0283  0.0284  0.0283  0.0283
  0.0287  0.0286  0.0286  0.0286  0.0287  0.0285  0.0285  0.0287  0.0285  0.0288  0.0284  0.0285
  0.0291  0.0289  0.0289  0.0294  0.0292  0.0292  0.0288  0.0293  0.0288  0.0294  0.0287  0.0287
niter,ni,del,rscale     3    3    5.0000    0.6000
parameters
   -1.9750   25.4934    4.8163   -4.4191   -4.7580    0.0702
    5.4083   -2.1607   -4.9962   17.7475    4.0356  -19.0696
eta,q 0.97183  6.78129
  0.0289  0.0288  0.0285  0.0290  0.0290  0.0289  0.0287  0.0290  0.0286  0.0290  0.0285  0.0284
  0.0285  0.0285  0.0283  0.0287  0.0287  0.0286  0.0284  0.0286  0.0284  0.0286  0.0283  0.0283
  0.0283  0.0283  0.0282  0.0284  0.0284  0.0284  0.0282  0.0283  0.0282  0.0283  0.0282  0.0282
  0.0282  0.0282  0.0282  0.0282  0.0282  0.0282  0.0282  0.0282  0.0282  0.0282  0.0282  0.0282
  0.0283  0.0283  0.0283  0.0282  0.0283  0.0281  0.0282  0.0283  0.0282  0.0283  0.0282  0.0282
  0.0285  0.0284  0.0284  0.0285  0.0286  0.0283  0.0284  0.0286  0.0284  0.0286  0.0284  0.0284
  0.0288  0.0287  0.0286  0.0290  0.0290  0.0289  0.0287  0.0291  0.0286  0.0290  0.0285  0.0285
niter,ni,del,rscale     2    3    5.0000    0.5000
parameters
   -1.9603   25.5415    4.7270   -4.2707   -4.6566    0.3318
    5.4984   -2.1673   -4.9016   17.6950    3.8193  -19.5686
eta,q 0.97187  6.79621
  0.0286  0.0286  0.0284  0.0288  0.0288  0.0287  0.0285  0.0288  0.0285  0.0287  0.0283  0.0283
  0.0284  0.0284  0.0283  0.0285  0.0285  0.0285  0.0283  0.0284  0.0283  0.0284  0.0282  0.0282
  0.0282  0.0282  0.0282  0.0283  0.0283  0.0283  0.0282  0.0282  0.0282  0.0282  0.0282  0.0281
  0.0282  0.0282  0.0282  0.0282  0.0282  0.0282  0.0281  0.0281  0.0281  0.0281  0.0281  0.0281
  0.0282  0.0282  0.0282  0.0282  0.0282  0.0281  0.0282  0.0282  0.0282  0.0282  0.0282  0.0282
  0.0284  0.0283  0.0283  0.0284  0.0284  0.0283  0.0283  0.0284  0.0283  0.0284  0.0283  0.0283
  0.0286  0.0285  0.0285  0.0287  0.0287  0.0287  0.0285  0.0288  0.0284  0.0288  0.0284  0.0284
niter,ni,del,rscale     1    3    5.0000    0.4000
parameters
   -1.9451   25.5919    4.6295   -4.1641   -4.5446    0.5836
    5.5540   -2.1318   -4.8309   17.6445    3.6642  -19.9447
eta,q 0.97190  6.80914
  0.0284  0.0284  0.0283  0.0286  0.0286  0.0285  0.0283  0.0286  0.0283  0.0285  0.0282  0.0282
  0.0283  0.0283  0.0282  0.0283  0.0284  0.0284  0.0282  0.0283  0.0282  0.0283  0.0282  0.0281
  0.0282  0.0282  0.0281  0.0282  0.0282  0.0282  0.0281  0.0282  0.0281  0.0281  0.0281  0.0281
  0.0281  0.0281  0.0281  0.0281  0.0281  0.0281  0.0281  0.0281  0.0281  0.0281  0.0281  0.0281
  0.0282  0.0282  0.0282  0.0281  0.0282  0.0281  0.0281  0.0282  0.0281  0.0282  0.0281  0.0281
  0.0283  0.0282  0.0282  0.0283  0.0283  0.0282  0.0282  0.0283  0.0282  0.0283  0.0282  0.0282
  0.0284  0.0283  0.0283  0.0285  0.0285  0.0285  0.0283  0.0285  0.0283  0.0285  0.0283  0.0283
registration optimization eta report
parameter search radius
    0.8000    0.8000    0.8000    2.4000    2.4000    2.4000
    2.4000    2.4000    2.4000    2.4000    2.4000    2.4000
100000*second partial in parameter space
       45.       36.       26.        7.        7.        7.
        4.        8.        4.        7.        3.        2.
  0.0284  0.0284  0.0283  0.0286  0.0286  0.0285  0.0283  0.0286  0.0283  0.0285  0.0282  0.0282
  0.0283  0.0283  0.0282  0.0283  0.0284  0.0284  0.0282  0.0283  0.0282  0.0283  0.0282  0.0281
  0.0282  0.0282  0.0281  0.0282  0.0282  0.0282  0.0281  0.0282  0.0281  0.0281  0.0281  0.0281
  0.0281  0.0281  0.0281  0.0281  0.0281  0.0281  0.0281  0.0281  0.0281  0.0281  0.0281  0.0281
  0.0282  0.0282  0.0282  0.0281  0.0282  0.0281  0.0281  0.0282  0.0281  0.0282  0.0281  0.0281
  0.0283  0.0282  0.0282  0.0283  0.0283  0.0282  0.0282  0.0283  0.0282  0.0283  0.0282  0.0282
  0.0284  0.0283  0.0283  0.0285  0.0285  0.0285  0.0283  0.0285  0.0283  0.0285  0.0283  0.0283
   -1.9451   25.5919    4.6295   -4.1641   -4.5446    0.5836
    5.5540   -2.1318   -4.8309   17.6445    3.6642  -19.9447
eta,q 0.97190  6.80914

---------------------------------------------------------------------
imgreg_4dfp /opt/freesurfer/average/711-2C_as_mni_average_305 /opt/freesurfer/average/711-2B_as_mni_average_305_mask talsrcimg_g11 none talsrcimg_to_711-2C_as_mni_average_305_t4 2311
---------------------------------------------------------------------

freesurfer imgreg_4dfp.c
/opt/freesurfer/average/711-2C_as_mni_average_305.4dfp.img
       256       256       256         1
  1.000000  1.000000  1.000000
orientation T byte_order littleendian
Reading image: /opt/freesurfer/average/711-2C_as_mni_average_305.4dfp.img
dimensions:      256       256       256
mmppix:       1.0000   -1.0000   -1.0000
center:     128.0000 -129.0000 -129.0000
/opt/freesurfer/average/711-2B_as_mni_average_305_mask.4dfp.img
       256       256       256         1
  1.000000  1.000000  1.000000
orientation T byte_order littleendian
Reading mask: /opt/freesurfer/average/711-2B_as_mni_average_305_mask.4dfp.img (2306576 pixels)
talsrcimg_g11.4dfp.img
       256       256       256         1
  1.000000  1.000000  1.000000
orientation T byte_order littleendian
Reading image: talsrcimg_g11.4dfp.img
dimensions:      256       256       256
mmppix:       1.0000   -1.0000   -1.0000
center:     128.0000 -129.0000 -129.0000
fimgreg.f
image alignment mode   2311 decimal      907 hex
parameters
   -1.9451   25.5919    4.6295   -4.1641   -4.5446    0.5836
    5.5540   -2.1318   -4.8309   17.6445    3.6642  -19.9447
eta,q 0.97190  6.80914
niter,ni,del,rscale     5    3    5.0000    0.8000
parameters
   -1.9509   25.6213    4.5507   -4.6309   -4.5277   -0.0749
    5.6125   -2.1661   -4.7202   18.0029    3.6997  -19.7292
eta,q 0.97181  6.78382
  0.0293  0.0290  0.0287  0.0293  0.0294  0.0291  0.0291  0.0297  0.0290  0.0297  0.0288  0.0287
  0.0286  0.0285  0.0284  0.0288  0.0288  0.0287  0.0286  0.0288  0.0286  0.0290  0.0284  0.0284
  0.0282  0.0282  0.0282  0.0283  0.0284  0.0284  0.0283  0.0283  0.0283  0.0285  0.0282  0.0283
  0.0281  0.0281  0.0281  0.0281  0.0281  0.0281  0.0282  0.0282  0.0282  0.0282  0.0282  0.0282
  0.0282  0.0282  0.0282  0.0283  0.0283  0.0282  0.0283  0.0284  0.0283  0.0283  0.0283  0.0282
  0.0286  0.0285  0.0284  0.0290  0.0288  0.0290  0.0286  0.0289  0.0285  0.0287  0.0284  0.0284
  0.0293  0.0289  0.0288  0.0302  0.0294  0.0302  0.0291  0.0297  0.0289  0.0294  0.0287  0.0286
niter,ni,del,rscale     4    3    5.0000    0.7000
parameters
   -1.9040   25.6646    4.5852   -4.4962   -4.5940   -0.0409
    5.5304   -2.1316   -4.7686   18.0248    3.6584  -19.7757
eta,q 0.97183  6.78580
  0.0291  0.0289  0.0287  0.0293  0.0292  0.0291  0.0288  0.0294  0.0288  0.0293  0.0286  0.0286
  0.0286  0.0285  0.0284  0.0288  0.0287  0.0287  0.0285  0.0287  0.0284  0.0287  0.0284  0.0283
  0.0283  0.0283  0.0283  0.0284  0.0283  0.0284  0.0282  0.0283  0.0282  0.0283  0.0282  0.0282
  0.0282  0.0282  0.0282  0.0282  0.0282  0.0282  0.0282  0.0282  0.0282  0.0282  0.0282  0.0282
  0.0283  0.0282  0.0282  0.0282  0.0283  0.0281  0.0282  0.0283  0.0282  0.0283  0.0282  0.0282
  0.0285  0.0285  0.0284  0.0286  0.0287  0.0285  0.0285  0.0287  0.0285  0.0287  0.0284  0.0284
  0.0290  0.0288  0.0286  0.0293  0.0293  0.0293  0.0289  0.0293  0.0288  0.0293  0.0286  0.0286
niter,ni,del,rscale     3    3    5.0000    0.6000
parameters
   -1.9066   25.6673    4.5830   -4.3486   -4.5960    0.1578
    5.5355   -2.1137   -4.7711   17.9514    3.5767  -19.9214
eta,q 0.97186  6.79418
  0.0288  0.0287  0.0285  0.0291  0.0290  0.0289  0.0287  0.0291  0.0286  0.0290  0.0284  0.0284
  0.0285  0.0284  0.0283  0.0287  0.0286  0.0286  0.0284  0.0286  0.0283  0.0285  0.0283  0.0283
  0.0282  0.0282  0.0282  0.0283  0.0283  0.0284  0.0282  0.0282  0.0282  0.0282  0.0282  0.0282
  0.0282  0.0282  0.0282  0.0282  0.0282  0.0282  0.0281  0.0281  0.0281  0.0281  0.0281  0.0281
  0.0282  0.0282  0.0282  0.0282  0.0283  0.0281  0.0282  0.0283  0.0282  0.0283  0.0282  0.0282
  0.0285  0.0284  0.0283  0.0285  0.0286  0.0283  0.0284  0.0286  0.0283  0.0286  0.0283  0.0283
  0.0288  0.0287  0.0285  0.0290  0.0290  0.0289  0.0287  0.0291  0.0286  0.0290  0.0285  0.0285
niter,ni,del,rscale     2    3    5.0000    0.5000
parameters
   -1.9175   25.6739    4.5634   -4.2455   -4.5646    0.3946
    5.5297   -2.0842   -4.7537   17.8642    3.5892  -20.1082
eta,q 0.97189  6.80396
  0.0286  0.0285  0.0284  0.0288  0.0288  0.0287  0.0285  0.0288  0.0284  0.0287  0.0284  0.0283
  0.0283  0.0283  0.0283  0.0285  0.0285  0.0285  0.0283  0.0284  0.0283  0.0284  0.0282  0.0282
  0.0282  0.0282  0.0282  0.0283  0.0282  0.0283  0.0282  0.0282  0.0281  0.0282  0.0281  0.0281
  0.0281  0.0281  0.0281  0.0281  0.0281  0.0281  0.0281  0.0281  0.0281  0.0281  0.0281  0.0281
  0.0282  0.0282  0.0282  0.0282  0.0282  0.0281  0.0282  0.0282  0.0281  0.0282  0.0281  0.0281
  0.0283  0.0283  0.0283  0.0284  0.0284  0.0283  0.0283  0.0284  0.0282  0.0284  0.0282  0.0282
  0.0286  0.0285  0.0284  0.0288  0.0288  0.0287  0.0285  0.0288  0.0284  0.0288  0.0284  0.0283
niter,ni,del,rscale     1    3    5.0000    0.4000
parameters
   -1.9276   25.6768    4.5390   -4.1643   -4.5259    0.6146
    5.5311   -2.0700   -4.7706   17.7856    3.5787  -20.2982
eta,q 0.97191  6.81286
  0.0284  0.0283  0.0283  0.0285  0.0286  0.0286  0.0283  0.0286  0.0283  0.0285  0.0283  0.0282
  0.0282  0.0282  0.0282  0.0283  0.0283  0.0284  0.0282  0.0283  0.0282  0.0283  0.0282  0.0281
  0.0281  0.0281  0.0281  0.0282  0.0282  0.0282  0.0281  0.0282  0.0281  0.0281  0.0281  0.0281
  0.0281  0.0281  0.0281  0.0281  0.0281  0.0281  0.0281  0.0281  0.0281  0.0281  0.0281  0.0281
  0.0281  0.0281  0.0281  0.0281  0.0281  0.0281  0.0281  0.0282  0.0281  0.0281  0.0281  0.0281
  0.0282  0.0282  0.0282  0.0283  0.0283  0.0282  0.0282  0.0283  0.0282  0.0283  0.0282  0.0282
  0.0284  0.0283  0.0283  0.0285  0.0285  0.0285  0.0283  0.0286  0.0283  0.0285  0.0282  0.0283
registration optimization eta report
parameter search radius
    0.8000    0.8000    0.8000    2.4000    2.4000    2.4000
    2.4000    2.4000    2.4000    2.4000    2.4000    2.4000
100000*second partial in parameter space
       46.       36.       26.        7.        7.        7.
        4.        8.        4.        7.        3.        2.
  0.0284  0.0283  0.0283  0.0285  0.0286  0.0286  0.0283  0.0286  0.0283  0.0285  0.0283  0.0282
  0.0282  0.0282  0.0282  0.0283  0.0283  0.0284  0.0282  0.0283  0.0282  0.0283  0.0282  0.0281
  0.0281  0.0281  0.0281  0.0282  0.0282  0.0282  0.0281  0.0282  0.0281  0.0281  0.0281  0.0281
  0.0281  0.0281  0.0281  0.0281  0.0281  0.0281  0.0281  0.0281  0.0281  0.0281  0.0281  0.0281
  0.0281  0.0281  0.0281  0.0281  0.0281  0.0281  0.0281  0.0282  0.0281  0.0281  0.0281  0.0281
  0.0282  0.0282  0.0282  0.0283  0.0283  0.0282  0.0282  0.0283  0.0282  0.0283  0.0282  0.0282
  0.0284  0.0283  0.0283  0.0285  0.0285  0.0285  0.0283  0.0286  0.0283  0.0285  0.0282  0.0283
   -1.9276   25.6768    4.5390   -4.1643   -4.5259    0.6146
    5.5311   -2.0700   -4.7706   17.7856    3.5787  -20.2982
eta,q 0.97191  6.81286

---------------------------------------------------------------------
compute_vox2vox talsrcimg talsrcimg_to_711-2C_as_mni_average_305_t4 /opt/freesurfer/average/711-2C_as_mni_average_305
---------------------------------------------------------------------

freesurfer compute_vox2vox.c
Reading: talsrcimg.4dfp.ifh
Reading: talsrcimg_to_711-2C_as_mni_average_305_t4
Reading: /opt/freesurfer/average/711-2C_as_mni_average_305.4dfp.ifh
Writing: talsrcimg_to_711-2C_as_mni_average_305_t4_vox2vox.txt

start time Tue Mar 10 06:48:38 CET 2026
end		time Tue Mar 10 06:48:51 CET 2026

mpr2mni305 success

avi2talxfm orig_nu.mgz /opt/freesurfer/average/mni305.cor.mgz talsrcimg_to_711-2C_as_mni_average_305_t4_vox2vox.txt transforms/talairach.auto.xfm
avi2talxfm done
mv -f /out/sourcedata/freesurfer/sub-v1s8x0051334_ses-1/mri/talsrcimg_to_711-2C_as_mni_average_305_t4_vox2vox.txt /out/sourcedata/freesurfer/sub-v1s8x0051334_ses-1/mri/transforms/talsrcimg_to_711-2C_as_mni_average_305_t4_vox2vox.txt
lta_convert --src orig_nu.mgz --trg /opt/freesurfer/average/mni305.cor.mgz --inxfm transforms/talairach.auto.xfm --outlta transforms/talairach.auto.xfm.lta --subject fsaverage
7.3.2

--src: orig_nu.mgz src image (geometry).
--trg: /opt/freesurfer/average/mni305.cor.mgz trg image (geometry).
--inmni: transforms/talairach.auto.xfm input MNI/XFM transform.
--outlta: transforms/talairach.auto.xfm.lta output LTA.
--s: fsaverage subject name
 LTA read, type : 1
 1.03963   0.03087  -0.05367   1.22046;
-0.02554   0.95713   0.20497  -7.04251;
 0.05671  -0.17676   1.00654  -6.66327;
 0.00000   0.00000   0.00000   1.00000;
setting subject to fsaverage
Writing  LTA to file transforms/talairach.auto.xfm.lta...
lta_convert successful.
 
 
Started at Tue Mar 10 06:48:37 CET 2026
Ended   at Tue Mar 10 06:48:52 CET 2026
talairach_avi done
