status file for recon-all
Tue Mar 10 06:45:18 CET 2026
#@# MotionCor Tue Mar 10 06:45:20 CET 2026
#@# Talairach Tue Mar 10 06:45:28 CET 2026
#@# Talairach Failure Detection Tue Mar 10 06:49:54 CET 2026
#@# Nu Intensity Correction Tue Mar 10 06:49:54 CET 2026
#@# Intensity Normalization Tue Mar 10 06:53:12 CET 2026
recon-all -s sub-v1s8x0051333_ses-1 finished without error at Tue Mar 10 06:54:48 CET 2026



#New# invocation of recon-all 



status file for recon-all
Tue Mar 10 07:02:23 CET 2026
#@# EM Registration Tue Mar 10 07:02:23 CET 2026
recon-all -s sub-v1s8x0051333_ses-1 finished without error at Tue Mar 10 07:04:23 CET 2026



#New# invocation of recon-all 



status file for recon-all
Tue Mar 10 07:04:26 CET 2026
#@# CA Normalize Tue Mar 10 07:04:26 CET 2026
#@# CA Reg Tue Mar 10 07:05:50 CET 2026
#@# SubCort Seg Tue Mar 10 07:54:04 CET 2026
#@# CC Seg Tue Mar 10 08:40:45 CET 2026
#@# Merge ASeg Tue Mar 10 08:41:28 CET 2026
#@# Intensity Normalization2 Tue Mar 10 08:41:28 CET 2026
#@# Mask BFS Tue Mar 10 08:43:50 CET 2026
#@# WM Segmentation Tue Mar 10 08:43:51 CET 2026
#@# Fill Tue Mar 10 08:46:27 CET 2026
recon-all -s sub-v1s8x0051333_ses-1 finished without error at Tue Mar 10 08:47:27 CET 2026



#New# invocation of recon-all 



status file for recon-all
Tue Mar 10 09:58:01 CET 2026
#@# white curv lh Tue Mar 10 09:58:01 CET 2026
#@# white area lh Tue Mar 10 09:58:01 CET 2026
#@# pial curv lh Tue Mar 10 09:58:01 CET 2026
#@# pial area lh Tue Mar 10 09:58:01 CET 2026
#@# thickness lh Tue Mar 10 09:58:01 CET 2026
#@# area and vertex vol lh Tue Mar 10 09:58:01 CET 2026
#@# white curv rh Tue Mar 10 09:58:01 CET 2026
#@# white area rh Tue Mar 10 09:58:01 CET 2026
#@# pial curv rh Tue Mar 10 09:58:01 CET 2026
#@# pial area rh Tue Mar 10 09:58:01 CET 2026
#@# thickness rh Tue Mar 10 09:58:01 CET 2026
#@# area and vertex vol rh Tue Mar 10 09:58:01 CET 2026
#@# Cortical ribbon mask Tue Mar 10 09:58:01 CET 2026
recon-all -s sub-v1s8x0051333_ses-1 finished without error at Tue Mar 10 10:03:56 CET 2026



#New# invocation of recon-all 



status file for recon-all
Tue Mar 10 10:11:45 CET 2026
#@# white curv lh Tue Mar 10 10:11:45 CET 2026
#@# white area lh Tue Mar 10 10:11:45 CET 2026
#@# pial curv lh Tue Mar 10 10:11:45 CET 2026
#@# pial area lh Tue Mar 10 10:11:46 CET 2026
#@# thickness lh Tue Mar 10 10:11:46 CET 2026
#@# area and vertex vol lh Tue Mar 10 10:11:46 CET 2026
#@# white curv rh Tue Mar 10 10:11:46 CET 2026
#@# white area rh Tue Mar 10 10:11:46 CET 2026
#@# pial curv rh Tue Mar 10 10:11:46 CET 2026
#@# pial area rh Tue Mar 10 10:11:46 CET 2026
#@# thickness rh Tue Mar 10 10:11:46 CET 2026
#@# area and vertex vol rh Tue Mar 10 10:11:46 CET 2026
#@# Curvature Stats lh Tue Mar 10 10:11:46 CET 2026
#@# Curvature Stats rh Tue Mar 10 10:11:49 CET 2026
#@# Relabel Hypointensities Tue Mar 10 10:11:52 CET 2026
#@# APas-to-ASeg Tue Mar 10 10:12:08 CET 2026
#@# AParc-to-ASeg aparc Tue Mar 10 10:12:17 CET 2026
#@# AParc-to-ASeg aparc.a2009s Tue Mar 10 10:12:59 CET 2026
#@# AParc-to-ASeg aparc.DKTatlas Tue Mar 10 10:13:40 CET 2026
#@# WMParc Tue Mar 10 10:14:20 CET 2026
#@# ASeg Stats Tue Mar 10 10:18:59 CET 2026
recon-all -s sub-v1s8x0051333_ses-1 finished without error at Tue Mar 10 10:19:40 CET 2026
