status file for recon-all
Tue Mar 10 09:19:35 CET 2026
#@# Tessellate rh Tue Mar 10 09:19:35 CET 2026
#@# Smooth1 rh Tue Mar 10 09:19:39 CET 2026
#@# Inflation1 rh Tue Mar 10 09:19:42 CET 2026
#@# QSphere rh Tue Mar 10 09:19:58 CET 2026
#@# Fix Topology rh Tue Mar 10 09:21:18 CET 2026
#@# Smooth2 rh Tue Mar 10 09:34:47 CET 2026
#@# Inflation2 rh Tue Mar 10 09:34:51 CET 2026
#@# Curv .H and .K rh Tue Mar 10 09:35:07 CET 2026
#@# Sphere rh Tue Mar 10 09:36:00 CET 2026
#@# Surf Reg rh Tue Mar 10 09:41:16 CET 2026
#@# Jacobian white rh Tue Mar 10 09:47:24 CET 2026
#@# AvgCurv rh Tue Mar 10 09:47:25 CET 2026
#@# Cortical Parc rh Tue Mar 10 09:47:26 CET 2026
#@# white curv rh Tue Mar 10 09:56:43 CET 2026
#@# white area rh Tue Mar 10 09:56:45 CET 2026
#@# pial curv rh Tue Mar 10 09:56:46 CET 2026
#@# pial area rh Tue Mar 10 09:56:48 CET 2026
#@# thickness rh Tue Mar 10 09:56:49 CET 2026
#@# area and vertex vol rh Tue Mar 10 09:57:22 CET 2026
#@# Curvature Stats rh Tue Mar 10 09:57:24 CET 2026
#@# Cortical Parc 2 rh Tue Mar 10 09:57:27 CET 2026
#@# Cortical Parc 3 rh Tue Mar 10 09:57:42 CET 2026
#@# WM/GM Contrast rh Tue Mar 10 09:57:54 CET 2026
recon-all -s sub-v1s8x0051333_ses-1 finished without error at Tue Mar 10 09:57:57 CET 2026



#New# invocation of recon-all 



status file for recon-all
Tue Mar 10 10:07:54 CET 2026
#@# white curv rh Tue Mar 10 10:07:54 CET 2026
#@# white area rh Tue Mar 10 10:07:54 CET 2026
#@# pial curv rh Tue Mar 10 10:07:54 CET 2026
#@# pial area rh Tue Mar 10 10:07:54 CET 2026
#@# thickness rh Tue Mar 10 10:07:54 CET 2026
#@# area and vertex vol rh Tue Mar 10 10:07:54 CET 2026
#@# Parcellation Stats rh Tue Mar 10 10:07:54 CET 2026
#@# Parcellation Stats 2 rh Tue Mar 10 10:08:16 CET 2026
#@# Parcellation Stats 3 rh Tue Mar 10 10:08:28 CET 2026
#@# BA_exvivo Labels rh Tue Mar 10 10:08:39 CET 2026
recon-all -s sub-v1s8x0051333_ses-1 finished without error at Tue Mar 10 10:11:41 CET 2026
