status file for recon-all
Tue Mar 10 08:47:31 CET 2026
#@# Tessellate lh Tue Mar 10 08:47:31 CET 2026
#@# Smooth1 lh Tue Mar 10 08:47:35 CET 2026
#@# Inflation1 lh Tue Mar 10 08:47:38 CET 2026
#@# QSphere lh Tue Mar 10 08:47:54 CET 2026
#@# Fix Topology lh Tue Mar 10 08:49:26 CET 2026
#@# Smooth2 lh Tue Mar 10 08:58:37 CET 2026
#@# Inflation2 lh Tue Mar 10 08:58:40 CET 2026
#@# Curv .H and .K lh Tue Mar 10 08:59:01 CET 2026
#@# Sphere lh Tue Mar 10 08:59:56 CET 2026
#@# Surf Reg lh Tue Mar 10 09:04:45 CET 2026
#@# Jacobian white lh Tue Mar 10 09:10:36 CET 2026
#@# AvgCurv lh Tue Mar 10 09:10:37 CET 2026
#@# Cortical Parc lh Tue Mar 10 09:10:38 CET 2026
#@# white curv lh Tue Mar 10 09:18:16 CET 2026
#@# white area lh Tue Mar 10 09:18:18 CET 2026
#@# pial curv lh Tue Mar 10 09:18:19 CET 2026
#@# pial area lh Tue Mar 10 09:18:21 CET 2026
#@# thickness lh Tue Mar 10 09:18:22 CET 2026
#@# area and vertex vol lh Tue Mar 10 09:18:57 CET 2026
#@# Curvature Stats lh Tue Mar 10 09:18:59 CET 2026
#@# Cortical Parc 2 lh Tue Mar 10 09:19:01 CET 2026
#@# Cortical Parc 3 lh Tue Mar 10 09:19:16 CET 2026
#@# WM/GM Contrast lh Tue Mar 10 09:19:28 CET 2026
recon-all -s sub-v1s8x0051333_ses-1 finished without error at Tue Mar 10 09:19:31 CET 2026



#New# invocation of recon-all 



status file for recon-all
Tue Mar 10 10:03:59 CET 2026
#@# white curv lh Tue Mar 10 10:04:00 CET 2026
#@# white area lh Tue Mar 10 10:04:00 CET 2026
#@# pial curv lh Tue Mar 10 10:04:00 CET 2026
#@# pial area lh Tue Mar 10 10:04:00 CET 2026
#@# thickness lh Tue Mar 10 10:04:00 CET 2026
#@# area and vertex vol lh Tue Mar 10 10:04:00 CET 2026
#@# Parcellation Stats lh Tue Mar 10 10:04:00 CET 2026
#@# Parcellation Stats 2 lh Tue Mar 10 10:04:24 CET 2026
#@# Parcellation Stats 3 lh Tue Mar 10 10:04:36 CET 2026
#@# BA_exvivo Labels lh Tue Mar 10 10:04:49 CET 2026
recon-all -s sub-v1s8x0051333_ses-1 finished without error at Tue Mar 10 10:07:51 CET 2026
