/out/sourcedata/freesurfer/sub-v1s8x0051347_ses-1/mri
/opt/freesurfer/bin/talairach_avi
--i orig_nu.mgz --xfm transforms/talairach.auto.xfm
talairach_avi 7.3.2
Linux dna060 5.14.0-427.37.1.el9_4.x86_64 #1 SMP PREEMPT_DYNAMIC Fri Sep 13 12:41:50 EDT 2024 x86_64 x86_64 x86_64 GNU/Linux
Tue Mar 10 07:09:30 CET 2026
mri_convert orig_nu.mgz talsrcimg.img 
reading from orig_nu.mgz...
TR=0.00, TE=0.00, TI=0.00, flip angle=0.00
i_ras = (-1, 0, 0)
j_ras = (0, 0, -1)
k_ras = (0, 1, 0)
writing to talsrcimg.img...
Analyze Output Matrix
-1.00000   0.00000   0.00000   129.29367;
 0.00000   0.00000   1.00000  -129.50107;
 0.00000  -1.00000   0.00000   136.27118;
 0.00000   0.00000   0.00000   1.00000;
--------------------
INFO: set hdr.hist.orient to -1
mpr2mni305 talsrcimg
Tue Mar 10 07:09:30 CET 2026
/opt/freesurfer/bin/mpr2mni305 talsrcimg
mpr2mni305 7.3.2
target=711-2C_as_mni_average_305

---------------------------------------------------------------------
analyzeto4dfp talsrcimg -O0 -y
---------------------------------------------------------------------

freesurfer ifh2hdr.c
Tue Mar 10 07:09:30 2026
Writing: talsrcimg.4dfp.hdr
freesurfer analyzeto4dfp.c
Reading: talsrcimg.hdr
header size 348 bytes
hdr.dime.datatype	offset=70	value=2
hdr.dime.bitpix		offset=72	value=8
hdr.hist.orient		offset=252	value=-1
dimensionality     4
dimensions       256       256       256         1
Reading: talsrcimg.img
Writing: talsrcimg.4dfp.img
Writing: talsrcimg.4dfp.ifh
ifh2hdr talsrcimg -r0to213
ori=2

---------------------------------------------------------------------
gauss_4dfp talsrcimg 1.1
---------------------------------------------------------------------

freesurfer gauss_4dfp.c
Reading: talsrcimg.4dfp.img
Writing: talsrcimg_g11.4dfp.img
image dimensions 256 256 256 padded to 288 288 288
processing volume 1freesurfer ifh2hdr.c
Tue Mar 10 07:09:32 2026
Writing: talsrcimg_g11.4dfp.hdr

Writing: talsrcimg_g11.4dfp.ifh
including: talsrcimg.4dfp.img.rec in talsrcimg_g11.4dfp.img.rec

---------------------------------------------------------------------
imgreg_4dfp /opt/freesurfer/average/711-2C_as_mni_average_305 none talsrcimg_g11 none talsrcimg_to_711-2C_as_mni_average_305_t4 4355
---------------------------------------------------------------------

freesurfer imgreg_4dfp.c
/opt/freesurfer/average/711-2C_as_mni_average_305.4dfp.img
       256       256       256         1
  1.000000  1.000000  1.000000
orientation T byte_order littleendian
Reading image: /opt/freesurfer/average/711-2C_as_mni_average_305.4dfp.img
dimensions:      256       256       256
mmppix:       1.0000   -1.0000   -1.0000
center:     128.0000 -129.0000 -129.0000
talsrcimg_g11.4dfp.img
       256       256       256         1
  1.000000  1.000000  1.000000
orientation T byte_order littleendian
Reading image: talsrcimg_g11.4dfp.img
dimensions:      256       256       256
mmppix:       1.0000   -1.0000   -1.0000
center:     128.0000 -129.0000 -129.0000
t4_read: open error in t4_sub.f l:  41 t4_file(1:l)talsrcimg_to_711-2C_as_mni_average_305_t4 
t4_read: transform initialized to I4
rotation matrix determinant  1.000000
image alignment mode   4355 decimal     1103 hex
   -7.5000  -45.0000  -45.0000 6451.7920   15.0679
    0.0000  -45.0000  -45.0000 6742.2295   15.0754
    7.5000  -45.0000  -45.0000 6505.6978   15.0743
   -7.5000  -37.5000  -45.0000 7029.6890   14.5714
    0.0000  -37.5000  -45.0000 7356.8647   14.5797
    7.5000  -37.5000  -45.0000 7083.0205   14.5655
   -7.5000  -30.0000  -45.0000 7944.6768   14.1943
    0.0000  -30.0000  -45.0000 8322.3242   14.2056
    7.5000  -30.0000  -45.0000 7993.8623   14.1897
   -7.5000  -22.5000  -45.0000 8914.3818   13.9055
    0.0000  -22.5000  -45.0000 9345.5303   13.9224
    7.5000  -22.5000  -45.0000 8969.6748   13.9193
   -7.5000  -15.0000  -45.0000 9931.6436   13.7449
    0.0000  -15.0000  -45.000010412.0947   13.7635
    7.5000  -15.0000  -45.0000 9971.4756   13.7718
   -7.5000   -7.5000  -45.000010996.0020   13.7265
    0.0000   -7.5000  -45.000011527.0127   13.7423
    7.5000   -7.5000  -45.000011018.6973   13.7510
   -7.5000    0.0000  -45.000011986.0312   13.7515
    0.0000    0.0000  -45.000012566.4014   13.7631
    7.5000    0.0000  -45.000012005.1816   13.7618
   -7.5000    7.5000  -45.000012000.1357   13.7651
    0.0000    7.5000  -45.000012595.2627   13.7752
    7.5000    7.5000  -45.000012014.3789   13.7621
   -7.5000   15.0000  -45.000011867.6660   13.7537
    0.0000   15.0000  -45.000012461.2051   13.7662
    7.5000   15.0000  -45.000011867.1328   13.7515
   -7.5000   22.5000  -45.000011683.2910   13.7248
    0.0000   22.5000  -45.000012268.4785   13.7417
    7.5000   22.5000  -45.000011681.7627   13.7382
   -7.5000   30.0000  -45.000011452.8525   13.5293
    0.0000   30.0000  -45.000012003.7305   13.5478
    7.5000   30.0000  -45.000011424.3682   13.5558
   -7.5000   37.5000  -45.000011457.3691   13.5424
    0.0000   37.5000  -45.000012010.5547   13.5580
    7.5000   37.5000  -45.000011402.5557   13.5667
   -7.5000   45.0000  -45.000011027.1670   13.2237
    0.0000   45.0000  -45.000011568.8398   13.2348
    7.5000   45.0000  -45.000010934.8379   13.2336
   -7.5000  -45.0000  -37.5000 6779.5898   15.0448
    0.0000  -45.0000  -37.5000 7090.4766   15.0495
    7.5000  -45.0000  -37.5000 6823.2461   15.0498
   -7.5000  -37.5000  -37.5000 7398.1929   14.5547
    0.0000  -37.5000  -37.5000 7749.4526   14.5601
    7.5000  -37.5000  -37.5000 7436.1743   14.5472
   -7.5000  -30.0000  -37.5000 8373.9639   14.1889
    0.0000  -30.0000  -37.5000 8769.7188   14.1970
    7.5000  -30.0000  -37.5000 8407.9893   14.1787
   -7.5000  -22.5000  -37.5000 9415.4170   13.9017
    0.0000  -22.5000  -37.5000 9866.9766   13.9144
    7.5000  -22.5000  -37.5000 9451.6104   13.9067
   -7.5000  -15.0000  -37.500010494.0889   13.7348
    0.0000  -15.0000  -37.500011001.5859   13.7490
    7.5000  -15.0000  -37.500010516.8545   13.7534
   -7.5000   -7.5000  -37.500011613.5166   13.7080
    0.0000   -7.5000  -37.500012160.4355   13.7204
    7.5000   -7.5000  -37.500011624.2871   13.7286
   -7.5000    0.0000  -37.500012674.9219   13.7305
    0.0000    0.0000  -37.500013276.4932   13.7396
    7.5000    0.0000  -37.500012690.2881   13.7406
   -7.5000    7.5000  -37.500012679.3906   13.7513
    0.0000    7.5000  -37.500013295.6660   13.7589
    7.5000    7.5000  -37.500012695.1143   13.7470
   -7.5000   15.0000  -37.500012534.8506   13.7488
    0.0000   15.0000  -37.500013143.4844   13.7583
    7.5000   15.0000  -37.500012534.3145   13.7413
   -7.5000   22.5000  -37.500012334.1211   13.7212
    0.0000   22.5000  -37.500012950.7637   13.7340
    7.5000   22.5000  -37.500012301.7178   13.7260
   -7.5000   30.0000  -37.500012045.8604   13.5194
    0.0000   30.0000  -37.500012630.0928   13.5336
    7.5000   30.0000  -37.500011996.1885   13.5378
   -7.5000   37.5000  -37.500012029.4932   13.5242
    0.0000   37.5000  -37.500012621.2842   13.5365
    7.5000   37.5000  -37.500011983.6982   13.5446
   -7.5000   45.0000  -37.500011535.2266   13.2036
    0.0000   45.0000  -37.500012102.9102   13.2123
    7.5000   45.0000  -37.500011452.6270   13.2133
   -7.5000  -45.0000  -30.0000 7216.1646   15.6897
    0.0000  -45.0000  -30.0000 7552.7173   15.6933
    7.5000  -45.0000  -30.0000 7265.5962   15.6963
   -7.5000  -37.5000  -30.0000 7904.7007   15.1826
    0.0000  -37.5000  -30.0000 8272.0732   15.1855
    7.5000  -37.5000  -30.0000 7937.0146   15.1769
   -7.5000  -30.0000  -30.0000 8984.8125   14.8115
    0.0000  -30.0000  -30.0000 9396.0596   14.8176
    7.5000  -30.0000  -30.0000 8998.1240   14.8016
   -7.5000  -22.5000  -30.000010106.0029   14.5149
    0.0000  -22.5000  -30.000010576.5742   14.5267
    7.5000  -22.5000  -30.000010111.4727   14.5179
   -7.5000  -15.0000  -30.000011240.5381   14.3345
    0.0000  -15.0000  -30.000011763.6465   14.3482
    7.5000  -15.0000  -30.000011234.9766   14.3499
   -7.5000   -7.5000  -30.000012426.2725   14.2960
    0.0000   -7.5000  -30.000012994.3486   14.3080
    7.5000   -7.5000  -30.000012425.7217   14.3157
   -7.5000    0.0000  -30.000013551.4268   14.3150
    0.0000    0.0000  -30.000014199.1328   14.3229
    7.5000    0.0000  -30.000013556.0732   14.3269
   -7.5000    7.5000  -30.000013555.6514   14.3434
    0.0000    7.5000  -30.000014211.5508   14.3492
    7.5000    7.5000  -30.000013573.7881   14.3415
   -7.5000   15.0000  -30.000013398.3203   14.3513
    0.0000   15.0000  -30.000014050.3018   14.3592
    7.5000   15.0000  -30.000013382.3447   14.3446
   -7.5000   22.5000  -30.000013171.9854   14.3247
    0.0000   22.5000  -30.000013824.2852   14.3367
    7.5000   22.5000  -30.000013105.1494   14.3275
   -7.5000   30.0000  -30.000012867.4746   14.1110
    0.0000   30.0000  -30.000013505.2275   14.1247
    7.5000   30.0000  -30.000012785.8682   14.1262
   -7.5000   37.5000  -30.000012845.6152   14.1057
    0.0000   37.5000  -30.000013499.9482   14.1175
    7.5000   37.5000  -30.000012782.4033   14.1251
   -7.5000   45.0000  -30.000012256.1504   13.7757
    0.0000   45.0000  -30.000012848.1387   13.7833
    7.5000   45.0000  -30.000012137.7480   13.7872
   -7.5000  -45.0000  -22.5000 7662.7119   16.2376
    0.0000  -45.0000  -22.5000 8018.7461   16.2433
    7.5000  -45.0000  -22.5000 7702.0708   16.2466
   -7.5000  -37.5000  -22.5000 8432.2363   15.7110
    0.0000  -37.5000  -22.5000 8811.7139   15.7149
    7.5000  -37.5000  -22.5000 8436.7783   15.7086
   -7.5000  -30.0000  -22.5000 9594.7207   15.3255
    0.0000  -30.0000  -22.500010023.5967   15.3335
    7.5000  -30.0000  -22.5000 9574.7861   15.3224
   -7.5000  -22.5000  -22.500010765.2578   15.0200
    0.0000  -22.5000  -22.500011265.0234   15.0356
    7.5000  -22.5000  -22.500010750.5430   15.0309
   -7.5000  -15.0000  -22.500011943.7891   14.8347
    0.0000  -15.0000  -22.500012504.2461   14.8527
    7.5000  -15.0000  -22.500011928.6611   14.8557
   -7.5000   -7.5000  -22.500013175.4785   14.7944
    0.0000   -7.5000  -22.500013797.7949   14.8097
    7.5000   -7.5000  -22.500013159.0713   14.8167
   -7.5000    0.0000  -22.500014378.0303   14.8126
    0.0000    0.0000  -22.500015084.7627   14.8224
    7.5000    0.0000  -22.500014367.4619   14.8261
   -7.5000    7.5000  -22.500014423.9678   14.8409
    0.0000    7.5000  -22.500015146.2402   14.8478
    7.5000    7.5000  -22.500014418.2305   14.8424
   -7.5000   15.0000  -22.500014250.6201   14.8490
    0.0000   15.0000  -22.500014943.2959   14.8590
    7.5000   15.0000  -22.500014205.9580   14.8491
   -7.5000   22.5000  -22.500013997.4658   14.8222
    0.0000   22.5000  -22.500014650.5264   14.8378
    7.5000   22.5000  -22.500013868.8477   14.8327
   -7.5000   30.0000  -22.500013686.7402   14.6057
    0.0000   30.0000  -22.500014341.0186   14.6236
    7.5000   30.0000  -22.500013552.8105   14.6264
   -7.5000   37.5000  -22.500013677.0000   14.5997
    0.0000   37.5000  -22.500014367.4521   14.6147
    7.5000   37.5000  -22.500013567.4746   14.6216
   -7.5000   45.0000  -22.500012979.0000   14.2653
    0.0000   45.0000  -22.500013587.6621   14.2747
    7.5000   45.0000  -22.500012833.1465   14.2782
   -7.5000  -45.0000  -15.0000 8095.0688   16.6228
    0.0000  -45.0000  -15.0000 8479.5967   16.6317
    7.5000  -45.0000  -15.0000 8135.4614   16.6329
   -7.5000  -37.5000  -15.0000 8912.4658   16.0783
    0.0000  -37.5000  -15.0000 9320.1553   16.0853
    7.5000  -37.5000  -15.0000 8915.1436   16.0770
   -7.5000  -30.0000  -15.000010117.7900   15.6730
    0.0000  -30.0000  -15.000010579.1377   15.6847
    7.5000  -30.0000  -15.000010112.8438   15.6754
   -7.5000  -22.5000  -15.000011360.4111   15.3597
    0.0000  -22.5000  -15.000011893.9512   15.3802
    7.5000  -22.5000  -15.000011353.0146   15.3799
   -7.5000  -15.0000  -15.000012600.7822   15.1773
    0.0000  -15.0000  -15.000013209.4238   15.2006
    7.5000  -15.0000  -15.000012599.2695   15.2072
   -7.5000   -7.5000  -15.000013896.6279   15.1449
    0.0000   -7.5000  -15.000014576.6309   15.1643
    7.5000   -7.5000  -15.000013876.6240   15.1714
   -7.5000    0.0000  -15.000015160.6553   15.1658
    0.0000    0.0000  -15.000015918.0586   15.1785
    7.5000    0.0000  -15.000015148.3721   15.1793
   -7.5000    7.5000  -15.000015261.6123   15.1871
    0.0000    7.5000  -15.000016022.2471   15.1968
    7.5000    7.5000  -15.000015238.6543   15.1895
   -7.5000   15.0000  -15.000015104.7002   15.1862
    0.0000   15.0000  -15.000015825.6816   15.1996
    7.5000   15.0000  -15.000015033.3926   15.1915
   -7.5000   22.5000  -15.000014821.3174   15.1569
    0.0000   22.5000  -15.000015463.0947   15.1774
    7.5000   22.5000  -15.000014655.1807   15.1766
   -7.5000   30.0000  -15.000014476.5635   14.9451
    0.0000   30.0000  -15.000015116.8975   14.9684
    7.5000   30.0000  -15.000014298.5811   14.9747
   -7.5000   37.5000  -15.000014475.0762   14.9476
    0.0000   37.5000  -15.000015146.9727   14.9668
    7.5000   37.5000  -15.000014307.4277   14.9738
   -7.5000   45.0000  -15.000013663.2793   14.6143
    0.0000   45.0000  -15.000014292.8320   14.6264
    7.5000   45.0000  -15.000013493.3047   14.6273
   -7.5000  -45.0000   -7.5000 8477.4336   16.8016
    0.0000  -45.0000   -7.5000 8902.3955   16.8119
    7.5000  -45.0000   -7.5000 8521.0977   16.8112
   -7.5000  -37.5000   -7.5000 9373.3135   16.2475
    0.0000  -37.5000   -7.5000 9818.8535   16.2572
    7.5000  -37.5000   -7.5000 9391.8184   16.2445
   -7.5000  -30.0000   -7.500010674.8193   15.8279
    0.0000  -30.0000   -7.500011159.5410   15.8418
    7.5000  -30.0000   -7.500010673.0635   15.8292
   -7.5000  -22.5000   -7.500011987.7031   15.5088
    0.0000  -22.5000   -7.500012532.4678   15.5309
    7.5000  -22.5000   -7.500011975.9932   15.5310
   -7.5000  -15.0000   -7.500013288.1445   15.3310
    0.0000  -15.0000   -7.500013909.0420   15.3556
    7.5000  -15.0000   -7.500013283.0742   15.3651
   -7.5000   -7.5000   -7.500014621.7500   15.3083
    0.0000   -7.5000   -7.500015319.6611   15.3289
    7.5000   -7.5000   -7.500014609.1582   15.3375
   -7.5000    0.0000   -7.500015926.0205   15.3337
    0.0000    0.0000   -7.500016697.6973   15.3479
    7.5000    0.0000   -7.500015912.9092   15.3465
   -7.5000    7.5000   -7.500016052.6455   15.3482
    0.0000    7.5000   -7.500016848.4805   15.3600
    7.5000    7.5000   -7.500016049.2725   15.3485
   -7.5000   15.0000   -7.500015984.5801   15.3371
    0.0000   15.0000   -7.500016750.6348   15.3525
    7.5000   15.0000   -7.500015928.2891   15.3411
   -7.5000   22.5000   -7.500015733.6758   15.3027
    0.0000   22.5000   -7.500016376.0176   15.3247
    7.5000   22.5000   -7.500015586.6436   15.3243
   -7.5000   30.0000   -7.500015316.1592   15.0961
    0.0000   30.0000   -7.500015912.1152   15.1206
    7.5000   30.0000   -7.500015128.9385   15.1297
   -7.5000   37.5000   -7.500015245.6338   15.1085
    0.0000   37.5000   -7.500015907.2959   15.1289
    7.5000   37.5000   -7.500015083.3672   15.1373
   -7.5000   45.0000   -7.500014357.1504   14.7788
    0.0000   45.0000   -7.500015021.7432   14.7925
    7.5000   45.0000   -7.500014213.9766   14.7911
   -7.5000  -45.0000    0.0000 8790.7197   16.8277
    0.0000  -45.0000    0.0000 9234.8721   16.8364
    7.5000  -45.0000    0.0000 8842.0615   16.8349
   -7.5000  -37.5000    0.0000 9720.0830   16.2740
    0.0000  -37.5000    0.000010202.9209   16.2835
    7.5000  -37.5000    0.0000 9762.4219   16.2674
   -7.5000  -30.0000    0.000011082.3320   15.8533
    0.0000  -30.0000    0.000011636.2246   15.8661
    7.5000  -30.0000    0.000011089.3809   15.8482
   -7.5000  -22.5000    0.000012454.2080   15.5313
    0.0000  -22.5000    0.000013070.5645   15.5503
    7.5000  -22.5000    0.000012449.7852   15.5466
   -7.5000  -15.0000    0.000013819.9414   15.3525
    0.0000  -15.0000    0.000014470.4121   15.3734
    7.5000  -15.0000    0.000013801.2236   15.3824
   -7.5000   -7.5000    0.000015188.2754   15.3322
    0.0000   -7.5000    0.000015882.7920   15.3500
    7.5000   -7.5000    0.000015160.5293   15.3596
   -7.5000    0.0000    0.000016522.5391   15.3601
    0.0000    0.0000    0.000017267.7051   15.3732
    7.5000    0.0000    0.000016502.6133   15.3716
   -7.5000    7.5000    0.000016664.1738   15.3751
    0.0000    7.5000    0.000017500.3887   15.3865
    7.5000    7.5000    0.000016690.2852   15.3718
   -7.5000   15.0000    0.000016759.7148   15.3621
    0.0000   15.0000    0.000017642.3535   15.3762
    7.5000   15.0000    0.000016758.2383   15.3597
   -7.5000   22.5000    0.000016689.0840   15.3249
    0.0000   22.5000    0.000017463.2656   15.3440
    7.5000   22.5000    0.000016554.8965   15.3398
   -7.5000   30.0000    0.000016229.6953   15.1176
    0.0000   30.0000    0.000016922.8750   15.1385
    7.5000   30.0000    0.000016033.4492   15.1471
   -7.5000   37.5000    0.000016084.4014   15.1325
    0.0000   37.5000    0.000016807.8672   15.1501
    7.5000   37.5000    0.000015880.8027   15.1595
   -7.5000   45.0000    0.000015043.7207   14.8054
    0.0000   45.0000    0.000015795.9980   14.8180
    7.5000   45.0000    0.000014876.7559   14.8165
   -7.5000  -45.0000    7.5000 8406.8838   16.8354
    0.0000  -45.0000    7.5000 8811.0381   16.8407
    7.5000  -45.0000    7.5000 8408.9668   16.8410
   -7.5000  -37.5000    7.5000 9333.1309   16.2870
    0.0000  -37.5000    7.5000 9792.5996   16.2930
    7.5000  -37.5000    7.5000 9340.4961   16.2785
   -7.5000  -30.0000    7.500010663.4268   15.8776
    0.0000  -30.0000    7.500011172.6934   15.8866
    7.5000  -30.0000    7.500010665.4717   15.8662
   -7.5000  -22.5000    7.500011990.8018   15.5562
    0.0000  -22.5000    7.500012525.4482   15.5705
    7.5000  -22.5000    7.500011988.5293   15.5618
   -7.5000  -15.0000    7.500013278.4805   15.3695
    0.0000  -15.0000    7.500013852.6611   15.3854
    7.5000  -15.0000    7.500013283.5645   15.3903
   -7.5000   -7.5000    7.500014615.4121   15.3395
    0.0000   -7.5000    7.500015222.1992   15.3534
    7.5000   -7.5000    7.500014608.2363   15.3626
   -7.5000    0.0000    7.500015922.0029   15.3647
    0.0000    0.0000    7.500016604.7227   15.3749
    7.5000    0.0000    7.500015908.2861   15.3760
   -7.5000    7.5000    7.500016070.0713   15.3879
    0.0000    7.5000    7.500016936.5918   15.3964
    7.5000    7.5000    7.500016116.7773   15.3831
   -7.5000   15.0000    7.500016121.9932   15.3851
    0.0000   15.0000    7.500017190.7461   15.3957
    7.5000   15.0000    7.500016179.9004   15.3768
   -7.5000   22.5000    7.500015995.3184   15.3493
    0.0000   22.5000    7.500017036.6953   15.3637
    7.5000   22.5000    7.500016010.2695   15.3546
   -7.5000   30.0000    7.500015582.9482   15.1343
    0.0000   30.0000    7.500016570.4434   15.1502
    7.5000   30.0000    7.500015562.9238   15.1549
   -7.5000   37.5000    7.500015487.0879   15.1397
    0.0000   37.5000    7.500016392.9492   15.1535
    7.5000   37.5000    7.500015421.6875   15.1625
   -7.5000   45.0000    7.500014472.0020   14.8098
    0.0000   45.0000    7.500015261.6875   14.8196
    7.5000   45.0000    7.500014398.6797   14.8207
   -7.5000  -45.0000   15.0000 7964.4434   16.8548
    0.0000  -45.0000   15.0000 8311.1357   16.8586
    7.5000  -45.0000   15.0000 7941.0142   16.8619
   -7.5000  -37.5000   15.0000 8851.8174   16.3099
    0.0000  -37.5000   15.0000 9254.7109   16.3130
    7.5000  -37.5000   15.0000 8819.3184   16.3038
   -7.5000  -30.0000   15.000010109.1436   15.9111
    0.0000  -30.0000   15.000010580.1895   15.9176
    7.5000  -30.0000   15.000010072.8682   15.9005
   -7.5000  -22.5000   15.000011369.6621   15.5924
    0.0000  -22.5000   15.000011903.8652   15.6051
    7.5000  -22.5000   15.000011349.0488   15.5956
   -7.5000  -15.0000   15.000012622.1660   15.3985
    0.0000  -15.0000   15.000013222.1396   15.4133
    7.5000  -15.0000   15.000012610.8320   15.4150
   -7.5000   -7.5000   15.000013900.2412   15.3572
    0.0000   -7.5000   15.000014557.4141   15.3700
    7.5000   -7.5000   15.000013901.7451   15.3783
   -7.5000    0.0000   15.000015159.7637   15.3776
    0.0000    0.0000   15.000015881.9971   15.3860
    7.5000    0.0000   15.000015153.4277   15.3904
   -7.5000    7.5000   15.000015271.5938   15.4081
    0.0000    7.5000   15.000016070.5723   15.4143
    7.5000    7.5000   15.000015312.3379   15.4060
   -7.5000   15.0000   15.000015199.9600   15.4166
    0.0000   15.0000   15.000016066.7363   15.4251
    7.5000   15.0000   15.000015280.0088   15.4094
   -7.5000   22.5000   15.000014946.3564   15.3846
    0.0000   22.5000   15.000015707.5459   15.3974
    7.5000   22.5000   15.000015022.6074   15.3877
   -7.5000   30.0000   15.000014573.4082   15.1629
    0.0000   30.0000   15.000015294.8145   15.1776
    7.5000   30.0000   15.000014609.4727   15.1792
   -7.5000   37.5000   15.000014613.5879   15.1572
    0.0000   37.5000   15.000015369.0986   15.1698
    7.5000   37.5000   15.000014593.0654   15.1780
   -7.5000   45.0000   15.000013725.8262   14.8223
    0.0000   45.0000   15.000014429.7979   14.8304
    7.5000   45.0000   15.000013691.1934   14.8345
   -7.5000  -45.0000   22.5000 7399.1895   16.9612
    0.0000  -45.0000   22.5000 7757.1475   16.9665
    7.5000  -45.0000   22.5000 7383.4365   16.9706
   -7.5000  -37.5000   22.5000 8231.0723   16.4116
    0.0000  -37.5000   22.5000 8650.7383   16.4149
    7.5000  -37.5000   22.5000 8218.8213   16.4090
   -7.5000  -30.0000   22.5000 9426.1787   16.0088
    0.0000  -30.0000   22.5000 9904.0225   16.0164
    7.5000  -30.0000   22.5000 9405.0947   16.0053
   -7.5000  -22.5000   22.500010625.4941   15.6884
    0.0000  -22.5000   22.500011155.6260   15.7039
    7.5000  -22.5000   22.500010611.5303   15.6995
   -7.5000  -15.0000   22.500011804.4580   15.4935
    0.0000  -15.0000   22.500012383.1133   15.5117
    7.5000  -15.0000   22.500011791.8242   15.5153
   -7.5000   -7.5000   22.500012978.2139   15.4511
    0.0000   -7.5000   22.500013578.6299   15.4665
    7.5000   -7.5000   22.500012959.9092   15.4744
   -7.5000    0.0000   22.500014153.0049   15.4705
    0.0000    0.0000   22.500014785.6748   15.4800
    7.5000    0.0000   22.500014124.8828   15.4844
   -7.5000    7.5000   22.500014243.5010   15.5002
    0.0000    7.5000   22.500014911.7637   15.5067
    7.5000    7.5000   22.500014249.6172   15.5017
   -7.5000   15.0000   22.500014127.5879   15.5088
    0.0000   15.0000   22.500014804.3721   15.5184
    7.5000   15.0000   22.500014179.8555   15.5086
   -7.5000   22.5000   22.500013848.8721   15.4781
    0.0000   22.5000   22.500014453.6572   15.4937
    7.5000   22.5000   22.500013893.5508   15.4889
   -7.5000   30.0000   22.500013511.4473   15.2563
    0.0000   30.0000   22.500014087.1680   15.2744
    7.5000   30.0000   22.500013527.9619   15.2777
   -7.5000   37.5000   22.500013617.5166   15.2499
    0.0000   37.5000   22.500014224.7402   15.2651
    7.5000   37.5000   22.500013601.2754   15.2728
   -7.5000   45.0000   22.500012836.5166   14.9118
    0.0000   45.0000   22.500013418.9775   14.9209
    7.5000   45.0000   22.500012815.0010   14.9252
   -7.5000  -45.0000   30.0000 6807.7212   17.1937
    0.0000  -45.0000   30.0000 7123.3994   17.2012
    7.5000  -45.0000   30.0000 6784.3882   17.2037
   -7.5000  -37.5000   30.0000 7587.6865   16.6264
    0.0000  -37.5000   30.0000 7948.8496   16.6320
    7.5000  -37.5000   30.0000 7563.0483   16.6245
   -7.5000  -30.0000   30.0000 8693.8574   16.2044
    0.0000  -30.0000   30.0000 9113.9209   16.2150
    7.5000  -30.0000   30.0000 8672.1885   16.2063
   -7.5000  -22.5000   30.0000 9796.7227   15.8779
    0.0000  -22.5000   30.000010253.9023   15.8979
    7.5000  -22.5000   30.0000 9778.4775   15.8985
   -7.5000  -15.0000   30.000010873.2188   15.6860
    0.0000  -15.0000   30.000011377.9307   15.7090
    7.5000  -15.0000   30.000010843.4404   15.7168
   -7.5000   -7.5000   30.000011963.4209   15.6521
    0.0000   -7.5000   30.000012503.0059   15.6708
    7.5000   -7.5000   30.000011934.4316   15.6793
   -7.5000    0.0000   30.000013053.4443   15.6741
    0.0000    0.0000   30.000013640.4209   15.6857
    7.5000    0.0000   30.000013013.5264   15.6877
   -7.5000    7.5000   30.000013134.9502   15.6962
    0.0000    7.5000   30.000013742.5254   15.7047
    7.5000    7.5000   30.000013160.6689   15.6982
   -7.5000   15.0000   30.000013010.6396   15.6950
    0.0000   15.0000   30.000013589.6660   15.7075
    7.5000   15.0000   30.000013067.5732   15.7000
   -7.5000   22.5000   30.000012737.9561   15.6627
    0.0000   22.5000   30.000013280.9727   15.6826
    7.5000   22.5000   30.000012784.5703   15.6828
   -7.5000   30.0000   30.000012422.0049   15.4453
    0.0000   30.0000   30.000012949.8145   15.4682
    7.5000   30.0000   30.000012443.9492   15.4757
   -7.5000   37.5000   30.000012553.5176   15.4482
    0.0000   37.5000   30.000013109.5684   15.4667
    7.5000   37.5000   30.000012544.1416   15.4750
   -7.5000   45.0000   30.000011882.7666   15.1081
    0.0000   45.0000   30.000012398.6172   15.1192
    7.5000   45.0000   30.000011866.2686   15.1211
   -7.5000  -45.0000   37.5000 6490.4448   17.5928
    0.0000  -45.0000   37.5000 6768.8960   17.6009
    7.5000  -45.0000   37.5000 6466.4316   17.6020
   -7.5000  -37.5000   37.5000 7241.1099   16.9991
    0.0000  -37.5000   37.5000 7557.9810   17.0067
    7.5000  -37.5000   37.5000 7216.3516   16.9947
   -7.5000  -30.0000   37.5000 8292.6582   16.5505
    0.0000  -30.0000   37.5000 8671.1025   16.5629
    7.5000  -30.0000   37.5000 8262.5576   16.5510
   -7.5000  -22.5000   37.5000 9352.2500   16.2095
    0.0000  -22.5000   37.5000 9778.3545   16.2310
    7.5000  -22.5000   37.5000 9316.7734   16.2327
   -7.5000  -15.0000   37.500010381.1221   16.0155
    0.0000  -15.0000   37.500010867.9541   16.0397
    7.5000  -15.0000   37.500010348.5049   16.0515
   -7.5000   -7.5000   37.500011415.6094   15.9909
    0.0000   -7.5000   37.500011944.1191   16.0106
    7.5000   -7.5000   37.500011390.4521   16.0215
   -7.5000    0.0000   37.500012463.5410   16.0189
    0.0000    0.0000   37.500013016.9395   16.0315
    7.5000    0.0000   37.500012429.2578   16.0317
   -7.5000    7.5000   37.500012557.2891   16.0352
    0.0000    7.5000   37.500013110.0498   16.0452
    7.5000    7.5000   37.500012559.3047   16.0344
   -7.5000   15.0000   37.500012422.8242   16.0231
    0.0000   15.0000   37.500012955.0938   16.0372
    7.5000   15.0000   37.500012455.8408   16.0266
   -7.5000   22.5000   37.500012152.2285   15.9855
    0.0000   22.5000   37.500012674.3828   16.0069
    7.5000   22.5000   37.500012184.6094   16.0080
   -7.5000   30.0000   37.500011846.4121   15.7690
    0.0000   30.0000   37.500012363.4902   15.7930
    7.5000   30.0000   37.500011872.0801   15.8044
   -7.5000   37.5000   37.500011981.5107   15.7826
    0.0000   37.5000   37.500012516.4668   15.8020
    7.5000   37.5000   37.500011978.8955   15.8127
   -7.5000   45.0000   37.500011366.9062   15.4404
    0.0000   45.0000   37.500011880.4277   15.4526
    7.5000   45.0000   37.500011365.7803   15.4527
   -7.5000  -45.0000   45.0000 5954.8672   18.1238
    0.0000  -45.0000   45.0000 6205.2690   18.1277
    7.5000  -45.0000   45.0000 5934.1567   18.1266
   -7.5000  -37.5000   45.0000 6637.3086   17.4940
    0.0000  -37.5000   45.0000 6919.9106   17.4985
    7.5000  -37.5000   45.0000 6611.6196   17.4799
   -7.5000  -30.0000   45.0000 7613.4395   17.0174
    0.0000  -30.0000   45.0000 7946.3115   17.0259
    7.5000  -30.0000   45.0000 7580.5278   17.0048
   -7.5000  -22.5000   45.0000 8589.5840   16.6572
    0.0000  -22.5000   45.0000 8987.1523   16.6736
    7.5000  -22.5000   45.0000 8542.9307   16.6692
   -7.5000  -15.0000   45.0000 9541.4170   16.4532
    0.0000  -15.0000   45.0000 9992.2871   16.4724
    7.5000  -15.0000   45.0000 9484.0449   16.4831
   -7.5000   -7.5000   45.000010489.7080   16.4319
    0.0000   -7.5000   45.000010982.0566   16.4475
    7.5000   -7.5000   45.000010434.2266   16.4593
   -7.5000    0.0000   45.000011431.3496   16.4641
    0.0000    0.0000   45.000011945.6367   16.4739
    7.5000    0.0000   45.000011380.4111   16.4727
   -7.5000    7.5000   45.000011500.1836   16.4784
    0.0000    7.5000   45.000012018.3594   16.4857
    7.5000    7.5000   45.000011488.6562   16.4688
   -7.5000   15.0000   45.000011389.4922   16.4612
    0.0000   15.0000   45.000011897.5430   16.4716
    7.5000   15.0000   45.000011401.9980   16.4523
   -7.5000   22.5000   45.000011163.1064   16.4196
    0.0000   22.5000   45.000011648.5127   16.4362
    7.5000   22.5000   45.000011151.7832   16.4313
   -7.5000   30.0000   45.000010881.9971   16.1971
    0.0000   30.0000   45.000011353.8428   16.2163
    7.5000   30.0000   45.000010879.0107   16.2265
   -7.5000   37.5000   45.000011001.1416   16.2164
    0.0000   37.5000   45.000011485.5811   16.2318
    7.5000   37.5000   45.000010994.5117   16.2434
   -7.5000   45.0000   45.000010463.0215   15.8767
    0.0000   45.0000   45.000010944.8262   15.8861
    7.5000   45.0000   45.000010446.4131   15.8850

---------------------------------------------------------------------
imgreg_4dfp /opt/freesurfer/average/711-2C_as_mni_average_305 /opt/freesurfer/average/711-2B_as_mni_average_305_mask talsrcimg_g11 none talsrcimg_to_711-2C_as_mni_average_305_t4 4355
---------------------------------------------------------------------

freesurfer imgreg_4dfp.c
/opt/freesurfer/average/711-2C_as_mni_average_305.4dfp.img
       256       256       256         1
  1.000000  1.000000  1.000000
orientation T byte_order littleendian
Reading image: /opt/freesurfer/average/711-2C_as_mni_average_305.4dfp.img
dimensions:      256       256       256
mmppix:       1.0000   -1.0000   -1.0000
center:     128.0000 -129.0000 -129.0000
/opt/freesurfer/average/711-2B_as_mni_average_305_mask.4dfp.img
       256       256       256         1
  1.000000  1.000000  1.000000
orientation T byte_order littleendian
Reading mask: /opt/freesurfer/average/711-2B_as_mni_average_305_mask.4dfp.img (2306576 pixels)
talsrcimg_g11.4dfp.img
       256       256       256         1
  1.000000  1.000000  1.000000
orientation T byte_order littleendian
Reading image: talsrcimg_g11.4dfp.img
dimensions:      256       256       256
mmppix:       1.0000   -1.0000   -1.0000
center:     128.0000 -129.0000 -129.0000
rotation matrix determinant  1.000000
image alignment mode   4355 decimal     1103 hex
   -7.5000  -30.0000  -45.0000 2055.2654   18.4401
    0.0000  -30.0000  -45.0000 2066.5159   18.4392
    7.5000  -30.0000  -45.0000 2060.5334   18.5298
   -7.5000  -22.5000  -45.0000 2174.4487   16.5368
    0.0000  -22.5000  -45.0000 2189.2026   16.5329
    7.5000  -22.5000  -45.0000 2183.7739   16.6337
   -7.5000  -15.0000  -45.0000 2282.7241   15.0959
    0.0000  -15.0000  -45.0000 2297.7737   15.0839
    7.5000  -15.0000  -45.0000 2290.6226   15.1439
   -7.5000   -7.5000  -45.0000 2377.6682   14.0098
    0.0000   -7.5000  -45.0000 2392.6628   13.9794
    7.5000   -7.5000  -45.0000 2384.7205   14.0177
   -7.5000    0.0000  -45.0000 2433.3008   13.2487
    0.0000    0.0000  -45.0000 2452.7866   13.2044
    7.5000    0.0000  -45.0000 2443.1338   13.2481
   -7.5000    7.5000  -45.0000 2464.0073   12.7708
    0.0000    7.5000  -45.0000 2483.7117   12.6948
    7.5000    7.5000  -45.0000 2471.1838   12.7514
   -7.5000   15.0000  -45.0000 2476.6384   12.5168
    0.0000   15.0000  -45.0000 2496.7395   12.4469
    7.5000   15.0000  -45.0000 2483.4114   12.4970
   -7.5000   22.5000  -45.0000 2476.0742   12.5272
    0.0000   22.5000  -45.0000 2495.0034   12.4291
    7.5000   22.5000  -45.0000 2486.3269   12.4687
   -7.5000   30.0000  -45.0000 2466.8643   12.7290
    0.0000   30.0000  -45.0000 2488.1870   12.6169
    7.5000   30.0000  -45.0000 2476.6619   12.6675
   -7.5000   37.5000  -45.0000 2447.0730   13.1309
    0.0000   37.5000  -45.0000 2470.5261   13.0262
    7.5000   37.5000  -45.0000 2457.0808   13.0752
   -7.5000   45.0000  -45.0000 2407.9978   13.7773
    0.0000   45.0000  -45.0000 2433.0493   13.6874
    7.5000   45.0000  -45.0000 2419.7102   13.7090
   -7.5000   52.5000  -45.0000 2327.1492   14.5375
    0.0000   52.5000  -45.0000 2348.7021   14.4600
    7.5000   52.5000  -45.0000 2337.6509   14.4929
   -7.5000   60.0000  -45.0000 2204.7688   15.3993
    0.0000   60.0000  -45.0000 2226.7354   15.2867
    7.5000   60.0000  -45.0000 2216.2383   15.3454
   -7.5000  -30.0000  -37.5000 2117.2942   17.4205
    0.0000  -30.0000  -37.5000 2126.1255   17.4110
    7.5000  -30.0000  -37.5000 2118.2419   17.4635
   -7.5000  -22.5000  -37.5000 2247.6023   15.5982
    0.0000  -22.5000  -37.5000 2259.8052   15.5898
    7.5000  -22.5000  -37.5000 2249.3887   15.6648
   -7.5000  -15.0000  -37.5000 2360.8147   14.2227
    0.0000  -15.0000  -37.5000 2377.2576   14.1976
    7.5000  -15.0000  -37.5000 2363.3000   14.2552
   -7.5000   -7.5000  -37.5000 2458.0947   13.1559
    0.0000   -7.5000  -37.5000 2474.2725   13.1068
    7.5000   -7.5000  -37.5000 2463.7256   13.1638
   -7.5000    0.0000  -37.5000 2521.8643   12.3919
    0.0000    0.0000  -37.5000 2539.3464   12.3203
    7.5000    0.0000  -37.5000 2529.2778   12.3790
   -7.5000    7.5000  -37.5000 2558.2144   11.9266
    0.0000    7.5000  -37.5000 2573.6057   11.8257
    7.5000    7.5000  -37.5000 2564.0872   11.8903
   -7.5000   15.0000  -37.5000 2580.2729   11.6588
    0.0000   15.0000  -37.5000 2597.1233   11.5580
    7.5000   15.0000  -37.5000 2582.2742   11.6293
   -7.5000   22.5000  -37.5000 2583.8445   11.6210
    0.0000   22.5000  -37.5000 2601.6597   11.5330
    7.5000   22.5000  -37.5000 2588.5427   11.5786
   -7.5000   30.0000  -37.5000 2570.5437   11.7925
    0.0000   30.0000  -37.5000 2588.8101   11.7025
    7.5000   30.0000  -37.5000 2577.8530   11.7790
   -7.5000   37.5000  -37.5000 2545.1184   12.1594
    0.0000   37.5000  -37.5000 2567.1077   12.0754
    7.5000   37.5000  -37.5000 2554.5591   12.1649
   -7.5000   45.0000  -37.5000 2504.7507   12.7701
    0.0000   45.0000  -37.5000 2529.8813   12.6951
    7.5000   45.0000  -37.5000 2514.0312   12.7556
   -7.5000   52.5000  -37.5000 2423.8657   13.4948
    0.0000   52.5000  -37.5000 2446.8276   13.4218
    7.5000   52.5000  -37.5000 2429.0476   13.4800
   -7.5000   60.0000  -37.5000 2291.4292   14.3095
    0.0000   60.0000  -37.5000 2315.2446   14.2174
    7.5000   60.0000  -37.5000 2298.3789   14.2546
   -7.5000  -30.0000  -30.0000 2214.3574   17.1838
    0.0000  -30.0000  -30.0000 2225.4631   17.0947
    7.5000  -30.0000  -30.0000 2214.8484   17.1672
   -7.5000  -22.5000  -30.0000 2351.4397   15.3892
    0.0000  -22.5000  -30.0000 2366.6919   15.2847
    7.5000  -22.5000  -30.0000 2352.4099   15.3748
   -7.5000  -15.0000  -30.0000 2469.7024   13.9502
    0.0000  -15.0000  -30.0000 2487.8254   13.8690
    7.5000  -15.0000  -30.0000 2471.5283   13.9614
   -7.5000   -7.5000  -30.0000 2572.1624   12.8517
    0.0000   -7.5000  -30.0000 2587.2598   12.7611
    7.5000   -7.5000  -30.0000 2576.7603   12.8483
   -7.5000    0.0000  -30.0000 2645.0159   12.0429
    0.0000    0.0000  -30.0000 2662.0935   11.9506
    7.5000    0.0000  -30.0000 2651.8308   12.0279
   -7.5000    7.5000  -30.0000 2687.8621   11.5490
    0.0000    7.5000  -30.0000 2701.8760   11.4459
    7.5000    7.5000  -30.0000 2694.4390   11.5267
   -7.5000   15.0000  -30.0000 2715.9460   11.2431
    0.0000   15.0000  -30.0000 2733.7139   11.1403
    7.5000   15.0000  -30.0000 2718.3660   11.2230
   -7.5000   22.5000  -30.0000 2730.9060   11.1581
    0.0000   22.5000  -30.0000 2750.6157   11.0776
    7.5000   22.5000  -30.0000 2730.3347   11.1445
   -7.5000   30.0000  -30.0000 2721.5090   11.3213
    0.0000   30.0000  -30.0000 2741.0125   11.2389
    7.5000   30.0000  -30.0000 2724.8018   11.3317
   -7.5000   37.5000  -30.0000 2695.8306   11.7054
    0.0000   37.5000  -30.0000 2720.0020   11.6007
    7.5000   37.5000  -30.0000 2699.7156   11.7194
   -7.5000   45.0000  -30.0000 2653.0806   12.3120
    0.0000   45.0000  -30.0000 2679.2749   12.1997
    7.5000   45.0000  -30.0000 2653.6958   12.3031
   -7.5000   52.5000  -30.0000 2565.1531   13.0392
    0.0000   52.5000  -30.0000 2586.2166   12.9398
    7.5000   52.5000  -30.0000 2563.1421   13.0135
   -7.5000   60.0000  -30.0000 2422.8508   13.8478
    0.0000   60.0000  -30.0000 2444.7817   13.7315
    7.5000   60.0000  -30.0000 2424.1985   13.7841
   -7.5000  -30.0000  -22.5000 2282.1206   16.8488
    0.0000  -30.0000  -22.5000 2291.6956   16.6945
    7.5000  -30.0000  -22.5000 2277.0706   16.8064
   -7.5000  -22.5000  -22.5000 2417.0862   15.0355
    0.0000  -22.5000  -22.5000 2432.9495   14.8983
    7.5000  -22.5000  -22.5000 2419.0864   14.9924
   -7.5000  -15.0000  -22.5000 2533.2480   13.5755
    0.0000  -15.0000  -22.5000 2553.6001   13.4584
    7.5000  -15.0000  -22.5000 2542.2654   13.5599
   -7.5000   -7.5000  -22.5000 2642.2068   12.4506
    0.0000   -7.5000  -22.5000 2661.4075   12.3521
    7.5000   -7.5000  -22.5000 2650.8196   12.4389
   -7.5000    0.0000  -22.5000 2728.2493   11.6323
    0.0000    0.0000  -22.5000 2745.9355   11.5346
    7.5000    0.0000  -22.5000 2736.1611   11.6121
   -7.5000    7.5000  -22.5000 2782.5178   11.0979
    0.0000    7.5000  -22.5000 2801.4954   11.0068
    7.5000    7.5000  -22.5000 2792.0857   11.0694
   -7.5000   15.0000  -22.5000 2816.7561   10.7751
    0.0000   15.0000  -22.5000 2838.7341   10.6608
    7.5000   15.0000  -22.5000 2823.6157   10.7458
   -7.5000   22.5000  -22.5000 2841.9294   10.6288
    0.0000   22.5000  -22.5000 2863.3379   10.5029
    7.5000   22.5000  -22.5000 2840.6340   10.6042
   -7.5000   30.0000  -22.5000 2840.7705   10.8056
    0.0000   30.0000  -22.5000 2860.0288   10.6900
    7.5000   30.0000  -22.5000 2838.2202   10.8067
   -7.5000   37.5000  -22.5000 2816.8596   11.1923
    0.0000   37.5000  -22.5000 2841.9377   11.0636
    7.5000   37.5000  -22.5000 2821.6375   11.1871
   -7.5000   45.0000  -22.5000 2770.9202   11.7498
    0.0000   45.0000  -22.5000 2795.4834   11.6312
    7.5000   45.0000  -22.5000 2769.7183   11.7587
   -7.5000   52.5000  -22.5000 2671.8921   12.4615
    0.0000   52.5000  -22.5000 2692.6255   12.3489
    7.5000   52.5000  -22.5000 2670.8530   12.4467
   -7.5000   60.0000  -22.5000 2522.2117   13.2723
    0.0000   60.0000  -22.5000 2542.7559   13.1641
    7.5000   60.0000  -22.5000 2524.6450   13.2261
   -7.5000  -30.0000  -15.0000 2304.9753   16.5205
    0.0000  -30.0000  -15.0000 2313.7175   16.3408
    7.5000  -30.0000  -15.0000 2304.5745   16.4777
   -7.5000  -22.5000  -15.0000 2439.7595   14.6653
    0.0000  -22.5000  -15.0000 2454.9114   14.5173
    7.5000  -22.5000  -15.0000 2443.7600   14.6482
   -7.5000  -15.0000  -15.0000 2557.8076   13.2185
    0.0000  -15.0000  -15.0000 2579.1350   13.0817
    7.5000  -15.0000  -15.0000 2570.0056   13.2195
   -7.5000   -7.5000  -15.0000 2671.9888   12.1113
    0.0000   -7.5000  -15.0000 2694.1885   11.9803
    7.5000   -7.5000  -15.0000 2683.5903   12.0918
   -7.5000    0.0000  -15.0000 2767.3293   11.2743
    0.0000    0.0000  -15.0000 2790.8496   11.1483
    7.5000    0.0000  -15.0000 2782.3511   11.2425
   -7.5000    7.5000  -15.0000 2842.3779   10.7050
    0.0000    7.5000  -15.0000 2863.8010   10.5849
    7.5000    7.5000  -15.0000 2854.5530   10.6706
   -7.5000   15.0000  -15.0000 2885.7495   10.3492
    0.0000   15.0000  -15.0000 2908.8513   10.2141
    7.5000   15.0000  -15.0000 2896.0842   10.3098
   -7.5000   22.5000  -15.0000 2924.6729   10.1706
    0.0000   22.5000  -15.0000 2943.7341   10.0043
    7.5000   22.5000  -15.0000 2924.5876   10.1259
   -7.5000   30.0000  -15.0000 2925.1196   10.3323
    0.0000   30.0000  -15.0000 2942.6099   10.1757
    7.5000   30.0000  -15.0000 2922.1682   10.3051
   -7.5000   37.5000  -15.0000 2897.1021   10.6985
    0.0000   37.5000  -15.0000 2920.6145   10.5485
    7.5000   37.5000  -15.0000 2901.0813   10.6792
   -7.5000   45.0000  -15.0000 2843.9653   11.2495
    0.0000   45.0000  -15.0000 2867.3005   11.1054
    7.5000   45.0000  -15.0000 2846.6804   11.2440
   -7.5000   52.5000  -15.0000 2740.4067   11.9569
    0.0000   52.5000  -15.0000 2761.2576   11.8156
    7.5000   52.5000  -15.0000 2742.3958   11.9520
   -7.5000   60.0000  -15.0000 2586.5686   12.7479
    0.0000   60.0000  -15.0000 2606.7549   12.6057
    7.5000   60.0000  -15.0000 2589.4583   12.7210
   -7.5000  -30.0000   -7.5000 2315.2009   16.3228
    0.0000  -30.0000   -7.5000 2325.4568   16.1139
    7.5000  -30.0000   -7.5000 2318.3574   16.2820
   -7.5000  -22.5000   -7.5000 2447.1501   14.4363
    0.0000  -22.5000   -7.5000 2460.0562   14.2487
    7.5000  -22.5000   -7.5000 2454.9934   14.4190
   -7.5000  -15.0000   -7.5000 2566.5579   12.9697
    0.0000  -15.0000   -7.5000 2581.5757   12.8059
    7.5000  -15.0000   -7.5000 2575.2073   12.9615
   -7.5000   -7.5000   -7.5000 2678.7380   11.8498
    0.0000   -7.5000   -7.5000 2698.1445   11.6914
    7.5000   -7.5000   -7.5000 2689.3940   11.8405
   -7.5000    0.0000   -7.5000 2779.6191   11.0000
    0.0000    0.0000   -7.5000 2802.3599   10.8524
    7.5000    0.0000   -7.5000 2794.4658   10.9677
   -7.5000    7.5000   -7.5000 2868.6189   10.4013
    0.0000    7.5000   -7.5000 2893.9307   10.2492
    7.5000    7.5000   -7.5000 2881.7756   10.3525
   -7.5000   15.0000   -7.5000 2932.2517   10.0333
    0.0000   15.0000   -7.5000 2956.9172    9.8551
    7.5000   15.0000   -7.5000 2943.1860    9.9727
   -7.5000   22.5000   -7.5000 2981.4248    9.8726
    0.0000   22.5000   -7.5000 3006.2236    9.6714
    7.5000   22.5000   -7.5000 2985.1833    9.8276
   -7.5000   30.0000   -7.5000 2986.6306    9.9934
    0.0000   30.0000   -7.5000 3008.6868    9.7750
    7.5000   30.0000   -7.5000 2981.4202    9.9542
   -7.5000   37.5000   -7.5000 2953.4968   10.3252
    0.0000   37.5000   -7.5000 2972.8818   10.1308
    7.5000   37.5000   -7.5000 2956.4866   10.3055
   -7.5000   45.0000   -7.5000 2893.3440   10.8628
    0.0000   45.0000   -7.5000 2915.1360   10.6714
    7.5000   45.0000   -7.5000 2897.4045   10.8660
   -7.5000   52.5000   -7.5000 2785.1396   11.5697
    0.0000   52.5000   -7.5000 2809.2351   11.3856
    7.5000   52.5000   -7.5000 2789.1021   11.5545
   -7.5000   60.0000   -7.5000 2624.7817   12.3719
    0.0000   60.0000   -7.5000 2646.7734   12.1924
    7.5000   60.0000   -7.5000 2626.7205   12.3343
   -7.5000  -30.0000    0.0000 2308.9626   16.2923
    0.0000  -30.0000    0.0000 2323.9658   16.1118
    7.5000  -30.0000    0.0000 2313.5557   16.2560
   -7.5000  -22.5000    0.0000 2438.2383   14.3966
    0.0000  -22.5000    0.0000 2454.0417   14.2275
    7.5000  -22.5000    0.0000 2443.7747   14.3894
   -7.5000  -15.0000    0.0000 2557.0166   12.9113
    0.0000  -15.0000    0.0000 2566.5322   12.7406
    7.5000  -15.0000    0.0000 2558.2554   12.9233
   -7.5000   -7.5000    0.0000 2670.9268   11.7636
    0.0000   -7.5000    0.0000 2683.0308   11.5918
    7.5000   -7.5000    0.0000 2671.9075   11.7556
   -7.5000    0.0000    0.0000 2777.0732   10.8820
    0.0000    0.0000    0.0000 2791.5576   10.7097
    7.5000    0.0000    0.0000 2779.7756   10.8565
   -7.5000    7.5000    0.0000 2872.5645   10.2600
    0.0000    7.5000    0.0000 2893.2974   10.1037
    7.5000    7.5000    0.0000 2878.5667   10.2422
   -7.5000   15.0000    0.0000 2958.4163    9.9277
    0.0000   15.0000    0.0000 2984.1309    9.7715
    7.5000   15.0000    0.0000 2967.2114    9.8998
   -7.5000   22.5000    0.0000 3025.1560    9.8135
    0.0000   22.5000    0.0000 3059.9985    9.6728
    7.5000   22.5000    0.0000 3023.6294    9.7664
   -7.5000   30.0000    0.0000 3027.9429    9.9135
    0.0000   30.0000    0.0000 3065.9885    9.7336
    7.5000   30.0000    0.0000 3017.7061    9.8774
   -7.5000   37.5000    0.0000 2987.3040   10.1654
    0.0000   37.5000    0.0000 3012.6562    9.9936
    7.5000   37.5000    0.0000 2982.3083   10.1313
   -7.5000   45.0000    0.0000 2918.1948   10.6460
    0.0000   45.0000    0.0000 2941.5862   10.4870
    7.5000   45.0000    0.0000 2916.8643   10.6310
   -7.5000   52.5000    0.0000 2803.7754   11.3632
    0.0000   52.5000    0.0000 2829.0022   11.2180
    7.5000   52.5000    0.0000 2806.0898   11.3295
   -7.5000   60.0000    0.0000 2640.3276   12.1848
    0.0000   60.0000    0.0000 2661.8318   12.0480
    7.5000   60.0000    0.0000 2641.2251   12.1292
   -7.5000  -30.0000    7.5000 2292.9521   16.5179
    0.0000  -30.0000    7.5000 2310.8477   16.2920
    7.5000  -30.0000    7.5000 2297.9211   16.4999
   -7.5000  -22.5000    7.5000 2427.7090   14.5503
    0.0000  -22.5000    7.5000 2439.7610   14.3135
    7.5000  -22.5000    7.5000 2426.9614   14.5824
   -7.5000  -15.0000    7.5000 2540.6616   13.0300
    0.0000  -15.0000    7.5000 2549.2820   12.7902
    7.5000  -15.0000    7.5000 2539.4766   13.0975
   -7.5000   -7.5000    7.5000 2657.1133   11.8973
    0.0000   -7.5000    7.5000 2662.4890   11.6667
    7.5000   -7.5000    7.5000 2652.5664   11.9342
   -7.5000    0.0000    7.5000 2765.9607   11.0320
    0.0000    0.0000    7.5000 2772.0276   10.8420
    7.5000    0.0000    7.5000 2761.5417   11.0469
   -7.5000    7.5000    7.5000 2867.8452   10.3923
    0.0000    7.5000    7.5000 2883.9434   10.2722
    7.5000    7.5000    7.5000 2863.7043   10.4255
   -7.5000   15.0000    7.5000 2961.8376   10.0278
    0.0000   15.0000    7.5000 2991.4380    9.9709
    7.5000   15.0000    7.5000 2954.6870   10.0668
   -7.5000   22.5000    7.5000 3028.8628    9.8875
    0.0000   22.5000    7.5000 3070.9497    9.8450
    7.5000   22.5000    7.5000 3016.0837    9.9282
   -7.5000   30.0000    7.5000 3030.4653    9.9506
    0.0000   30.0000    7.5000 3075.8660    9.8648
    7.5000   30.0000    7.5000 3016.7930    9.9849
   -7.5000   37.5000    7.5000 2986.2581   10.2183
    0.0000   37.5000    7.5000 3016.4243   10.1165
    7.5000   37.5000    7.5000 2977.3989   10.2493
   -7.5000   45.0000    7.5000 2918.5552   10.7161
    0.0000   45.0000    7.5000 2942.6279   10.5769
    7.5000   45.0000    7.5000 2915.0642   10.7202
   -7.5000   52.5000    7.5000 2805.3357   11.4047
    0.0000   52.5000    7.5000 2823.4397   11.2455
    7.5000   52.5000    7.5000 2803.1694   11.3788
   -7.5000   60.0000    7.5000 2641.5312   12.1822
    0.0000   60.0000    7.5000 2657.2959   12.0194
    7.5000   60.0000    7.5000 2638.4536   12.1320
   -7.5000  -30.0000   15.0000 2268.4756   16.9161
    0.0000  -30.0000   15.0000 2280.1772   16.6399
    7.5000  -30.0000   15.0000 2268.1809   16.9046
   -7.5000  -22.5000   15.0000 2403.4846   14.9049
    0.0000  -22.5000   15.0000 2412.2205   14.6694
    7.5000  -22.5000   15.0000 2400.3511   14.9847
   -7.5000  -15.0000   15.0000 2517.9009   13.3991
    0.0000  -15.0000   15.0000 2527.8735   13.2142
    7.5000  -15.0000   15.0000 2510.4541   13.5148
   -7.5000   -7.5000   15.0000 2632.5894   12.2607
    0.0000   -7.5000   15.0000 2641.4368   12.0849
    7.5000   -7.5000   15.0000 2622.5869   12.3718
   -7.5000    0.0000   15.0000 2744.1150   11.3669
    0.0000    0.0000   15.0000 2750.9353   11.2203
    7.5000    0.0000   15.0000 2731.7300   11.4714
   -7.5000    7.5000   15.0000 2843.1428   10.7033
    0.0000    7.5000   15.0000 2855.1904   10.5810
    7.5000    7.5000   15.0000 2834.3489   10.7927
   -7.5000   15.0000   15.0000 2930.9951   10.2992
    0.0000   15.0000   15.0000 2955.1772   10.1900
    7.5000   15.0000   15.0000 2923.1685   10.3782
   -7.5000   22.5000   15.0000 2990.8618   10.1103
    0.0000   22.5000   15.0000 3019.6931    9.9961
    7.5000   22.5000   15.0000 2977.1816   10.1934
   -7.5000   30.0000   15.0000 2995.3052   10.1162
    0.0000   30.0000   15.0000 3026.0603    9.9662
    7.5000   30.0000   15.0000 2982.1689   10.2006
   -7.5000   37.5000   15.0000 2959.5867   10.4586
    0.0000   37.5000   15.0000 2988.9919   10.3341
    7.5000   37.5000   15.0000 2948.9155   10.5014
   -7.5000   45.0000   15.0000 2889.2161   11.0257
    0.0000   45.0000   15.0000 2912.0393   10.8901
    7.5000   45.0000   15.0000 2886.9282   11.0241
   -7.5000   52.5000   15.0000 2776.4124   11.6893
    0.0000   52.5000   15.0000 2794.7185   11.5712
    7.5000   52.5000   15.0000 2772.2346   11.6794
   -7.5000   60.0000   15.0000 2616.2012   12.3969
    0.0000   60.0000   15.0000 2632.3433   12.2780
    7.5000   60.0000   15.0000 2611.2021   12.3683
   -7.5000  -30.0000   22.5000 2230.9697   17.5737
    0.0000  -30.0000   22.5000 2240.0674   17.3841
    7.5000  -30.0000   22.5000 2223.4795   17.6995
   -7.5000  -22.5000   22.5000 2369.1560   15.5022
    0.0000  -22.5000   22.5000 2379.2771   15.3630
    7.5000  -22.5000   22.5000 2359.7661   15.6812
   -7.5000  -15.0000   22.5000 2485.4255   13.9651
    0.0000  -15.0000   22.5000 2496.7751   13.8069
    7.5000  -15.0000   22.5000 2472.8325   14.1460
   -7.5000   -7.5000   22.5000 2596.4377   12.7765
    0.0000   -7.5000   22.5000 2604.0579   12.5984
    7.5000   -7.5000   22.5000 2581.4434   12.9334
   -7.5000    0.0000   22.5000 2711.5046   11.8591
    0.0000    0.0000   22.5000 2719.0808   11.6728
    7.5000    0.0000   22.5000 2695.2722   11.9715
   -7.5000    7.5000   22.5000 2810.3269   11.1629
    0.0000    7.5000   22.5000 2819.3838   11.0001
    7.5000    7.5000   22.5000 2795.2434   11.2637
   -7.5000   15.0000   22.5000 2885.2334   10.7335
    0.0000   15.0000   22.5000 2901.4270   10.5857
    7.5000   15.0000   22.5000 2869.9695   10.8209
   -7.5000   22.5000   22.5000 2930.5273   10.5018
    0.0000   22.5000   22.5000 2949.0417   10.3315
    7.5000   22.5000   22.5000 2912.2097   10.5934
   -7.5000   30.0000   22.5000 2935.7756   10.4922
    0.0000   30.0000   22.5000 2955.2896   10.3413
    7.5000   30.0000   22.5000 2922.7534   10.5772
   -7.5000   37.5000   22.5000 2910.6648   10.8361
    0.0000   37.5000   22.5000 2933.9734   10.7114
    7.5000   37.5000   22.5000 2897.2512   10.8863
   -7.5000   45.0000   22.5000 2840.3013   11.4454
    0.0000   45.0000   22.5000 2860.1794   11.2805
    7.5000   45.0000   22.5000 2832.9980   11.4427
   -7.5000   52.5000   22.5000 2731.7524   12.1021
    0.0000   52.5000   22.5000 2746.9490   11.9607
    7.5000   52.5000   22.5000 2723.3186   12.0899
   -7.5000   60.0000   22.5000 2572.3796   12.7822
    0.0000   60.0000   22.5000 2588.7717   12.6751
    7.5000   60.0000   22.5000 2568.5415   12.7793
   -7.5000  -30.0000   30.0000 2182.3435   18.4659
    0.0000  -30.0000   30.0000 2189.6226   18.2853
    7.5000  -30.0000   30.0000 2172.8425   18.6155
   -7.5000  -22.5000   30.0000 2322.9517   16.2981
    0.0000  -22.5000   30.0000 2330.1602   16.1464
    7.5000  -22.5000   30.0000 2308.5327   16.4858
   -7.5000  -15.0000   30.0000 2438.8613   14.6834
    0.0000  -15.0000   30.0000 2448.1909   14.4957
    7.5000  -15.0000   30.0000 2420.1260   14.8574
   -7.5000   -7.5000   30.0000 2551.2561   13.4523
    0.0000   -7.5000   30.0000 2559.0090   13.2489
    7.5000   -7.5000   30.0000 2531.9216   13.6022
   -7.5000    0.0000   30.0000 2666.9875   12.4914
    0.0000    0.0000   30.0000 2673.3704   12.2925
    7.5000    0.0000   30.0000 2644.6650   12.6071
   -7.5000    7.5000   30.0000 2760.9536   11.7629
    0.0000    7.5000   30.0000 2771.8628   11.5836
    7.5000    7.5000   30.0000 2743.5203   11.8738
   -7.5000   15.0000   30.0000 2826.9473   11.2921
    0.0000   15.0000   30.0000 2839.5066   11.1380
    7.5000   15.0000   30.0000 2809.5408   11.4095
   -7.5000   22.5000   30.0000 2860.3435   11.0439
    0.0000   22.5000   30.0000 2873.6670   10.8853
    7.5000   22.5000   30.0000 2843.7747   11.1637
   -7.5000   30.0000   30.0000 2860.2632   11.0416
    0.0000   30.0000   30.0000 2875.3247   10.9038
    7.5000   30.0000   30.0000 2848.8547   11.1343
   -7.5000   37.5000   30.0000 2835.3789   11.3908
    0.0000   37.5000   30.0000 2856.0435   11.2590
    7.5000   37.5000   30.0000 2822.4746   11.4446
   -7.5000   45.0000   30.0000 2778.3818   11.9780
    0.0000   45.0000   30.0000 2791.8250   11.8243
    7.5000   45.0000   30.0000 2762.4924   11.9817
   -7.5000   52.5000   30.0000 2669.3679   12.6346
    0.0000   52.5000   30.0000 2682.7146   12.4877
    7.5000   52.5000   30.0000 2661.9380   12.6181
   -7.5000   60.0000   30.0000 2516.8994   13.2826
    0.0000   60.0000   30.0000 2531.8408   13.1872
    7.5000   60.0000   30.0000 2513.6699   13.2706
   -7.5000  -30.0000   37.5000 2131.6992   19.5334
    0.0000  -30.0000   37.5000 2138.9312   19.3817
    7.5000  -30.0000   37.5000 2116.2095   19.6817
   -7.5000  -22.5000   37.5000 2273.5500   17.2410
    0.0000  -22.5000   37.5000 2281.6663   17.0939
    7.5000  -22.5000   37.5000 2253.1353   17.4163
   -7.5000  -15.0000   37.5000 2389.3821   15.5420
    0.0000  -15.0000   37.5000 2401.6265   15.3859
    7.5000  -15.0000   37.5000 2368.9285   15.7068
   -7.5000   -7.5000   37.5000 2496.5027   14.2403
    0.0000   -7.5000   37.5000 2508.6755   14.0899
    7.5000   -7.5000   37.5000 2478.6997   14.4142
   -7.5000    0.0000   37.5000 2605.4656   13.2628
    0.0000    0.0000   37.5000 2614.5750   13.0906
    7.5000    0.0000   37.5000 2583.3762   13.3851
   -7.5000    7.5000   37.5000 2696.5496   12.5196
    0.0000    7.5000   37.5000 2705.7554   12.3304
    7.5000    7.5000   37.5000 2675.4602   12.6259
   -7.5000   15.0000   37.5000 2751.1772   12.0076
    0.0000   15.0000   37.5000 2765.2014   11.8506
    7.5000   15.0000   37.5000 2735.5093   12.1343
   -7.5000   22.5000   37.5000 2780.0576   11.7439
    0.0000   22.5000   37.5000 2791.5872   11.6215
    7.5000   22.5000   37.5000 2765.0017   11.8752
   -7.5000   30.0000   37.5000 2778.3799   11.7443
    0.0000   30.0000   37.5000 2796.4116   11.6430
    7.5000   30.0000   37.5000 2770.0784   11.8589
   -7.5000   37.5000   37.5000 2754.2964   12.0944
    0.0000   37.5000   37.5000 2772.9675   11.9663
    7.5000   37.5000   37.5000 2740.5547   12.1616
   -7.5000   45.0000   37.5000 2699.5420   12.6532
    0.0000   45.0000   37.5000 2712.8672   12.5120
    7.5000   45.0000   37.5000 2684.0769   12.6831
   -7.5000   52.5000   37.5000 2595.9177   13.2627
    0.0000   52.5000   37.5000 2608.9841   13.1397
    7.5000   52.5000   37.5000 2584.3616   13.2849
   -7.5000   60.0000   37.5000 2449.5181   13.8993
    0.0000   60.0000   37.5000 2463.7742   13.8180
    7.5000   60.0000   37.5000 2442.8821   13.9335
   -7.5000  -30.0000   45.0000 2075.0715   20.8544
    0.0000  -30.0000   45.0000 2080.6296   20.7327
    7.5000  -30.0000   45.0000 2060.2910   20.9982
   -7.5000  -22.5000   45.0000 2214.8318   18.3890
    0.0000  -22.5000   45.0000 2226.9717   18.2905
    7.5000  -22.5000   45.0000 2195.7344   18.5976
   -7.5000  -15.0000   45.0000 2327.7051   16.5804
    0.0000  -15.0000   45.0000 2342.6667   16.4768
    7.5000  -15.0000   45.0000 2307.5872   16.7542
   -7.5000   -7.5000   45.0000 2434.5425   15.2169
    0.0000   -7.5000   45.0000 2448.4810   15.1052
    7.5000   -7.5000   45.0000 2412.0139   15.3958
   -7.5000    0.0000   45.0000 2535.1772   14.2029
    0.0000    0.0000   45.0000 2542.7302   14.0501
    7.5000    0.0000   45.0000 2508.6370   14.3396
   -7.5000    7.5000   45.0000 2615.0020   13.4137
    0.0000    7.5000   45.0000 2624.0349   13.2723
    7.5000    7.5000   45.0000 2594.4231   13.5419
   -7.5000   15.0000   45.0000 2666.9922   12.8867
    0.0000   15.0000   45.0000 2679.4639   12.7705
    7.5000   15.0000   45.0000 2651.8689   13.0385
   -7.5000   22.5000   45.0000 2695.8159   12.6141
    0.0000   22.5000   45.0000 2704.0620   12.5194
    7.5000   22.5000   45.0000 2680.4812   12.7353
   -7.5000   30.0000   45.0000 2691.3628   12.6181
    0.0000   30.0000   45.0000 2705.8572   12.5284
    7.5000   30.0000   45.0000 2682.5112   12.7227
   -7.5000   37.5000   45.0000 2665.0266   12.9569
    0.0000   37.5000   45.0000 2678.2778   12.8512
    7.5000   37.5000   45.0000 2652.3284   13.0410
   -7.5000   45.0000   45.0000 2621.4343   13.4394
    0.0000   45.0000   45.0000 2634.5229   13.3254
    7.5000   45.0000   45.0000 2600.9072   13.5089
   -7.5000   52.5000   45.0000 2521.4998   14.0444
    0.0000   52.5000   45.0000 2534.3950   13.9428
    7.5000   52.5000   45.0000 2506.1558   14.1102
   -7.5000   60.0000   45.0000 2375.4629   14.6983
    0.0000   60.0000   45.0000 2388.3765   14.6216
    7.5000   60.0000   45.0000 2367.0322   14.7392

---------------------------------------------------------------------
imgreg_4dfp /opt/freesurfer/average/711-2C_as_mni_average_305 /opt/freesurfer/average/711-2B_as_mni_average_305_mask talsrcimg_g11 none talsrcimg_to_711-2C_as_mni_average_305_t4 1283
---------------------------------------------------------------------

freesurfer imgreg_4dfp.c
/opt/freesurfer/average/711-2C_as_mni_average_305.4dfp.img
       256       256       256         1
  1.000000  1.000000  1.000000
orientation T byte_order littleendian
Reading image: /opt/freesurfer/average/711-2C_as_mni_average_305.4dfp.img
dimensions:      256       256       256
mmppix:       1.0000   -1.0000   -1.0000
center:     128.0000 -129.0000 -129.0000
/opt/freesurfer/average/711-2B_as_mni_average_305_mask.4dfp.img
       256       256       256         1
  1.000000  1.000000  1.000000
orientation T byte_order littleendian
Reading mask: /opt/freesurfer/average/711-2B_as_mni_average_305_mask.4dfp.img (2306576 pixels)
talsrcimg_g11.4dfp.img
       256       256       256         1
  1.000000  1.000000  1.000000
orientation T byte_order littleendian
Reading image: talsrcimg_g11.4dfp.img
dimensions:      256       256       256
mmppix:       1.0000   -1.0000   -1.0000
center:     128.0000 -129.0000 -129.0000
rotation matrix determinant  1.000000
fimgreg.f
image alignment mode   1283 decimal      503 hex
parameters
    0.0000   30.0000    7.5000    0.0000    0.0000    0.0000
eta,q 0.96520  9.89215
niter,ni,del,rscale     5    3   12.0000    1.2000
parameter  2  0.579554 ->  0.500000 qaram    1.1500
parameter  3  0.695327 ->  0.500000 qaram    1.1500
parameter  4  0.682101 ->  0.500000 qaram    1.1500
parameter  5 -0.608038 -> -0.500000 qaram    1.1500
parameters
   -0.5481   26.5500    4.0500   -3.4500    3.4500    1.4745
eta,q 0.97242  9.76423
  0.0471  0.0364  0.0336  0.0312  0.0432  0.0354
  0.0411  0.0356  0.0318  0.0305  0.0390  0.0323
  0.0377  0.0358  0.0324  0.0308  0.0343  0.0295
  0.0377  0.0371  0.0354  0.0318  0.0306  0.0279
  0.0405  0.0405  0.0394  0.0338  0.0283  0.0276
  0.0446  0.0455  0.0438  0.0359  0.0281  0.0285
  0.0499  0.0506  0.0488  0.0380  0.0300  0.0308
niter,ni,del,rscale     7    3   12.0000    1.2000
parameters
   -1.2775   27.7799    4.0750   -4.2802    3.5909    1.3210
eta,q 0.97271  9.76493
  0.0412  0.0461  0.0404  0.0327  0.0376  0.0318
  0.0337  0.0362  0.0328  0.0275  0.0330  0.0293
  0.0284  0.0287  0.0280  0.0269  0.0294  0.0279
  0.0276  0.0273  0.0275  0.0275  0.0273  0.0273
  0.0323  0.0279  0.0294  0.0285  0.0283  0.0277
  0.0402  0.0303  0.0333  0.0312  0.0321  0.0297
  0.0480  0.0352  0.0394  0.0344  0.0373  0.0325
niter,ni,del,rscale     6    3   12.0000    1.2000
parameters
   -1.4343   28.2482    4.0063   -4.5216    3.7090    1.2527
eta,q 0.97266  9.76351
  0.0436  0.0429  0.0397  0.0341  0.0377  0.0318
  0.0356  0.0328  0.0322  0.0283  0.0330  0.0294
  0.0295  0.0274  0.0276  0.0268  0.0293  0.0280
  0.0273  0.0273  0.0275  0.0274  0.0274  0.0273
  0.0303  0.0284  0.0295  0.0282  0.0284  0.0276
  0.0373  0.0317  0.0332  0.0304  0.0322  0.0295
  0.0449  0.0376  0.0392  0.0337  0.0375  0.0322
niter,ni,del,rscale     5    3   12.0000    1.2000
parameters
   -1.4856   28.3564    3.9843   -4.5778    3.7576    1.2340
eta,q 0.97265  9.76320
  0.0442  0.0413  0.0398  0.0345  0.0376  0.0319
  0.0360  0.0315  0.0323  0.0287  0.0329  0.0295
  0.0298  0.0271  0.0275  0.0267  0.0292  0.0281
  0.0273  0.0273  0.0274  0.0274  0.0274  0.0273
  0.0301  0.0287  0.0295  0.0281  0.0285  0.0276
  0.0369  0.0325  0.0330  0.0302  0.0324  0.0295
  0.0444  0.0388  0.0389  0.0334  0.0377  0.0321
niter,ni,del,rscale     4    3   12.0000    1.2000
parameters
   -1.5033   28.3768    3.9782   -4.5873    3.7756    1.2307
eta,q 0.97265  9.76302
  0.0444  0.0410  0.0398  0.0346  0.0376  0.0319
  0.0361  0.0312  0.0323  0.0288  0.0329  0.0295
  0.0298  0.0270  0.0275  0.0267  0.0292  0.0281
  0.0274  0.0274  0.0274  0.0274  0.0274  0.0273
  0.0301  0.0287  0.0294  0.0280  0.0286  0.0276
  0.0368  0.0327  0.0330  0.0302  0.0325  0.0294
  0.0442  0.0391  0.0388  0.0334  0.0378  0.0321
registration optimization eta report
parameter search radius
    6.0000    6.9000    6.9000    6.9000    6.9000    6.0000
100000*second partial in parameter space
       46.       28.       25.       15.       21.       13.
  0.0444  0.0410  0.0398  0.0346  0.0376  0.0319
  0.0361  0.0312  0.0323  0.0288  0.0329  0.0295
  0.0298  0.0270  0.0275  0.0267  0.0292  0.0281
  0.0274  0.0274  0.0274  0.0274  0.0274  0.0273
  0.0301  0.0287  0.0294  0.0280  0.0286  0.0276
  0.0368  0.0327  0.0330  0.0302  0.0325  0.0294
  0.0442  0.0391  0.0388  0.0334  0.0378  0.0321
   -1.5033   28.3768    3.9782   -4.5873    3.7756    1.2307
eta,q 0.97265  9.76302

---------------------------------------------------------------------
imgreg_4dfp /opt/freesurfer/average/711-2C_as_mni_average_305 /opt/freesurfer/average/711-2B_as_mni_average_305_mask talsrcimg_g11 none talsrcimg_to_711-2C_as_mni_average_305_t4 3335
---------------------------------------------------------------------

freesurfer imgreg_4dfp.c
/opt/freesurfer/average/711-2C_as_mni_average_305.4dfp.img
       256       256       256         1
  1.000000  1.000000  1.000000
orientation T byte_order littleendian
Reading image: /opt/freesurfer/average/711-2C_as_mni_average_305.4dfp.img
dimensions:      256       256       256
mmppix:       1.0000   -1.0000   -1.0000
center:     128.0000 -129.0000 -129.0000
/opt/freesurfer/average/711-2B_as_mni_average_305_mask.4dfp.img
       256       256       256         1
  1.000000  1.000000  1.000000
orientation T byte_order littleendian
Reading mask: /opt/freesurfer/average/711-2B_as_mni_average_305_mask.4dfp.img (2306576 pixels)
talsrcimg_g11.4dfp.img
       256       256       256         1
  1.000000  1.000000  1.000000
orientation T byte_order littleendian
Reading image: talsrcimg_g11.4dfp.img
dimensions:      256       256       256
mmppix:       1.0000   -1.0000   -1.0000
center:     128.0000 -129.0000 -129.0000
fimgreg.f
image alignment mode   3335 decimal      D07 hex
parameters
   -1.5033   28.3768    3.9782   -0.2401   -0.3320   -0.5367
   -1.6144   -6.7341    2.1432    7.8549    6.5849   -7.9804
eta,q 0.97483  9.85115
niter,ni,del,rscale     5    3    5.0000    1.2000
parameter  4  0.750156 ->  0.500000 qaram    1.1500
parameter  5  1.143041 ->  0.500000 qaram    1.1500
parameters
   -1.4903   28.6151    3.6646   -4.3801   -4.4720   -2.1860
   -0.8673   -6.1066    4.4793    7.6405    3.6578   -8.1093
eta,q 0.97948  9.65311
  0.0286  0.0275  0.0266  0.0233  0.0203  0.0228  0.0239  0.0261  0.0238  0.0235  0.0209  0.0217
  0.0268  0.0264  0.0257  0.0228  0.0205  0.0220  0.0225  0.0235  0.0226  0.0221  0.0206  0.0211
  0.0256  0.0256  0.0252  0.0232  0.0212  0.0212  0.0214  0.0217  0.0215  0.0212  0.0205  0.0207
  0.0252  0.0252  0.0251  0.0251  0.0228  0.0206  0.0210  0.0209  0.0209  0.0207  0.0207  0.0205
  0.0255  0.0252  0.0256  0.0281  0.0250  0.0214  0.0211  0.0211  0.0207  0.0208  0.0211  0.0207
  0.0267  0.0257  0.0264  0.0319  0.0274  0.0241  0.0218  0.0224  0.0209  0.0221  0.0218  0.0211
  0.0285  0.0268  0.0276  0.0357  0.0297  0.0281  0.0229  0.0246  0.0216  0.0242  0.0228  0.0219
niter,ni,del,rscale     6    3    5.0000    1.2000
parameters
   -1.3977   27.8955    2.9628   -5.6724   -7.3064   -2.5350
   -1.4614   -5.7271    5.3331    8.0043    3.5105   -8.5642
eta,q 0.97983  9.53330
  0.0239  0.0214  0.0209  0.0228  0.0215  0.0226  0.0222  0.0248  0.0222  0.0233  0.0210  0.0213
  0.0221  0.0206  0.0203  0.0219  0.0204  0.0217  0.0210  0.0224  0.0212  0.0218  0.0205  0.0206
  0.0210  0.0203  0.0201  0.0209  0.0201  0.0209  0.0204  0.0208  0.0205  0.0208  0.0202  0.0203
  0.0205  0.0205  0.0203  0.0201  0.0204  0.0201  0.0203  0.0202  0.0202  0.0202  0.0202  0.0202
  0.0208  0.0213  0.0207  0.0207  0.0215  0.0199  0.0207  0.0206  0.0203  0.0203  0.0203  0.0204
  0.0218  0.0224  0.0215  0.0229  0.0237  0.0213  0.0216  0.0218  0.0207  0.0211  0.0205  0.0208
  0.0234  0.0239  0.0225  0.0264  0.0261  0.0243  0.0229  0.0239  0.0214  0.0230  0.0210  0.0216
niter,ni,del,rscale     5    3    5.0000    1.2000
parameters
   -1.2945   27.6210    2.9140   -5.3926   -7.6781   -2.4892
   -1.6234   -5.6479    5.4573    7.9600    3.4650   -8.5038
eta,q 0.97998  9.53195
  0.0231  0.0218  0.0214  0.0231  0.0231  0.0227  0.0223  0.0244  0.0217  0.0229  0.0209  0.0213
  0.0216  0.0207  0.0206  0.0221  0.0214  0.0218  0.0210  0.0221  0.0208  0.0215  0.0204  0.0206
  0.0206  0.0202  0.0202  0.0211  0.0203  0.0209  0.0202  0.0205  0.0202  0.0205  0.0201  0.0202
  0.0202  0.0202  0.0201  0.0201  0.0200  0.0200  0.0200  0.0200  0.0200  0.0200  0.0200  0.0200
  0.0204  0.0206  0.0203  0.0198  0.0203  0.0196  0.0203  0.0205  0.0202  0.0202  0.0201  0.0201
  0.0212  0.0214  0.0207  0.0209  0.0216  0.0208  0.0212  0.0219  0.0207  0.0213  0.0204  0.0206
  0.0227  0.0226  0.0214  0.0236  0.0239  0.0237  0.0225  0.0242  0.0216  0.0233  0.0209  0.0213
niter,ni,del,rscale     4    3    5.0000    1.2000
parameters
   -1.2959   27.5871    2.9497   -5.3458   -7.7221   -2.4662
   -1.6631   -5.6397    5.4736    7.9312    3.4701   -8.4388
eta,q 0.98000  9.53276
  0.0228  0.0221  0.0214  0.0230  0.0233  0.0227  0.0224  0.0244  0.0217  0.0229  0.0209  0.0213
  0.0213  0.0209  0.0206  0.0220  0.0215  0.0218  0.0211  0.0220  0.0208  0.0215  0.0204  0.0206
  0.0204  0.0202  0.0202  0.0210  0.0204  0.0209  0.0203  0.0204  0.0202  0.0205  0.0201  0.0201
  0.0200  0.0200  0.0200  0.0200  0.0200  0.0200  0.0200  0.0200  0.0200  0.0200  0.0200  0.0200
  0.0203  0.0203  0.0202  0.0198  0.0202  0.0196  0.0203  0.0205  0.0202  0.0202  0.0201  0.0201
  0.0213  0.0211  0.0206  0.0211  0.0214  0.0208  0.0211  0.0220  0.0207  0.0212  0.0204  0.0206
  0.0229  0.0222  0.0213  0.0239  0.0236  0.0237  0.0224  0.0243  0.0217  0.0233  0.0209  0.0213
niter,ni,del,rscale     3    3    5.0000    1.2000
parameters
   -1.2979   27.5780    2.9645   -5.3440   -7.7193   -2.4668
   -1.6764   -5.6382    5.4787    7.9093    3.4703   -8.4032
eta,q 0.98001  9.53277
  0.0228  0.0221  0.0213  0.0229  0.0233  0.0227  0.0224  0.0244  0.0217  0.0229  0.0209  0.0213
  0.0213  0.0209  0.0206  0.0219  0.0216  0.0217  0.0211  0.0220  0.0208  0.0215  0.0204  0.0206
  0.0203  0.0202  0.0201  0.0210  0.0204  0.0209  0.0203  0.0204  0.0202  0.0205  0.0201  0.0201
  0.0200  0.0200  0.0200  0.0200  0.0200  0.0200  0.0200  0.0200  0.0200  0.0200  0.0200  0.0200
  0.0203  0.0203  0.0201  0.0198  0.0202  0.0196  0.0203  0.0205  0.0202  0.0202  0.0201  0.0201
  0.0213  0.0210  0.0206  0.0211  0.0213  0.0208  0.0211  0.0220  0.0207  0.0212  0.0204  0.0206
  0.0229  0.0221  0.0213  0.0239  0.0235  0.0238  0.0224  0.0243  0.0217  0.0233  0.0209  0.0213
registration optimization eta report
parameter search radius
    2.4000    2.4000    2.4000    8.2800    8.2800    7.2000
    7.2000    7.2000    7.2000    7.2000    7.2000    7.2000
100000*second partial in parameter space
       50.       37.       23.        5.        5.        6.
        5.        8.        3.        6.        2.        2.
  0.0228  0.0221  0.0213  0.0229  0.0233  0.0227  0.0224  0.0244  0.0217  0.0229  0.0209  0.0213
  0.0213  0.0209  0.0206  0.0219  0.0216  0.0217  0.0211  0.0220  0.0208  0.0215  0.0204  0.0206
  0.0203  0.0202  0.0201  0.0210  0.0204  0.0209  0.0203  0.0204  0.0202  0.0205  0.0201  0.0201
  0.0200  0.0200  0.0200  0.0200  0.0200  0.0200  0.0200  0.0200  0.0200  0.0200  0.0200  0.0200
  0.0203  0.0203  0.0201  0.0198  0.0202  0.0196  0.0203  0.0205  0.0202  0.0202  0.0201  0.0201
  0.0213  0.0210  0.0206  0.0211  0.0213  0.0208  0.0211  0.0220  0.0207  0.0212  0.0204  0.0206
  0.0229  0.0221  0.0213  0.0239  0.0235  0.0238  0.0224  0.0243  0.0217  0.0233  0.0209  0.0213
   -1.2979   27.5780    2.9645   -5.3440   -7.7193   -2.4668
   -1.6764   -5.6382    5.4787    7.9093    3.4703   -8.4032
eta,q 0.98001  9.53277

---------------------------------------------------------------------
imgreg_4dfp /opt/freesurfer/average/711-2C_as_mni_average_305 /opt/freesurfer/average/711-2B_as_mni_average_305_mask talsrcimg_g11 none talsrcimg_to_711-2C_as_mni_average_305_t4 2311
---------------------------------------------------------------------

freesurfer imgreg_4dfp.c
/opt/freesurfer/average/711-2C_as_mni_average_305.4dfp.img
       256       256       256         1
  1.000000  1.000000  1.000000
orientation T byte_order littleendian
Reading image: /opt/freesurfer/average/711-2C_as_mni_average_305.4dfp.img
dimensions:      256       256       256
mmppix:       1.0000   -1.0000   -1.0000
center:     128.0000 -129.0000 -129.0000
/opt/freesurfer/average/711-2B_as_mni_average_305_mask.4dfp.img
       256       256       256         1
  1.000000  1.000000  1.000000
orientation T byte_order littleendian
Reading mask: /opt/freesurfer/average/711-2B_as_mni_average_305_mask.4dfp.img (2306576 pixels)
talsrcimg_g11.4dfp.img
       256       256       256         1
  1.000000  1.000000  1.000000
orientation T byte_order littleendian
Reading image: talsrcimg_g11.4dfp.img
dimensions:      256       256       256
mmppix:       1.0000   -1.0000   -1.0000
center:     128.0000 -129.0000 -129.0000
fimgreg.f
image alignment mode   2311 decimal      907 hex
parameters
   -1.2979   27.5780    2.9645   -5.3440   -7.7193   -2.4668
   -1.6764   -5.6382    5.4787    7.9093    3.4703   -8.4032
eta,q 0.98000  9.53277
niter,ni,del,rscale     5    3    5.0000    0.8000
parameters
   -1.2845   27.5386    2.9412   -3.8217   -7.7480   -1.6797
   -1.7052   -5.5289    5.4093    8.1154    3.4760   -8.7832
eta,q 0.98053  9.59442
  0.0213  0.0209  0.0206  0.0217  0.0208  0.0215  0.0207  0.0223  0.0203  0.0211  0.0201  0.0200
  0.0206  0.0204  0.0202  0.0212  0.0201  0.0209  0.0200  0.0208  0.0198  0.0203  0.0198  0.0197
  0.0202  0.0201  0.0201  0.0206  0.0198  0.0203  0.0196  0.0198  0.0196  0.0198  0.0195  0.0195
  0.0200  0.0200  0.0200  0.0200  0.0197  0.0197  0.0195  0.0195  0.0195  0.0195  0.0195  0.0195
  0.0201  0.0201  0.0201  0.0197  0.0198  0.0194  0.0196  0.0198  0.0196  0.0196  0.0195  0.0196
  0.0206  0.0205  0.0203  0.0199  0.0201  0.0197  0.0200  0.0207  0.0199  0.0200  0.0198  0.0198
  0.0213  0.0210  0.0206  0.0206  0.0208  0.0210  0.0207  0.0220  0.0203  0.0209  0.0201  0.0202
niter,ni,del,rscale     4    3    5.0000    0.7000
parameters
   -1.3199   27.5679    3.0944   -4.0314   -7.9296   -1.2628
   -1.6837   -5.5699    5.4002    8.2613    3.4897   -8.8926
eta,q 0.98064  9.59820
  0.0206  0.0203  0.0202  0.0207  0.0202  0.0211  0.0203  0.0214  0.0200  0.0206  0.0199  0.0198
  0.0200  0.0198  0.0198  0.0202  0.0197  0.0205  0.0198  0.0203  0.0197  0.0200  0.0196  0.0196
  0.0196  0.0196  0.0196  0.0197  0.0195  0.0200  0.0195  0.0196  0.0194  0.0196  0.0194  0.0194
  0.0195  0.0195  0.0195  0.0195  0.0195  0.0195  0.0194  0.0194  0.0194  0.0194  0.0194  0.0194
  0.0196  0.0195  0.0195  0.0196  0.0196  0.0193  0.0195  0.0196  0.0194  0.0194  0.0194  0.0194
  0.0200  0.0198  0.0196  0.0202  0.0198  0.0198  0.0198  0.0204  0.0197  0.0198  0.0196  0.0196
  0.0207  0.0202  0.0199  0.0212  0.0203  0.0209  0.0203  0.0215  0.0200  0.0205  0.0199  0.0199
niter,ni,del,rscale     3    3    5.0000    0.6000
parameters
   -1.3239   27.5673    3.1854   -3.9849   -8.1332   -0.9874
   -1.6822   -5.5799    5.4089    8.3207    3.4953   -8.9539
eta,q 0.98070  9.60183
  0.0202  0.0199  0.0199  0.0204  0.0199  0.0207  0.0200  0.0209  0.0198  0.0202  0.0197  0.0197
  0.0198  0.0196  0.0196  0.0200  0.0195  0.0202  0.0196  0.0200  0.0195  0.0198  0.0195  0.0195
  0.0195  0.0194  0.0194  0.0196  0.0194  0.0197  0.0194  0.0195  0.0194  0.0194  0.0193  0.0193
  0.0194  0.0194  0.0194  0.0194  0.0194  0.0194  0.0193  0.0193  0.0193  0.0193  0.0193  0.0193
  0.0195  0.0194  0.0194  0.0194  0.0194  0.0193  0.0194  0.0195  0.0194  0.0194  0.0193  0.0193
  0.0198  0.0196  0.0195  0.0198  0.0197  0.0197  0.0196  0.0201  0.0195  0.0197  0.0195  0.0195
  0.0203  0.0199  0.0197  0.0205  0.0200  0.0206  0.0200  0.0209  0.0198  0.0202  0.0197  0.0197
niter,ni,del,rscale     2    3    5.0000    0.5000
parameters
   -1.3299   27.5646    3.2629   -3.9229   -8.2925   -0.7387
   -1.6927   -5.5834    5.4058    8.3395    3.5068   -9.0262
eta,q 0.98074  9.60596
  0.0199  0.0197  0.0197  0.0201  0.0197  0.0203  0.0197  0.0204  0.0196  0.0199  0.0196  0.0195
  0.0196  0.0195  0.0195  0.0197  0.0194  0.0199  0.0195  0.0198  0.0194  0.0196  0.0194  0.0194
  0.0194  0.0193  0.0193  0.0194  0.0193  0.0196  0.0193  0.0194  0.0193  0.0193  0.0193  0.0193
  0.0193  0.0193  0.0193  0.0193  0.0193  0.0193  0.0193  0.0193  0.0193  0.0193  0.0193  0.0193
  0.0194  0.0194  0.0193  0.0194  0.0194  0.0193  0.0193  0.0194  0.0193  0.0193  0.0193  0.0193
  0.0196  0.0195  0.0194  0.0196  0.0195  0.0195  0.0195  0.0198  0.0194  0.0195  0.0194  0.0194
  0.0199  0.0197  0.0196  0.0201  0.0197  0.0202  0.0197  0.0204  0.0196  0.0199  0.0195  0.0195
niter,ni,del,rscale     1    3    5.0000    0.4000
parameters
   -1.3357   27.5612    3.3310   -3.8785   -8.4709   -0.5130
   -1.6988   -5.5922    5.3825    8.3597    3.5371   -9.0743
eta,q 0.98078  9.60837
  0.0197  0.0195  0.0195  0.0198  0.0195  0.0200  0.0195  0.0200  0.0194  0.0196  0.0194  0.0194
  0.0194  0.0194  0.0194  0.0195  0.0193  0.0197  0.0194  0.0196  0.0193  0.0194  0.0193  0.0193
  0.0193  0.0193  0.0193  0.0193  0.0193  0.0194  0.0193  0.0193  0.0192  0.0193  0.0192  0.0192
  0.0193  0.0193  0.0193  0.0192  0.0193  0.0192  0.0192  0.0192  0.0192  0.0192  0.0192  0.0192
  0.0193  0.0193  0.0193  0.0193  0.0193  0.0192  0.0193  0.0193  0.0192  0.0193  0.0192  0.0192
  0.0194  0.0194  0.0193  0.0195  0.0194  0.0194  0.0194  0.0196  0.0193  0.0194  0.0193  0.0193
  0.0197  0.0195  0.0194  0.0198  0.0195  0.0199  0.0195  0.0200  0.0194  0.0196  0.0194  0.0194
registration optimization eta report
parameter search radius
    0.8000    0.8000    0.8000    2.4000    2.4000    2.4000
    2.4000    2.4000    2.4000    2.4000    2.4000    2.4000
100000*second partial in parameter space
       64.       41.       35.       10.        4.       12.
        5.       14.        4.        7.        3.        3.
  0.0197  0.0195  0.0195  0.0198  0.0195  0.0200  0.0195  0.0200  0.0194  0.0196  0.0194  0.0194
  0.0194  0.0194  0.0194  0.0195  0.0193  0.0197  0.0194  0.0196  0.0193  0.0194  0.0193  0.0193
  0.0193  0.0193  0.0193  0.0193  0.0193  0.0194  0.0193  0.0193  0.0192  0.0193  0.0192  0.0192
  0.0193  0.0193  0.0193  0.0192  0.0193  0.0192  0.0192  0.0192  0.0192  0.0192  0.0192  0.0192
  0.0193  0.0193  0.0193  0.0193  0.0193  0.0192  0.0193  0.0193  0.0192  0.0193  0.0192  0.0192
  0.0194  0.0194  0.0193  0.0195  0.0194  0.0194  0.0194  0.0196  0.0193  0.0194  0.0193  0.0193
  0.0197  0.0195  0.0194  0.0198  0.0195  0.0199  0.0195  0.0200  0.0194  0.0196  0.0194  0.0194
   -1.3357   27.5612    3.3310   -3.8785   -8.4709   -0.5130
   -1.6988   -5.5922    5.3825    8.3597    3.5371   -9.0743
eta,q 0.98078  9.60837

---------------------------------------------------------------------
imgreg_4dfp /opt/freesurfer/average/711-2C_as_mni_average_305 /opt/freesurfer/average/711-2B_as_mni_average_305_mask talsrcimg_g11 none talsrcimg_to_711-2C_as_mni_average_305_t4 2311
---------------------------------------------------------------------

freesurfer imgreg_4dfp.c
/opt/freesurfer/average/711-2C_as_mni_average_305.4dfp.img
       256       256       256         1
  1.000000  1.000000  1.000000
orientation T byte_order littleendian
Reading image: /opt/freesurfer/average/711-2C_as_mni_average_305.4dfp.img
dimensions:      256       256       256
mmppix:       1.0000   -1.0000   -1.0000
center:     128.0000 -129.0000 -129.0000
/opt/freesurfer/average/711-2B_as_mni_average_305_mask.4dfp.img
       256       256       256         1
  1.000000  1.000000  1.000000
orientation T byte_order littleendian
Reading mask: /opt/freesurfer/average/711-2B_as_mni_average_305_mask.4dfp.img (2306576 pixels)
talsrcimg_g11.4dfp.img
       256       256       256         1
  1.000000  1.000000  1.000000
orientation T byte_order littleendian
Reading image: talsrcimg_g11.4dfp.img
dimensions:      256       256       256
mmppix:       1.0000   -1.0000   -1.0000
center:     128.0000 -129.0000 -129.0000
fimgreg.f
image alignment mode   2311 decimal      907 hex
parameters
   -1.3357   27.5612    3.3310   -3.8785   -8.4709   -0.5130
   -1.6988   -5.5922    5.3825    8.3597    3.5371   -9.0743
eta,q 0.98078  9.60838
niter,ni,del,rscale     5    3    5.0000    0.8000
parameters
   -1.3408   27.5692    3.4455   -4.3330   -8.2655   -0.9796
   -1.6465   -5.6177    5.4134    8.3129    3.4430   -8.6052
eta,q 0.98066  9.59216
  0.0208  0.0203  0.0203  0.0207  0.0205  0.0210  0.0206  0.0219  0.0202  0.0208  0.0200  0.0201
  0.0199  0.0197  0.0197  0.0201  0.0198  0.0203  0.0199  0.0205  0.0197  0.0201  0.0196  0.0197
  0.0194  0.0193  0.0194  0.0195  0.0194  0.0197  0.0195  0.0196  0.0194  0.0196  0.0194  0.0195
  0.0192  0.0192  0.0192  0.0192  0.0193  0.0193  0.0193  0.0193  0.0193  0.0193  0.0193  0.0193
  0.0194  0.0193  0.0193  0.0195  0.0194  0.0195  0.0195  0.0197  0.0194  0.0195  0.0194  0.0194
  0.0200  0.0197  0.0195  0.0203  0.0197  0.0205  0.0199  0.0206  0.0197  0.0200  0.0196  0.0195
  0.0209  0.0203  0.0200  0.0217  0.0203  0.0224  0.0205  0.0219  0.0202  0.0210  0.0200  0.0199
niter,ni,del,rscale     4    3    5.0000    0.7000
parameters
   -1.3293   27.5389    3.3080   -4.1623   -8.1843   -1.0671
   -1.6786   -5.5835    5.4428    8.2384    3.4812   -8.6762
eta,q 0.98067  9.59476
  0.0205  0.0201  0.0198  0.0207  0.0202  0.0208  0.0202  0.0215  0.0200  0.0205  0.0199  0.0198
  0.0199  0.0197  0.0195  0.0202  0.0197  0.0203  0.0197  0.0203  0.0196  0.0199  0.0196  0.0195
  0.0195  0.0194  0.0194  0.0197  0.0194  0.0197  0.0194  0.0196  0.0194  0.0195  0.0194  0.0194
  0.0193  0.0193  0.0193  0.0193  0.0193  0.0193  0.0193  0.0193  0.0193  0.0193  0.0193  0.0193
  0.0195  0.0194  0.0195  0.0194  0.0194  0.0193  0.0194  0.0196  0.0194  0.0194  0.0194  0.0194
  0.0198  0.0197  0.0197  0.0198  0.0196  0.0200  0.0198  0.0203  0.0196  0.0199  0.0196  0.0196
  0.0205  0.0202  0.0201  0.0207  0.0201  0.0214  0.0203  0.0214  0.0200  0.0206  0.0198  0.0199
niter,ni,del,rscale     3    3    5.0000    0.6000
parameters
   -1.3259   27.5416    3.2691   -4.0050   -8.1969   -0.9371
   -1.6941   -5.5818    5.4165    8.2657    3.5015   -8.8305
eta,q 0.98071  9.60127
  0.0202  0.0199  0.0198  0.0205  0.0199  0.0206  0.0200  0.0209  0.0198  0.0202  0.0197  0.0196
  0.0197  0.0196  0.0195  0.0200  0.0195  0.0201  0.0196  0.0200  0.0195  0.0197  0.0195  0.0194
  0.0194  0.0194  0.0194  0.0196  0.0194  0.0197  0.0194  0.0195  0.0193  0.0194  0.0193  0.0193
  0.0193  0.0193  0.0193  0.0193  0.0193  0.0193  0.0193  0.0193  0.0193  0.0193  0.0193  0.0193
  0.0194  0.0194  0.0194  0.0194  0.0194  0.0193  0.0194  0.0195  0.0194  0.0194  0.0193  0.0193
  0.0197  0.0196  0.0196  0.0197  0.0196  0.0197  0.0196  0.0200  0.0195  0.0197  0.0195  0.0195
  0.0202  0.0199  0.0198  0.0204  0.0199  0.0207  0.0200  0.0209  0.0198  0.0202  0.0197  0.0197
niter,ni,del,rscale     2    3    5.0000    0.5000
parameters
   -1.3296   27.5523    3.2966   -3.9196   -8.3113   -0.7215
   -1.7042   -5.5859    5.4087    8.3012    3.5166   -8.9393
eta,q 0.98075  9.60595
  0.0199  0.0197  0.0196  0.0201  0.0197  0.0203  0.0197  0.0204  0.0196  0.0199  0.0195  0.0195
  0.0196  0.0195  0.0194  0.0197  0.0194  0.0199  0.0195  0.0198  0.0194  0.0196  0.0194  0.0194
  0.0194  0.0193  0.0193  0.0194  0.0193  0.0195  0.0193  0.0194  0.0193  0.0193  0.0193  0.0193
  0.0193  0.0193  0.0193  0.0193  0.0193  0.0193  0.0193  0.0192  0.0192  0.0192  0.0193  0.0193
  0.0194  0.0193  0.0193  0.0193  0.0194  0.0192  0.0193  0.0194  0.0193  0.0193  0.0193  0.0193
  0.0196  0.0195  0.0194  0.0196  0.0195  0.0196  0.0195  0.0198  0.0194  0.0195  0.0194  0.0194
  0.0199  0.0197  0.0196  0.0201  0.0197  0.0202  0.0197  0.0204  0.0196  0.0199  0.0195  0.0195
niter,ni,del,rscale     1    3    5.0000    0.4000
parameters
   -1.3400   27.5584    3.3509   -3.8723   -8.4772   -0.5002
   -1.7068   -5.5987    5.3939    8.3283    3.5391   -9.0388
eta,q 0.98078  9.60866
  0.0197  0.0195  0.0195  0.0198  0.0195  0.0200  0.0195  0.0200  0.0194  0.0197  0.0194  0.0194
  0.0194  0.0194  0.0194  0.0195  0.0193  0.0197  0.0194  0.0196  0.0193  0.0194  0.0193  0.0193
  0.0193  0.0193  0.0193  0.0193  0.0193  0.0194  0.0193  0.0193  0.0192  0.0193  0.0192  0.0192
  0.0193  0.0192  0.0193  0.0192  0.0192  0.0192  0.0192  0.0192  0.0192  0.0192  0.0192  0.0192
  0.0193  0.0193  0.0193  0.0193  0.0193  0.0192  0.0193  0.0193  0.0192  0.0193  0.0192  0.0192
  0.0194  0.0194  0.0193  0.0195  0.0194  0.0194  0.0194  0.0196  0.0193  0.0194  0.0193  0.0193
  0.0197  0.0195  0.0194  0.0198  0.0195  0.0199  0.0195  0.0200  0.0194  0.0196  0.0194  0.0194
registration optimization eta report
parameter search radius
    0.8000    0.8000    0.8000    2.4000    2.4000    2.4000
    2.4000    2.4000    2.4000    2.4000    2.4000    2.4000
100000*second partial in parameter space
       64.       41.       35.       10.        4.       12.
        5.       14.        4.        7.        3.        3.
  0.0197  0.0195  0.0195  0.0198  0.0195  0.0200  0.0195  0.0200  0.0194  0.0197  0.0194  0.0194
  0.0194  0.0194  0.0194  0.0195  0.0193  0.0197  0.0194  0.0196  0.0193  0.0194  0.0193  0.0193
  0.0193  0.0193  0.0193  0.0193  0.0193  0.0194  0.0193  0.0193  0.0192  0.0193  0.0192  0.0192
  0.0193  0.0192  0.0193  0.0192  0.0192  0.0192  0.0192  0.0192  0.0192  0.0192  0.0192  0.0192
  0.0193  0.0193  0.0193  0.0193  0.0193  0.0192  0.0193  0.0193  0.0192  0.0193  0.0192  0.0192
  0.0194  0.0194  0.0193  0.0195  0.0194  0.0194  0.0194  0.0196  0.0193  0.0194  0.0193  0.0193
  0.0197  0.0195  0.0194  0.0198  0.0195  0.0199  0.0195  0.0200  0.0194  0.0196  0.0194  0.0194
   -1.3400   27.5584    3.3509   -3.8723   -8.4772   -0.5002
   -1.7068   -5.5987    5.3939    8.3283    3.5391   -9.0388
eta,q 0.98078  9.60866

---------------------------------------------------------------------
compute_vox2vox talsrcimg talsrcimg_to_711-2C_as_mni_average_305_t4 /opt/freesurfer/average/711-2C_as_mni_average_305
---------------------------------------------------------------------

freesurfer compute_vox2vox.c
Reading: talsrcimg.4dfp.ifh
Reading: talsrcimg_to_711-2C_as_mni_average_305_t4
Reading: /opt/freesurfer/average/711-2C_as_mni_average_305.4dfp.ifh
Writing: talsrcimg_to_711-2C_as_mni_average_305_t4_vox2vox.txt

start time Tue Mar 10 07:09:30 CET 2026
end		time Tue Mar 10 07:11:00 CET 2026

mpr2mni305 success

avi2talxfm orig_nu.mgz /opt/freesurfer/average/mni305.cor.mgz talsrcimg_to_711-2C_as_mni_average_305_t4_vox2vox.txt transforms/talairach.auto.xfm
avi2talxfm done
mv -f /out/sourcedata/freesurfer/sub-v1s8x0051347_ses-1/mri/talsrcimg_to_711-2C_as_mni_average_305_t4_vox2vox.txt /out/sourcedata/freesurfer/sub-v1s8x0051347_ses-1/mri/transforms/talsrcimg_to_711-2C_as_mni_average_305_t4_vox2vox.txt
lta_convert --src orig_nu.mgz --trg /opt/freesurfer/average/mni305.cor.mgz --inxfm transforms/talairach.auto.xfm --outlta transforms/talairach.auto.xfm.lta --subject fsaverage
7.3.2

--src: orig_nu.mgz src image (geometry).
--trg: /opt/freesurfer/average/mni305.cor.mgz trg image (geometry).
--inmni: transforms/talairach.auto.xfm input MNI/XFM transform.
--outlta: transforms/talairach.auto.xfm.lta output LTA.
--s: fsaverage subject name
 LTA read, type : 1
 1.03682   0.05626   0.02489   0.11383;
-0.04208   0.99450   0.09743  -6.27718;
-0.05728  -0.09381   1.08229  -37.58210;
 0.00000   0.00000   0.00000   1.00000;
setting subject to fsaverage
Writing  LTA to file transforms/talairach.auto.xfm.lta...
lta_convert successful.
 
 
Started at Tue Mar 10 07:09:30 CET 2026
Ended   at Tue Mar 10 07:11:00 CET 2026
talairach_avi done
