/out/sourcedata/freesurfer/sub-v1s8x0051345_ses-1/mri
/opt/freesurfer/bin/talairach_avi
--i orig_nu.mgz --xfm transforms/talairach.auto.xfm
talairach_avi 7.3.2
Linux dna086 5.14.0-427.37.1.el9_4.x86_64 #1 SMP PREEMPT_DYNAMIC Fri Sep 13 12:41:50 EDT 2024 x86_64 x86_64 x86_64 GNU/Linux
Tue Mar 10 06:58:48 CET 2026
mri_convert orig_nu.mgz talsrcimg.img 
reading from orig_nu.mgz...
TR=0.00, TE=0.00, TI=0.00, flip angle=0.00
i_ras = (-1, 0, 0)
j_ras = (0, 0, -1)
k_ras = (0, 1, 0)
writing to talsrcimg.img...
Analyze Output Matrix
-1.00000   0.00000   0.00000   135.28241;
 0.00000   0.00000   1.00000  -133.54263;
 0.00000  -1.00000   0.00000   83.75470;
 0.00000   0.00000   0.00000   1.00000;
--------------------
INFO: set hdr.hist.orient to -1
mpr2mni305 talsrcimg
Tue Mar 10 06:58:48 CET 2026
/opt/freesurfer/bin/mpr2mni305 talsrcimg
mpr2mni305 7.3.2
target=711-2C_as_mni_average_305

---------------------------------------------------------------------
analyzeto4dfp talsrcimg -O0 -y
---------------------------------------------------------------------

freesurfer ifh2hdr.c
Tue Mar 10 06:58:48 2026
Writing: talsrcimg.4dfp.hdr
freesurfer analyzeto4dfp.c
Reading: talsrcimg.hdr
header size 348 bytes
hdr.dime.datatype	offset=70	value=2
hdr.dime.bitpix		offset=72	value=8
hdr.hist.orient		offset=252	value=-1
dimensionality     4
dimensions       256       256       256         1
Reading: talsrcimg.img
Writing: talsrcimg.4dfp.img
Writing: talsrcimg.4dfp.ifh
ifh2hdr talsrcimg -r0to226
ori=2

---------------------------------------------------------------------
gauss_4dfp talsrcimg 1.1
---------------------------------------------------------------------

freesurfer gauss_4dfp.c
Reading: talsrcimg.4dfp.img
Writing: talsrcimg_g11.4dfp.img
image dimensions 256 256 256 padded to 288 288 288
processing volume 1freesurfer ifh2hdr.c
Tue Mar 10 06:58:49 2026
Writing: talsrcimg_g11.4dfp.hdr

Writing: talsrcimg_g11.4dfp.ifh
including: talsrcimg.4dfp.img.rec in talsrcimg_g11.4dfp.img.rec

---------------------------------------------------------------------
imgreg_4dfp /opt/freesurfer/average/711-2C_as_mni_average_305 none talsrcimg_g11 none talsrcimg_to_711-2C_as_mni_average_305_t4 4355
---------------------------------------------------------------------

freesurfer imgreg_4dfp.c
/opt/freesurfer/average/711-2C_as_mni_average_305.4dfp.img
       256       256       256         1
  1.000000  1.000000  1.000000
orientation T byte_order littleendian
Reading image: /opt/freesurfer/average/711-2C_as_mni_average_305.4dfp.img
dimensions:      256       256       256
mmppix:       1.0000   -1.0000   -1.0000
center:     128.0000 -129.0000 -129.0000
talsrcimg_g11.4dfp.img
       256       256       256         1
  1.000000  1.000000  1.000000
orientation T byte_order littleendian
Reading image: talsrcimg_g11.4dfp.img
dimensions:      256       256       256
mmppix:       1.0000   -1.0000   -1.0000
center:     128.0000 -129.0000 -129.0000
t4_read: open error in t4_sub.f l:  41 t4_file(1:l)talsrcimg_to_711-2C_as_mni_average_305_t4 
t4_read: transform initialized to I4
rotation matrix determinant  1.000000
image alignment mode   4355 decimal     1103 hex
   -7.5000  -45.0000  -45.0000 6880.1895   16.0225
    0.0000  -45.0000  -45.0000 7150.9238   16.0714
    7.5000  -45.0000  -45.0000 6830.9209   16.0898
   -7.5000  -37.5000  -45.0000 7470.3159   15.6633
    0.0000  -37.5000  -45.0000 7758.4536   15.7110
    7.5000  -37.5000  -45.0000 7416.0166   15.7303
   -7.5000  -30.0000  -45.0000 8396.0977   15.4039
    0.0000  -30.0000  -45.0000 8716.5381   15.4528
    7.5000  -30.0000  -45.0000 8322.0518   15.4801
   -7.5000  -22.5000  -45.0000 9369.9336   15.2546
    0.0000  -22.5000  -45.0000 9725.3291   15.3039
    7.5000  -22.5000  -45.0000 9283.6328   15.3394
   -7.5000  -15.0000  -45.000010314.5352   15.2104
    0.0000  -15.0000  -45.000010728.5918   15.2597
    7.5000  -15.0000  -45.000010242.5645   15.2945
   -7.5000   -7.5000  -45.000011288.8281   15.2185
    0.0000   -7.5000  -45.000011746.7188   15.2656
    7.5000   -7.5000  -45.000011208.8730   15.2914
   -7.5000    0.0000  -45.000012165.2344   15.2311
    0.0000    0.0000  -45.000012660.1279   15.2757
    7.5000    0.0000  -45.000012059.9248   15.2933
   -7.5000    7.5000  -45.000012072.4424   15.2348
    0.0000    7.5000  -45.000012558.9883   15.2805
    7.5000    7.5000  -45.000011947.1602   15.2990
   -7.5000   15.0000  -45.000011881.2295   15.2276
    0.0000   15.0000  -45.000012376.4824   15.2756
    7.5000   15.0000  -45.000011774.1973   15.3028
   -7.5000   22.5000  -45.000011608.1201   15.2132
    0.0000   22.5000  -45.000012082.8145   15.2623
    7.5000   22.5000  -45.000011511.3867   15.2977
   -7.5000   30.0000  -45.000011088.7422   15.0073
    0.0000   30.0000  -45.000011542.4668   15.0559
    7.5000   30.0000  -45.000010985.9170   15.0903
   -7.5000   37.5000  -45.000010911.1611   15.0157
    0.0000   37.5000  -45.000011345.3018   15.0622
    7.5000   37.5000  -45.000010780.8730   15.0876
   -7.5000   45.0000  -45.000010379.9678   14.6465
    0.0000   45.0000  -45.000010790.7656   14.6894
    7.5000   45.0000  -45.000010262.1357   14.7063
   -7.5000  -45.0000  -37.5000 7212.2090   16.0115
    0.0000  -45.0000  -37.5000 7504.6128   16.0569
    7.5000  -45.0000  -37.5000 7174.6304   16.0739
   -7.5000  -37.5000  -37.5000 7849.8521   15.6491
    0.0000  -37.5000  -37.5000 8162.2847   15.6923
    7.5000  -37.5000  -37.5000 7791.3325   15.7117
   -7.5000  -30.0000  -37.5000 8842.3613   15.3910
    0.0000  -30.0000  -37.5000 9188.6416   15.4347
    7.5000  -30.0000  -37.5000 8764.3594   15.4608
   -7.5000  -22.5000  -37.5000 9885.2744   15.2430
    0.0000  -22.5000  -37.500010284.8701   15.2874
    7.5000  -22.5000  -37.5000 9806.6621   15.3179
   -7.5000  -15.0000  -37.500010884.1660   15.1997
    0.0000  -15.0000  -37.500011335.5596   15.2453
    7.5000  -15.0000  -37.500010819.8203   15.2731
   -7.5000   -7.5000  -37.500011878.2793   15.2078
    0.0000   -7.5000  -37.500012382.5137   15.2521
    7.5000   -7.5000  -37.500011791.4766   15.2730
   -7.5000    0.0000  -37.500012792.9951   15.2195
    0.0000    0.0000  -37.500013343.5791   15.2612
    7.5000    0.0000  -37.500012678.7422   15.2774
   -7.5000    7.5000  -37.500012698.2881   15.2224
    0.0000    7.5000  -37.500013236.4551   15.2640
    7.5000    7.5000  -37.500012566.7080   15.2826
   -7.5000   15.0000  -37.500012518.0361   15.2152
    0.0000   15.0000  -37.500013070.7295   15.2581
    7.5000   15.0000  -37.500012387.5850   15.2841
   -7.5000   22.5000  -37.500012228.0654   15.2017
    0.0000   22.5000  -37.500012756.1641   15.2460
    7.5000   22.5000  -37.500012080.5830   15.2763
   -7.5000   30.0000  -37.500011670.0146   14.9967
    0.0000   30.0000  -37.500012204.2412   15.0417
    7.5000   30.0000  -37.500011538.2090   15.0692
   -7.5000   37.5000  -37.500011450.4355   15.0051
    0.0000   37.5000  -37.500011957.4844   15.0488
    7.5000   37.5000  -37.500011299.0615   15.0695
   -7.5000   45.0000  -37.500010864.4043   14.6354
    0.0000   45.0000  -37.500011338.4834   14.6754
    7.5000   45.0000  -37.500010715.5078   14.6910
   -7.5000  -45.0000  -30.0000 7645.8306   16.6751
    0.0000  -45.0000  -30.0000 7960.9702   16.7280
    7.5000  -45.0000  -30.0000 7607.8779   16.7461
   -7.5000  -37.5000  -30.0000 8338.0879   16.2935
    0.0000  -37.5000  -30.0000 8681.0078   16.3423
    7.5000  -37.5000  -30.0000 8289.2354   16.3643
   -7.5000  -30.0000  -30.0000 9429.8564   16.0223
    0.0000  -30.0000  -30.0000 9811.3965   16.0689
    7.5000  -30.0000  -30.0000 9354.8320   16.0971
   -7.5000  -22.5000  -30.000010542.3428   15.8678
    0.0000  -22.5000  -30.000011002.2070   15.9135
    7.5000  -22.5000  -30.000010479.7490   15.9439
   -7.5000  -15.0000  -30.000011600.4707   15.8243
    0.0000  -15.0000  -30.000012116.6367   15.8727
    7.5000  -15.0000  -30.000011562.3760   15.8987
   -7.5000   -7.5000  -30.000012608.5137   15.8351
    0.0000   -7.5000  -30.000013192.6777   15.8853
    7.5000   -7.5000  -30.000012570.6699   15.9054
   -7.5000    0.0000  -30.000013580.5146   15.8484
    0.0000    0.0000  -30.000014226.7988   15.8970
    7.5000    0.0000  -30.000013518.9395   15.9142
   -7.5000    7.5000  -30.000013480.9287   15.8496
    0.0000    7.5000  -30.000014105.4980   15.8967
    7.5000    7.5000  -30.000013387.8555   15.9177
   -7.5000   15.0000  -30.000013283.1201   15.8395
    0.0000   15.0000  -30.000013906.8506   15.8853
    7.5000   15.0000  -30.000013169.8164   15.9135
   -7.5000   22.5000  -30.000012970.9229   15.8233
    0.0000   22.5000  -30.000013574.3643   15.8688
    7.5000   22.5000  -30.000012842.1709   15.8991
   -7.5000   30.0000  -30.000012411.7637   15.6145
    0.0000   30.0000  -30.000013021.7070   15.6622
    7.5000   30.0000  -30.000012284.9355   15.6879
   -7.5000   37.5000  -30.000012152.4736   15.6256
    0.0000   37.5000  -30.000012739.9453   15.6751
    7.5000   37.5000  -30.000012023.5371   15.6950
   -7.5000   45.0000  -30.000011477.6924   15.2513
    0.0000   45.0000  -30.000012023.3281   15.2981
    7.5000   45.0000  -30.000011353.6455   15.3147
   -7.5000  -45.0000  -22.5000 8092.9697   17.2444
    0.0000  -45.0000  -22.5000 8438.9463   17.3097
    7.5000  -45.0000  -22.5000 8043.9424   17.3304
   -7.5000  -37.5000  -22.5000 8862.8379   16.8486
    0.0000  -37.5000  -22.5000 9231.7100   16.9089
    7.5000  -37.5000  -22.5000 8784.6816   16.9333
   -7.5000  -30.0000  -22.500010012.5625   16.5651
    0.0000  -30.0000  -22.500010429.7891   16.6206
    7.5000  -30.0000  -22.5000 9930.5205   16.6522
   -7.5000  -22.5000  -22.500011199.8662   16.4051
    0.0000  -22.5000  -22.500011670.6787   16.4571
    7.5000  -22.5000  -22.500011126.5420   16.4926
   -7.5000  -15.0000  -22.500012306.7812   16.3611
    0.0000  -15.0000  -22.500012856.0029   16.4162
    7.5000  -15.0000  -22.500012277.3633   16.4485
   -7.5000   -7.5000  -22.500013351.4951   16.3742
    0.0000   -7.5000  -22.500013968.8770   16.4338
    7.5000   -7.5000  -22.500013322.4365   16.4587
   -7.5000    0.0000  -22.500014348.3281   16.3887
    0.0000    0.0000  -22.500015025.9346   16.4487
    7.5000    0.0000  -22.500014321.9512   16.4685
   -7.5000    7.5000  -22.500014222.9297   16.3885
    0.0000    7.5000  -22.500014888.2354   16.4465
    7.5000    7.5000  -22.500014178.9189   16.4695
   -7.5000   15.0000  -22.500013972.1982   16.3763
    0.0000   15.0000  -22.500014657.4316   16.4308
    7.5000   15.0000  -22.500013926.2930   16.4622
   -7.5000   22.5000  -22.500013644.0244   16.3580
    0.0000   22.5000  -22.500014310.5596   16.4098
    7.5000   22.5000  -22.500013596.9854   16.4453
   -7.5000   30.0000  -22.500013120.3760   16.1467
    0.0000   30.0000  -22.500013776.9473   16.2010
    7.5000   30.0000  -22.500013058.2139   16.2329
   -7.5000   37.5000  -22.500012825.2715   16.1601
    0.0000   37.5000  -22.500013465.9766   16.2189
    7.5000   37.5000  -22.500012762.1787   16.2434
   -7.5000   45.0000  -22.500012057.3174   15.7832
    0.0000   45.0000  -22.500012653.7109   15.8409
    7.5000   45.0000  -22.500012003.4482   15.8599
   -7.5000  -45.0000  -15.0000 8540.6553   17.6626
    0.0000  -45.0000  -15.0000 8911.5869   17.7357
    7.5000  -45.0000  -15.0000 8484.1758   17.7582
   -7.5000  -37.5000  -15.0000 9350.2627   17.2606
    0.0000  -37.5000  -15.0000 9745.2666   17.3291
    7.5000  -37.5000  -15.0000 9269.5820   17.3542
   -7.5000  -30.0000  -15.000010538.8994   16.9697
    0.0000  -30.0000  -15.000010986.5254   17.0332
    7.5000  -30.0000  -15.000010467.0459   17.0675
   -7.5000  -22.5000  -15.000011767.2432   16.8058
    0.0000  -22.5000  -15.000012273.2246   16.8652
    7.5000  -22.5000  -15.000011704.2119   16.9074
   -7.5000  -15.0000  -15.000012935.3057   16.7603
    0.0000  -15.0000  -15.000013523.6748   16.8220
    7.5000  -15.0000  -15.000012911.5195   16.8627
   -7.5000   -7.5000  -15.000014014.6465   16.7729
    0.0000   -7.5000  -15.000014692.7861   16.8389
    7.5000   -7.5000  -15.000014021.5537   16.8695
   -7.5000    0.0000  -15.000015054.4170   16.7875
    0.0000    0.0000  -15.000015805.2373   16.8542
    7.5000    0.0000  -15.000015092.1729   16.8759
   -7.5000    7.5000  -15.000014898.9697   16.7879
    0.0000    7.5000  -15.000015660.1113   16.8536
    7.5000    7.5000  -15.000014943.6494   16.8771
   -7.5000   15.0000  -15.000014620.2168   16.7761
    0.0000   15.0000  -15.000015360.1826   16.8385
    7.5000   15.0000  -15.000014660.5264   16.8724
   -7.5000   22.5000  -15.000014292.0283   16.7567
    0.0000   22.5000  -15.000014982.4443   16.8159
    7.5000   22.5000  -15.000014326.9873   16.8580
   -7.5000   30.0000  -15.000013775.2598   16.5430
    0.0000   30.0000  -15.000014451.4648   16.6038
    7.5000   30.0000  -15.000013809.2461   16.6441
   -7.5000   37.5000  -15.000013491.4346   16.5558
    0.0000   37.5000  -15.000014133.4092   16.6210
    7.5000   37.5000  -15.000013508.5801   16.6512
   -7.5000   45.0000  -15.000012622.4775   16.1770
    0.0000   45.0000  -15.000013222.2080   16.2413
    7.5000   45.0000  -15.000012609.0977   16.2622
   -7.5000  -45.0000   -7.5000 8941.8584   17.8787
    0.0000  -45.0000   -7.5000 9336.7188   17.9457
    7.5000  -45.0000   -7.5000 8884.2188   17.9680
   -7.5000  -37.5000   -7.5000 9800.2393   17.4771
    0.0000  -37.5000   -7.500010212.9453   17.5416
    7.5000  -37.5000   -7.5000 9730.5830   17.5652
   -7.5000  -30.0000   -7.500011056.6270   17.1849
    0.0000  -30.0000   -7.500011529.0508   17.2476
    7.5000  -30.0000   -7.500010995.8975   17.2812
   -7.5000  -22.5000   -7.500012332.8291   17.0179
    0.0000  -22.5000   -7.500012859.6973   17.0786
    7.5000  -22.5000   -7.500012298.0713   17.1227
   -7.5000  -15.0000   -7.500013565.2744   16.9695
    0.0000  -15.0000   -7.500014156.3213   17.0310
    7.5000  -15.0000   -7.500013553.0898   17.0745
   -7.5000   -7.5000   -7.500014744.1631   16.9802
    0.0000   -7.5000   -7.500015415.1582   17.0422
    7.5000   -7.5000   -7.500014758.6904   17.0744
   -7.5000    0.0000   -7.500015825.4580   16.9951
    0.0000    0.0000   -7.500016578.0918   17.0562
    7.5000    0.0000   -7.500015876.0029   17.0777
   -7.5000    7.5000   -7.500015679.8096   16.9983
    0.0000    7.5000   -7.500016446.9043   17.0600
    7.5000    7.5000   -7.500015780.1094   17.0821
   -7.5000   15.0000   -7.500015364.1064   16.9885
    0.0000   15.0000   -7.500016109.7256   17.0500
    7.5000   15.0000   -7.500015512.3076   17.0833
   -7.5000   22.5000   -7.500015013.7480   16.9663
    0.0000   22.5000   -7.500015682.6621   17.0268
    7.5000   22.5000   -7.500015138.8760   17.0707
   -7.5000   30.0000   -7.500014475.5703   16.7490
    0.0000   30.0000   -7.500015133.7695   16.8096
    7.5000   30.0000   -7.500014579.3232   16.8527
   -7.5000   37.5000   -7.500014199.4990   16.7600
    0.0000   37.5000   -7.500014857.8105   16.8212
    7.5000   37.5000   -7.500014278.5547   16.8529
   -7.5000   45.0000   -7.500013279.2471   16.3801
    0.0000   45.0000   -7.500013886.3311   16.4390
    7.5000   45.0000   -7.500013292.9004   16.4596
   -7.5000  -45.0000    0.0000 9280.7939   17.9215
    0.0000  -45.0000    0.0000 9672.6230   17.9765
    7.5000  -45.0000    0.0000 9207.1543   17.9971
   -7.5000  -37.5000    0.000010179.3906   17.5203
    0.0000  -37.5000    0.000010604.4180   17.5738
    7.5000  -37.5000    0.000010116.3008   17.5955
   -7.5000  -30.0000    0.000011464.1943   17.2303
    0.0000  -30.0000    0.000011954.5234   17.2852
    7.5000  -30.0000    0.000011423.4189   17.3159
   -7.5000  -22.5000    0.000012789.0371   17.0633
    0.0000  -22.5000    0.000013330.0586   17.1186
    7.5000  -22.5000    0.000012776.7520   17.1583
   -7.5000  -15.0000    0.000014069.1230   17.0136
    0.0000  -15.0000    0.000014665.3535   17.0689
    7.5000  -15.0000    0.000014082.1582   17.1079
   -7.5000   -7.5000    0.000015289.2207   17.0225
    0.0000   -7.5000    0.000015925.1865   17.0754
    7.5000   -7.5000    0.000015333.8174   17.1043
   -7.5000    0.0000    0.000016459.5508   17.0366
    0.0000    0.0000    0.000017219.1777   17.0868
    7.5000    0.0000    0.000016533.6582   17.1066
   -7.5000    7.5000    0.000016456.8262   17.0412
    0.0000    7.5000    0.000017280.7148   17.0925
    7.5000    7.5000    0.000016598.8828   17.1132
   -7.5000   15.0000    0.000016171.5928   17.0333
    0.0000   15.0000    0.000016884.1465   17.0872
    7.5000   15.0000    0.000016360.5527   17.1176
   -7.5000   22.5000    0.000015778.9121   17.0115
    0.0000   22.5000    0.000016335.4434   17.0666
    7.5000   22.5000    0.000015873.6250   17.1062
   -7.5000   30.0000    0.000015175.4541   16.7929
    0.0000   30.0000    0.000015721.8691   16.8476
    7.5000   30.0000    0.000015223.4883   16.8860
   -7.5000   37.5000    0.000014915.0762   16.8022
    0.0000   37.5000    0.000015490.7080   16.8544
    7.5000   37.5000    0.000014897.7871   16.8829
   -7.5000   45.0000    0.000013920.5273   16.4214
    0.0000   45.0000    0.000014468.0859   16.4697
    7.5000   45.0000    0.000013847.0752   16.4888
   -7.5000  -45.0000    7.5000 8863.1885   17.9171
    0.0000  -45.0000    7.5000 9242.2852   17.9679
    7.5000  -45.0000    7.5000 8794.4844   17.9870
   -7.5000  -37.5000    7.5000 9748.1387   17.5117
    0.0000  -37.5000    7.500010180.1084   17.5600
    7.5000  -37.5000    7.5000 9713.5137   17.5816
   -7.5000  -30.0000    7.500010989.8711   17.2228
    0.0000  -30.0000    7.500011486.9355   17.2717
    7.5000  -30.0000    7.500010998.8145   17.3009
   -7.5000  -22.5000    7.500012247.7549   17.0571
    0.0000  -22.5000    7.500012774.9062   17.1069
    7.5000  -22.5000    7.500012292.3887   17.1409
   -7.5000  -15.0000    7.500013463.0205   17.0086
    0.0000  -15.0000    7.500014021.6240   17.0597
    7.5000  -15.0000    7.500013524.9590   17.0908
   -7.5000   -7.5000    7.500014650.8398   17.0177
    0.0000   -7.5000    7.500015226.4492   17.0673
    7.5000   -7.5000    7.500014724.7285   17.0907
   -7.5000    0.0000    7.500015824.5811   17.0309
    0.0000    0.0000    7.500016516.8086   17.0775
    7.5000    0.0000    7.500015912.1045   17.0956
   -7.5000    7.5000    7.500015942.8730   17.0341
    0.0000    7.5000    7.500016721.8633   17.0807
    7.5000    7.5000    7.500015966.5977   17.1016
   -7.5000   15.0000    7.500015849.4443   17.0260
    0.0000   15.0000    7.500016484.4277   17.0741
    7.5000   15.0000    7.500015722.5996   17.1031
   -7.5000   22.5000    7.500015469.4111   17.0054
    0.0000   22.5000    7.500015981.4219   17.0550
    7.5000   22.5000    7.500015236.2324   17.0889
   -7.5000   30.0000    7.500014795.1445   16.7881
    0.0000   30.0000    7.500015299.2549   16.8384
    7.5000   30.0000    7.500014588.2637   16.8691
   -7.5000   37.5000    7.500014431.9668   16.7974
    0.0000   37.5000    7.500014963.4590   16.8464
    7.5000   37.5000    7.500014277.5068   16.8695
   -7.5000   45.0000    7.500013389.9951   16.4158
    0.0000   45.0000    7.500013919.7959   16.4607
    7.5000   45.0000    7.500013304.8213   16.4782
   -7.5000  -45.0000   15.0000 8331.7803   17.9078
    0.0000  -45.0000   15.0000 8693.6904   17.9647
    7.5000  -45.0000   15.0000 8298.1035   17.9841
   -7.5000  -37.5000   15.0000 9179.6934   17.4981
    0.0000  -37.5000   15.0000 9606.1377   17.5505
    7.5000  -37.5000   15.0000 9187.8564   17.5741
   -7.5000  -30.0000   15.000010360.1250   17.2068
    0.0000  -30.0000   15.000010825.2529   17.2568
    7.5000  -30.0000   15.000010391.0449   17.2871
   -7.5000  -22.5000   15.000011569.3066   17.0409
    0.0000  -22.5000   15.000012065.4385   17.0899
    7.5000  -22.5000   15.000011614.9062   17.1225
   -7.5000  -15.0000   15.000012754.2402   16.9941
    0.0000  -15.0000   15.000013288.0635   17.0461
    7.5000  -15.0000   15.000012795.9551   17.0740
   -7.5000   -7.5000   15.000013934.8750   17.0057
    0.0000   -7.5000   15.000014534.0176   17.0596
    7.5000   -7.5000   15.000013977.6660   17.0812
   -7.5000    0.0000   15.000015115.7393   17.0200
    0.0000    0.0000   15.000015819.3232   17.0722
    7.5000    0.0000   15.000015133.7305   17.0907
   -7.5000    7.5000   15.000015162.8926   17.0213
    0.0000    7.5000   15.000015856.4824   17.0719
    7.5000    7.5000   15.000015121.7275   17.0944
   -7.5000   15.0000   15.000014966.9697   17.0105
    0.0000   15.0000   15.000015542.4355   17.0597
    7.5000   15.0000   15.000014821.2705   17.0899
   -7.5000   22.5000   15.000014591.2139   16.9893
    0.0000   22.5000   15.000015126.8535   17.0382
    7.5000   22.5000   15.000014438.1289   17.0706
   -7.5000   30.0000   15.000013981.5928   16.7737
    0.0000   30.0000   15.000014540.3066   16.8250
    7.5000   30.0000   15.000013874.3643   16.8526
   -7.5000   37.5000   15.000013659.8926   16.7856
    0.0000   37.5000   15.000014223.6572   16.8388
    7.5000   37.5000   15.000013599.7607   16.8602
   -7.5000   45.0000   15.000012675.7881   16.4053
    0.0000   45.0000   15.000013205.8232   16.4557
    7.5000   45.0000   15.000012652.9971   16.4734
   -7.5000  -45.0000   22.5000 7713.0942   17.9419
    0.0000  -45.0000   22.5000 8032.3418   18.0094
    7.5000  -45.0000   22.5000 7709.5215   18.0307
   -7.5000  -37.5000   22.5000 8554.8428   17.5302
    0.0000  -37.5000   22.5000 8921.2109   17.5924
    7.5000  -37.5000   22.5000 8552.0986   17.6175
   -7.5000  -30.0000   22.5000 9687.4863   17.2344
    0.0000  -30.0000   22.500010115.5645   17.2916
    7.5000  -30.0000   22.5000 9701.6777   17.3242
   -7.5000  -22.5000   22.500010865.4570   17.0674
    0.0000  -22.5000   22.500011337.0166   17.1211
    7.5000  -22.5000   22.500010864.7139   17.1578
   -7.5000  -15.0000   22.500011993.5742   17.0217
    0.0000  -15.0000   22.500012513.1504   17.0785
    7.5000  -15.0000   22.500011968.4707   17.1119
   -7.5000   -7.5000   22.500013075.9287   17.0356
    0.0000   -7.5000   22.500013663.5674   17.0971
    7.5000   -7.5000   22.500013071.5234   17.1227
   -7.5000    0.0000   22.500014130.2656   17.0508
    0.0000    0.0000   22.500014793.5273   17.1127
    7.5000    0.0000   22.500014137.4434   17.1329
   -7.5000    7.5000   22.500014089.0352   17.0504
    0.0000    7.5000   22.500014722.9014   17.1103
    7.5000    7.5000   22.500014075.2656   17.1339
   -7.5000   15.0000   22.500013840.5762   17.0375
    0.0000   15.0000   22.500014390.4746   17.0937
    7.5000   15.0000   22.500013786.6758   17.1261
   -7.5000   22.5000   22.500013451.1836   17.0157
    0.0000   22.5000   22.500014004.8740   17.0692
    7.5000   22.5000   22.500013429.0889   17.1058
   -7.5000   30.0000   22.500012911.4834   16.8010
    0.0000   30.0000   22.500013460.3740   16.8571
    7.5000   30.0000   22.500012912.6973   16.8900
   -7.5000   37.5000   22.500012700.8711   16.8151
    0.0000   37.5000   22.500013214.8994   16.8759
    7.5000   37.5000   22.500012700.9297   16.9011
   -7.5000   45.0000   22.500011857.3750   16.4350
    0.0000   45.0000   22.500012323.6328   16.4946
    7.5000   45.0000   22.500011844.4756   16.5142
   -7.5000  -45.0000   30.0000 7079.5376   18.1553
    0.0000  -45.0000   30.0000 7380.5244   18.2306
    7.5000  -45.0000   30.0000 7070.2314   18.2546
   -7.5000  -37.5000   30.0000 7875.6245   17.7386
    0.0000  -37.5000   30.0000 8221.9531   17.8091
    7.5000  -37.5000   30.0000 7858.8955   17.8358
   -7.5000  -30.0000   30.0000 8956.6387   17.4352
    0.0000  -30.0000   30.0000 9368.8555   17.5005
    7.5000  -30.0000   30.0000 8947.6777   17.5366
   -7.5000  -22.5000   30.000010039.8154   17.2649
    0.0000  -22.5000   30.000010476.2471   17.3259
    7.5000  -22.5000   30.000010012.7451   17.3701
   -7.5000  -15.0000   30.000011065.2314   17.2183
    0.0000  -15.0000   30.000011545.8096   17.2816
    7.5000  -15.0000   30.000011025.5811   17.3243
   -7.5000   -7.5000   30.000012067.7529   17.2319
    0.0000   -7.5000   30.000012620.0879   17.2997
    7.5000   -7.5000   30.000012057.1543   17.3319
   -7.5000    0.0000   30.000013023.2666   17.2467
    0.0000    0.0000   30.000013633.9971   17.3154
    7.5000    0.0000   30.000013032.3076   17.3385
   -7.5000    7.5000   30.000012961.8750   17.2464
    0.0000    7.5000   30.000013535.8262   17.3139
    7.5000    7.5000   30.000012951.4531   17.3389
   -7.5000   15.0000   30.000012712.6699   17.2337
    0.0000   15.0000   30.000013251.3730   17.2977
    7.5000   15.0000   30.000012701.5967   17.3334
   -7.5000   22.5000   30.000012361.2383   17.2121
    0.0000   22.5000   30.000012875.9531   17.2728
    7.5000   22.5000   30.000012356.2344   17.3169
   -7.5000   30.0000   30.000011881.6025   16.9950
    0.0000   30.0000   30.000012369.5156   17.0575
    7.5000   30.0000   30.000011866.5684   17.0996
   -7.5000   37.5000   30.000011712.2666   17.0088
    0.0000   37.5000   30.000012186.1377   17.0758
    7.5000   37.5000   30.000011712.0742   17.1076
   -7.5000   45.0000   30.000010990.0039   16.6239
    0.0000   45.0000   30.000011422.8994   16.6900
    7.5000   45.0000   30.000010963.5967   16.7123
   -7.5000  -45.0000   37.5000 6688.6406   18.4960
    0.0000  -45.0000   37.5000 6993.1685   18.5679
    7.5000  -45.0000   37.5000 6681.6865   18.5927
   -7.5000  -37.5000   37.5000 7440.9741   18.0713
    0.0000  -37.5000   37.5000 7758.1123   18.1406
    7.5000  -37.5000   37.5000 7418.6704   18.1673
   -7.5000  -30.0000   37.5000 8467.1514   17.7598
    0.0000  -30.0000   37.5000 8842.9287   17.8266
    7.5000  -30.0000   37.5000 8454.6064   17.8641
   -7.5000  -22.5000   37.5000 9492.5332   17.5828
    0.0000  -22.5000   37.5000 9907.3916   17.6469
    7.5000  -22.5000   37.5000 9473.4053   17.6950
   -7.5000  -15.0000   37.500010491.6357   17.5325
    0.0000  -15.0000   37.500010963.3115   17.5972
    7.5000  -15.0000   37.500010466.2012   17.6444
   -7.5000   -7.5000   37.500011486.6055   17.5444
    0.0000   -7.5000   37.500012016.4697   17.6102
    7.5000   -7.5000   37.500011465.8955   17.6452
   -7.5000    0.0000   37.500012387.5889   17.5596
    0.0000    0.0000   37.500012962.3262   17.6251
    7.5000    0.0000   37.500012390.7578   17.6489
   -7.5000    7.5000   37.500012341.2412   17.5616
    0.0000    7.5000   37.500012881.2363   17.6277
    7.5000    7.5000   37.500012322.2715   17.6528
   -7.5000   15.0000   37.500012092.7822   17.5505
    0.0000   15.0000   37.500012612.0859   17.6161
    7.5000   15.0000   37.500012076.2100   17.6531
   -7.5000   22.5000   37.500011749.3594   17.5281
    0.0000   22.5000   37.500012243.5215   17.5919
    7.5000   22.5000   37.500011742.3760   17.6399
   -7.5000   30.0000   37.500011300.4102   17.3051
    0.0000   30.0000   37.500011764.8232   17.3690
    7.5000   30.0000   37.500011285.4385   17.4156
   -7.5000   37.5000   37.500011162.9746   17.3174
    0.0000   37.5000   37.500011617.2422   17.3823
    7.5000   37.5000   37.500011165.2920   17.4168
   -7.5000   45.0000   37.500010501.8379   16.9255
    0.0000   45.0000   37.500010934.8467   16.9885
    7.5000   45.0000   37.500010476.2773   17.0115
   -7.5000  -45.0000   45.0000 6045.8276   18.9912
    0.0000  -45.0000   45.0000 6323.6294   19.0555
    7.5000  -45.0000   45.0000 6054.0981   19.0816
   -7.5000  -37.5000   45.0000 6724.1807   18.5473
    0.0000  -37.5000   45.0000 7016.2856   18.6098
    7.5000  -37.5000   45.0000 6719.3936   18.6370
   -7.5000  -30.0000   45.0000 7672.0547   18.2229
    0.0000  -30.0000   45.0000 7993.8286   18.2861
    7.5000  -30.0000   45.0000 7659.4590   18.3234
   -7.5000  -22.5000   45.0000 8631.8662   18.0342
    0.0000  -22.5000   45.0000 8989.8740   18.0972
    7.5000  -22.5000   45.0000 8601.6348   18.1445
   -7.5000  -15.0000   45.0000 9557.0537   17.9779
    0.0000  -15.0000   45.0000 9976.0781   18.0408
    7.5000  -15.0000   45.0000 9532.0635   18.0874
   -7.5000   -7.5000   45.000010449.2119   17.9888
    0.0000   -7.5000   45.000010938.1172   18.0496
    7.5000   -7.5000   45.000010466.2910   18.0848
   -7.5000    0.0000   45.000011296.2607   18.0055
    0.0000    0.0000   45.000011807.7676   18.0639
    7.5000    0.0000   45.000011313.7139   18.0888
   -7.5000    7.5000   45.000011267.7959   18.0105
    0.0000    7.5000   45.000011744.1943   18.0702
    7.5000    7.5000   45.000011263.1211   18.0962
   -7.5000   15.0000   45.000011051.9531   18.0012
    0.0000   15.0000   45.000011517.8086   18.0631
    7.5000   15.0000   45.000011028.5117   18.1001
   -7.5000   22.5000   45.000010738.8838   17.9765
    0.0000   22.5000   45.000011175.0078   18.0392
    7.5000   22.5000   45.000010714.1279   18.0863
   -7.5000   30.0000   45.000010334.0537   17.7432
    0.0000   30.0000   45.000010743.0674   17.8053
    7.5000   30.0000   45.000010313.0771   17.8513
   -7.5000   37.5000   45.000010229.1514   17.7544
    0.0000   37.5000   45.000010646.9990   17.8145
    7.5000   37.5000   45.000010228.1016   17.8492
   -7.5000   45.0000   45.0000 9640.9287   17.3631
    0.0000   45.0000   45.000010030.6680   17.4194
    7.5000   45.0000   45.0000 9625.3818   17.4434

---------------------------------------------------------------------
imgreg_4dfp /opt/freesurfer/average/711-2C_as_mni_average_305 /opt/freesurfer/average/711-2B_as_mni_average_305_mask talsrcimg_g11 none talsrcimg_to_711-2C_as_mni_average_305_t4 4355
---------------------------------------------------------------------

freesurfer imgreg_4dfp.c
/opt/freesurfer/average/711-2C_as_mni_average_305.4dfp.img
       256       256       256         1
  1.000000  1.000000  1.000000
orientation T byte_order littleendian
Reading image: /opt/freesurfer/average/711-2C_as_mni_average_305.4dfp.img
dimensions:      256       256       256
mmppix:       1.0000   -1.0000   -1.0000
center:     128.0000 -129.0000 -129.0000
/opt/freesurfer/average/711-2B_as_mni_average_305_mask.4dfp.img
       256       256       256         1
  1.000000  1.000000  1.000000
orientation T byte_order littleendian
Reading mask: /opt/freesurfer/average/711-2B_as_mni_average_305_mask.4dfp.img (2306576 pixels)
talsrcimg_g11.4dfp.img
       256       256       256         1
  1.000000  1.000000  1.000000
orientation T byte_order littleendian
Reading image: talsrcimg_g11.4dfp.img
dimensions:      256       256       256
mmppix:       1.0000   -1.0000   -1.0000
center:     128.0000 -129.0000 -129.0000
rotation matrix determinant  1.000000
image alignment mode   4355 decimal     1103 hex
   -7.5000  -37.5000  -45.0000 2013.6099   19.4771
    0.0000  -37.5000  -45.0000 2013.6315   19.4845
    7.5000  -37.5000  -45.0000 1994.9110   19.6957
   -7.5000  -30.0000  -45.0000 2126.4126   17.5007
    0.0000  -30.0000  -45.0000 2125.3657   17.5214
    7.5000  -30.0000  -45.0000 2104.9817   17.7022
   -7.5000  -22.5000  -45.0000 2233.6418   15.8920
    0.0000  -22.5000  -45.0000 2233.2842   15.9056
    7.5000  -22.5000  -45.0000 2211.5891   16.0600
   -7.5000  -15.0000  -45.0000 2319.2200   14.6222
    0.0000  -15.0000  -45.0000 2323.7405   14.6141
    7.5000  -15.0000  -45.0000 2301.5125   14.7581
   -7.5000   -7.5000  -45.0000 2392.5615   13.7455
    0.0000   -7.5000  -45.0000 2397.7014   13.7507
    7.5000   -7.5000  -45.0000 2375.1340   13.8815
   -7.5000    0.0000  -45.0000 2425.5320   13.2698
    0.0000    0.0000  -45.0000 2434.0022   13.2648
    7.5000    0.0000  -45.0000 2408.6721   13.3735
   -7.5000    7.5000  -45.0000 2438.3503   13.0972
    0.0000    7.5000  -45.0000 2450.8242   13.0675
    7.5000    7.5000  -45.0000 2424.5537   13.1655
   -7.5000   15.0000  -45.0000 2438.2332   13.1615
    0.0000   15.0000  -45.0000 2449.1770   13.1404
    7.5000   15.0000  -45.0000 2426.7405   13.2442
   -7.5000   22.5000  -45.0000 2425.3882   13.3781
    0.0000   22.5000  -45.0000 2437.8203   13.3535
    7.5000   22.5000  -45.0000 2417.2217   13.5210
   -7.5000   30.0000  -45.0000 2402.3491   13.7912
    0.0000   30.0000  -45.0000 2411.6965   13.7591
    7.5000   30.0000  -45.0000 2391.2258   13.9400
   -7.5000   37.5000  -45.0000 2355.4016   14.4340
    0.0000   37.5000  -45.0000 2367.2009   14.4059
    7.5000   37.5000  -45.0000 2344.4182   14.6025
   -7.5000   45.0000  -45.0000 2292.9329   15.3465
    0.0000   45.0000  -45.0000 2303.1262   15.3158
    7.5000   45.0000  -45.0000 2283.4705   15.5143
   -7.5000   52.5000  -45.0000 2190.4590   16.4631
    0.0000   52.5000  -45.0000 2202.4260   16.3752
    7.5000   52.5000  -45.0000 2180.5583   16.5834
   -7.5000  -37.5000  -37.5000 2064.8914   18.3789
    0.0000  -37.5000  -37.5000 2064.3372   18.4140
    7.5000  -37.5000  -37.5000 2046.8241   18.6344
   -7.5000  -30.0000  -37.5000 2186.2131   16.4863
    0.0000  -30.0000  -37.5000 2189.9707   16.5245
    7.5000  -30.0000  -37.5000 2168.0688   16.7079
   -7.5000  -22.5000  -37.5000 2305.9089   14.9874
    0.0000  -22.5000  -37.5000 2309.0696   15.0037
    7.5000  -22.5000  -37.5000 2286.0735   15.1483
   -7.5000  -15.0000  -37.5000 2397.9246   13.7675
    0.0000  -15.0000  -37.5000 2406.9658   13.7790
    7.5000  -15.0000  -37.5000 2381.8201   13.9038
   -7.5000   -7.5000  -37.5000 2474.5264   12.8644
    0.0000   -7.5000  -37.5000 2482.8967   12.8462
    7.5000   -7.5000  -37.5000 2456.7651   12.9789
   -7.5000    0.0000  -37.5000 2517.8152   12.3127
    0.0000    0.0000  -37.5000 2528.7988   12.3027
    7.5000    0.0000  -37.5000 2502.1516   12.3875
   -7.5000    7.5000  -37.5000 2535.6125   12.1254
    0.0000    7.5000  -37.5000 2547.1941   12.1264
    7.5000    7.5000  -37.5000 2520.9666   12.1929
   -7.5000   15.0000  -37.5000 2538.5298   12.1863
    0.0000   15.0000  -37.5000 2551.9089   12.1798
    7.5000   15.0000  -37.5000 2528.1809   12.2281
   -7.5000   22.5000  -37.5000 2526.2004   12.4169
    0.0000   22.5000  -37.5000 2538.3672   12.3813
    7.5000   22.5000  -37.5000 2517.1646   12.4807
   -7.5000   30.0000  -37.5000 2500.2153   12.7882
    0.0000   30.0000  -37.5000 2513.1528   12.7872
    7.5000   30.0000  -37.5000 2490.0364   12.9021
   -7.5000   37.5000  -37.5000 2453.5498   13.3829
    0.0000   37.5000  -37.5000 2469.2329   13.3889
    7.5000   37.5000  -37.5000 2442.9502   13.5038
   -7.5000   45.0000  -37.5000 2388.9114   14.1766
    0.0000   45.0000  -37.5000 2403.6045   14.1772
    7.5000   45.0000  -37.5000 2380.4070   14.2999
   -7.5000   52.5000  -37.5000 2281.7551   15.1619
    0.0000   52.5000  -37.5000 2298.2498   15.1275
    7.5000   52.5000  -37.5000 2275.8276   15.2950
   -7.5000  -37.5000  -30.0000 2144.8408   18.0821
    0.0000  -37.5000  -30.0000 2148.3665   18.1249
    7.5000  -37.5000  -30.0000 2129.4446   18.3818
   -7.5000  -30.0000  -30.0000 2282.7051   16.1869
    0.0000  -30.0000  -30.0000 2287.5654   16.2104
    7.5000  -30.0000  -30.0000 2263.1304   16.4415
   -7.5000  -22.5000  -30.0000 2408.8291   14.6555
    0.0000  -22.5000  -30.0000 2417.7087   14.6795
    7.5000  -22.5000  -30.0000 2389.9492   14.8588
   -7.5000  -15.0000  -30.0000 2509.9758   13.3920
    0.0000  -15.0000  -30.0000 2518.6575   13.4290
    7.5000  -15.0000  -30.0000 2492.3674   13.5983
   -7.5000   -7.5000  -30.0000 2583.4910   12.4603
    0.0000   -7.5000  -30.0000 2595.2317   12.4956
    7.5000   -7.5000  -30.0000 2574.1545   12.6206
   -7.5000    0.0000  -30.0000 2645.6211   11.8557
    0.0000    0.0000  -30.0000 2661.6333   11.8842
    7.5000    0.0000  -30.0000 2636.5168   11.9776
   -7.5000    7.5000  -30.0000 2674.2583   11.6200
    0.0000    7.5000  -30.0000 2687.5017   11.6346
    7.5000    7.5000  -30.0000 2664.1565   11.7006
   -7.5000   15.0000  -30.0000 2681.2375   11.6307
    0.0000   15.0000  -30.0000 2693.6257   11.6464
    7.5000   15.0000  -30.0000 2670.3457   11.6827
   -7.5000   22.5000  -30.0000 2670.4951   11.8628
    0.0000   22.5000  -30.0000 2686.1592   11.8597
    7.5000   22.5000  -30.0000 2663.3354   11.9219
   -7.5000   30.0000  -30.0000 2642.4580   12.2582
    0.0000   30.0000  -30.0000 2663.8459   12.2640
    7.5000   30.0000  -30.0000 2637.0017   12.3378
   -7.5000   37.5000  -30.0000 2595.3030   12.8354
    0.0000   37.5000  -30.0000 2617.4907   12.8572
    7.5000   37.5000  -30.0000 2589.8208   12.9528
   -7.5000   45.0000  -30.0000 2526.2358   13.5985
    0.0000   45.0000  -30.0000 2546.5925   13.6080
    7.5000   45.0000  -30.0000 2523.3831   13.7265
   -7.5000   52.5000  -30.0000 2413.6189   14.5110
    0.0000   52.5000  -30.0000 2430.5791   14.4770
    7.5000   52.5000  -30.0000 2413.9136   14.6577
   -7.5000  -37.5000  -22.5000 2201.7664   17.7734
    0.0000  -37.5000  -22.5000 2204.8882   17.8341
    7.5000  -37.5000  -22.5000 2182.0959   18.0848
   -7.5000  -30.0000  -22.5000 2344.8313   15.8426
    0.0000  -30.0000  -22.5000 2348.8015   15.8904
    7.5000  -30.0000  -22.5000 2323.0352   16.1255
   -7.5000  -22.5000  -22.5000 2476.6670   14.2554
    0.0000  -22.5000  -22.5000 2482.1064   14.3069
    7.5000  -22.5000  -22.5000 2452.8455   14.5078
   -7.5000  -15.0000  -22.5000 2582.1467   12.9906
    0.0000  -15.0000  -22.5000 2589.4070   13.0364
    7.5000  -15.0000  -22.5000 2565.7527   13.2570
   -7.5000   -7.5000  -22.5000 2665.1565   12.0565
    0.0000   -7.5000  -22.5000 2675.8145   12.0729
    7.5000   -7.5000  -22.5000 2650.9248   12.2537
   -7.5000    0.0000  -22.5000 2737.9102   11.4155
    0.0000    0.0000  -22.5000 2752.8330   11.4307
    7.5000    0.0000  -22.5000 2728.0457   11.5861
   -7.5000    7.5000  -22.5000 2779.0391   11.0662
    0.0000    7.5000  -22.5000 2792.2515   11.0948
    7.5000    7.5000  -22.5000 2770.1951   11.2092
   -7.5000   15.0000  -22.5000 2792.5244   11.0297
    0.0000   15.0000  -22.5000 2810.7195   11.0431
    7.5000   15.0000  -22.5000 2783.9727   11.1227
   -7.5000   22.5000  -22.5000 2788.6853   11.2375
    0.0000   22.5000  -22.5000 2809.6760   11.2326
    7.5000   22.5000  -22.5000 2784.0530   11.3242
   -7.5000   30.0000  -22.5000 2761.9319   11.6654
    0.0000   30.0000  -22.5000 2790.1091   11.6577
    7.5000   30.0000  -22.5000 2760.5146   11.7603
   -7.5000   37.5000  -22.5000 2713.7153   12.2447
    0.0000   37.5000  -22.5000 2741.6116   12.2465
    7.5000   37.5000  -22.5000 2713.7727   12.3705
   -7.5000   45.0000  -22.5000 2639.5552   12.9918
    0.0000   45.0000  -22.5000 2663.3223   12.9812
    7.5000   45.0000  -22.5000 2642.4424   13.1184
   -7.5000   52.5000  -22.5000 2519.6919   13.8721
    0.0000   52.5000  -22.5000 2538.3423   13.8326
    7.5000   52.5000  -22.5000 2521.5496   13.9955
   -7.5000  -37.5000  -15.0000 2226.6611   17.5607
    0.0000  -37.5000  -15.0000 2228.7146   17.6186
    7.5000  -37.5000  -15.0000 2203.5842   17.8857
   -7.5000  -30.0000  -15.0000 2363.8821   15.5430
    0.0000  -30.0000  -15.0000 2367.0911   15.6165
    7.5000  -30.0000  -15.0000 2341.8535   15.8831
   -7.5000  -22.5000  -15.0000 2497.3088   13.9354
    0.0000  -22.5000  -15.0000 2502.0208   13.9758
    7.5000  -22.5000  -15.0000 2476.0518   14.2288
   -7.5000  -15.0000  -15.0000 2609.1006   12.6795
    0.0000  -15.0000  -15.0000 2615.5422   12.7148
    7.5000  -15.0000  -15.0000 2590.8967   12.9552
   -7.5000   -7.5000  -15.0000 2700.1633   11.7103
    0.0000   -7.5000  -15.0000 2711.9805   11.7361
    7.5000   -7.5000  -15.0000 2685.9092   11.9656
   -7.5000    0.0000  -15.0000 2784.3706   11.0508
    0.0000    0.0000  -15.0000 2799.5254   11.0688
    7.5000    0.0000  -15.0000 2772.3979   11.2748
   -7.5000    7.5000  -15.0000 2840.6157   10.6278
    0.0000    7.5000  -15.0000 2864.1968   10.6506
    7.5000    7.5000  -15.0000 2830.5244   10.8441
   -7.5000   15.0000  -15.0000 2868.3245   10.5124
    0.0000   15.0000  -15.0000 2895.8486   10.5081
    7.5000   15.0000  -15.0000 2860.3904   10.7128
   -7.5000   22.5000  -15.0000 2874.7661   10.7060
    0.0000   22.5000  -15.0000 2896.3142   10.6767
    7.5000   22.5000  -15.0000 2871.1230   10.8562
   -7.5000   30.0000  -15.0000 2850.7727   11.1371
    0.0000   30.0000  -15.0000 2880.4109   11.1036
    7.5000   30.0000  -15.0000 2855.6602   11.2567
   -7.5000   37.5000  -15.0000 2798.5859   11.7325
    0.0000   37.5000  -15.0000 2823.3496   11.6973
    7.5000   37.5000  -15.0000 2804.5967   11.8504
   -7.5000   45.0000  -15.0000 2715.4363   12.4710
    0.0000   45.0000  -15.0000 2739.1780   12.4360
    7.5000   45.0000  -15.0000 2718.9800   12.6139
   -7.5000   52.5000  -15.0000 2590.3984   13.3218
    0.0000   52.5000  -15.0000 2610.7576   13.2857
    7.5000   52.5000  -15.0000 2586.5632   13.4718
   -7.5000  -37.5000   -7.5000 2228.8691   17.3820
    0.0000  -37.5000   -7.5000 2232.6111   17.4305
    7.5000  -37.5000   -7.5000 2207.3391   17.7504
   -7.5000  -30.0000   -7.5000 2364.2786   15.4033
    0.0000  -30.0000   -7.5000 2367.6526   15.3813
    7.5000  -30.0000   -7.5000 2341.6831   15.7201
   -7.5000  -22.5000   -7.5000 2496.8083   13.7795
    0.0000  -22.5000   -7.5000 2502.5637   13.7503
    7.5000  -22.5000   -7.5000 2476.4783   14.0856
   -7.5000  -15.0000   -7.5000 2609.0647   12.5070
    0.0000  -15.0000   -7.5000 2617.1265   12.4690
    7.5000  -15.0000   -7.5000 2592.6746   12.7930
   -7.5000   -7.5000   -7.5000 2707.2583   11.5409
    0.0000   -7.5000   -7.5000 2719.4595   11.5012
    7.5000   -7.5000   -7.5000 2696.1777   11.7789
   -7.5000    0.0000   -7.5000 2799.0425   10.8291
    0.0000    0.0000   -7.5000 2813.6621   10.8045
    7.5000    0.0000   -7.5000 2790.6899   11.0355
   -7.5000    7.5000   -7.5000 2876.5042   10.3585
    0.0000    7.5000   -7.5000 2898.2175   10.3312
    7.5000    7.5000   -7.5000 2869.9851   10.5579
   -7.5000   15.0000   -7.5000 2920.4465   10.1745
    0.0000   15.0000   -7.5000 2950.6069   10.1057
    7.5000   15.0000   -7.5000 2913.0828   10.4005
   -7.5000   22.5000   -7.5000 2936.8784   10.3231
    0.0000   22.5000   -7.5000 2960.4900   10.2315
    7.5000   22.5000   -7.5000 2930.6995   10.5302
   -7.5000   30.0000   -7.5000 2910.8191   10.7553
    0.0000   30.0000   -7.5000 2942.1943   10.6564
    7.5000   30.0000   -7.5000 2915.7927   10.8959
   -7.5000   37.5000   -7.5000 2858.7219   11.3472
    0.0000   37.5000   -7.5000 2887.4736   11.2702
    7.5000   37.5000   -7.5000 2863.7148   11.4717
   -7.5000   45.0000   -7.5000 2770.8113   12.0868
    0.0000   45.0000   -7.5000 2794.1633   12.0318
    7.5000   45.0000   -7.5000 2774.5620   12.2296
   -7.5000   52.5000   -7.5000 2637.2153   12.9479
    0.0000   52.5000   -7.5000 2653.0925   12.8804
    7.5000   52.5000   -7.5000 2632.4358   13.0745
   -7.5000  -37.5000    0.0000 2219.1702   17.4407
    0.0000  -37.5000    0.0000 2223.9138   17.3812
    7.5000  -37.5000    0.0000 2202.3123   17.7880
   -7.5000  -30.0000    0.0000 2344.1082   15.4250
    0.0000  -30.0000    0.0000 2350.7900   15.3419
    7.5000  -30.0000    0.0000 2328.6489   15.7309
   -7.5000  -22.5000    0.0000 2471.7749   13.7903
    0.0000  -22.5000    0.0000 2479.9387   13.7009
    7.5000  -22.5000    0.0000 2457.2224   14.0726
   -7.5000  -15.0000    0.0000 2586.6196   12.5114
    0.0000  -15.0000    0.0000 2597.1077   12.4150
    7.5000  -15.0000    0.0000 2575.5732   12.7518
   -7.5000   -7.5000    0.0000 2690.4727   11.5162
    0.0000   -7.5000    0.0000 2703.4905   11.4017
    7.5000   -7.5000    0.0000 2686.7339   11.7195
   -7.5000    0.0000    0.0000 2788.4839   10.7688
    0.0000    0.0000    0.0000 2804.4133   10.6608
    7.5000    0.0000    0.0000 2784.5876   10.9478
   -7.5000    7.5000    0.0000 2881.1194   10.3364
    0.0000    7.5000    0.0000 2904.6111   10.2365
    7.5000    7.5000    0.0000 2877.9978   10.5108
   -7.5000   15.0000    0.0000 2940.5698   10.1399
    0.0000   15.0000    0.0000 2970.9473   10.0103
    7.5000   15.0000    0.0000 2937.3049   10.3412
   -7.5000   22.5000    0.0000 2973.9309   10.1925
    0.0000   22.5000    0.0000 2998.1338   10.0409
    7.5000   22.5000    0.0000 2963.3225   10.3981
   -7.5000   30.0000    0.0000 2949.2063   10.5566
    0.0000   30.0000    0.0000 2977.0964   10.4064
    7.5000   30.0000    0.0000 2949.2571   10.6796
   -7.5000   37.5000    0.0000 2886.4187   11.1568
    0.0000   37.5000    0.0000 2915.8450   11.0087
    7.5000   37.5000    0.0000 2887.6877   11.2200
   -7.5000   45.0000    0.0000 2793.3315   11.9141
    0.0000   45.0000    0.0000 2819.1216   11.7917
    7.5000   45.0000    0.0000 2797.7158   11.9760
   -7.5000   52.5000    0.0000 2654.1975   12.7915
    0.0000   52.5000    0.0000 2670.0894   12.6856
    7.5000   52.5000    0.0000 2652.7170   12.8619
   -7.5000  -37.5000    7.5000 2195.4590   17.7629
    0.0000  -37.5000    7.5000 2204.0330   17.6932
    7.5000  -37.5000    7.5000 2180.6309   18.1210
   -7.5000  -30.0000    7.5000 2315.8362   15.6700
    0.0000  -30.0000    7.5000 2329.3435   15.5940
    7.5000  -30.0000    7.5000 2306.0425   16.0205
   -7.5000  -22.5000    7.5000 2435.9041   13.9735
    0.0000  -22.5000    7.5000 2449.0249   13.8525
    7.5000  -22.5000    7.5000 2429.3220   14.2753
   -7.5000  -15.0000    7.5000 2546.7192   12.6474
    0.0000  -15.0000    7.5000 2559.4607   12.5070
    7.5000  -15.0000    7.5000 2543.9751   12.8984
   -7.5000   -7.5000    7.5000 2655.3057   11.6367
    0.0000   -7.5000    7.5000 2667.8315   11.4801
    7.5000   -7.5000    7.5000 2660.1738   11.8297
   -7.5000    0.0000    7.5000 2758.0645   10.9156
    0.0000    0.0000    7.5000 2776.5637   10.7777
    7.5000    0.0000    7.5000 2765.1011   11.0730
   -7.5000    7.5000    7.5000 2858.6753   10.5361
    0.0000    7.5000    7.5000 2883.4973   10.4288
    7.5000    7.5000    7.5000 2860.7434   10.6771
   -7.5000   15.0000    7.5000 2932.9958   10.3581
    0.0000   15.0000    7.5000 2962.9666   10.2375
    7.5000   15.0000    7.5000 2926.7241   10.4405
   -7.5000   22.5000    7.5000 2972.3318   10.3688
    0.0000   22.5000    7.5000 3002.0281   10.2012
    7.5000   22.5000    7.5000 2960.0833   10.4005
   -7.5000   30.0000    7.5000 2950.9822   10.5874
    0.0000   30.0000    7.5000 2981.9993   10.4282
    7.5000   30.0000    7.5000 2950.1206   10.6211
   -7.5000   37.5000    7.5000 2885.2266   11.0770
    0.0000   37.5000    7.5000 2914.0244   10.9439
    7.5000   37.5000    7.5000 2887.8643   11.1315
   -7.5000   45.0000    7.5000 2792.1741   11.8370
    0.0000   45.0000    7.5000 2819.0930   11.7091
    7.5000   45.0000    7.5000 2801.2588   11.8932
   -7.5000   52.5000    7.5000 2650.1350   12.7538
    0.0000   52.5000    7.5000 2666.6389   12.6433
    7.5000   52.5000    7.5000 2654.0979   12.8334
   -7.5000  -37.5000   15.0000 2156.2595   18.3480
    0.0000  -37.5000   15.0000 2170.9336   18.2346
    7.5000  -37.5000   15.0000 2146.9849   18.7440
   -7.5000  -30.0000   15.0000 2272.3586   16.1472
    0.0000  -30.0000   15.0000 2290.1982   16.0217
    7.5000  -30.0000   15.0000 2271.7502   16.4851
   -7.5000  -22.5000   15.0000 2388.2100   14.4341
    0.0000  -22.5000   15.0000 2404.8132   14.2592
    7.5000  -22.5000   15.0000 2390.3540   14.6840
   -7.5000  -15.0000   15.0000 2496.6885   13.0975
    0.0000  -15.0000   15.0000 2512.4097   12.9503
    7.5000  -15.0000   15.0000 2499.3401   13.3156
   -7.5000   -7.5000   15.0000 2610.6194   12.0914
    0.0000   -7.5000   15.0000 2626.0520   11.9752
    7.5000   -7.5000   15.0000 2615.7971   12.2631
   -7.5000    0.0000   15.0000 2716.9329   11.3880
    0.0000    0.0000   15.0000 2741.4280   11.2780
    7.5000    0.0000   15.0000 2720.6951   11.5068
   -7.5000    7.5000   15.0000 2809.6973   10.9515
    0.0000    7.5000   15.0000 2839.0388   10.8524
    7.5000    7.5000   15.0000 2811.7283   11.0420
   -7.5000   15.0000   15.0000 2887.6807   10.6789
    0.0000   15.0000   15.0000 2919.0576   10.5580
    7.5000   15.0000   15.0000 2881.9734   10.7483
   -7.5000   22.5000   15.0000 2931.0500   10.6781
    0.0000   22.5000   15.0000 2957.7720   10.5155
    7.5000   22.5000   15.0000 2925.5034   10.6959
   -7.5000   30.0000   15.0000 2913.3674   10.8920
    0.0000   30.0000   15.0000 2941.8638   10.7761
    7.5000   30.0000   15.0000 2917.1921   10.9095
   -7.5000   37.5000   15.0000 2848.0750   11.3716
    0.0000   37.5000   15.0000 2875.5283   11.2921
    7.5000   37.5000   15.0000 2852.3865   11.4449
   -7.5000   45.0000   15.0000 2758.8804   12.0815
    0.0000   45.0000   15.0000 2785.8264   11.9940
    7.5000   45.0000   15.0000 2763.8401   12.1645
   -7.5000   52.5000   15.0000 2623.9324   12.9579
    0.0000   52.5000   15.0000 2645.2080   12.8422
    7.5000   52.5000   15.0000 2628.3662   13.0266
   -7.5000  -37.5000   22.5000 2100.5720   19.2860
    0.0000  -37.5000   22.5000 2111.9321   19.1236
    7.5000  -37.5000   22.5000 2098.7686   19.6688
   -7.5000  -30.0000   22.5000 2222.3845   16.9990
    0.0000  -30.0000   22.5000 2241.0205   16.8605
    7.5000  -30.0000   22.5000 2225.7009   17.3133
   -7.5000  -22.5000   22.5000 2342.8936   15.2504
    0.0000  -22.5000   22.5000 2357.8191   15.1116
    7.5000  -22.5000   22.5000 2341.7729   15.4536
   -7.5000  -15.0000   22.5000 2451.3503   13.8492
    0.0000  -15.0000   22.5000 2468.0923   13.7475
    7.5000  -15.0000   22.5000 2448.9736   14.0152
   -7.5000   -7.5000   22.5000 2558.6501   12.7726
    0.0000   -7.5000   22.5000 2580.7617   12.6728
    7.5000   -7.5000   22.5000 2561.3357   12.9216
   -7.5000    0.0000   22.5000 2658.0039   12.0055
    0.0000    0.0000   22.5000 2683.5151   11.9069
    7.5000    0.0000   22.5000 2662.8528   12.1381
   -7.5000    7.5000   22.5000 2750.3855   11.4829
    0.0000    7.5000   22.5000 2777.6885   11.3812
    7.5000    7.5000   22.5000 2755.3357   11.5791
   -7.5000   15.0000   22.5000 2823.8611   11.1614
    0.0000   15.0000   22.5000 2854.1528   11.0284
    7.5000   15.0000   22.5000 2824.8181   11.2317
   -7.5000   22.5000   22.5000 2859.5583   11.1124
    0.0000   22.5000   22.5000 2885.9058   10.9939
    7.5000   22.5000   22.5000 2857.7502   11.1647
   -7.5000   30.0000   22.5000 2846.6294   11.3424
    0.0000   30.0000   22.5000 2872.7534   11.2560
    7.5000   30.0000   22.5000 2846.8362   11.4201
   -7.5000   37.5000   22.5000 2791.5195   11.8640
    0.0000   37.5000   22.5000 2814.7253   11.7594
    7.5000   37.5000   22.5000 2793.5818   11.9300
   -7.5000   45.0000   22.5000 2706.5205   12.5827
    0.0000   45.0000   22.5000 2728.6782   12.4873
    7.5000   45.0000   22.5000 2709.3030   12.6337
   -7.5000   52.5000   22.5000 2577.1113   13.4180
    0.0000   52.5000   22.5000 2603.2458   13.3251
    7.5000   52.5000   22.5000 2583.3455   13.4789
   -7.5000  -37.5000   30.0000 2035.9709   20.6170
    0.0000  -37.5000   30.0000 2048.6716   20.4703
    7.5000  -37.5000   30.0000 2032.9301   20.8832
   -7.5000  -30.0000   30.0000 2165.4397   18.2133
    0.0000  -30.0000   30.0000 2183.3545   18.0840
    7.5000  -30.0000   30.0000 2162.8533   18.4349
   -7.5000  -22.5000   30.0000 2284.2854   16.2699
    0.0000  -22.5000   30.0000 2300.8420   16.1781
    7.5000  -22.5000   30.0000 2281.6721   16.4650
   -7.5000  -15.0000   30.0000 2391.7815   14.7593
    0.0000  -15.0000   30.0000 2410.8733   14.6688
    7.5000  -15.0000   30.0000 2391.1221   14.9021
   -7.5000   -7.5000   30.0000 2495.9346   13.6109
    0.0000   -7.5000   30.0000 2520.2422   13.5178
    7.5000   -7.5000   30.0000 2501.1450   13.7393
   -7.5000    0.0000   30.0000 2591.9272   12.7675
    0.0000    0.0000   30.0000 2621.5305   12.6649
    7.5000    0.0000   30.0000 2600.4224   12.8720
   -7.5000    7.5000   30.0000 2679.5647   12.1588
    0.0000    7.5000   30.0000 2709.0251   12.0612
    7.5000    7.5000   30.0000 2689.0962   12.2568
   -7.5000   15.0000   30.0000 2740.4939   11.8087
    0.0000   15.0000   30.0000 2773.1870   11.7189
    7.5000   15.0000   30.0000 2747.4829   11.9178
   -7.5000   22.5000   30.0000 2768.5088   11.7347
    0.0000   22.5000   30.0000 2796.0889   11.6552
    7.5000   22.5000   30.0000 2771.3423   11.8275
   -7.5000   30.0000   30.0000 2754.9355   12.0008
    0.0000   30.0000   30.0000 2778.4111   11.9247
    7.5000   30.0000   30.0000 2755.6804   12.0675
   -7.5000   37.5000   30.0000 2710.9846   12.5032
    0.0000   37.5000   30.0000 2731.1318   12.4240
    7.5000   37.5000   30.0000 2714.0886   12.5665
   -7.5000   45.0000   30.0000 2636.5417   13.2264
    0.0000   45.0000   30.0000 2658.1067   13.1375
    7.5000   45.0000   30.0000 2636.2358   13.2895
   -7.5000   52.5000   30.0000 2514.7153   14.0470
    0.0000   52.5000   30.0000 2542.5222   13.9509
    7.5000   52.5000   30.0000 2521.7095   14.1146
   -7.5000  -37.5000   37.5000 1963.4335   22.1811
    0.0000  -37.5000   37.5000 1975.5032   21.9923
    7.5000  -37.5000   37.5000 1964.1249   22.3572
   -7.5000  -30.0000   37.5000 2097.3816   19.5217
    0.0000  -30.0000   37.5000 2116.4189   19.3736
    7.5000  -30.0000   37.5000 2101.6638   19.7014
   -7.5000  -22.5000   37.5000 2218.4172   17.4449
    0.0000  -22.5000   37.5000 2237.2642   17.3296
    7.5000  -22.5000   37.5000 2221.0007   17.6109
   -7.5000  -15.0000   37.5000 2325.9319   15.8279
    0.0000  -15.0000   37.5000 2351.7356   15.7410
    7.5000  -15.0000   37.5000 2329.9229   15.9523
   -7.5000   -7.5000   37.5000 2430.9238   14.5843
    0.0000   -7.5000   37.5000 2460.9192   14.5149
    7.5000   -7.5000   37.5000 2438.9739   14.7113
   -7.5000    0.0000   37.5000 2522.8965   13.6475
    0.0000    0.0000   37.5000 2554.2632   13.5665
    7.5000    0.0000   37.5000 2534.4626   13.7678
   -7.5000    7.5000   37.5000 2603.8586   13.0114
    0.0000    7.5000   37.5000 2633.3652   12.9237
    7.5000    7.5000   37.5000 2613.5876   13.1213
   -7.5000   15.0000   37.5000 2650.6433   12.6287
    0.0000   15.0000   37.5000 2680.2102   12.5610
    7.5000   15.0000   37.5000 2658.3115   12.7535
   -7.5000   22.5000   37.5000 2670.8599   12.5313
    0.0000   22.5000   37.5000 2699.3159   12.4558
    7.5000   22.5000   37.5000 2677.8230   12.6359
   -7.5000   30.0000   37.5000 2657.3914   12.7713
    0.0000   30.0000   37.5000 2679.9006   12.7017
    7.5000   30.0000   37.5000 2660.9102   12.8481
   -7.5000   37.5000   37.5000 2614.2725   13.3012
    0.0000   37.5000   37.5000 2636.8271   13.2216
    7.5000   37.5000   37.5000 2624.4387   13.3507
   -7.5000   45.0000   37.5000 2551.4946   14.0010
    0.0000   45.0000   37.5000 2575.3374   13.9196
    7.5000   45.0000   37.5000 2555.6135   14.0596
   -7.5000   52.5000   37.5000 2446.4009   14.7769
    0.0000   52.5000   37.5000 2471.8545   14.6942
    7.5000   52.5000   37.5000 2453.1465   14.8649
   -7.5000  -37.5000   45.0000 1887.4601   23.9715
    0.0000  -37.5000   45.0000 1900.4213   23.7769
    7.5000  -37.5000   45.0000 1891.3208   24.1561
   -7.5000  -30.0000   45.0000 2029.8970   21.0581
    0.0000  -30.0000   45.0000 2044.3998   20.8892
    7.5000  -30.0000   45.0000 2033.9656   21.1870
   -7.5000  -22.5000   45.0000 2151.6570   18.8362
    0.0000  -22.5000   45.0000 2167.3845   18.6914
    7.5000  -22.5000   45.0000 2155.4951   18.9571
   -7.5000  -15.0000   45.0000 2255.0278   17.1216
    0.0000  -15.0000   45.0000 2279.4734   17.0191
    7.5000  -15.0000   45.0000 2262.2371   17.2195
   -7.5000   -7.5000   45.0000 2354.6465   15.7567
    0.0000   -7.5000   45.0000 2384.6980   15.6715
    7.5000   -7.5000   45.0000 2369.3811   15.8873
   -7.5000    0.0000   45.0000 2447.1782   14.7561
    0.0000    0.0000   45.0000 2476.3103   14.6397
    7.5000    0.0000   45.0000 2463.6638   14.8652
   -7.5000    7.5000   45.0000 2520.4575   14.0684
    0.0000    7.5000   45.0000 2547.5649   13.9905
    7.5000    7.5000   45.0000 2533.1260   14.1789
   -7.5000   15.0000   45.0000 2560.5027   13.6440
    0.0000   15.0000   45.0000 2585.1162   13.5829
    7.5000   15.0000   45.0000 2569.9302   13.7596
   -7.5000   22.5000   45.0000 2576.9302   13.5165
    0.0000   22.5000   45.0000 2599.0098   13.4434
    7.5000   22.5000   45.0000 2583.2058   13.6194
   -7.5000   30.0000   45.0000 2560.4783   13.7212
    0.0000   30.0000   45.0000 2577.6809   13.6388
    7.5000   30.0000   45.0000 2564.3389   13.7835
   -7.5000   37.5000   45.0000 2521.9673   14.2734
    0.0000   37.5000   45.0000 2539.5979   14.1793
    7.5000   37.5000   45.0000 2527.8596   14.3187
   -7.5000   45.0000   45.0000 2462.1499   14.9870
    0.0000   45.0000   45.0000 2481.1724   14.8996
    7.5000   45.0000   45.0000 2467.7100   15.0396
   -7.5000   52.5000   45.0000 2368.2827   15.7440
    0.0000   52.5000   45.0000 2387.6743   15.6412
    7.5000   52.5000   45.0000 2373.6118   15.7706

---------------------------------------------------------------------
imgreg_4dfp /opt/freesurfer/average/711-2C_as_mni_average_305 /opt/freesurfer/average/711-2B_as_mni_average_305_mask talsrcimg_g11 none talsrcimg_to_711-2C_as_mni_average_305_t4 1283
---------------------------------------------------------------------

freesurfer imgreg_4dfp.c
/opt/freesurfer/average/711-2C_as_mni_average_305.4dfp.img
       256       256       256         1
  1.000000  1.000000  1.000000
orientation T byte_order littleendian
Reading image: /opt/freesurfer/average/711-2C_as_mni_average_305.4dfp.img
dimensions:      256       256       256
mmppix:       1.0000   -1.0000   -1.0000
center:     128.0000 -129.0000 -129.0000
/opt/freesurfer/average/711-2B_as_mni_average_305_mask.4dfp.img
       256       256       256         1
  1.000000  1.000000  1.000000
orientation T byte_order littleendian
Reading mask: /opt/freesurfer/average/711-2B_as_mni_average_305_mask.4dfp.img (2306576 pixels)
talsrcimg_g11.4dfp.img
       256       256       256         1
  1.000000  1.000000  1.000000
orientation T byte_order littleendian
Reading image: talsrcimg_g11.4dfp.img
dimensions:      256       256       256
mmppix:       1.0000   -1.0000   -1.0000
center:     128.0000 -129.0000 -129.0000
rotation matrix determinant  1.000000
fimgreg.f
image alignment mode   1283 decimal      503 hex
parameters
    0.0000   22.5000    7.5000    0.0000    0.0000    0.0000
eta,q 0.94147 10.17958
niter,ni,del,rscale     5    3   12.0000    1.2000
parameter  4  0.929245 ->  0.500000 qaram    1.1500
parameters
   -0.6529   23.2919    5.1314   -3.4500   -2.0625   -0.6492
eta,q 0.94941  9.99876
  0.0668  0.0685  0.0564  0.0500  0.0529  0.0531
  0.0611  0.0639  0.0537  0.0503  0.0512  0.0516
  0.0562  0.0584  0.0528  0.0510  0.0505  0.0509
  0.0557  0.0547  0.0547  0.0529  0.0504  0.0505
  0.0608  0.0560  0.0577  0.0560  0.0532  0.0507
  0.0658  0.0599  0.0615  0.0598  0.0571  0.0522
  0.0702  0.0634  0.0660  0.0634  0.0609  0.0554
niter,ni,del,rscale     5    3   12.0000    1.2000
parameter  4  0.702507 ->  0.500000 qaram    1.3225
parameters
   -0.6025   23.5463    4.7292   -7.4175   -2.5981   -1.8025
eta,q 0.95093 10.01632
  0.0618  0.0614  0.0570  0.0486  0.0530  0.0504
  0.0562  0.0552  0.0544  0.0487  0.0506  0.0495
  0.0530  0.0518  0.0516  0.0497  0.0494  0.0492
  0.0506  0.0505  0.0506  0.0506  0.0489  0.0491
  0.0509  0.0523  0.0516  0.0526  0.0494  0.0493
  0.0562  0.0557  0.0547  0.0565  0.0517  0.0505
  0.0619  0.0585  0.0600  0.0612  0.0553  0.0527
niter,ni,del,rscale     5    3   12.0000    1.2000
parameters
   -0.4611   25.0640    3.8063  -10.4249   -2.8042   -1.2156
eta,q 0.95334  9.99212
  0.0603  0.0602  0.0543  0.0504  0.0508  0.0501
  0.0546  0.0545  0.0511  0.0467  0.0490  0.0479
  0.0513  0.0511  0.0491  0.0467  0.0476  0.0468
  0.0491  0.0490  0.0488  0.0486  0.0465  0.0466
  0.0496  0.0490  0.0508  0.0510  0.0464  0.0466
  0.0544  0.0504  0.0542  0.0537  0.0486  0.0471
  0.0594  0.0524  0.0590  0.0582  0.0526  0.0489
niter,ni,del,rscale     4    3   12.0000    1.2000
parameters
   -0.2736   26.1009    2.8092  -11.6673   -3.3541   -1.0909
eta,q 0.95462  9.97391
  0.0586  0.0587  0.0519  0.0523  0.0493  0.0492
  0.0526  0.0530  0.0485  0.0472  0.0475  0.0468
  0.0491  0.0486  0.0465  0.0446  0.0460  0.0457
  0.0467  0.0465  0.0465  0.0462  0.0453  0.0454
  0.0474  0.0468  0.0484  0.0487  0.0457  0.0454
  0.0525  0.0488  0.0520  0.0520  0.0481  0.0466
  0.0572  0.0524  0.0572  0.0555  0.0522  0.0489
niter,ni,del,rscale     3    3   12.0000    1.2000
parameters
    0.0622   26.8932    2.4379  -12.7845   -3.8676   -1.0463
eta,q 0.95576  9.97542
  0.0573  0.0570  0.0528  0.0516  0.0488  0.0490
  0.0519  0.0509  0.0488  0.0472  0.0469  0.0464
  0.0482  0.0467  0.0461  0.0438  0.0450  0.0448
  0.0454  0.0451  0.0451  0.0451  0.0442  0.0442
  0.0456  0.0458  0.0464  0.0477  0.0448  0.0447
  0.0503  0.0486  0.0501  0.0511  0.0475  0.0464
  0.0555  0.0514  0.0553  0.0551  0.0516  0.0488
niter,ni,del,rscale     2    3   12.0000    1.2000
parameters
    0.3491   27.5783    2.1351  -13.7429   -4.2642   -0.9761
eta,q 0.95642  9.98696
  0.0562  0.0562  0.0528  0.0511  0.0489  0.0487
  0.0511  0.0497  0.0486  0.0474  0.0468  0.0462
  0.0473  0.0456  0.0455  0.0435  0.0447  0.0443
  0.0442  0.0440  0.0441  0.0442  0.0435  0.0436
  0.0446  0.0453  0.0456  0.0469  0.0442  0.0443
  0.0494  0.0480  0.0497  0.0503  0.0472  0.0460
  0.0549  0.0508  0.0551  0.0545  0.0515  0.0485
niter,ni,del,rscale     1    3   12.0000    1.2000
parameters
    0.5754   28.1372    1.8119  -14.5336   -4.5341   -0.9399
eta,q 0.95667 10.00096
  0.0554  0.0556  0.0526  0.0511  0.0492  0.0483
  0.0506  0.0491  0.0486  0.0475  0.0468  0.0460
  0.0468  0.0447  0.0453  0.0435  0.0447  0.0441
  0.0436  0.0434  0.0436  0.0437  0.0433  0.0433
  0.0442  0.0451  0.0452  0.0463  0.0438  0.0441
  0.0492  0.0477  0.0496  0.0498  0.0469  0.0457
  0.0547  0.0508  0.0553  0.0541  0.0514  0.0483
registration optimization eta report
parameter search radius
    6.0000    6.0000    6.0000    7.9350    6.0000    6.0000
100000*second partial in parameter space
       31.       27.       28.       14.       19.       13.
  0.0554  0.0556  0.0526  0.0511  0.0492  0.0483
  0.0506  0.0491  0.0486  0.0475  0.0468  0.0460
  0.0468  0.0447  0.0453  0.0435  0.0447  0.0441
  0.0436  0.0434  0.0436  0.0437  0.0433  0.0433
  0.0442  0.0451  0.0452  0.0463  0.0438  0.0441
  0.0492  0.0477  0.0496  0.0498  0.0469  0.0457
  0.0547  0.0508  0.0553  0.0541  0.0514  0.0483
    0.5754   28.1372    1.8119  -14.5336   -4.5341   -0.9399
eta,q 0.95667 10.00096

---------------------------------------------------------------------
imgreg_4dfp /opt/freesurfer/average/711-2C_as_mni_average_305 /opt/freesurfer/average/711-2B_as_mni_average_305_mask talsrcimg_g11 none talsrcimg_to_711-2C_as_mni_average_305_t4 3335
---------------------------------------------------------------------

freesurfer imgreg_4dfp.c
/opt/freesurfer/average/711-2C_as_mni_average_305.4dfp.img
       256       256       256         1
  1.000000  1.000000  1.000000
orientation T byte_order littleendian
Reading image: /opt/freesurfer/average/711-2C_as_mni_average_305.4dfp.img
dimensions:      256       256       256
mmppix:       1.0000   -1.0000   -1.0000
center:     128.0000 -129.0000 -129.0000
/opt/freesurfer/average/711-2B_as_mni_average_305_mask.4dfp.img
       256       256       256         1
  1.000000  1.000000  1.000000
orientation T byte_order littleendian
Reading mask: /opt/freesurfer/average/711-2B_as_mni_average_305_mask.4dfp.img (2306576 pixels)
talsrcimg_g11.4dfp.img
       256       256       256         1
  1.000000  1.000000  1.000000
orientation T byte_order littleendian
Reading image: talsrcimg_g11.4dfp.img
dimensions:      256       256       256
mmppix:       1.0000   -1.0000   -1.0000
center:     128.0000 -129.0000 -129.0000
fimgreg.f
image alignment mode   3335 decimal      D07 hex
parameters
    0.5754   28.1372    1.8119   -0.3264   -3.1804   -3.5029
   -0.3957    8.0628   -1.6352   24.9659   -7.9052  -25.0162
eta,q 0.95762 10.00534
niter,ni,del,rscale     5    3    5.0000    1.2000
parameter  2 -0.630641 -> -0.500000 qaram    1.1500
parameter  4  2.874993 ->  0.500000 qaram    1.1500
parameter  5  4.729364 ->  0.500000 qaram    1.1500
parameter  6  0.752700 ->  0.500000 qaram    1.1500
parameter 12 -0.537477 -> -0.500000 qaram    1.1500
parameters
    0.2608   29.5172    1.0639   -4.4664   -7.3204   -7.6429
   -0.4317    8.5196    0.1059   25.1854   -6.6463  -20.8762
eta,q 0.97254  9.77446
  0.0440  0.0443  0.0426  0.0329  0.0278  0.0285  0.0306  0.0336  0.0311  0.0317  0.0299  0.0314
  0.0429  0.0434  0.0419  0.0352  0.0300  0.0282  0.0292  0.0309  0.0298  0.0300  0.0289  0.0299
  0.0423  0.0427  0.0417  0.0382  0.0327  0.0287  0.0284  0.0290  0.0288  0.0287  0.0283  0.0288
  0.0424  0.0423  0.0419  0.0417  0.0360  0.0307  0.0282  0.0282  0.0281  0.0280  0.0280  0.0279
  0.0428  0.0420  0.0425  0.0456  0.0394  0.0344  0.0285  0.0285  0.0280  0.0282  0.0280  0.0275
  0.0437  0.0419  0.0434  0.0498  0.0427  0.0389  0.0293  0.0300  0.0284  0.0296  0.0283  0.0275
  0.0450  0.0421  0.0447  0.0542  0.0461  0.0434  0.0306  0.0325  0.0292  0.0314  0.0289  0.0278
niter,ni,del,rscale     7    3    5.0000    1.2000
parameter  4  0.769125 ->  0.500000 qaram    1.3225
parameter  5  1.249860 ->  0.500000 qaram    1.3225
parameters
    0.4393   29.5180   -0.1186   -9.2274  -12.0814  -10.1149
    0.3863    8.4828    0.8818   25.5090   -7.0300  -23.9457
eta,q 0.97899  9.55908
  0.0309  0.0305  0.0275  0.0246  0.0203  0.0230  0.0243  0.0250  0.0238  0.0248  0.0222  0.0219
  0.0292  0.0288  0.0270  0.0242  0.0210  0.0220  0.0229  0.0231  0.0226  0.0231  0.0217  0.0212
  0.0280  0.0278  0.0270  0.0250  0.0224  0.0215  0.0219  0.0219  0.0218  0.0219  0.0214  0.0210
  0.0275  0.0274  0.0274  0.0269  0.0243  0.0213  0.0214  0.0214  0.0214  0.0214  0.0213  0.0213
  0.0276  0.0278  0.0283  0.0300  0.0268  0.0224  0.0215  0.0217  0.0214  0.0216  0.0215  0.0221
  0.0285  0.0289  0.0296  0.0338  0.0302  0.0255  0.0221  0.0230  0.0220  0.0226  0.0219  0.0231
  0.0301  0.0305  0.0312  0.0384  0.0338  0.0299  0.0233  0.0252  0.0230  0.0243  0.0225  0.0243
niter,ni,del,rscale     7    3    5.0000    1.2000
parameter  5  0.516108 ->  0.500000 qaram    1.5209
parameters
    0.7542   29.1157   -1.0672  -10.6927  -17.5566  -10.4766
    0.2744    8.4618    1.0203   26.3032   -7.8907  -26.1450
eta,q 0.98078  9.39215
  0.0254  0.0233  0.0213  0.0243  0.0203  0.0225  0.0221  0.0230  0.0216  0.0228  0.0202  0.0203
  0.0232  0.0218  0.0207  0.0223  0.0195  0.0210  0.0207  0.0211  0.0205  0.0212  0.0197  0.0196
  0.0218  0.0210  0.0206  0.0209  0.0195  0.0200  0.0198  0.0199  0.0197  0.0201  0.0195  0.0192
  0.0210  0.0209  0.0209  0.0206  0.0205  0.0194  0.0195  0.0195  0.0195  0.0195  0.0194  0.0194
  0.0211  0.0217  0.0215  0.0217  0.0224  0.0193  0.0199  0.0198  0.0197  0.0195  0.0196  0.0200
  0.0220  0.0231  0.0226  0.0243  0.0252  0.0207  0.0208  0.0211  0.0204  0.0203  0.0201  0.0209
  0.0236  0.0253  0.0239  0.0279  0.0291  0.0240  0.0223  0.0231  0.0214  0.0217  0.0208  0.0222
niter,ni,del,rscale     7    3    5.0000    1.2000
parameters
    0.7421   28.9815   -0.9826  -10.6349  -17.5209  -10.3007
    0.1446    8.4841    1.1376   26.5313   -7.9814  -26.1143
eta,q 0.98086  9.40086
  0.0228  0.0224  0.0210  0.0240  0.0246  0.0227  0.0219  0.0228  0.0213  0.0222  0.0202  0.0212
  0.0209  0.0205  0.0200  0.0219  0.0220  0.0212  0.0204  0.0208  0.0201  0.0207  0.0196  0.0201
  0.0196  0.0194  0.0194  0.0202  0.0201  0.0200  0.0194  0.0196  0.0194  0.0197  0.0193  0.0194
  0.0192  0.0192  0.0192  0.0192  0.0192  0.0192  0.0192  0.0191  0.0191  0.0191  0.0191  0.0191
  0.0197  0.0198  0.0194  0.0196  0.0198  0.0189  0.0196  0.0195  0.0194  0.0194  0.0193  0.0194
  0.0209  0.0211  0.0199  0.0214  0.0216  0.0202  0.0206  0.0208  0.0201  0.0204  0.0197  0.0201
  0.0229  0.0229  0.0207  0.0244  0.0248  0.0233  0.0220  0.0228  0.0212  0.0220  0.0203  0.0211
niter,ni,del,rscale     6    3    5.0000    1.2000
parameters
    0.7377   28.9903   -0.9714  -10.6238  -17.5777  -10.2748
    0.1092    8.5011    1.1487   26.5472   -7.9834  -26.1241
eta,q 0.98087  9.40077
  0.0227  0.0228  0.0209  0.0239  0.0245  0.0227  0.0219  0.0228  0.0213  0.0221  0.0203  0.0212
  0.0208  0.0207  0.0199  0.0219  0.0219  0.0211  0.0204  0.0208  0.0201  0.0206  0.0196  0.0200
  0.0196  0.0195  0.0193  0.0201  0.0200  0.0200  0.0195  0.0196  0.0194  0.0196  0.0193  0.0194
  0.0191  0.0191  0.0191  0.0191  0.0191  0.0191  0.0191  0.0191  0.0191  0.0191  0.0191  0.0191
  0.0196  0.0196  0.0193  0.0195  0.0197  0.0189  0.0195  0.0195  0.0194  0.0194  0.0192  0.0194
  0.0208  0.0208  0.0199  0.0214  0.0216  0.0203  0.0205  0.0208  0.0201  0.0205  0.0196  0.0201
  0.0228  0.0226  0.0208  0.0244  0.0249  0.0235  0.0219  0.0228  0.0212  0.0222  0.0203  0.0211
registration optimization eta report
parameter search radius
    2.4000    2.7600    2.4000    9.5220   10.9503    8.2800
    7.2000    7.2000    7.2000    7.2000    7.2000    8.2800
100000*second partial in parameter space
       62.       46.       29.        5.        5.        6.
        5.        7.        4.        6.        2.        3.
  0.0227  0.0228  0.0209  0.0239  0.0245  0.0227  0.0219  0.0228  0.0213  0.0221  0.0203  0.0212
  0.0208  0.0207  0.0199  0.0219  0.0219  0.0211  0.0204  0.0208  0.0201  0.0206  0.0196  0.0200
  0.0196  0.0195  0.0193  0.0201  0.0200  0.0200  0.0195  0.0196  0.0194  0.0196  0.0193  0.0194
  0.0191  0.0191  0.0191  0.0191  0.0191  0.0191  0.0191  0.0191  0.0191  0.0191  0.0191  0.0191
  0.0196  0.0196  0.0193  0.0195  0.0197  0.0189  0.0195  0.0195  0.0194  0.0194  0.0192  0.0194
  0.0208  0.0208  0.0199  0.0214  0.0216  0.0203  0.0205  0.0208  0.0201  0.0205  0.0196  0.0201
  0.0228  0.0226  0.0208  0.0244  0.0249  0.0235  0.0219  0.0228  0.0212  0.0222  0.0203  0.0211
    0.7377   28.9903   -0.9714  -10.6238  -17.5777  -10.2748
    0.1092    8.5011    1.1487   26.5472   -7.9834  -26.1241
eta,q 0.98087  9.40077

---------------------------------------------------------------------
imgreg_4dfp /opt/freesurfer/average/711-2C_as_mni_average_305 /opt/freesurfer/average/711-2B_as_mni_average_305_mask talsrcimg_g11 none talsrcimg_to_711-2C_as_mni_average_305_t4 2311
---------------------------------------------------------------------

freesurfer imgreg_4dfp.c
/opt/freesurfer/average/711-2C_as_mni_average_305.4dfp.img
       256       256       256         1
  1.000000  1.000000  1.000000
orientation T byte_order littleendian
Reading image: /opt/freesurfer/average/711-2C_as_mni_average_305.4dfp.img
dimensions:      256       256       256
mmppix:       1.0000   -1.0000   -1.0000
center:     128.0000 -129.0000 -129.0000
/opt/freesurfer/average/711-2B_as_mni_average_305_mask.4dfp.img
       256       256       256         1
  1.000000  1.000000  1.000000
orientation T byte_order littleendian
Reading mask: /opt/freesurfer/average/711-2B_as_mni_average_305_mask.4dfp.img (2306576 pixels)
talsrcimg_g11.4dfp.img
       256       256       256         1
  1.000000  1.000000  1.000000
orientation T byte_order littleendian
Reading image: talsrcimg_g11.4dfp.img
dimensions:      256       256       256
mmppix:       1.0000   -1.0000   -1.0000
center:     128.0000 -129.0000 -129.0000
fimgreg.f
image alignment mode   2311 decimal      907 hex
parameters
    0.7377   28.9903   -0.9714  -10.6238  -17.5777  -10.2748
    0.1092    8.5011    1.1487   26.5472   -7.9834  -26.1241
eta,q 0.98087  9.40076
niter,ni,del,rscale     5    3    5.0000    0.8000
parameters
    0.7418   28.9368   -0.9976  -10.0263  -17.3019   -9.0382
    0.1877    8.6668    1.2694   26.5691   -7.8366  -26.4508
eta,q 0.98117  9.46194
  0.0208  0.0203  0.0199  0.0210  0.0205  0.0208  0.0202  0.0209  0.0199  0.0204  0.0195  0.0195
  0.0199  0.0196  0.0194  0.0201  0.0198  0.0201  0.0195  0.0198  0.0193  0.0196  0.0191  0.0191
  0.0193  0.0192  0.0192  0.0195  0.0193  0.0196  0.0190  0.0191  0.0190  0.0191  0.0189  0.0189
  0.0191  0.0191  0.0191  0.0191  0.0191  0.0191  0.0188  0.0188  0.0188  0.0188  0.0188  0.0188
  0.0193  0.0193  0.0192  0.0192  0.0192  0.0188  0.0190  0.0190  0.0189  0.0190  0.0189  0.0190
  0.0199  0.0198  0.0195  0.0196  0.0195  0.0190  0.0194  0.0196  0.0193  0.0195  0.0191  0.0193
  0.0208  0.0204  0.0199  0.0203  0.0202  0.0198  0.0201  0.0207  0.0198  0.0204  0.0194  0.0197
niter,ni,del,rscale     4    3    5.0000    0.7000
parameters
    0.7416   28.9643   -0.9246   -9.9283  -17.4608   -8.9429
    0.1639    8.6675    1.2524   26.6853   -7.8290  -26.4783
eta,q 0.98119  9.46406
  0.0201  0.0199  0.0196  0.0201  0.0197  0.0201  0.0198  0.0203  0.0196  0.0201  0.0193  0.0194
  0.0194  0.0193  0.0192  0.0195  0.0192  0.0196  0.0193  0.0195  0.0192  0.0194  0.0190  0.0191
  0.0190  0.0189  0.0189  0.0190  0.0189  0.0192  0.0189  0.0190  0.0189  0.0190  0.0189  0.0189
  0.0188  0.0188  0.0188  0.0188  0.0188  0.0188  0.0188  0.0188  0.0188  0.0188  0.0188  0.0188
  0.0190  0.0189  0.0189  0.0190  0.0189  0.0188  0.0189  0.0190  0.0189  0.0189  0.0189  0.0189
  0.0194  0.0192  0.0191  0.0194  0.0193  0.0192  0.0193  0.0195  0.0192  0.0193  0.0190  0.0191
  0.0201  0.0198  0.0194  0.0200  0.0199  0.0202  0.0199  0.0203  0.0196  0.0200  0.0193  0.0194
niter,ni,del,rscale     3    3    5.0000    0.6000
parameters
    0.7412   28.9725   -0.9069   -9.9077  -17.4888   -8.7461
    0.1725    8.7035    1.2493   26.6968   -7.8363  -26.5353
eta,q 0.98122  9.46943
  0.0198  0.0195  0.0193  0.0198  0.0195  0.0198  0.0196  0.0199  0.0194  0.0197  0.0191  0.0192
  0.0192  0.0191  0.0190  0.0193  0.0191  0.0194  0.0191  0.0193  0.0190  0.0192  0.0189  0.0190
  0.0189  0.0189  0.0189  0.0189  0.0189  0.0191  0.0189  0.0189  0.0189  0.0189  0.0188  0.0188
  0.0188  0.0188  0.0188  0.0188  0.0188  0.0188  0.0188  0.0188  0.0188  0.0188  0.0188  0.0188
  0.0189  0.0189  0.0189  0.0189  0.0189  0.0188  0.0189  0.0189  0.0189  0.0189  0.0188  0.0188
  0.0192  0.0191  0.0190  0.0192  0.0191  0.0191  0.0191  0.0193  0.0191  0.0192  0.0189  0.0190
  0.0198  0.0195  0.0193  0.0197  0.0195  0.0198  0.0196  0.0199  0.0194  0.0197  0.0191  0.0192
niter,ni,del,rscale     2    3    5.0000    0.5000
parameters
    0.7441   28.9782   -0.8722   -9.8995  -17.5080   -8.5448
    0.1716    8.7310    1.2367   26.7045   -7.8651  -26.5759
eta,q 0.98123  9.47450
  0.0195  0.0193  0.0192  0.0195  0.0193  0.0196  0.0193  0.0196  0.0192  0.0194  0.0190  0.0191
  0.0191  0.0190  0.0190  0.0191  0.0190  0.0193  0.0190  0.0191  0.0189  0.0191  0.0189  0.0189
  0.0189  0.0188  0.0188  0.0189  0.0188  0.0190  0.0188  0.0189  0.0188  0.0188  0.0188  0.0188
  0.0188  0.0188  0.0188  0.0188  0.0188  0.0188  0.0188  0.0188  0.0188  0.0188  0.0188  0.0188
  0.0189  0.0188  0.0188  0.0189  0.0188  0.0188  0.0188  0.0188  0.0188  0.0188  0.0188  0.0188
  0.0191  0.0190  0.0189  0.0191  0.0190  0.0190  0.0190  0.0191  0.0190  0.0191  0.0189  0.0189
  0.0195  0.0193  0.0191  0.0195  0.0193  0.0195  0.0193  0.0196  0.0192  0.0194  0.0190  0.0191
niter,ni,del,rscale     1    3    5.0000    0.4000
parameters
    0.7481   28.9842   -0.8338   -9.9107  -17.5299   -8.3778
    0.1878    8.7517    1.2212   26.7088   -7.8701  -26.5746
eta,q 0.98125  9.47766
  0.0192  0.0191  0.0190  0.0192  0.0191  0.0193  0.0191  0.0193  0.0190  0.0192  0.0189  0.0190
  0.0190  0.0189  0.0189  0.0190  0.0189  0.0191  0.0189  0.0190  0.0189  0.0190  0.0188  0.0188
  0.0188  0.0188  0.0188  0.0188  0.0188  0.0189  0.0188  0.0188  0.0188  0.0188  0.0188  0.0188
  0.0188  0.0188  0.0188  0.0188  0.0188  0.0188  0.0188  0.0188  0.0188  0.0188  0.0188  0.0188
  0.0188  0.0188  0.0188  0.0188  0.0188  0.0188  0.0188  0.0188  0.0188  0.0188  0.0188  0.0188
  0.0190  0.0189  0.0189  0.0190  0.0189  0.0189  0.0189  0.0190  0.0189  0.0189  0.0188  0.0188
  0.0192  0.0191  0.0190  0.0192  0.0191  0.0192  0.0191  0.0193  0.0190  0.0192  0.0189  0.0190
registration optimization eta report
parameter search radius
    0.8000    0.8000    0.8000    2.4000    2.4000    2.4000
    2.4000    2.4000    2.4000    2.4000    2.4000    2.4000
100000*second partial in parameter space
       69.       51.       36.        8.        5.        9.
        6.        9.        5.        7.        3.        4.
  0.0192  0.0191  0.0190  0.0192  0.0191  0.0193  0.0191  0.0193  0.0190  0.0192  0.0189  0.0190
  0.0190  0.0189  0.0189  0.0190  0.0189  0.0191  0.0189  0.0190  0.0189  0.0190  0.0188  0.0188
  0.0188  0.0188  0.0188  0.0188  0.0188  0.0189  0.0188  0.0188  0.0188  0.0188  0.0188  0.0188
  0.0188  0.0188  0.0188  0.0188  0.0188  0.0188  0.0188  0.0188  0.0188  0.0188  0.0188  0.0188
  0.0188  0.0188  0.0188  0.0188  0.0188  0.0188  0.0188  0.0188  0.0188  0.0188  0.0188  0.0188
  0.0190  0.0189  0.0189  0.0190  0.0189  0.0189  0.0189  0.0190  0.0189  0.0189  0.0188  0.0188
  0.0192  0.0191  0.0190  0.0192  0.0191  0.0192  0.0191  0.0193  0.0190  0.0192  0.0189  0.0190
    0.7481   28.9842   -0.8338   -9.9107  -17.5299   -8.3778
    0.1878    8.7517    1.2212   26.7088   -7.8701  -26.5746
eta,q 0.98125  9.47766

---------------------------------------------------------------------
imgreg_4dfp /opt/freesurfer/average/711-2C_as_mni_average_305 /opt/freesurfer/average/711-2B_as_mni_average_305_mask talsrcimg_g11 none talsrcimg_to_711-2C_as_mni_average_305_t4 2311
---------------------------------------------------------------------

freesurfer imgreg_4dfp.c
/opt/freesurfer/average/711-2C_as_mni_average_305.4dfp.img
       256       256       256         1
  1.000000  1.000000  1.000000
orientation T byte_order littleendian
Reading image: /opt/freesurfer/average/711-2C_as_mni_average_305.4dfp.img
dimensions:      256       256       256
mmppix:       1.0000   -1.0000   -1.0000
center:     128.0000 -129.0000 -129.0000
/opt/freesurfer/average/711-2B_as_mni_average_305_mask.4dfp.img
       256       256       256         1
  1.000000  1.000000  1.000000
orientation T byte_order littleendian
Reading mask: /opt/freesurfer/average/711-2B_as_mni_average_305_mask.4dfp.img (2306576 pixels)
talsrcimg_g11.4dfp.img
       256       256       256         1
  1.000000  1.000000  1.000000
orientation T byte_order littleendian
Reading image: talsrcimg_g11.4dfp.img
dimensions:      256       256       256
mmppix:       1.0000   -1.0000   -1.0000
center:     128.0000 -129.0000 -129.0000
fimgreg.f
image alignment mode   2311 decimal      907 hex
parameters
    0.7481   28.9842   -0.8338   -9.9107  -17.5299   -8.3778
    0.1878    8.7517    1.2212   26.7088   -7.8701  -26.5746
eta,q 0.98125  9.47766
niter,ni,del,rscale     5    3    5.0000    0.8000
parameters
    0.7497   29.0162   -0.7672  -10.0047  -17.6561   -8.9137
    0.1390    8.6655    1.2264   26.7503   -7.8587  -26.3373
eta,q 0.98119  9.45736
  0.0205  0.0201  0.0198  0.0203  0.0199  0.0201  0.0201  0.0206  0.0198  0.0204  0.0194  0.0196
  0.0195  0.0194  0.0192  0.0195  0.0193  0.0195  0.0194  0.0196  0.0193  0.0196  0.0191  0.0192
  0.0190  0.0189  0.0189  0.0189  0.0189  0.0191  0.0190  0.0190  0.0189  0.0190  0.0189  0.0189
  0.0188  0.0188  0.0188  0.0188  0.0188  0.0188  0.0188  0.0188  0.0188  0.0188  0.0188  0.0188
  0.0189  0.0189  0.0188  0.0190  0.0189  0.0189  0.0190  0.0190  0.0189  0.0190  0.0189  0.0189
  0.0195  0.0193  0.0191  0.0195  0.0193  0.0198  0.0194  0.0197  0.0193  0.0195  0.0191  0.0191
  0.0205  0.0200  0.0196  0.0205  0.0201  0.0213  0.0202  0.0208  0.0198  0.0204  0.0194  0.0195
niter,ni,del,rscale     4    3    5.0000    0.7000
parameters
    0.7511   28.9814   -0.8590   -9.9300  -17.5295   -8.8897
    0.1666    8.6975    1.2381   26.6977   -7.8395  -26.4225
eta,q 0.98120  9.46344
  0.0201  0.0198  0.0194  0.0201  0.0198  0.0200  0.0198  0.0203  0.0196  0.0200  0.0193  0.0194
  0.0194  0.0192  0.0190  0.0194  0.0193  0.0195  0.0193  0.0195  0.0192  0.0194  0.0190  0.0190
  0.0190  0.0189  0.0189  0.0190  0.0189  0.0191  0.0189  0.0190  0.0189  0.0190  0.0189  0.0189
  0.0188  0.0188  0.0188  0.0188  0.0188  0.0188  0.0188  0.0188  0.0188  0.0188  0.0188  0.0188
  0.0190  0.0190  0.0189  0.0189  0.0189  0.0188  0.0189  0.0189  0.0189  0.0189  0.0188  0.0189
  0.0194  0.0193  0.0192  0.0193  0.0192  0.0193  0.0193  0.0194  0.0192  0.0194  0.0190  0.0191
  0.0201  0.0198  0.0196  0.0200  0.0197  0.0203  0.0198  0.0203  0.0196  0.0201  0.0193  0.0194
niter,ni,del,rscale     3    3    5.0000    0.6000
parameters
    0.7462   28.9774   -0.8842   -9.9041  -17.5006   -8.7259
    0.1694    8.7112    1.2360   26.6925   -7.8460  -26.5091
eta,q 0.98122  9.46955
  0.0198  0.0195  0.0193  0.0198  0.0195  0.0198  0.0196  0.0199  0.0194  0.0197  0.0191  0.0192
  0.0192  0.0191  0.0190  0.0192  0.0191  0.0194  0.0191  0.0193  0.0190  0.0192  0.0189  0.0190
  0.0189  0.0189  0.0188  0.0189  0.0189  0.0191  0.0189  0.0189  0.0188  0.0189  0.0188  0.0188
  0.0188  0.0188  0.0188  0.0188  0.0188  0.0188  0.0188  0.0188  0.0188  0.0188  0.0188  0.0188
  0.0189  0.0189  0.0189  0.0189  0.0189  0.0188  0.0189  0.0189  0.0189  0.0189  0.0188  0.0188
  0.0192  0.0191  0.0190  0.0192  0.0191  0.0191  0.0191  0.0193  0.0190  0.0192  0.0189  0.0190
  0.0198  0.0195  0.0193  0.0197  0.0195  0.0198  0.0196  0.0199  0.0194  0.0197  0.0191  0.0192
niter,ni,del,rscale     2    3    5.0000    0.5000
parameters
    0.7489   28.9767   -0.8642   -9.9029  -17.5214   -8.5414
    0.1776    8.7359    1.2276   26.7084   -7.8629  -26.5587
eta,q 0.98123  9.47402
  0.0195  0.0193  0.0192  0.0195  0.0193  0.0195  0.0193  0.0196  0.0192  0.0194  0.0190  0.0191
  0.0191  0.0190  0.0189  0.0191  0.0190  0.0192  0.0190  0.0191  0.0189  0.0191  0.0189  0.0189
  0.0189  0.0188  0.0188  0.0189  0.0188  0.0190  0.0188  0.0189  0.0188  0.0188  0.0188  0.0188
  0.0188  0.0188  0.0188  0.0188  0.0188  0.0188  0.0188  0.0188  0.0188  0.0188  0.0188  0.0188
  0.0189  0.0188  0.0188  0.0189  0.0188  0.0188  0.0188  0.0188  0.0188  0.0188  0.0188  0.0188
  0.0191  0.0190  0.0189  0.0191  0.0190  0.0190  0.0190  0.0191  0.0190  0.0191  0.0189  0.0189
  0.0195  0.0193  0.0191  0.0195  0.0193  0.0195  0.0193  0.0196  0.0192  0.0194  0.0190  0.0191
niter,ni,del,rscale     1    3    5.0000    0.4000
parameters
    0.7482   28.9822   -0.8279   -9.9120  -17.5380   -8.3682
    0.1797    8.7500    1.2216   26.7073   -7.8743  -26.5736
eta,q 0.98125  9.47763
  0.0192  0.0191  0.0190  0.0192  0.0191  0.0193  0.0191  0.0193  0.0190  0.0192  0.0189  0.0190
  0.0190  0.0189  0.0189  0.0190  0.0189  0.0191  0.0189  0.0190  0.0189  0.0190  0.0188  0.0188
  0.0188  0.0188  0.0188  0.0188  0.0188  0.0189  0.0188  0.0188  0.0188  0.0188  0.0188  0.0188
  0.0188  0.0188  0.0188  0.0188  0.0188  0.0188  0.0188  0.0188  0.0188  0.0188  0.0188  0.0188
  0.0188  0.0188  0.0188  0.0188  0.0188  0.0188  0.0188  0.0188  0.0188  0.0188  0.0188  0.0188
  0.0190  0.0189  0.0189  0.0190  0.0189  0.0189  0.0189  0.0190  0.0189  0.0189  0.0188  0.0188
  0.0192  0.0191  0.0190  0.0192  0.0191  0.0192  0.0191  0.0193  0.0190  0.0192  0.0189  0.0190
registration optimization eta report
parameter search radius
    0.8000    0.8000    0.8000    2.4000    2.4000    2.4000
    2.4000    2.4000    2.4000    2.4000    2.4000    2.4000
100000*second partial in parameter space
       69.       51.       36.        8.        5.        9.
        6.        9.        5.        7.        3.        4.
  0.0192  0.0191  0.0190  0.0192  0.0191  0.0193  0.0191  0.0193  0.0190  0.0192  0.0189  0.0190
  0.0190  0.0189  0.0189  0.0190  0.0189  0.0191  0.0189  0.0190  0.0189  0.0190  0.0188  0.0188
  0.0188  0.0188  0.0188  0.0188  0.0188  0.0189  0.0188  0.0188  0.0188  0.0188  0.0188  0.0188
  0.0188  0.0188  0.0188  0.0188  0.0188  0.0188  0.0188  0.0188  0.0188  0.0188  0.0188  0.0188
  0.0188  0.0188  0.0188  0.0188  0.0188  0.0188  0.0188  0.0188  0.0188  0.0188  0.0188  0.0188
  0.0190  0.0189  0.0189  0.0190  0.0189  0.0189  0.0189  0.0190  0.0189  0.0189  0.0188  0.0188
  0.0192  0.0191  0.0190  0.0192  0.0191  0.0192  0.0191  0.0193  0.0190  0.0192  0.0189  0.0190
    0.7482   28.9822   -0.8279   -9.9120  -17.5380   -8.3682
    0.1797    8.7500    1.2216   26.7073   -7.8743  -26.5736
eta,q 0.98125  9.47763

---------------------------------------------------------------------
compute_vox2vox talsrcimg talsrcimg_to_711-2C_as_mni_average_305_t4 /opt/freesurfer/average/711-2C_as_mni_average_305
---------------------------------------------------------------------

freesurfer compute_vox2vox.c
Reading: talsrcimg.4dfp.ifh
Reading: talsrcimg_to_711-2C_as_mni_average_305_t4
Reading: /opt/freesurfer/average/711-2C_as_mni_average_305.4dfp.ifh
Writing: talsrcimg_to_711-2C_as_mni_average_305_t4_vox2vox.txt

start time Tue Mar 10 06:58:48 CET 2026
end		time Tue Mar 10 06:59:02 CET 2026

mpr2mni305 success

avi2talxfm orig_nu.mgz /opt/freesurfer/average/mni305.cor.mgz talsrcimg_to_711-2C_as_mni_average_305_t4_vox2vox.txt transforms/talairach.auto.xfm
avi2talxfm done
mv -f /out/sourcedata/freesurfer/sub-v1s8x0051345_ses-1/mri/talsrcimg_to_711-2C_as_mni_average_305_t4_vox2vox.txt /out/sourcedata/freesurfer/sub-v1s8x0051345_ses-1/mri/transforms/talsrcimg_to_711-2C_as_mni_average_305_t4_vox2vox.txt
lta_convert --src orig_nu.mgz --trg /opt/freesurfer/average/mni305.cor.mgz --inxfm transforms/talairach.auto.xfm --outlta transforms/talairach.auto.xfm.lta --subject fsaverage
7.3.2

--src: orig_nu.mgz src image (geometry).
--trg: /opt/freesurfer/average/mni305.cor.mgz trg image (geometry).
--inmni: transforms/talairach.auto.xfm input MNI/XFM transform.
--outlta: transforms/talairach.auto.xfm.lta output LTA.
--s: fsaverage subject name
 LTA read, type : 1
 1.10212  -0.09557  -0.03320  -8.89732;
 0.08225   0.99049   0.31901   9.91975;
-0.04297  -0.31938   1.10985   16.31718;
 0.00000   0.00000   0.00000   1.00000;
setting subject to fsaverage
Writing  LTA to file transforms/talairach.auto.xfm.lta...
lta_convert successful.
 
 
Started at Tue Mar 10 06:58:48 CET 2026
Ended   at Tue Mar 10 06:59:02 CET 2026
talairach_avi done
