/out/sourcedata/freesurfer/sub-v1s8x0051335_ses-1/mri
/opt/freesurfer/bin/talairach_avi
--i orig_nu.mgz --xfm transforms/talairach.auto.xfm
talairach_avi 7.3.2
Linux dna076 5.14.0-427.37.1.el9_4.x86_64 #1 SMP PREEMPT_DYNAMIC Fri Sep 13 12:41:50 EDT 2024 x86_64 x86_64 x86_64 GNU/Linux
Tue Mar 10 06:48:39 CET 2026
mri_convert orig_nu.mgz talsrcimg.img 
reading from orig_nu.mgz...
TR=0.00, TE=0.00, TI=0.00, flip angle=0.00
i_ras = (-1, 0, 0)
j_ras = (0, 0, -1)
k_ras = (0, 1, 0)
writing to talsrcimg.img...
Analyze Output Matrix
-1.00000   0.00000   0.00000   126.12734;
 0.00000   0.00000   1.00000  -128.63037;
 0.00000  -1.00000   0.00000   95.32141;
 0.00000   0.00000   0.00000   1.00000;
--------------------
INFO: set hdr.hist.orient to -1
mpr2mni305 talsrcimg
Tue Mar 10 06:48:39 CET 2026
/opt/freesurfer/bin/mpr2mni305 talsrcimg
mpr2mni305 7.3.2
target=711-2C_as_mni_average_305

---------------------------------------------------------------------
analyzeto4dfp talsrcimg -O0 -y
---------------------------------------------------------------------

freesurfer ifh2hdr.c
Tue Mar 10 06:48:39 2026
Writing: talsrcimg.4dfp.hdr
freesurfer analyzeto4dfp.c
Reading: talsrcimg.hdr
header size 348 bytes
hdr.dime.datatype	offset=70	value=2
hdr.dime.bitpix		offset=72	value=8
hdr.hist.orient		offset=252	value=-1
dimensionality     4
dimensions       256       256       256         1
Reading: talsrcimg.img
Writing: talsrcimg.4dfp.img
Writing: talsrcimg.4dfp.ifh
ifh2hdr talsrcimg -r0to255
ori=2

---------------------------------------------------------------------
gauss_4dfp talsrcimg 1.1
---------------------------------------------------------------------

freesurfer gauss_4dfp.c
Reading: talsrcimg.4dfp.img
Writing: talsrcimg_g11.4dfp.img
image dimensions 256 256 256 padded to 288 288 288
processing volume 1freesurfer ifh2hdr.c
Tue Mar 10 06:48:41 2026
Writing: talsrcimg_g11.4dfp.hdr

Writing: talsrcimg_g11.4dfp.ifh
including: talsrcimg.4dfp.img.rec in talsrcimg_g11.4dfp.img.rec

---------------------------------------------------------------------
imgreg_4dfp /opt/freesurfer/average/711-2C_as_mni_average_305 none talsrcimg_g11 none talsrcimg_to_711-2C_as_mni_average_305_t4 4355
---------------------------------------------------------------------

freesurfer imgreg_4dfp.c
/opt/freesurfer/average/711-2C_as_mni_average_305.4dfp.img
       256       256       256         1
  1.000000  1.000000  1.000000
orientation T byte_order littleendian
Reading image: /opt/freesurfer/average/711-2C_as_mni_average_305.4dfp.img
dimensions:      256       256       256
mmppix:       1.0000   -1.0000   -1.0000
center:     128.0000 -129.0000 -129.0000
talsrcimg_g11.4dfp.img
       256       256       256         1
  1.000000  1.000000  1.000000
orientation T byte_order littleendian
Reading image: talsrcimg_g11.4dfp.img
dimensions:      256       256       256
mmppix:       1.0000   -1.0000   -1.0000
center:     128.0000 -129.0000 -129.0000
t4_read: open error in t4_sub.f l:  41 t4_file(1:l)talsrcimg_to_711-2C_as_mni_average_305_t4 
t4_read: transform initialized to I4
rotation matrix determinant  1.000000
image alignment mode   4355 decimal     1103 hex
   -7.5000  -45.0000  -45.0000 6385.6108   13.3946
    0.0000  -45.0000  -45.0000 6684.3174   13.4059
    7.5000  -45.0000  -45.0000 6410.8770   13.3999
   -7.5000  -37.5000  -45.0000 6956.2866   13.0069
    0.0000  -37.5000  -45.0000 7286.3599   13.0175
    7.5000  -37.5000  -45.0000 6972.0537   13.0127
   -7.5000  -30.0000  -45.0000 7856.3706   12.7542
    0.0000  -30.0000  -45.0000 8235.1680   12.7750
    7.5000  -30.0000  -45.0000 7854.3813   12.7816
   -7.5000  -22.5000  -45.0000 8818.6143   12.5857
    0.0000  -22.5000  -45.0000 9238.6152   12.6166
    7.5000  -22.5000  -45.0000 8824.0742   12.6323
   -7.5000  -15.0000  -45.0000 9818.9355   12.5434
    0.0000  -15.0000  -45.000010275.3730   12.5737
    7.5000  -15.0000  -45.0000 9817.3184   12.5877
   -7.5000   -7.5000  -45.000010779.0068   12.5381
    0.0000   -7.5000  -45.000011297.7227   12.5575
    7.5000   -7.5000  -45.000010789.0205   12.5594
   -7.5000    0.0000  -45.000011725.5664   12.5603
    0.0000    0.0000  -45.000012285.4238   12.5702
    7.5000    0.0000  -45.000011709.1436   12.5623
   -7.5000    7.5000  -45.000011719.6504   12.5784
    0.0000    7.5000  -45.000012258.3652   12.5894
    7.5000    7.5000  -45.000011700.1650   12.5840
   -7.5000   15.0000  -45.000011600.0029   12.5756
    0.0000   15.0000  -45.000012153.2236   12.5966
    7.5000   15.0000  -45.000011587.1934   12.6026
   -7.5000   22.5000  -45.000011434.2725   12.5483
    0.0000   22.5000  -45.000011987.1182   12.5791
    7.5000   22.5000  -45.000011374.7334   12.5946
   -7.5000   30.0000  -45.000011085.4941   12.3636
    0.0000   30.0000  -45.000011628.4648   12.3935
    7.5000   30.0000  -45.000011017.6934   12.4071
   -7.5000   37.5000  -45.000010996.6357   12.3710
    0.0000   37.5000  -45.000011538.0449   12.3901
    7.5000   37.5000  -45.000010920.4883   12.3920
   -7.5000   45.0000  -45.000010468.2852   12.0782
    0.0000   45.0000  -45.000010993.3066   12.0878
    7.5000   45.0000  -45.000010409.7002   12.0802
   -7.5000  -45.0000  -37.5000 6690.1587   13.3632
    0.0000  -45.0000  -37.5000 7003.9873   13.3773
    7.5000  -45.0000  -37.5000 6699.8979   13.3825
   -7.5000  -37.5000  -37.5000 7283.6978   12.9793
    0.0000  -37.5000  -37.5000 7634.4590   12.9931
    7.5000  -37.5000  -37.5000 7304.8804   12.9982
   -7.5000  -30.0000  -37.5000 8244.0186   12.7275
    0.0000  -30.0000  -37.5000 8642.5664   12.7497
    7.5000  -30.0000  -37.5000 8263.4053   12.7634
   -7.5000  -22.5000  -37.5000 9285.3232   12.5569
    0.0000  -22.5000  -37.5000 9721.2070   12.5872
    7.5000  -22.5000  -37.5000 9295.4873   12.6086
   -7.5000  -15.0000  -37.500010368.7002   12.5127
    0.0000  -15.0000  -37.500010842.7236   12.5416
    7.5000  -15.0000  -37.500010360.8994   12.5615
   -7.5000   -7.5000  -37.500011383.2402   12.5087
    0.0000   -7.5000  -37.500011893.2754   12.5281
    7.5000   -7.5000  -37.500011356.6348   12.5380
   -7.5000    0.0000  -37.500012339.0898   12.5330
    0.0000    0.0000  -37.500012917.9619   12.5453
    7.5000    0.0000  -37.500012308.8770   12.5473
   -7.5000    7.5000  -37.500012322.6875   12.5527
    0.0000    7.5000  -37.500012875.2480   12.5666
    7.5000    7.5000  -37.500012284.5332   12.5706
   -7.5000   15.0000  -37.500012186.0303   12.5498
    0.0000   15.0000  -37.500012726.0176   12.5722
    7.5000   15.0000  -37.500012138.7490   12.5853
   -7.5000   22.5000  -37.500011995.2412   12.5196
    0.0000   22.5000  -37.500012555.2666   12.5498
    7.5000   22.5000  -37.500011926.3730   12.5709
   -7.5000   30.0000  -37.500011661.0928   12.3332
    0.0000   30.0000  -37.500012205.1924   12.3618
    7.5000   30.0000  -37.500011581.4785   12.3813
   -7.5000   37.5000  -37.500011549.8965   12.3420
    0.0000   37.5000  -37.500012094.1396   12.3612
    7.5000   37.5000  -37.500011446.7412   12.3709
   -7.5000   45.0000  -37.500010970.3965   12.0520
    0.0000   45.0000  -37.500011504.8564   12.0638
    7.5000   45.0000  -37.500010879.4404   12.0657
   -7.5000  -45.0000  -30.0000 7086.7905   13.9041
    0.0000  -45.0000  -30.0000 7420.1777   13.9267
    7.5000  -45.0000  -30.0000 7103.0151   13.9378
   -7.5000  -37.5000  -30.0000 7748.1885   13.5050
    0.0000  -37.5000  -30.0000 8114.8838   13.5275
    7.5000  -37.5000  -30.0000 7762.4922   13.5417
   -7.5000  -30.0000  -30.0000 8789.8711   13.2463
    0.0000  -30.0000  -30.0000 9196.2842   13.2735
    7.5000  -30.0000  -30.0000 8794.9297   13.2956
   -7.5000  -22.5000  -30.0000 9931.7266   13.0721
    0.0000  -22.5000  -30.000010393.5225   13.1026
    7.5000  -22.5000  -30.0000 9926.8164   13.1271
   -7.5000  -15.0000  -30.000011094.6582   13.0257
    0.0000  -15.0000  -30.000011591.9502   13.0531
    7.5000  -15.0000  -30.000011075.9775   13.0719
   -7.5000   -7.5000  -30.000012164.2305   13.0182
    0.0000   -7.5000  -30.000012711.3730   13.0395
    7.5000   -7.5000  -30.000012134.3838   13.0496
   -7.5000    0.0000  -30.000013156.7725   13.0405
    0.0000    0.0000  -30.000013773.8223   13.0595
    7.5000    0.0000  -30.000013127.7793   13.0665
   -7.5000    7.5000  -30.000013125.2305   13.0615
    0.0000    7.5000  -30.000013720.1807   13.0836
    7.5000    7.5000  -30.000013090.4355   13.0961
   -7.5000   15.0000  -30.000012953.0889   13.0619
    0.0000   15.0000  -30.000013543.2998   13.0894
    7.5000   15.0000  -30.000012891.2998   13.1105
   -7.5000   22.5000  -30.000012743.7773   13.0319
    0.0000   22.5000  -30.000013338.7344   13.0624
    7.5000   22.5000  -30.000012669.3906   13.0867
   -7.5000   30.0000  -30.000012406.0127   12.8401
    0.0000   30.0000  -30.000013002.1426   12.8671
    7.5000   30.0000  -30.000012299.4248   12.8856
   -7.5000   37.5000  -30.000012282.7158   12.8459
    0.0000   37.5000  -30.000012877.3584   12.8669
    7.5000   37.5000  -30.000012159.1641   12.8769
   -7.5000   45.0000  -30.000011650.4385   12.5492
    0.0000   45.0000  -30.000012209.0166   12.5675
    7.5000   45.0000  -30.000011531.1016   12.5742
   -7.5000  -45.0000  -22.5000 7496.2808   14.3985
    0.0000  -45.0000  -22.5000 7849.6973   14.4276
    7.5000  -45.0000  -22.5000 7500.8843   14.4314
   -7.5000  -37.5000  -22.5000 8217.7480   13.9817
    0.0000  -37.5000  -22.5000 8608.9307   14.0110
    7.5000  -37.5000  -22.5000 8214.9541   14.0230
   -7.5000  -30.0000  -22.5000 9333.2207   13.7171
    0.0000  -30.0000  -22.5000 9773.0420   13.7493
    7.5000  -30.0000  -22.5000 9338.4697   13.7718
   -7.5000  -22.5000  -22.500010531.9941   13.5434
    0.0000  -22.5000  -22.500011016.4600   13.5753
    7.5000  -22.5000  -22.500010538.3818   13.5962
   -7.5000  -15.0000  -22.500011740.4746   13.4975
    0.0000  -15.0000  -22.500012270.9258   13.5249
    7.5000  -15.0000  -22.500011753.4893   13.5352
   -7.5000   -7.5000  -22.500012872.2012   13.4843
    0.0000   -7.5000  -22.500013459.7705   13.5078
    7.5000   -7.5000  -22.500012883.5439   13.5084
   -7.5000    0.0000  -22.500013913.3887   13.5016
    0.0000    0.0000  -22.500014582.5732   13.5258
    7.5000    0.0000  -22.500013906.8584   13.5259
   -7.5000    7.5000  -22.500013880.5566   13.5219
    0.0000    7.5000  -22.500014533.4043   13.5504
    7.5000    7.5000  -22.500013859.0068   13.5608
   -7.5000   15.0000  -22.500013658.3145   13.5261
    0.0000   15.0000  -22.500014292.5664   13.5583
    7.5000   15.0000  -22.500013593.5947   13.5796
   -7.5000   22.5000  -22.500013425.0137   13.5008
    0.0000   22.5000  -22.500014027.9131   13.5327
    7.5000   22.5000  -22.500013332.5303   13.5534
   -7.5000   30.0000  -22.500013081.3203   13.3072
    0.0000   30.0000  -22.500013706.8232   13.3342
    7.5000   30.0000  -22.500012959.7539   13.3443
   -7.5000   37.5000  -22.500012984.1602   13.3079
    0.0000   37.5000  -22.500013626.7490   13.3311
    7.5000   37.5000  -22.500012847.2842   13.3317
   -7.5000   45.0000  -22.500012285.8691   13.0027
    0.0000   45.0000  -22.500012890.3115   13.0260
    7.5000   45.0000  -22.500012170.9727   13.0261
   -7.5000  -45.0000  -15.0000 7880.8877   14.7790
    0.0000  -45.0000  -15.0000 8254.4326   14.8074
    7.5000  -45.0000  -15.0000 7885.9971   14.7988
   -7.5000  -37.5000  -15.0000 8638.8984   14.3463
    0.0000  -37.5000  -15.0000 9056.9863   14.3748
    7.5000  -37.5000  -15.0000 8660.7383   14.3775
   -7.5000  -30.0000  -15.0000 9816.8760   14.0745
    0.0000  -30.0000  -15.000010293.4482   14.1076
    7.5000  -30.0000  -15.0000 9857.4443   14.1242
   -7.5000  -22.5000  -15.000011083.4502   13.9010
    0.0000  -22.5000  -15.000011601.5166   13.9345
    7.5000  -22.5000  -15.000011113.7480   13.9499
   -7.5000  -15.0000  -15.000012344.6943   13.8579
    0.0000  -15.0000  -15.000012930.4316   13.8867
    7.5000  -15.0000  -15.000012377.7627   13.8897
   -7.5000   -7.5000  -15.000013545.2764   13.8425
    0.0000   -7.5000  -15.000014201.1172   13.8664
    7.5000   -7.5000  -15.000013558.8008   13.8572
   -7.5000    0.0000  -15.000014649.4482   13.8558
    0.0000    0.0000  -15.000015384.7832   13.8794
    7.5000    0.0000  -15.000014667.9434   13.8685
   -7.5000    7.5000  -15.000014604.9824   13.8735
    0.0000    7.5000  -15.000015312.5732   13.9013
    7.5000    7.5000  -15.000014590.1924   13.9029
   -7.5000   15.0000  -15.000014342.9023   13.8781
    0.0000   15.0000  -15.000014959.1943   13.9109
    7.5000   15.0000  -15.000014266.1689   13.9264
   -7.5000   22.5000  -15.000014098.2354   13.8567
    0.0000   22.5000  -15.000014705.7246   13.8901
    7.5000   22.5000  -15.000013963.3271   13.9053
   -7.5000   30.0000  -15.000013728.3867   13.6645
    0.0000   30.0000  -15.000014385.2461   13.6929
    7.5000   30.0000  -15.000013591.1943   13.6958
   -7.5000   37.5000  -15.000013634.8340   13.6634
    0.0000   37.5000  -15.000014311.9033   13.6869
    7.5000   37.5000  -15.000013489.4756   13.6778
   -7.5000   45.0000  -15.000012873.4561   13.3519
    0.0000   45.0000  -15.000013498.3867   13.3746
    7.5000   45.0000  -15.000012741.8408   13.3641
   -7.5000  -45.0000   -7.5000 8243.5879   14.9707
    0.0000  -45.0000   -7.5000 8651.3223   14.9902
    7.5000  -45.0000   -7.5000 8251.2568   14.9771
   -7.5000  -37.5000   -7.5000 9057.2598   14.5327
    0.0000  -37.5000   -7.5000 9511.6934   14.5518
    7.5000  -37.5000   -7.5000 9084.5869   14.5462
   -7.5000  -30.0000   -7.500010317.9873   14.2536
    0.0000  -30.0000   -7.500010817.3262   14.2815
    7.5000  -30.0000   -7.500010340.5264   14.2905
   -7.5000  -22.5000   -7.500011639.2393   14.0738
    0.0000  -22.5000   -7.500012205.2363   14.1080
    7.5000  -22.5000   -7.500011654.9893   14.1217
   -7.5000  -15.0000   -7.500012963.9404   14.0302
    0.0000  -15.0000   -7.500013571.7900   14.0617
    7.5000  -15.0000   -7.500012964.3799   14.0677
   -7.5000   -7.5000   -7.500014244.2646   14.0186
    0.0000   -7.5000   -7.500014937.8242   14.0412
    7.5000   -7.5000   -7.500014218.5244   14.0333
   -7.5000    0.0000   -7.500015388.3203   14.0358
    0.0000    0.0000   -7.500016142.8887   14.0523
    7.5000    0.0000   -7.500015387.5195   14.0376
   -7.5000    7.5000   -7.500015380.8906   14.0534
    0.0000    7.5000   -7.500016102.9902   14.0725
    7.5000    7.5000   -7.500015384.4404   14.0662
   -7.5000   15.0000   -7.500015156.0801   14.0542
    0.0000   15.0000   -7.500015840.0840   14.0819
    7.5000   15.0000   -7.500015094.0410   14.0901
   -7.5000   22.5000   -7.500014923.0488   14.0274
    0.0000   22.5000   -7.500015562.6152   14.0614
    7.5000   22.5000   -7.500014766.6025   14.0749
   -7.5000   30.0000   -7.500014518.9678   13.8341
    0.0000   30.0000   -7.500015158.6719   13.8651
    7.5000   30.0000   -7.500014334.5361   13.8709
   -7.5000   37.5000   -7.500014416.8232   13.8368
    0.0000   37.5000   -7.500015060.8174   13.8591
    7.5000   37.5000   -7.500014198.4580   13.8513
   -7.5000   45.0000   -7.500013594.9600   13.5278
    0.0000   45.0000   -7.500014213.2646   13.5438
    7.5000   45.0000   -7.500013380.2988   13.5296
   -7.5000  -45.0000    0.0000 8543.5400   14.9889
    0.0000  -45.0000    0.0000 8978.6514   15.0016
    7.5000  -45.0000    0.0000 8553.1602   14.9948
   -7.5000  -37.5000    0.0000 9390.4805   14.5551
    0.0000  -37.5000    0.0000 9893.8535   14.5669
    7.5000  -37.5000    0.0000 9402.5615   14.5615
   -7.5000  -30.0000    0.000010699.2041   14.2722
    0.0000  -30.0000    0.000011269.7109   14.2955
    7.5000  -30.0000    0.000010703.0566   14.3029
   -7.5000  -22.5000    0.000012066.2451   14.0838
    0.0000  -22.5000    0.000012690.9775   14.1183
    7.5000  -22.5000    0.000012036.6387   14.1359
   -7.5000  -15.0000    0.000013434.8691   14.0364
    0.0000  -15.0000    0.000014136.0166   14.0704
    7.5000  -15.0000    0.000013400.7295   14.0860
   -7.5000   -7.5000    0.000014801.7773   14.0304
    0.0000   -7.5000    0.000015540.0664   14.0521
    7.5000   -7.5000    0.000014753.4131   14.0543
   -7.5000    0.0000    0.000016047.1680   14.0553
    0.0000    0.0000    0.000016826.5840   14.0664
    7.5000    0.0000    0.000016018.0977   14.0576
   -7.5000    7.5000    0.000016076.6816   14.0756
    0.0000    7.5000    0.000016978.5547   14.0878
    7.5000    7.5000    0.000016084.4541   14.0819
   -7.5000   15.0000    0.000016039.0791   14.0725
    0.0000   15.0000    0.000016913.6738   14.0959
    7.5000   15.0000    0.000015945.0127   14.1027
   -7.5000   22.5000    0.000015770.1826   14.0373
    0.0000   22.5000    0.000016466.2363   14.0718
    7.5000   22.5000    0.000015572.1084   14.0891
   -7.5000   30.0000    0.000015264.7021   13.8406
    0.0000   30.0000    0.000015901.6924   13.8740
    7.5000   30.0000    0.000015002.9053   13.8893
   -7.5000   37.5000    0.000015124.9893   13.8488
    0.0000   37.5000    0.000015786.5967   13.8703
    7.5000   37.5000    0.000014803.7168   13.8724
   -7.5000   45.0000    0.000014237.9521   13.5476
    0.0000   45.0000    0.000014907.1543   13.5584
    7.5000   45.0000    0.000013929.4551   13.5499
   -7.5000  -45.0000    7.5000 8147.2930   14.9538
    0.0000  -45.0000    7.5000 8554.0371   14.9696
    7.5000  -45.0000    7.5000 8130.0078   14.9754
   -7.5000  -37.5000    7.5000 9017.7646   14.5242
    0.0000  -37.5000    7.5000 9460.0342   14.5396
    7.5000  -37.5000    7.5000 8986.3516   14.5453
   -7.5000  -30.0000    7.500010309.7061   14.2424
    0.0000  -30.0000    7.500010817.6162   14.2672
    7.5000  -30.0000    7.500010273.5645   14.2826
   -7.5000  -22.5000    7.500011619.4326   14.0515
    0.0000  -22.5000    7.500012190.4092   14.0854
    7.5000  -22.5000    7.500011596.6494   14.1093
   -7.5000  -15.0000    7.500012956.8916   14.0020
    0.0000  -15.0000    7.500013601.3965   14.0344
    7.5000  -15.0000    7.500012939.9600   14.0566
   -7.5000   -7.5000    7.500014311.7871   13.9976
    0.0000   -7.5000    7.500015064.6885   14.0193
    7.5000   -7.5000    7.500014265.0889   14.0303
   -7.5000    0.0000    7.500015557.5820   14.0248
    0.0000    0.0000    7.500016419.9062   14.0385
    7.5000    0.0000    7.500015471.9434   14.0407
   -7.5000    7.5000    7.500015574.3564   14.0468
    0.0000    7.5000    7.500016652.7715   14.0624
    7.5000    7.5000    7.500015481.2969   14.0668
   -7.5000   15.0000    7.500015512.7393   14.0436
    0.0000   15.0000    7.500016617.2812   14.0686
    7.5000   15.0000    7.500015381.5039   14.0833
   -7.5000   22.5000    7.500015238.4717   14.0052
    0.0000   22.5000    7.500016182.3789   14.0390
    7.5000   22.5000    7.500015059.8496   14.0626
   -7.5000   30.0000    7.500014732.5371   13.8066
    0.0000   30.0000    7.500015545.6807   13.8385
    7.5000   30.0000    7.500014511.1865   13.8604
   -7.5000   37.5000    7.500014543.2568   13.8164
    0.0000   37.5000    7.500015296.5303   13.8379
    7.5000   37.5000    7.500014298.5947   13.8487
   -7.5000   45.0000    7.500013698.6934   13.5183
    0.0000   45.0000    7.500014335.5215   13.5315
    7.5000   45.0000    7.500013431.8926   13.5337
   -7.5000  -45.0000   15.0000 7627.0850   14.9368
    0.0000  -45.0000   15.0000 7986.4966   14.9610
    7.5000  -45.0000   15.0000 7613.7891   14.9730
   -7.5000  -37.5000   15.0000 8499.9863   14.5081
    0.0000  -37.5000   15.0000 8871.7002   14.5323
    7.5000  -37.5000   15.0000 8434.9229   14.5476
   -7.5000  -30.0000   15.0000 9750.3389   14.2302
    0.0000  -30.0000   15.000010205.5898   14.2595
    7.5000  -30.0000   15.0000 9675.0820   14.2833
   -7.5000  -22.5000   15.000011019.9551   14.0430
    0.0000  -22.5000   15.000011585.3643   14.0758
    7.5000  -22.5000   15.000010946.1162   14.1022
   -7.5000  -15.0000   15.000012358.0205   13.9932
    0.0000  -15.0000   15.000013037.2578   14.0225
    7.5000  -15.0000   15.000012236.2334   14.0428
   -7.5000   -7.5000   15.000013679.0762   13.9850
    0.0000   -7.5000   15.000014432.0830   14.0079
    7.5000   -7.5000   15.000013501.9824   14.0188
   -7.5000    0.0000   15.000014830.5400   14.0089
    0.0000    0.0000   15.000015627.1201   14.0294
    7.5000    0.0000   15.000014663.0830   14.0369
   -7.5000    7.5000   15.000014796.4551   14.0315
    0.0000    7.5000   15.000015659.8516   14.0553
    7.5000    7.5000   15.000014660.2344   14.0688
   -7.5000   15.0000   15.000014618.9443   14.0321
    0.0000   15.0000   15.000015412.9199   14.0615
    7.5000   15.0000   15.000014495.8398   14.0843
   -7.5000   22.5000   15.000014275.3525   13.9967
    0.0000   22.5000   15.000014945.3096   14.0294
    7.5000   22.5000   15.000014149.2393   14.0556
   -7.5000   30.0000   15.000013838.2754   13.7979
    0.0000   30.0000   15.000014503.6348   13.8268
    7.5000   30.0000   15.000013724.2266   13.8467
   -7.5000   37.5000   15.000013693.1523   13.8040
    0.0000   37.5000   15.000014384.1445   13.8266
    7.5000   37.5000   15.000013590.6943   13.8373
   -7.5000   45.0000   15.000012942.1582   13.5030
    0.0000   45.0000   15.000013550.8848   13.5227
    7.5000   45.0000   15.000012808.7090   13.5300
   -7.5000  -45.0000   22.5000 7041.3335   14.9679
    0.0000  -45.0000   22.5000 7392.4839   14.9979
    7.5000  -45.0000   22.5000 6989.4873   15.0019
   -7.5000  -37.5000   22.5000 7873.2319   14.5354
    0.0000  -37.5000   22.5000 8250.1533   14.5655
    7.5000  -37.5000   22.5000 7777.5112   14.5781
   -7.5000  -30.0000   22.5000 9075.4873   14.2605
    0.0000  -30.0000   22.5000 9503.6963   14.2938
    7.5000  -30.0000   22.5000 8955.5342   14.3173
   -7.5000  -22.5000   22.500010308.3379   14.0798
    0.0000  -22.5000   22.500010762.0566   14.1128
    7.5000  -22.5000   22.500010164.0986   14.1346
   -7.5000  -15.0000   22.500011557.8740   14.0320
    0.0000  -15.0000   22.500012052.3672   14.0602
    7.5000  -15.0000   22.500011395.9033   14.0710
   -7.5000   -7.5000   22.500012730.9980   14.0181
    0.0000   -7.5000   22.500013269.2891   14.0424
    7.5000   -7.5000   22.500012572.5352   14.0430
   -7.5000    0.0000   22.500013770.9980   14.0360
    0.0000    0.0000   22.500014351.2012   14.0610
    7.5000    0.0000   22.500013669.2969   14.0612
   -7.5000    7.5000   22.500013769.7705   14.0572
    0.0000    7.5000   22.500014389.0801   14.0866
    7.5000    7.5000   22.500013701.8896   14.0976
   -7.5000   15.0000   22.500013588.1455   14.0617
    0.0000   15.0000   22.500014140.9473   14.0949
    7.5000   15.0000   22.500013536.4482   14.1172
   -7.5000   22.5000   22.500013229.1865   14.0333
    0.0000   22.5000   22.500013752.8652   14.0662
    7.5000   22.5000   22.500013145.0928   14.0878
   -7.5000   30.0000   22.500012788.9844   13.8361
    0.0000   30.0000   22.500013312.7334   13.8639
    7.5000   30.0000   22.500012720.8584   13.8745
   -7.5000   37.5000   22.500012694.2188   13.8367
    0.0000   37.5000   22.500013227.8779   13.8606
    7.5000   37.5000   22.500012629.7500   13.8612
   -7.5000   45.0000   22.500012072.6270   13.5291
    0.0000   45.0000   22.500012575.4717   13.5532
    7.5000   45.0000   22.500011974.5029   13.5534
   -7.5000  -45.0000   30.0000 6392.7153   15.1673
    0.0000  -45.0000   30.0000 6687.8335   15.1959
    7.5000  -45.0000   30.0000 6328.7056   15.1874
   -7.5000  -37.5000   30.0000 7153.7280   14.7199
    0.0000  -37.5000   30.0000 7487.4150   14.7487
    7.5000  -37.5000   30.0000 7087.0806   14.7518
   -7.5000  -30.0000   30.0000 8270.9521   14.4391
    0.0000  -30.0000   30.0000 8641.7461   14.4726
    7.5000  -30.0000   30.0000 8189.6538   14.4900
   -7.5000  -22.5000   30.0000 9416.8262   14.2592
    0.0000  -22.5000   30.0000 9835.6934   14.2931
    7.5000  -22.5000   30.0000 9322.0352   14.3093
   -7.5000  -15.0000   30.000010524.1367   14.2148
    0.0000  -15.0000   30.000010995.1416   14.2438
    7.5000  -15.0000   30.000010446.5820   14.2473
   -7.5000   -7.5000   30.000011592.6143   14.1990
    0.0000   -7.5000   30.000012119.7236   14.2230
    7.5000   -7.5000   30.000011545.3623   14.2138
   -7.5000    0.0000   30.000012578.9092   14.2126
    0.0000    0.0000   30.000013150.4639   14.2365
    7.5000    0.0000   30.000012588.2188   14.2255
   -7.5000    7.5000   30.000012612.9043   14.2307
    0.0000    7.5000   30.000013211.7666   14.2588
    7.5000    7.5000   30.000012637.1865   14.2607
   -7.5000   15.0000   30.000012463.1328   14.2352
    0.0000   15.0000   30.000013002.3311   14.2685
    7.5000   15.0000   30.000012453.1289   14.2847
   -7.5000   22.5000   30.000012146.8750   14.2117
    0.0000   22.5000   30.000012660.1650   14.2455
    7.5000   22.5000   30.000012105.7139   14.2615
   -7.5000   30.0000   30.000011752.5029   14.0162
    0.0000   30.0000   30.000012266.3506   14.0449
    7.5000   30.0000   30.000011707.0693   14.0482
   -7.5000   37.5000   30.000011675.3232   14.0152
    0.0000   37.5000   30.000012187.4111   14.0389
    7.5000   37.5000   30.000011624.1201   14.0299
   -7.5000   45.0000   30.000011123.9258   13.6993
    0.0000   45.0000   30.000011608.0049   13.7223
    7.5000   45.0000   30.000011053.8203   13.7118
   -7.5000  -45.0000   37.5000 5982.9785   15.4944
    0.0000  -45.0000   37.5000 6244.2280   15.5146
    7.5000  -45.0000   37.5000 5929.3931   15.5011
   -7.5000  -37.5000   37.5000 6704.8286   15.0328
    0.0000  -37.5000   37.5000 7007.9155   15.0521
    7.5000  -37.5000   37.5000 6656.8755   15.0461
   -7.5000  -30.0000   37.5000 7759.8315   14.7392
    0.0000  -30.0000   37.5000 8128.4580   14.7675
    7.5000  -30.0000   37.5000 7696.2461   14.7769
   -7.5000  -22.5000   37.5000 8844.2227   14.5464
    0.0000  -22.5000   37.5000 9262.7725   14.5819
    7.5000  -22.5000   37.5000 8790.6523   14.5965
   -7.5000  -15.0000   37.5000 9899.7666   14.4978
    0.0000  -15.0000   37.500010346.5898   14.5309
    7.5000  -15.0000   37.5000 9882.1328   14.5379
   -7.5000   -7.5000   37.500010941.9717   14.4843
    0.0000   -7.5000   37.500011429.8975   14.5082
    7.5000   -7.5000   37.500010935.8320   14.5006
   -7.5000    0.0000   37.500011942.0469   14.5037
    0.0000    0.0000   37.500012481.8994   14.5207
    7.5000    0.0000   37.500011936.0410   14.5055
   -7.5000    7.5000   37.500011991.2939   14.5246
    0.0000    7.5000   37.500012546.6914   14.5438
    7.5000    7.5000   37.500011987.7734   14.5372
   -7.5000   15.0000   37.500011823.3770   14.5266
    0.0000   15.0000   37.500012347.6045   14.5548
    7.5000   15.0000   37.500011813.0127   14.5633
   -7.5000   22.5000   37.500011521.2314   14.4971
    0.0000   22.5000   37.500012018.0938   14.5325
    7.5000   22.5000   37.500011485.2500   14.5469
   -7.5000   30.0000   37.500011158.1709   14.2950
    0.0000   30.0000   37.500011656.7656   14.3277
    7.5000   30.0000   37.500011118.4580   14.3345
   -7.5000   37.5000   37.500011110.8643   14.2969
    0.0000   37.5000   37.500011607.6143   14.3204
    7.5000   37.5000   37.500011068.6650   14.3129
   -7.5000   45.0000   37.500010578.0693   13.9799
    0.0000   45.0000   37.500011063.2871   13.9963
    7.5000   45.0000   37.500010545.1670   13.9817
   -7.5000  -45.0000   45.0000 5392.3955   15.9400
    0.0000  -45.0000   45.0000 5612.9263   15.9545
    7.5000  -45.0000   45.0000 5345.2554   15.9475
   -7.5000  -37.5000   45.0000 6048.1797   15.4559
    0.0000  -37.5000   45.0000 6304.0171   15.4687
    7.5000  -37.5000   45.0000 5996.8833   15.4627
   -7.5000  -30.0000   45.0000 7012.5215   15.1383
    0.0000  -30.0000   45.0000 7311.6338   15.1634
    7.5000  -30.0000   45.0000 6949.8174   15.1714
   -7.5000  -22.5000   45.0000 7980.9478   14.9212
    0.0000  -22.5000   45.0000 8339.1904   14.9588
    7.5000  -22.5000   45.0000 7951.0532   14.9784
   -7.5000  -15.0000   45.0000 8941.4834   14.8650
    0.0000  -15.0000   45.0000 9347.5176   14.9022
    7.5000  -15.0000   45.0000 8936.9561   14.9203
   -7.5000   -7.5000   45.0000 9927.5557   14.8598
    0.0000   -7.5000   45.000010368.3486   14.8840
    7.5000   -7.5000   45.0000 9915.7354   14.8874
   -7.5000    0.0000   45.000010872.5635   14.8921
    0.0000    0.0000   45.000011361.1836   14.9046
    7.5000    0.0000   45.000010847.2188   14.8954
   -7.5000    7.5000   45.000010894.9043   14.9179
    0.0000    7.5000   45.000011385.7051   14.9311
    7.5000    7.5000   45.000010873.6865   14.9245
   -7.5000   15.0000   45.000010739.8379   14.9128
    0.0000   15.0000   45.000011221.3643   14.9380
    7.5000   15.0000   45.000010721.3232   14.9453
   -7.5000   22.5000   45.000010469.5518   14.8691
    0.0000   22.5000   45.000010932.6680   14.9066
    7.5000   22.5000   45.000010437.8467   14.9259
   -7.5000   30.0000   45.000010153.4883   14.6553
    0.0000   30.0000   45.000010621.8047   14.6920
    7.5000   30.0000   45.000010127.1025   14.7097
   -7.5000   37.5000   45.000010136.5801   14.6662
    0.0000   37.5000   45.000010599.8984   14.6900
    7.5000   37.5000   45.000010109.1123   14.6934
   -7.5000   45.0000   45.0000 9662.6025   14.3608
    0.0000   45.0000   45.000010119.0342   14.3728
    7.5000   45.0000   45.0000 9630.4033   14.3640

---------------------------------------------------------------------
imgreg_4dfp /opt/freesurfer/average/711-2C_as_mni_average_305 /opt/freesurfer/average/711-2B_as_mni_average_305_mask talsrcimg_g11 none talsrcimg_to_711-2C_as_mni_average_305_t4 4355
---------------------------------------------------------------------

freesurfer imgreg_4dfp.c
/opt/freesurfer/average/711-2C_as_mni_average_305.4dfp.img
       256       256       256         1
  1.000000  1.000000  1.000000
orientation T byte_order littleendian
Reading image: /opt/freesurfer/average/711-2C_as_mni_average_305.4dfp.img
dimensions:      256       256       256
mmppix:       1.0000   -1.0000   -1.0000
center:     128.0000 -129.0000 -129.0000
/opt/freesurfer/average/711-2B_as_mni_average_305_mask.4dfp.img
       256       256       256         1
  1.000000  1.000000  1.000000
orientation T byte_order littleendian
Reading mask: /opt/freesurfer/average/711-2B_as_mni_average_305_mask.4dfp.img (2306576 pixels)
talsrcimg_g11.4dfp.img
       256       256       256         1
  1.000000  1.000000  1.000000
orientation T byte_order littleendian
Reading image: talsrcimg_g11.4dfp.img
dimensions:      256       256       256
mmppix:       1.0000   -1.0000   -1.0000
center:     128.0000 -129.0000 -129.0000
rotation matrix determinant  1.000000
image alignment mode   4355 decimal     1103 hex
   -7.5000  -37.5000  -45.0000 1922.7506   17.7237
    0.0000  -37.5000  -45.0000 1937.0104   17.7258
    7.5000  -37.5000  -45.0000 1933.4928   17.7207
   -7.5000  -30.0000  -45.0000 2036.0435   15.7966
    0.0000  -30.0000  -45.0000 2054.5254   15.7916
    7.5000  -30.0000  -45.0000 2041.8591   15.7903
   -7.5000  -22.5000  -45.0000 2147.1672   14.2185
    0.0000  -22.5000  -45.0000 2160.4495   14.2145
    7.5000  -22.5000  -45.0000 2147.7839   14.2216
   -7.5000  -15.0000  -45.0000 2245.8960   12.9355
    0.0000  -15.0000  -45.0000 2255.6174   12.9304
    7.5000  -15.0000  -45.0000 2247.1760   12.9647
   -7.5000   -7.5000  -45.0000 2324.8596   11.9584
    0.0000   -7.5000  -45.0000 2339.2324   11.9272
    7.5000   -7.5000  -45.0000 2328.7839   11.9858
   -7.5000    0.0000  -45.0000 2383.8416   11.2873
    0.0000    0.0000  -45.0000 2401.6497   11.2405
    7.5000    0.0000  -45.0000 2391.0447   11.3036
   -7.5000    7.5000  -45.0000 2405.6956   10.9540
    0.0000    7.5000  -45.0000 2421.3418   10.9024
    7.5000    7.5000  -45.0000 2412.2739   10.9575
   -7.5000   15.0000  -45.0000 2411.5972   10.8107
    0.0000   15.0000  -45.0000 2431.1001   10.7415
    7.5000   15.0000  -45.0000 2423.2190   10.8030
   -7.5000   22.5000  -45.0000 2405.8064   10.8896
    0.0000   22.5000  -45.0000 2428.1160   10.8104
    7.5000   22.5000  -45.0000 2417.6594   10.8513
   -7.5000   30.0000  -45.0000 2389.6851   11.0987
    0.0000   30.0000  -45.0000 2411.4968   11.0241
    7.5000   30.0000  -45.0000 2400.9546   11.0694
   -7.5000   37.5000  -45.0000 2355.5869   11.5329
    0.0000   37.5000  -45.0000 2378.5508   11.4523
    7.5000   37.5000  -45.0000 2368.0891   11.4851
   -7.5000   45.0000  -45.0000 2303.3142   12.1710
    0.0000   45.0000  -45.0000 2323.3669   12.0950
    7.5000   45.0000  -45.0000 2316.9084   12.1105
   -7.5000   52.5000  -45.0000 2209.7053   12.9417
    0.0000   52.5000  -45.0000 2228.4673   12.8463
    7.5000   52.5000  -45.0000 2222.2324   12.8762
   -7.5000  -37.5000  -37.5000 1971.2389   16.8049
    0.0000  -37.5000  -37.5000 1987.0347   16.7815
    7.5000  -37.5000  -37.5000 1980.2224   16.7986
   -7.5000  -30.0000  -37.5000 2092.8508   14.9317
    0.0000  -30.0000  -37.5000 2112.2888   14.9055
    7.5000  -30.0000  -37.5000 2102.1245   14.9367
   -7.5000  -22.5000  -37.5000 2213.3491   13.4378
    0.0000  -22.5000  -37.5000 2231.3533   13.4157
    7.5000  -22.5000  -37.5000 2219.6479   13.4511
   -7.5000  -15.0000  -37.5000 2321.1733   12.2243
    0.0000  -15.0000  -37.5000 2335.2253   12.1871
    7.5000  -15.0000  -37.5000 2325.2395   12.2405
   -7.5000   -7.5000  -37.5000 2404.8655   11.2332
    0.0000   -7.5000  -37.5000 2419.0464   11.1938
    7.5000   -7.5000  -37.5000 2409.5498   11.2464
   -7.5000    0.0000  -37.5000 2469.9536   10.5646
    0.0000    0.0000  -37.5000 2485.6157   10.4925
    7.5000    0.0000  -37.5000 2475.5632   10.5663
   -7.5000    7.5000  -37.5000 2499.6753   10.2030
    0.0000    7.5000  -37.5000 2513.1428   10.1147
    7.5000    7.5000  -37.5000 2504.1394   10.2051
   -7.5000   15.0000  -37.5000 2516.7273   10.0383
    0.0000   15.0000  -37.5000 2523.7261    9.9550
    7.5000   15.0000  -37.5000 2517.8474   10.0365
   -7.5000   22.5000  -37.5000 2515.0640   10.0828
    0.0000   22.5000  -37.5000 2529.2751   10.0024
    7.5000   22.5000  -37.5000 2517.0168   10.0691
   -7.5000   30.0000  -37.5000 2495.9407   10.2715
    0.0000   30.0000  -37.5000 2514.0315   10.2020
    7.5000   30.0000  -37.5000 2500.7737   10.2944
   -7.5000   37.5000  -37.5000 2459.8853   10.6641
    0.0000   37.5000  -37.5000 2484.1567   10.5729
    7.5000   37.5000  -37.5000 2469.1538   10.6434
   -7.5000   45.0000  -37.5000 2405.6604   11.2284
    0.0000   45.0000  -37.5000 2431.1174   11.1343
    7.5000   45.0000  -37.5000 2415.6790   11.1980
   -7.5000   52.5000  -37.5000 2306.9568   11.9141
    0.0000   52.5000  -37.5000 2329.4280   11.8293
    7.5000   52.5000  -37.5000 2316.8025   11.8854
   -7.5000  -37.5000  -30.0000 2052.4937   16.6055
    0.0000  -37.5000  -30.0000 2069.0730   16.5613
    7.5000  -37.5000  -30.0000 2058.0034   16.6340
   -7.5000  -30.0000  -30.0000 2179.7524   14.7364
    0.0000  -30.0000  -30.0000 2196.4998   14.6785
    7.5000  -30.0000  -30.0000 2186.1772   14.7738
   -7.5000  -22.5000  -30.0000 2312.3240   13.2163
    0.0000  -22.5000  -30.0000 2330.7756   13.1472
    7.5000  -22.5000  -30.0000 2318.6416   13.2264
   -7.5000  -15.0000  -30.0000 2429.3662   11.9583
    0.0000  -15.0000  -30.0000 2445.1567   11.8883
    7.5000  -15.0000  -30.0000 2431.1365   11.9636
   -7.5000   -7.5000  -30.0000 2514.5081   10.9743
    0.0000   -7.5000  -30.0000 2532.3848   10.9072
    7.5000   -7.5000  -30.0000 2521.0886   10.9925
   -7.5000    0.0000  -30.0000 2587.2432   10.2838
    0.0000    0.0000  -30.0000 2601.8909   10.2052
    7.5000    0.0000  -30.0000 2596.0999   10.2925
   -7.5000    7.5000  -30.0000 2631.1277    9.8416
    0.0000    7.5000  -30.0000 2644.7444    9.7567
    7.5000    7.5000  -30.0000 2638.5574    9.8357
   -7.5000   15.0000  -30.0000 2655.5330    9.6286
    0.0000   15.0000  -30.0000 2670.4509    9.5544
    7.5000   15.0000  -30.0000 2658.8674    9.6166
   -7.5000   22.5000  -30.0000 2662.4277    9.6391
    0.0000   22.5000  -30.0000 2678.5618    9.5666
    7.5000   22.5000  -30.0000 2666.5396    9.6408
   -7.5000   30.0000  -30.0000 2643.0195    9.8633
    0.0000   30.0000  -30.0000 2664.3062    9.7681
    7.5000   30.0000  -30.0000 2647.9043    9.8629
   -7.5000   37.5000  -30.0000 2613.2456   10.2419
    0.0000   37.5000  -30.0000 2637.0647   10.1365
    7.5000   37.5000  -30.0000 2617.5334   10.2247
   -7.5000   45.0000  -30.0000 2553.8430   10.7774
    0.0000   45.0000  -30.0000 2580.7024   10.6750
    7.5000   45.0000  -30.0000 2562.5562   10.7463
   -7.5000   52.5000  -30.0000 2447.8779   11.4268
    0.0000   52.5000  -30.0000 2471.3379   11.3416
    7.5000   52.5000  -30.0000 2456.0437   11.3958
   -7.5000  -37.5000  -22.5000 2104.6816   16.3906
    0.0000  -37.5000  -22.5000 2120.5271   16.3166
    7.5000  -37.5000  -22.5000 2110.4963   16.3954
   -7.5000  -30.0000  -22.5000 2235.6003   14.4922
    0.0000  -30.0000  -22.5000 2252.0728   14.4048
    7.5000  -30.0000  -22.5000 2241.2456   14.5179
   -7.5000  -22.5000  -22.5000 2371.4050   12.9458
    0.0000  -22.5000  -22.5000 2388.9509   12.8475
    7.5000  -22.5000  -22.5000 2377.7449   12.9596
   -7.5000  -15.0000  -22.5000 2490.3286   11.6826
    0.0000  -15.0000  -22.5000 2507.8774   11.5694
    7.5000  -15.0000  -22.5000 2503.6902   11.6888
   -7.5000   -7.5000  -22.5000 2580.9434   10.6893
    0.0000   -7.5000  -22.5000 2602.2390   10.5812
    7.5000   -7.5000  -22.5000 2600.0020   10.6907
   -7.5000    0.0000  -22.5000 2659.1013    9.9592
    0.0000    0.0000  -22.5000 2682.1377    9.8827
    7.5000    0.0000  -22.5000 2676.5435    9.9520
   -7.5000    7.5000  -22.5000 2722.0188    9.4566
    0.0000    7.5000  -22.5000 2743.8462    9.3752
    7.5000    7.5000  -22.5000 2737.4402    9.4464
   -7.5000   15.0000  -22.5000 2756.4050    9.1925
    0.0000   15.0000  -22.5000 2776.9871    9.1095
    7.5000   15.0000  -22.5000 2767.0940    9.1939
   -7.5000   22.5000  -22.5000 2769.5586    9.1923
    0.0000   22.5000  -22.5000 2785.6548    9.0996
    7.5000   22.5000  -22.5000 2780.6067    9.1983
   -7.5000   30.0000  -22.5000 2764.5208    9.4279
    0.0000   30.0000  -22.5000 2783.5615    9.3191
    7.5000   30.0000  -22.5000 2772.5112    9.3983
   -7.5000   37.5000  -22.5000 2736.9497    9.8191
    0.0000   37.5000  -22.5000 2761.9734    9.7026
    7.5000   37.5000  -22.5000 2742.3438    9.7655
   -7.5000   45.0000  -22.5000 2672.7310   10.3126
    0.0000   45.0000  -22.5000 2699.3364   10.1961
    7.5000   45.0000  -22.5000 2682.2881   10.2574
   -7.5000   52.5000  -22.5000 2558.1711   10.9253
    0.0000   52.5000  -22.5000 2582.0093   10.8316
    7.5000   52.5000  -22.5000 2570.2976   10.8968
   -7.5000  -37.5000  -15.0000 2116.8162   16.2294
    0.0000  -37.5000  -15.0000 2136.0244   16.1369
    7.5000  -37.5000  -15.0000 2133.2092   16.2347
   -7.5000  -30.0000  -15.0000 2245.3870   14.3030
    0.0000  -30.0000  -15.0000 2268.7646   14.1993
    7.5000  -30.0000  -15.0000 2265.0732   14.3230
   -7.5000  -22.5000  -15.0000 2383.1753   12.7321
    0.0000  -22.5000  -15.0000 2403.7886   12.5874
    7.5000  -22.5000  -15.0000 2401.3726   12.7298
   -7.5000  -15.0000  -15.0000 2503.0728   11.4671
    0.0000  -15.0000  -15.0000 2526.9609   11.3228
    7.5000  -15.0000  -15.0000 2527.3911   11.4510
   -7.5000   -7.5000  -15.0000 2608.1143   10.4578
    0.0000   -7.5000  -15.0000 2631.7024   10.3382
    7.5000   -7.5000  -15.0000 2630.1143   10.4458
   -7.5000    0.0000  -15.0000 2692.1943    9.6978
    0.0000    0.0000  -15.0000 2719.6482    9.5994
    7.5000    0.0000  -15.0000 2716.0115    9.6858
   -7.5000    7.5000  -15.0000 2770.5549    9.1639
    0.0000    7.5000  -15.0000 2797.3853    9.0621
    7.5000    7.5000  -15.0000 2793.4285    9.1377
   -7.5000   15.0000  -15.0000 2818.1406    8.8500
    0.0000   15.0000  -15.0000 2843.8838    8.7304
    7.5000   15.0000  -15.0000 2839.8997    8.8452
   -7.5000   22.5000  -15.0000 2849.5203    8.8066
    0.0000   22.5000  -15.0000 2869.9556    8.6819
    7.5000   22.5000  -15.0000 2862.6689    8.7912
   -7.5000   30.0000  -15.0000 2847.5725    9.0501
    0.0000   30.0000  -15.0000 2872.6499    8.9353
    7.5000   30.0000  -15.0000 2859.6028    9.0135
   -7.5000   37.5000  -15.0000 2820.3000    9.4519
    0.0000   37.5000  -15.0000 2847.3618    9.3443
    7.5000   37.5000  -15.0000 2828.8582    9.3954
   -7.5000   45.0000  -15.0000 2754.5286    9.9123
    0.0000   45.0000  -15.0000 2778.7507    9.7914
    7.5000   45.0000  -15.0000 2764.0369    9.8775
   -7.5000   52.5000  -15.0000 2633.6270   10.5073
    0.0000   52.5000  -15.0000 2655.7603   10.3842
    7.5000   52.5000  -15.0000 2645.4509   10.4821
   -7.5000  -37.5000   -7.5000 2112.3828   16.1823
    0.0000  -37.5000   -7.5000 2135.6345   16.0985
    7.5000  -37.5000   -7.5000 2128.7668   16.2032
   -7.5000  -30.0000   -7.5000 2244.8340   14.2237
    0.0000  -30.0000   -7.5000 2266.5393   14.0810
    7.5000  -30.0000   -7.5000 2260.1169   14.2322
   -7.5000  -22.5000   -7.5000 2378.5989   12.6037
    0.0000  -22.5000   -7.5000 2400.1089   12.4622
    7.5000  -22.5000   -7.5000 2394.1970   12.6150
   -7.5000  -15.0000   -7.5000 2497.0862   11.3176
    0.0000  -15.0000   -7.5000 2517.3513   11.1664
    7.5000  -15.0000   -7.5000 2515.5430   11.3197
   -7.5000   -7.5000   -7.5000 2607.9304   10.3116
    0.0000   -7.5000   -7.5000 2632.6895   10.1562
    7.5000   -7.5000   -7.5000 2627.7231   10.2851
   -7.5000    0.0000   -7.5000 2703.5732    9.5086
    0.0000    0.0000   -7.5000 2726.6956    9.3694
    7.5000    0.0000   -7.5000 2724.1223    9.4915
   -7.5000    7.5000   -7.5000 2788.5696    8.9820
    0.0000    7.5000   -7.5000 2809.6882    8.8472
    7.5000    7.5000   -7.5000 2813.1399    8.9552
   -7.5000   15.0000   -7.5000 2849.2649    8.6539
    0.0000   15.0000   -7.5000 2879.3958    8.4962
    7.5000   15.0000   -7.5000 2874.4119    8.6488
   -7.5000   22.5000   -7.5000 2902.1389    8.5664
    0.0000   22.5000   -7.5000 2933.0371    8.3918
    7.5000   22.5000   -7.5000 2917.8296    8.5712
   -7.5000   30.0000   -7.5000 2915.2561    8.7657
    0.0000   30.0000   -7.5000 2944.2749    8.6366
    7.5000   30.0000   -7.5000 2922.8792    8.7510
   -7.5000   37.5000   -7.5000 2880.1489    9.1569
    0.0000   37.5000   -7.5000 2908.7297    9.0313
    7.5000   37.5000   -7.5000 2884.1196    9.1319
   -7.5000   45.0000   -7.5000 2805.7537    9.6652
    0.0000   45.0000   -7.5000 2830.1345    9.4844
    7.5000   45.0000   -7.5000 2810.0872    9.6286
   -7.5000   52.5000   -7.5000 2681.3884   10.2494
    0.0000   52.5000   -7.5000 2707.1299   10.0755
    7.5000   52.5000   -7.5000 2693.7244   10.2104
   -7.5000  -37.5000    0.0000 2092.5532   16.3187
    0.0000  -37.5000    0.0000 2111.6687   16.2369
    7.5000  -37.5000    0.0000 2108.6553   16.3063
   -7.5000  -30.0000    0.0000 2224.8586   14.2587
    0.0000  -30.0000    0.0000 2249.4341   14.1855
    7.5000  -30.0000    0.0000 2237.2114   14.2792
   -7.5000  -22.5000    0.0000 2355.0063   12.5801
    0.0000  -22.5000    0.0000 2376.3655   12.4920
    7.5000  -22.5000    0.0000 2363.3992   12.6141
   -7.5000  -15.0000    0.0000 2471.9585   11.2628
    0.0000  -15.0000    0.0000 2490.5867   11.1533
    7.5000  -15.0000    0.0000 2480.9294   11.2878
   -7.5000   -7.5000    0.0000 2587.9265   10.2501
    0.0000   -7.5000    0.0000 2606.0845   10.1347
    7.5000   -7.5000    0.0000 2601.7329   10.2537
   -7.5000    0.0000    0.0000 2691.7820    9.4771
    0.0000    0.0000    0.0000 2710.5562    9.3508
    7.5000    0.0000    0.0000 2706.8896    9.4890
   -7.5000    7.5000    0.0000 2782.9287    8.9442
    0.0000    7.5000    0.0000 2802.4172    8.8237
    7.5000    7.5000    0.0000 2804.4641    8.9567
   -7.5000   15.0000    0.0000 2863.2700    8.6378
    0.0000   15.0000    0.0000 2895.2170    8.5444
    7.5000   15.0000    0.0000 2884.0608    8.6352
   -7.5000   22.5000    0.0000 2927.2188    8.5170
    0.0000   22.5000    0.0000 2968.7820    8.3994
    7.5000   22.5000    0.0000 2942.5786    8.5219
   -7.5000   30.0000    0.0000 2945.6296    8.6193
    0.0000   30.0000    0.0000 2984.9756    8.4902
    7.5000   30.0000    0.0000 2947.6096    8.6333
   -7.5000   37.5000    0.0000 2910.9268    8.9772
    0.0000   37.5000    0.0000 2938.7517    8.8311
    7.5000   37.5000    0.0000 2904.7458    8.9595
   -7.5000   45.0000    0.0000 2826.3889    9.5044
    0.0000   45.0000    0.0000 2848.9304    9.3752
    7.5000   45.0000    0.0000 2824.6570    9.4729
   -7.5000   52.5000    0.0000 2695.9756   10.1096
    0.0000   52.5000    0.0000 2720.4924    9.9937
    7.5000   52.5000    0.0000 2703.6272   10.0594
   -7.5000  -37.5000    7.5000 2059.5166   16.7184
    0.0000  -37.5000    7.5000 2078.9575   16.5958
    7.5000  -37.5000    7.5000 2075.6665   16.7526
   -7.5000  -30.0000    7.5000 2198.2900   14.5809
    0.0000  -30.0000    7.5000 2216.8596   14.4613
    7.5000  -30.0000    7.5000 2210.0488   14.6355
   -7.5000  -22.5000    7.5000 2323.8074   12.8086
    0.0000  -22.5000    7.5000 2336.9629   12.6865
    7.5000  -22.5000    7.5000 2334.4551   12.8923
   -7.5000  -15.0000    7.5000 2442.3367   11.4369
    0.0000  -15.0000    7.5000 2453.1196   11.3116
    7.5000  -15.0000    7.5000 2455.0769   11.4926
   -7.5000   -7.5000    7.5000 2559.6340   10.4126
    0.0000   -7.5000    7.5000 2575.8311   10.3096
    7.5000   -7.5000    7.5000 2574.4373   10.4581
   -7.5000    0.0000    7.5000 2661.6086    9.6670
    0.0000    0.0000    7.5000 2683.5078    9.5693
    7.5000    0.0000    7.5000 2675.8276    9.6865
   -7.5000    7.5000    7.5000 2760.0793    9.1090
    0.0000    7.5000    7.5000 2784.5938    9.0475
    7.5000    7.5000    7.5000 2773.6340    9.1171
   -7.5000   15.0000    7.5000 2851.3779    8.7605
    0.0000   15.0000    7.5000 2886.7957    8.7638
    7.5000   15.0000    7.5000 2861.5054    8.7736
   -7.5000   22.5000    7.5000 2917.6931    8.6326
    0.0000   22.5000    7.5000 2963.6907    8.5810
    7.5000   22.5000    7.5000 2926.4504    8.6568
   -7.5000   30.0000    7.5000 2945.3022    8.6733
    0.0000   30.0000    7.5000 2981.2063    8.5665
    7.5000   30.0000    7.5000 2946.1299    8.6911
   -7.5000   37.5000    7.5000 2911.3118    8.9546
    0.0000   37.5000    7.5000 2939.2786    8.8362
    7.5000   37.5000    7.5000 2912.7039    8.9666
   -7.5000   45.0000    7.5000 2829.6885    9.4998
    0.0000   45.0000    7.5000 2848.9709    9.3743
    7.5000   45.0000    7.5000 2829.5356    9.4913
   -7.5000   52.5000    7.5000 2688.4250   10.1675
    0.0000   52.5000    7.5000 2705.8174   10.0277
    7.5000   52.5000    7.5000 2693.4197   10.1370
   -7.5000  -37.5000   15.0000 2009.5612   17.3881
    0.0000  -37.5000   15.0000 2026.1709   17.2171
    7.5000  -37.5000   15.0000 2027.8756   17.4618
   -7.5000  -30.0000   15.0000 2154.5115   15.1731
    0.0000  -30.0000   15.0000 2169.8079   15.0237
    7.5000  -30.0000   15.0000 2167.8997   15.2290
   -7.5000  -22.5000   15.0000 2279.4565   13.3611
    0.0000  -22.5000   15.0000 2294.3606   13.2537
    7.5000  -22.5000   15.0000 2290.2317   13.4231
   -7.5000  -15.0000   15.0000 2401.0464   11.9460
    0.0000  -15.0000   15.0000 2415.4194   11.8771
    7.5000  -15.0000   15.0000 2411.4795   12.0067
   -7.5000   -7.5000   15.0000 2518.7061   10.8879
    0.0000   -7.5000   15.0000 2532.6799   10.8142
    7.5000   -7.5000   15.0000 2526.7991   10.9383
   -7.5000    0.0000   15.0000 2620.4253   10.0718
    0.0000    0.0000   15.0000 2635.7349    9.9799
    7.5000    0.0000   15.0000 2627.5513   10.1169
   -7.5000    7.5000   15.0000 2719.0522    9.4609
    0.0000    7.5000   15.0000 2736.1699    9.3740
    7.5000    7.5000   15.0000 2728.5139    9.5048
   -7.5000   15.0000   15.0000 2808.8794    9.0816
    0.0000   15.0000   15.0000 2837.0686    9.0049
    7.5000   15.0000   15.0000 2819.8767    9.1247
   -7.5000   22.5000   15.0000 2876.1465    8.8889
    0.0000   22.5000   15.0000 2906.7424    8.7334
    7.5000   22.5000   15.0000 2881.8096    8.9507
   -7.5000   30.0000   15.0000 2896.1055    8.9432
    0.0000   30.0000   15.0000 2923.9390    8.8009
    7.5000   30.0000   15.0000 2901.7688    8.9857
   -7.5000   37.5000   15.0000 2862.7700    9.2527
    0.0000   37.5000   15.0000 2889.3376    9.1372
    7.5000   37.5000   15.0000 2870.8359    9.2715
   -7.5000   45.0000   15.0000 2790.4448    9.7760
    0.0000   45.0000   15.0000 2810.5708    9.6700
    7.5000   45.0000   15.0000 2794.6958    9.7840
   -7.5000   52.5000   15.0000 2659.2773   10.3951
    0.0000   52.5000   15.0000 2670.9866   10.2758
    7.5000   52.5000   15.0000 2660.0635   10.3942
   -7.5000  -37.5000   22.5000 1950.7363   18.5314
    0.0000  -37.5000   22.5000 1964.4436   18.4106
    7.5000  -37.5000   22.5000 1964.4929   18.6252
   -7.5000  -30.0000   22.5000 2097.5906   16.1015
    0.0000  -30.0000   22.5000 2113.3328   16.0219
    7.5000  -30.0000   22.5000 2106.4907   16.1853
   -7.5000  -22.5000   22.5000 2225.2722   14.1646
    0.0000  -22.5000   22.5000 2238.8091   14.0539
    7.5000  -22.5000   22.5000 2234.2197   14.2548
   -7.5000  -15.0000   22.5000 2349.4463   12.6671
    0.0000  -15.0000   22.5000 2364.2246   12.5202
    7.5000  -15.0000   22.5000 2358.3701   12.7492
   -7.5000   -7.5000   22.5000 2470.6250   11.5201
    0.0000   -7.5000   22.5000 2481.8955   11.3675
    7.5000   -7.5000   22.5000 2472.2888   11.5825
   -7.5000    0.0000   22.5000 2569.6387   10.6012
    0.0000    0.0000   22.5000 2581.5566   10.4627
    7.5000    0.0000   22.5000 2576.0222   10.6899
   -7.5000    7.5000   22.5000 2669.5061    9.9530
    0.0000    7.5000   22.5000 2682.7773    9.8174
    7.5000    7.5000   22.5000 2677.2996   10.0232
   -7.5000   15.0000   22.5000 2750.9392    9.5500
    0.0000   15.0000   22.5000 2772.5632    9.3864
    7.5000   15.0000   22.5000 2760.5359    9.6124
   -7.5000   22.5000   22.5000 2808.9595    9.3150
    0.0000   22.5000   22.5000 2834.9893    9.1318
    7.5000   22.5000   22.5000 2811.1631    9.3834
   -7.5000   30.0000   22.5000 2818.1543    9.3764
    0.0000   30.0000   22.5000 2843.8469    9.2192
    7.5000   30.0000   22.5000 2828.4805    9.4093
   -7.5000   37.5000   22.5000 2791.9031    9.6860
    0.0000   37.5000   22.5000 2814.6807    9.5365
    7.5000   37.5000   22.5000 2804.2898    9.6789
   -7.5000   45.0000   22.5000 2729.4995   10.1945
    0.0000   45.0000   22.5000 2748.2952   10.0639
    7.5000   45.0000   22.5000 2738.8909   10.1755
   -7.5000   52.5000   22.5000 2608.2598   10.8068
    0.0000   52.5000   22.5000 2620.0879   10.6804
    7.5000   52.5000   22.5000 2609.7102   10.8130
   -7.5000  -37.5000   30.0000 1875.1017   20.0127
    0.0000  -37.5000   30.0000 1888.3572   19.9087
    7.5000  -37.5000   30.0000 1893.3647   20.0704
   -7.5000  -30.0000   30.0000 2024.7867   17.2537
    0.0000  -30.0000   30.0000 2036.6655   17.1603
    7.5000  -30.0000   30.0000 2038.2354   17.3918
   -7.5000  -22.5000   30.0000 2163.4148   15.1470
    0.0000  -22.5000   30.0000 2171.9136   15.0110
    7.5000  -22.5000   30.0000 2170.2466   15.2981
   -7.5000  -15.0000   30.0000 2287.6707   13.5192
    0.0000  -15.0000   30.0000 2295.4290   13.3844
    7.5000  -15.0000   30.0000 2290.0229   13.6470
   -7.5000   -7.5000   30.0000 2405.6150   12.2357
    0.0000   -7.5000   30.0000 2417.5852   12.0897
    7.5000   -7.5000   30.0000 2407.9983   12.3700
   -7.5000    0.0000   30.0000 2510.4778   11.2676
    0.0000    0.0000   30.0000 2520.7288   11.1182
    7.5000    0.0000   30.0000 2516.9573   11.4064
   -7.5000    7.5000   30.0000 2604.4985   10.6180
    0.0000    7.5000   30.0000 2615.3267   10.4634
    7.5000    7.5000   30.0000 2610.2800   10.6944
   -7.5000   15.0000   30.0000 2676.1243   10.1796
    0.0000   15.0000   30.0000 2694.1880   10.0118
    7.5000   15.0000   30.0000 2680.2678   10.2565
   -7.5000   22.5000   30.0000 2724.8914    9.9325
    0.0000   22.5000   30.0000 2742.4688    9.7801
    7.5000   22.5000   30.0000 2726.7839    9.9998
   -7.5000   30.0000   30.0000 2723.8745    9.9974
    0.0000   30.0000   30.0000 2747.1882    9.8608
    7.5000   30.0000   30.0000 2733.9636   10.0220
   -7.5000   37.5000   30.0000 2696.9626   10.2924
    0.0000   37.5000   30.0000 2716.4841   10.1619
    7.5000   37.5000   30.0000 2710.7603   10.2671
   -7.5000   45.0000   30.0000 2644.8538   10.7608
    0.0000   45.0000   30.0000 2661.3535   10.6259
    7.5000   45.0000   30.0000 2651.8242   10.7301
   -7.5000   52.5000   30.0000 2536.2097   11.3270
    0.0000   52.5000   30.0000 2550.5840   11.2061
    7.5000   52.5000   30.0000 2536.5059   11.3195
   -7.5000  -37.5000   37.5000 1795.4274   21.8424
    0.0000  -37.5000   37.5000 1808.8696   21.6690
    7.5000  -37.5000   37.5000 1812.7109   21.9078
   -7.5000  -30.0000   37.5000 1953.0970   18.6643
    0.0000  -30.0000   37.5000 1961.3782   18.5099
    7.5000  -30.0000   37.5000 1964.7212   18.7938
   -7.5000  -22.5000   37.5000 2094.3655   16.3110
    0.0000  -22.5000   37.5000 2102.7029   16.1877
    7.5000  -22.5000   37.5000 2101.1658   16.4739
   -7.5000  -15.0000   37.5000 2219.4453   14.5028
    0.0000  -15.0000   37.5000 2227.9260   14.3549
    7.5000  -15.0000   37.5000 2224.4077   14.6916
   -7.5000   -7.5000   37.5000 2337.7427   13.1565
    0.0000   -7.5000   37.5000 2347.0771   12.9542
    7.5000   -7.5000   37.5000 2341.2820   13.2965
   -7.5000    0.0000   37.5000 2443.3018   12.1739
    0.0000    0.0000   37.5000 2452.5071   11.9917
    7.5000    0.0000   37.5000 2442.7954   12.2708
   -7.5000    7.5000   37.5000 2528.3574   11.4909
    0.0000    7.5000   37.5000 2544.6914   11.3079
    7.5000    7.5000   37.5000 2530.0237   11.5569
   -7.5000   15.0000   37.5000 2589.1990   10.9914
    0.0000   15.0000   37.5000 2613.1284   10.8332
    7.5000   15.0000   37.5000 2593.6235   11.0636
   -7.5000   22.5000   37.5000 2627.9429   10.7218
    0.0000   22.5000   37.5000 2644.6106   10.5980
    7.5000   22.5000   37.5000 2631.8699   10.7910
   -7.5000   30.0000   37.5000 2624.8901   10.7557
    0.0000   30.0000   37.5000 2646.9182   10.6410
    7.5000   30.0000   37.5000 2632.7358   10.7931
   -7.5000   37.5000   37.5000 2599.9458   11.0149
    0.0000   37.5000   37.5000 2620.9146   10.9081
    7.5000   37.5000   37.5000 2608.3613   11.0197
   -7.5000   45.0000   37.5000 2550.4150   11.4769
    0.0000   45.0000   37.5000 2569.7207   11.3403
    7.5000   45.0000   37.5000 2560.4036   11.4580
   -7.5000   52.5000   37.5000 2457.6084   11.9944
    0.0000   52.5000   37.5000 2474.9775   11.8636
    7.5000   52.5000   37.5000 2460.0632   11.9817
   -7.5000  -37.5000   45.0000 1711.3928   23.9835
    0.0000  -37.5000   45.0000 1725.7271   23.7642
    7.5000  -37.5000   45.0000 1729.1229   24.0717
   -7.5000  -30.0000   45.0000 1874.8752   20.4111
    0.0000  -30.0000   45.0000 1887.2002   20.1876
    7.5000  -30.0000   45.0000 1882.9629   20.5302
   -7.5000  -22.5000   45.0000 2021.0446   17.7305
    0.0000  -22.5000   45.0000 2033.6887   17.5432
    7.5000  -22.5000   45.0000 2028.9724   17.9220
   -7.5000  -15.0000   45.0000 2144.6150   15.7268
    0.0000  -15.0000   45.0000 2157.2114   15.5473
    7.5000  -15.0000   45.0000 2147.5676   15.9588
   -7.5000   -7.5000   45.0000 2261.3005   14.2972
    0.0000   -7.5000   45.0000 2273.5669   14.1143
    7.5000   -7.5000   45.0000 2262.6924   14.4771
   -7.5000    0.0000   45.0000 2365.3425   13.2776
    0.0000    0.0000   45.0000 2377.7822   13.0980
    7.5000    0.0000   45.0000 2362.1841   13.3859
   -7.5000    7.5000   45.0000 2442.7747   12.5207
    0.0000    7.5000   45.0000 2460.8535   12.3427
    7.5000    7.5000   45.0000 2443.5881   12.5922
   -7.5000   15.0000   45.0000 2496.2820   11.9596
    0.0000   15.0000   45.0000 2515.1814   11.8482
    7.5000   15.0000   45.0000 2499.5776   12.0467
   -7.5000   22.5000   45.0000 2522.0791   11.6861
    0.0000   22.5000   45.0000 2539.7097   11.5915
    7.5000   22.5000   45.0000 2525.4172   11.7726
   -7.5000   30.0000   45.0000 2522.2563   11.6662
    0.0000   30.0000   45.0000 2544.6782   11.5708
    7.5000   30.0000   45.0000 2529.3999   11.7019
   -7.5000   37.5000   45.0000 2501.0710   11.8941
    0.0000   37.5000   45.0000 2524.4348   11.8135
    7.5000   37.5000   45.0000 2509.6421   11.9094
   -7.5000   45.0000   45.0000 2451.4800   12.3521
    0.0000   45.0000   45.0000 2474.1992   12.2626
    7.5000   45.0000   45.0000 2458.4065   12.3431
   -7.5000   52.5000   45.0000 2370.8198   12.8310
    0.0000   52.5000   45.0000 2391.1189   12.7361
    7.5000   52.5000   45.0000 2370.5342   12.8227

---------------------------------------------------------------------
imgreg_4dfp /opt/freesurfer/average/711-2C_as_mni_average_305 /opt/freesurfer/average/711-2B_as_mni_average_305_mask talsrcimg_g11 none talsrcimg_to_711-2C_as_mni_average_305_t4 1283
---------------------------------------------------------------------

freesurfer imgreg_4dfp.c
/opt/freesurfer/average/711-2C_as_mni_average_305.4dfp.img
       256       256       256         1
  1.000000  1.000000  1.000000
orientation T byte_order littleendian
Reading image: /opt/freesurfer/average/711-2C_as_mni_average_305.4dfp.img
dimensions:      256       256       256
mmppix:       1.0000   -1.0000   -1.0000
center:     128.0000 -129.0000 -129.0000
/opt/freesurfer/average/711-2B_as_mni_average_305_mask.4dfp.img
       256       256       256         1
  1.000000  1.000000  1.000000
orientation T byte_order littleendian
Reading mask: /opt/freesurfer/average/711-2B_as_mni_average_305_mask.4dfp.img (2306576 pixels)
talsrcimg_g11.4dfp.img
       256       256       256         1
  1.000000  1.000000  1.000000
orientation T byte_order littleendian
Reading image: talsrcimg_g11.4dfp.img
dimensions:      256       256       256
mmppix:       1.0000   -1.0000   -1.0000
center:     128.0000 -129.0000 -129.0000
rotation matrix determinant  1.000000
fimgreg.f
image alignment mode   1283 decimal      503 hex
parameters
    0.0000   30.0000    0.0000    0.0000    0.0000    0.0000
eta,q 0.93867  8.49222
niter,ni,del,rscale     5    3   12.0000    1.2000
parameter  4  2.794743 ->  0.500000 qaram    1.1500
parameters
    0.5144   27.1303    1.9265   -3.4500    1.6288   -0.9650
eta,q 0.94577  8.32949
  0.0724  0.0631  0.0685  0.0526  0.0623  0.0580
  0.0682  0.0603  0.0650  0.0545  0.0590  0.0557
  0.0643  0.0607  0.0623  0.0571  0.0568  0.0544
  0.0633  0.0629  0.0600  0.0593  0.0553  0.0545
  0.0630  0.0651  0.0595  0.0614  0.0544  0.0560
  0.0645  0.0686  0.0603  0.0646  0.0553  0.0582
  0.0707  0.0735  0.0622  0.0686  0.0576  0.0603
niter,ni,del,rscale     5    3   12.0000    1.2000
parameter  4  1.646201 ->  0.500000 qaram    1.3225
parameters
    0.3724   28.2314    1.5114   -7.4175    2.2958   -1.5884
eta,q 0.95189  8.25375
  0.0665  0.0663  0.0593  0.0477  0.0558  0.0537
  0.0601  0.0614  0.0568  0.0479  0.0531  0.0513
  0.0561  0.0574  0.0547  0.0503  0.0505  0.0489
  0.0542  0.0543  0.0535  0.0536  0.0484  0.0481
  0.0557  0.0538  0.0552  0.0576  0.0485  0.0501
  0.0611  0.0565  0.0578  0.0613  0.0506  0.0534
  0.0678  0.0605  0.0613  0.0651  0.0539  0.0561
niter,ni,del,rscale     5    3   12.0000    1.2000
parameters
   -0.1732   29.2126    1.2789  -10.4096    3.1932   -1.9476
eta,q 0.95350  8.27715
  0.0612  0.0631  0.0565  0.0510  0.0542  0.0516
  0.0540  0.0570  0.0533  0.0470  0.0514  0.0492
  0.0494  0.0511  0.0503  0.0470  0.0492  0.0473
  0.0481  0.0481  0.0483  0.0484  0.0469  0.0465
  0.0515  0.0495  0.0498  0.0520  0.0465  0.0476
  0.0591  0.0527  0.0536  0.0562  0.0485  0.0502
  0.0655  0.0557  0.0586  0.0617  0.0517  0.0529
niter,ni,del,rscale     4    3   12.0000    1.2000
parameters
   -0.5278   30.4292    0.5843  -11.9369    3.8327   -2.1097
eta,q 0.95384  8.26022
  0.0600  0.0620  0.0548  0.0526  0.0537  0.0513
  0.0525  0.0537  0.0505  0.0478  0.0513  0.0490
  0.0476  0.0476  0.0477  0.0463  0.0486  0.0471
  0.0465  0.0464  0.0472  0.0470  0.0464  0.0461
  0.0490  0.0479  0.0496  0.0499  0.0465  0.0469
  0.0558  0.0496  0.0539  0.0531  0.0490  0.0493
  0.0628  0.0516  0.0586  0.0572  0.0519  0.0521
niter,ni,del,rscale     3    3   12.0000    1.2000
parameters
   -0.7328   31.3035    0.1301  -12.6967    4.2158   -2.3332
eta,q 0.95375  8.25812
  0.0592  0.0591  0.0546  0.0545  0.0535  0.0515
  0.0520  0.0515  0.0500  0.0485  0.0510  0.0488
  0.0475  0.0468  0.0472  0.0460  0.0482  0.0469
  0.0462  0.0462  0.0466  0.0466  0.0464  0.0462
  0.0479  0.0474  0.0486  0.0491  0.0469  0.0470
  0.0538  0.0487  0.0523  0.0523  0.0495  0.0494
  0.0608  0.0521  0.0568  0.0561  0.0524  0.0524
niter,ni,del,rscale     2    3   12.0000    1.2000
parameters
   -0.9153   31.6376   -0.0757  -12.8865    4.4905   -2.4572
eta,q 0.95385  8.25906
  0.0589  0.0572  0.0546  0.0559  0.0534  0.0519
  0.0518  0.0501  0.0500  0.0499  0.0507  0.0490
  0.0475  0.0464  0.0470  0.0458  0.0479  0.0469
  0.0462  0.0462  0.0463  0.0463  0.0462  0.0462
  0.0479  0.0470  0.0478  0.0484  0.0470  0.0471
  0.0534  0.0492  0.0511  0.0518  0.0496  0.0493
  0.0603  0.0542  0.0554  0.0552  0.0526  0.0523
niter,ni,del,rscale     1    3   12.0000    1.2000
parameters
   -1.0313   31.7270   -0.1475  -12.9330    4.6535   -2.5142
eta,q 0.95385  8.25788
  0.0593  0.0564  0.0548  0.0562  0.0532  0.0521
  0.0519  0.0497  0.0501  0.0504  0.0505  0.0491
  0.0475  0.0464  0.0470  0.0459  0.0477  0.0469
  0.0462  0.0462  0.0462  0.0462  0.0462  0.0461
  0.0477  0.0470  0.0475  0.0483  0.0472  0.0471
  0.0531  0.0499  0.0506  0.0516  0.0498  0.0493
  0.0600  0.0552  0.0549  0.0549  0.0527  0.0523
registration optimization eta report
parameter search radius
    6.0000    6.0000    6.0000    7.9350    6.0000    6.0000
100000*second partial in parameter space
       38.       28.       24.       15.       18.       16.
  0.0593  0.0564  0.0548  0.0562  0.0532  0.0521
  0.0519  0.0497  0.0501  0.0504  0.0505  0.0491
  0.0475  0.0464  0.0470  0.0459  0.0477  0.0469
  0.0462  0.0462  0.0462  0.0462  0.0462  0.0461
  0.0477  0.0470  0.0475  0.0483  0.0472  0.0471
  0.0531  0.0499  0.0506  0.0516  0.0498  0.0493
  0.0600  0.0552  0.0549  0.0549  0.0527  0.0523
   -1.0313   31.7270   -0.1475  -12.9330    4.6535   -2.5142
eta,q 0.95385  8.25788

---------------------------------------------------------------------
imgreg_4dfp /opt/freesurfer/average/711-2C_as_mni_average_305 /opt/freesurfer/average/711-2B_as_mni_average_305_mask talsrcimg_g11 none talsrcimg_to_711-2C_as_mni_average_305_t4 3335
---------------------------------------------------------------------

freesurfer imgreg_4dfp.c
/opt/freesurfer/average/711-2C_as_mni_average_305.4dfp.img
       256       256       256         1
  1.000000  1.000000  1.000000
orientation T byte_order littleendian
Reading image: /opt/freesurfer/average/711-2C_as_mni_average_305.4dfp.img
dimensions:      256       256       256
mmppix:       1.0000   -1.0000   -1.0000
center:     128.0000 -129.0000 -129.0000
/opt/freesurfer/average/711-2B_as_mni_average_305_mask.4dfp.img
       256       256       256         1
  1.000000  1.000000  1.000000
orientation T byte_order littleendian
Reading mask: /opt/freesurfer/average/711-2B_as_mni_average_305_mask.4dfp.img (2306576 pixels)
talsrcimg_g11.4dfp.img
       256       256       256         1
  1.000000  1.000000  1.000000
orientation T byte_order littleendian
Reading image: talsrcimg_g11.4dfp.img
dimensions:      256       256       256
mmppix:       1.0000   -1.0000   -1.0000
center:     128.0000 -129.0000 -129.0000
fimgreg.f
image alignment mode   3335 decimal      D07 hex
parameters
   -1.0313   31.7270   -0.1475   -0.4256   -2.7102   -2.8580
    6.0894   -6.9177   -4.3722   22.7064    8.1129  -22.3073
eta,q 0.95526  8.38726
niter,ni,del,rscale     5    3    5.0000    1.2000
parameter  4  1.081502 ->  0.500000 qaram    1.1500
parameter  5  2.834637 ->  0.500000 qaram    1.1500
parameter  6  1.014333 ->  0.500000 qaram    1.1500
parameter 12 -0.745845 -> -0.500000 qaram    1.1500
parameters
   -1.0488   32.2778   -0.4116   -4.5656   -6.8502   -6.9980
    5.9777   -4.9978   -2.8460   21.3274    7.1333  -18.1673
eta,q 0.96910  8.17804
  0.0472  0.0468  0.0457  0.0413  0.0348  0.0328  0.0352  0.0403  0.0357  0.0345  0.0335  0.0359
  0.0459  0.0458  0.0450  0.0412  0.0365  0.0323  0.0337  0.0372  0.0340  0.0330  0.0325  0.0344
  0.0451  0.0451  0.0447  0.0423  0.0385  0.0339  0.0328  0.0344  0.0327  0.0320  0.0319  0.0330
  0.0447  0.0447  0.0447  0.0446  0.0413  0.0370  0.0326  0.0326  0.0321  0.0320  0.0319  0.0319
  0.0450  0.0447  0.0450  0.0478  0.0444  0.0410  0.0329  0.0321  0.0320  0.0330  0.0324  0.0311
  0.0459  0.0450  0.0454  0.0511  0.0474  0.0452  0.0339  0.0331  0.0325  0.0351  0.0333  0.0309
  0.0474  0.0455  0.0461  0.0545  0.0507  0.0501  0.0353  0.0353  0.0335  0.0375  0.0346  0.0311
niter,ni,del,rscale     7    3    5.0000    1.2000
parameter  5  0.637329 ->  0.500000 qaram    1.3225
parameters
   -1.1140   32.0405   -1.1455   -4.8438  -11.6112   -9.4242
    5.8832   -4.8662   -2.5639   21.8242    7.2518  -17.4119
eta,q 0.97083  8.01591
  0.0346  0.0327  0.0319  0.0362  0.0296  0.0316  0.0319  0.0335  0.0317  0.0323  0.0306  0.0315
  0.0325  0.0316  0.0310  0.0339  0.0288  0.0306  0.0305  0.0312  0.0305  0.0309  0.0298  0.0302
  0.0312  0.0310  0.0306  0.0319  0.0292  0.0294  0.0296  0.0297  0.0296  0.0299  0.0294  0.0294
  0.0309  0.0309  0.0309  0.0306  0.0307  0.0288  0.0292  0.0292  0.0292  0.0292  0.0292  0.0292
  0.0315  0.0313  0.0317  0.0313  0.0327  0.0309  0.0296  0.0297  0.0295  0.0293  0.0293  0.0293
  0.0328  0.0322  0.0331  0.0341  0.0358  0.0353  0.0306  0.0311  0.0302  0.0302  0.0297  0.0298
  0.0349  0.0336  0.0349  0.0375  0.0394  0.0403  0.0320  0.0331  0.0314  0.0318  0.0305  0.0307
niter,ni,del,rscale     7    3    5.0000    1.2000
parameters
   -1.1255   32.2357   -1.9075   -3.3830  -11.8974  -10.9396
    5.6667   -4.9175   -2.1710   22.7826    6.9320  -17.6026
eta,q 0.97125  7.98655
  0.0325  0.0322  0.0299  0.0351  0.0332  0.0315  0.0315  0.0330  0.0313  0.0319  0.0299  0.0305
  0.0306  0.0306  0.0291  0.0332  0.0308  0.0304  0.0301  0.0308  0.0301  0.0307  0.0292  0.0295
  0.0295  0.0296  0.0289  0.0310  0.0289  0.0294  0.0292  0.0294  0.0292  0.0296  0.0289  0.0289
  0.0292  0.0292  0.0292  0.0289  0.0283  0.0283  0.0289  0.0289  0.0289  0.0289  0.0287  0.0287
  0.0296  0.0294  0.0298  0.0283  0.0291  0.0289  0.0293  0.0294  0.0291  0.0288  0.0289  0.0290
  0.0307  0.0301  0.0307  0.0301  0.0310  0.0322  0.0304  0.0309  0.0298  0.0295  0.0293  0.0296
  0.0325  0.0313  0.0319  0.0327  0.0340  0.0372  0.0319  0.0331  0.0308  0.0309  0.0301  0.0307
niter,ni,del,rscale     6    3    5.0000    1.2000
parameters
   -1.1234   32.4506   -2.1812   -3.0634  -12.2932  -11.6853
    5.5554   -4.9364   -1.7699   23.6620    6.6386  -17.7134
eta,q 0.97119  7.95628
  0.0325  0.0317  0.0300  0.0342  0.0331  0.0317  0.0316  0.0329  0.0312  0.0318  0.0298  0.0305
  0.0305  0.0301  0.0292  0.0323  0.0309  0.0307  0.0302  0.0308  0.0300  0.0306  0.0292  0.0296
  0.0291  0.0291  0.0288  0.0303  0.0292  0.0297  0.0293  0.0294  0.0293  0.0297  0.0289  0.0290
  0.0287  0.0287  0.0287  0.0287  0.0286  0.0286  0.0289  0.0289  0.0289  0.0289  0.0288  0.0288
  0.0293  0.0289  0.0290  0.0292  0.0294  0.0283  0.0293  0.0294  0.0291  0.0288  0.0289  0.0290
  0.0305  0.0296  0.0297  0.0314  0.0311  0.0306  0.0303  0.0308  0.0297  0.0295  0.0293  0.0297
  0.0324  0.0307  0.0306  0.0340  0.0341  0.0350  0.0318  0.0329  0.0307  0.0310  0.0300  0.0306
niter,ni,del,rscale     5    3    5.0000    1.2000
parameters
   -1.1430   32.6917   -2.4160   -3.0140  -12.7838  -12.1760
    5.4945   -4.9917   -1.4166   24.5760    6.3934  -17.8655
eta,q 0.97122  7.92737
  0.0324  0.0317  0.0299  0.0338  0.0330  0.0317  0.0316  0.0327  0.0311  0.0317  0.0297  0.0305
  0.0305  0.0302  0.0292  0.0321  0.0309  0.0307  0.0302  0.0307  0.0300  0.0306  0.0292  0.0296
  0.0292  0.0292  0.0288  0.0302  0.0293  0.0297  0.0293  0.0294  0.0292  0.0297  0.0289  0.0290
  0.0288  0.0288  0.0288  0.0288  0.0288  0.0287  0.0289  0.0289  0.0289  0.0289  0.0288  0.0288
  0.0293  0.0290  0.0290  0.0294  0.0296  0.0282  0.0293  0.0294  0.0291  0.0288  0.0289  0.0290
  0.0306  0.0296  0.0296  0.0316  0.0312  0.0301  0.0303  0.0308  0.0297  0.0295  0.0292  0.0297
  0.0325  0.0306  0.0305  0.0342  0.0342  0.0342  0.0317  0.0328  0.0307  0.0309  0.0299  0.0306
niter,ni,del,rscale     4    3    5.0000    1.2000
parameters
   -1.1791   32.9773   -2.6672   -3.0623  -13.3533  -12.6900
    5.4788   -5.0683   -1.1882   25.6912    6.4174  -18.0446
eta,q 0.97129  7.89444
  0.0323  0.0317  0.0299  0.0335  0.0327  0.0315  0.0316  0.0325  0.0310  0.0317  0.0297  0.0304
  0.0304  0.0302  0.0292  0.0319  0.0308  0.0306  0.0302  0.0306  0.0299  0.0307  0.0291  0.0295
  0.0291  0.0292  0.0288  0.0301  0.0292  0.0297  0.0293  0.0293  0.0292  0.0297  0.0288  0.0289
  0.0288  0.0288  0.0288  0.0288  0.0288  0.0287  0.0289  0.0289  0.0289  0.0289  0.0287  0.0287
  0.0293  0.0289  0.0290  0.0294  0.0296  0.0282  0.0293  0.0294  0.0291  0.0287  0.0288  0.0289
  0.0306  0.0295  0.0296  0.0316  0.0312  0.0300  0.0302  0.0307  0.0298  0.0294  0.0291  0.0296
  0.0324  0.0305  0.0305  0.0342  0.0341  0.0340  0.0316  0.0326  0.0307  0.0307  0.0297  0.0305
niter,ni,del,rscale     3    3    5.0000    1.2000
parameters
   -1.2177   33.3365   -2.9813   -3.1930  -14.0974  -13.3338
    5.5197   -5.1493   -1.3034   27.0876    7.0816  -18.2335
eta,q 0.97142  7.85166
  0.0322  0.0317  0.0297  0.0332  0.0324  0.0312  0.0316  0.0322  0.0308  0.0318  0.0296  0.0302
  0.0303  0.0302  0.0290  0.0317  0.0306  0.0304  0.0302  0.0304  0.0297  0.0308  0.0291  0.0294
  0.0290  0.0292  0.0287  0.0300  0.0291  0.0295  0.0292  0.0292  0.0290  0.0297  0.0287  0.0288
  0.0287  0.0287  0.0287  0.0286  0.0287  0.0287  0.0289  0.0289  0.0289  0.0288  0.0286  0.0286
  0.0293  0.0288  0.0289  0.0293  0.0296  0.0283  0.0292  0.0293  0.0292  0.0286  0.0286  0.0288
  0.0305  0.0294  0.0295  0.0314  0.0313  0.0299  0.0301  0.0305  0.0299  0.0292  0.0288  0.0295
  0.0323  0.0303  0.0304  0.0340  0.0340  0.0338  0.0315  0.0323  0.0308  0.0305  0.0293  0.0304
niter,ni,del,rscale     2    3    5.0000    1.2000
parameters
   -1.2336   33.8209   -3.3753   -3.4383  -15.1127  -14.1661
    5.6037   -5.1193   -1.9783   28.7377    8.4863  -18.3773
eta,q 0.97170  7.79163
  0.0320  0.0319  0.0294  0.0326  0.0320  0.0308  0.0314  0.0319  0.0304  0.0319  0.0294  0.0299
  0.0301  0.0303  0.0288  0.0313  0.0303  0.0300  0.0300  0.0302  0.0293  0.0308  0.0289  0.0290
  0.0289  0.0292  0.0285  0.0298  0.0289  0.0292  0.0290  0.0291  0.0288  0.0296  0.0285  0.0284
  0.0286  0.0286  0.0285  0.0285  0.0285  0.0285  0.0287  0.0287  0.0287  0.0287  0.0283  0.0283
  0.0291  0.0286  0.0288  0.0291  0.0295  0.0282  0.0290  0.0290  0.0291  0.0283  0.0283  0.0286
  0.0303  0.0291  0.0294  0.0312  0.0313  0.0298  0.0299  0.0301  0.0299  0.0289  0.0284  0.0292
  0.0320  0.0300  0.0303  0.0338  0.0340  0.0336  0.0312  0.0318  0.0310  0.0302  0.0288  0.0300
niter,ni,del,rscale     1    3    5.0000    1.2000
parameters
   -1.1633   34.3837   -3.8332   -3.7859  -16.1557  -15.0573
    5.7732   -4.9363   -2.7482   29.9499    9.8526  -18.4093
eta,q 0.97192  7.72187
  0.0318  0.0320  0.0290  0.0319  0.0318  0.0304  0.0311  0.0315  0.0301  0.0318  0.0291  0.0297
  0.0299  0.0302  0.0285  0.0307  0.0300  0.0297  0.0297  0.0299  0.0290  0.0305  0.0286  0.0288
  0.0287  0.0290  0.0282  0.0294  0.0286  0.0289  0.0287  0.0288  0.0284  0.0293  0.0283  0.0282
  0.0283  0.0283  0.0282  0.0282  0.0283  0.0282  0.0284  0.0284  0.0284  0.0283  0.0281  0.0281
  0.0287  0.0282  0.0285  0.0286  0.0292  0.0281  0.0287  0.0286  0.0289  0.0282  0.0281  0.0283
  0.0297  0.0287  0.0291  0.0307  0.0311  0.0296  0.0295  0.0296  0.0297  0.0289  0.0282  0.0289
  0.0313  0.0296  0.0300  0.0332  0.0339  0.0332  0.0308  0.0313  0.0309  0.0304  0.0286  0.0296
registration optimization eta report
parameter search radius
    2.4000    2.4000    2.4000    8.2800    9.5220    8.2800
    7.2000    7.2000    7.2000    7.2000    7.2000    8.2800
100000*second partial in parameter space
       55.       43.       23.        6.        5.        5.
        5.        6.        4.        5.        1.        2.
  0.0318  0.0320  0.0290  0.0319  0.0318  0.0304  0.0311  0.0315  0.0301  0.0318  0.0291  0.0297
  0.0299  0.0302  0.0285  0.0307  0.0300  0.0297  0.0297  0.0299  0.0290  0.0305  0.0286  0.0288
  0.0287  0.0290  0.0282  0.0294  0.0286  0.0289  0.0287  0.0288  0.0284  0.0293  0.0283  0.0282
  0.0283  0.0283  0.0282  0.0282  0.0283  0.0282  0.0284  0.0284  0.0284  0.0283  0.0281  0.0281
  0.0287  0.0282  0.0285  0.0286  0.0292  0.0281  0.0287  0.0286  0.0289  0.0282  0.0281  0.0283
  0.0297  0.0287  0.0291  0.0307  0.0311  0.0296  0.0295  0.0296  0.0297  0.0289  0.0282  0.0289
  0.0313  0.0296  0.0300  0.0332  0.0339  0.0332  0.0308  0.0313  0.0309  0.0304  0.0286  0.0296
   -1.1633   34.3837   -3.8332   -3.7859  -16.1557  -15.0573
    5.7732   -4.9363   -2.7482   29.9499    9.8526  -18.4093
eta,q 0.97192  7.72187

---------------------------------------------------------------------
imgreg_4dfp /opt/freesurfer/average/711-2C_as_mni_average_305 /opt/freesurfer/average/711-2B_as_mni_average_305_mask talsrcimg_g11 none talsrcimg_to_711-2C_as_mni_average_305_t4 2311
---------------------------------------------------------------------

freesurfer imgreg_4dfp.c
/opt/freesurfer/average/711-2C_as_mni_average_305.4dfp.img
       256       256       256         1
  1.000000  1.000000  1.000000
orientation T byte_order littleendian
Reading image: /opt/freesurfer/average/711-2C_as_mni_average_305.4dfp.img
dimensions:      256       256       256
mmppix:       1.0000   -1.0000   -1.0000
center:     128.0000 -129.0000 -129.0000
/opt/freesurfer/average/711-2B_as_mni_average_305_mask.4dfp.img
       256       256       256         1
  1.000000  1.000000  1.000000
orientation T byte_order littleendian
Reading mask: /opt/freesurfer/average/711-2B_as_mni_average_305_mask.4dfp.img (2306576 pixels)
talsrcimg_g11.4dfp.img
       256       256       256         1
  1.000000  1.000000  1.000000
orientation T byte_order littleendian
Reading image: talsrcimg_g11.4dfp.img
dimensions:      256       256       256
mmppix:       1.0000   -1.0000   -1.0000
center:     128.0000 -129.0000 -129.0000
fimgreg.f
image alignment mode   2311 decimal      907 hex
parameters
   -1.1633   34.3837   -3.8332   -3.7859  -16.1557  -15.0573
    5.7732   -4.9363   -2.7482   29.9499    9.8526  -18.4093
eta,q 0.97192  7.72187
niter,ni,del,rscale     5    3    5.0000    0.8000
parameters
   -1.1125   34.7207   -4.1858   -3.2439  -16.5469  -14.3879
    5.9420   -5.1472   -3.2061   30.6027    9.4941  -19.5894
eta,q 0.97230  7.76199
  0.0296  0.0297  0.0284  0.0301  0.0291  0.0293  0.0292  0.0294  0.0287  0.0299  0.0281  0.0280
  0.0287  0.0289  0.0281  0.0294  0.0284  0.0287  0.0284  0.0285  0.0281  0.0290  0.0279  0.0278
  0.0282  0.0284  0.0280  0.0286  0.0280  0.0282  0.0280  0.0280  0.0278  0.0282  0.0278  0.0277
  0.0281  0.0281  0.0280  0.0280  0.0279  0.0279  0.0278  0.0278  0.0278  0.0278  0.0277  0.0277
  0.0282  0.0281  0.0282  0.0279  0.0282  0.0278  0.0279  0.0281  0.0280  0.0278  0.0278  0.0279
  0.0287  0.0283  0.0285  0.0285  0.0287  0.0280  0.0283  0.0287  0.0285  0.0283  0.0279  0.0282
  0.0294  0.0287  0.0289  0.0296  0.0295  0.0288  0.0290  0.0298  0.0291  0.0291  0.0282  0.0285
niter,ni,del,rscale     4    3    5.0000    0.7000
parameters
   -1.0787   34.7752   -4.1193   -3.0355  -16.9662  -13.8647
    6.1683   -5.1423   -3.2787   30.9847    9.0325  -20.3787
eta,q 0.97244  7.78351
  0.0290  0.0287  0.0282  0.0295  0.0287  0.0289  0.0287  0.0291  0.0285  0.0293  0.0279  0.0278
  0.0283  0.0282  0.0279  0.0288  0.0280  0.0284  0.0281  0.0283  0.0280  0.0285  0.0277  0.0277
  0.0278  0.0278  0.0278  0.0281  0.0277  0.0279  0.0277  0.0278  0.0277  0.0279  0.0276  0.0276
  0.0277  0.0277  0.0277  0.0277  0.0277  0.0277  0.0276  0.0276  0.0276  0.0276  0.0276  0.0276
  0.0278  0.0278  0.0277  0.0278  0.0279  0.0276  0.0277  0.0278  0.0277  0.0277  0.0276  0.0277
  0.0282  0.0281  0.0279  0.0284  0.0284  0.0278  0.0280  0.0283  0.0280  0.0281  0.0278  0.0279
  0.0288  0.0285  0.0281  0.0294  0.0291  0.0285  0.0285  0.0291  0.0285  0.0288  0.0280  0.0281
niter,ni,del,rscale     3    3    5.0000    0.6000
parameters
   -1.0788   34.8041   -4.0597   -2.8829  -17.2677  -13.5115
    6.2468   -5.1384   -3.2146   31.2031    8.6503  -20.9353
eta,q 0.97252  7.79689
  0.0285  0.0283  0.0280  0.0291  0.0283  0.0285  0.0283  0.0287  0.0282  0.0287  0.0277  0.0277
  0.0280  0.0279  0.0277  0.0285  0.0278  0.0281  0.0279  0.0280  0.0278  0.0281  0.0276  0.0276
  0.0277  0.0276  0.0276  0.0279  0.0276  0.0278  0.0276  0.0276  0.0276  0.0277  0.0275  0.0275
  0.0276  0.0276  0.0276  0.0276  0.0275  0.0275  0.0275  0.0275  0.0275  0.0275  0.0275  0.0275
  0.0277  0.0276  0.0276  0.0276  0.0277  0.0275  0.0276  0.0276  0.0276  0.0276  0.0275  0.0276
  0.0280  0.0278  0.0277  0.0282  0.0281  0.0277  0.0278  0.0281  0.0278  0.0279  0.0277  0.0277
  0.0285  0.0282  0.0279  0.0290  0.0286  0.0283  0.0282  0.0287  0.0281  0.0285  0.0278  0.0279
niter,ni,del,rscale     2    3    5.0000    0.5000
parameters
   -1.0835   34.8187   -4.0188   -2.7780  -17.4441  -13.2209
    6.2542   -5.1389   -3.1301   31.2951    8.3911  -21.3509
eta,q 0.97256  7.80810
  0.0282  0.0280  0.0278  0.0287  0.0281  0.0282  0.0280  0.0284  0.0279  0.0283  0.0276  0.0276
  0.0278  0.0277  0.0276  0.0281  0.0277  0.0279  0.0277  0.0279  0.0277  0.0279  0.0275  0.0275
  0.0275  0.0275  0.0275  0.0277  0.0275  0.0276  0.0275  0.0275  0.0275  0.0276  0.0275  0.0274
  0.0275  0.0275  0.0275  0.0275  0.0275  0.0275  0.0274  0.0274  0.0274  0.0274  0.0274  0.0274
  0.0276  0.0275  0.0275  0.0276  0.0276  0.0274  0.0275  0.0276  0.0275  0.0275  0.0275  0.0275
  0.0278  0.0277  0.0276  0.0280  0.0278  0.0276  0.0277  0.0279  0.0276  0.0278  0.0276  0.0276
  0.0282  0.0279  0.0277  0.0286  0.0282  0.0280  0.0280  0.0283  0.0279  0.0282  0.0277  0.0277
niter,ni,del,rscale     1    3    5.0000    0.4000
parameters
   -1.0861   34.8209   -3.9878   -2.7106  -17.5357  -12.9610
    6.2418   -5.1344   -3.0469   31.3041    8.2309  -21.6911
eta,q 0.97258  7.81888
  0.0279  0.0277  0.0276  0.0283  0.0278  0.0280  0.0278  0.0280  0.0277  0.0280  0.0275  0.0275
  0.0276  0.0276  0.0275  0.0279  0.0276  0.0277  0.0276  0.0277  0.0276  0.0277  0.0275  0.0275
  0.0275  0.0275  0.0275  0.0276  0.0275  0.0276  0.0275  0.0275  0.0275  0.0275  0.0274  0.0274
  0.0274  0.0274  0.0274  0.0274  0.0274  0.0274  0.0274  0.0274  0.0274  0.0274  0.0274  0.0274
  0.0275  0.0275  0.0275  0.0275  0.0275  0.0274  0.0275  0.0275  0.0274  0.0275  0.0274  0.0274
  0.0276  0.0276  0.0275  0.0278  0.0277  0.0276  0.0276  0.0277  0.0275  0.0277  0.0275  0.0275
  0.0279  0.0277  0.0276  0.0282  0.0279  0.0278  0.0278  0.0280  0.0277  0.0280  0.0276  0.0276
registration optimization eta report
parameter search radius
    0.8000    0.8000    0.8000    2.4000    2.4000    2.4000
    2.4000    2.4000    2.4000    2.4000    2.4000    2.4000
100000*second partial in parameter space
       71.       48.       29.       14.        7.        8.
        6.       11.        5.        9.        3.        2.
  0.0279  0.0277  0.0276  0.0283  0.0278  0.0280  0.0278  0.0280  0.0277  0.0280  0.0275  0.0275
  0.0276  0.0276  0.0275  0.0279  0.0276  0.0277  0.0276  0.0277  0.0276  0.0277  0.0275  0.0275
  0.0275  0.0275  0.0275  0.0276  0.0275  0.0276  0.0275  0.0275  0.0275  0.0275  0.0274  0.0274
  0.0274  0.0274  0.0274  0.0274  0.0274  0.0274  0.0274  0.0274  0.0274  0.0274  0.0274  0.0274
  0.0275  0.0275  0.0275  0.0275  0.0275  0.0274  0.0275  0.0275  0.0274  0.0275  0.0274  0.0274
  0.0276  0.0276  0.0275  0.0278  0.0277  0.0276  0.0276  0.0277  0.0275  0.0277  0.0275  0.0275
  0.0279  0.0277  0.0276  0.0282  0.0279  0.0278  0.0278  0.0280  0.0277  0.0280  0.0276  0.0276
   -1.0861   34.8209   -3.9878   -2.7106  -17.5357  -12.9610
    6.2418   -5.1344   -3.0469   31.3041    8.2309  -21.6911
eta,q 0.97258  7.81888

---------------------------------------------------------------------
imgreg_4dfp /opt/freesurfer/average/711-2C_as_mni_average_305 /opt/freesurfer/average/711-2B_as_mni_average_305_mask talsrcimg_g11 none talsrcimg_to_711-2C_as_mni_average_305_t4 2311
---------------------------------------------------------------------

freesurfer imgreg_4dfp.c
/opt/freesurfer/average/711-2C_as_mni_average_305.4dfp.img
       256       256       256         1
  1.000000  1.000000  1.000000
orientation T byte_order littleendian
Reading image: /opt/freesurfer/average/711-2C_as_mni_average_305.4dfp.img
dimensions:      256       256       256
mmppix:       1.0000   -1.0000   -1.0000
center:     128.0000 -129.0000 -129.0000
/opt/freesurfer/average/711-2B_as_mni_average_305_mask.4dfp.img
       256       256       256         1
  1.000000  1.000000  1.000000
orientation T byte_order littleendian
Reading mask: /opt/freesurfer/average/711-2B_as_mni_average_305_mask.4dfp.img (2306576 pixels)
talsrcimg_g11.4dfp.img
       256       256       256         1
  1.000000  1.000000  1.000000
orientation T byte_order littleendian
Reading image: talsrcimg_g11.4dfp.img
dimensions:      256       256       256
mmppix:       1.0000   -1.0000   -1.0000
center:     128.0000 -129.0000 -129.0000
fimgreg.f
image alignment mode   2311 decimal      907 hex
parameters
   -1.0861   34.8209   -3.9878   -2.7106  -17.5357  -12.9610
    6.2418   -5.1344   -3.0469   31.3041    8.2309  -21.6911
eta,q 0.97258  7.81888
niter,ni,del,rscale     5    3    5.0000    0.8000
parameters
   -1.0499   34.8387   -3.9537   -2.9416  -17.4572  -13.3735
    6.2381   -4.9602   -2.9856   31.4830    8.1690  -21.2338
eta,q 0.97254  7.79838
  0.0293  0.0287  0.0282  0.0296  0.0291  0.0288  0.0288  0.0297  0.0287  0.0294  0.0280  0.0281
  0.0283  0.0280  0.0278  0.0287  0.0282  0.0282  0.0281  0.0285  0.0280  0.0285  0.0277  0.0278
  0.0276  0.0276  0.0275  0.0278  0.0276  0.0277  0.0276  0.0278  0.0276  0.0278  0.0275  0.0276
  0.0274  0.0274  0.0274  0.0274  0.0274  0.0274  0.0275  0.0275  0.0275  0.0275  0.0275  0.0275
  0.0276  0.0276  0.0275  0.0278  0.0276  0.0276  0.0276  0.0277  0.0276  0.0276  0.0275  0.0275
  0.0282  0.0280  0.0277  0.0289  0.0281  0.0283  0.0281  0.0284  0.0280  0.0282  0.0277  0.0276
  0.0291  0.0286  0.0281  0.0303  0.0290  0.0298  0.0288  0.0294  0.0286  0.0292  0.0280  0.0279
niter,ni,del,rscale     4    3    5.0000    0.7000
parameters
   -1.0552   34.8703   -4.0174   -2.9005  -17.4889  -13.4557
    6.1830   -4.9517   -2.9950   31.4938    8.2728  -21.1993
eta,q 0.97254  7.79465
  0.0288  0.0284  0.0280  0.0294  0.0287  0.0286  0.0285  0.0291  0.0284  0.0289  0.0279  0.0279
  0.0280  0.0279  0.0277  0.0286  0.0280  0.0281  0.0279  0.0282  0.0279  0.0282  0.0277  0.0276
  0.0276  0.0276  0.0275  0.0279  0.0276  0.0277  0.0276  0.0276  0.0276  0.0277  0.0275  0.0275
  0.0275  0.0275  0.0275  0.0275  0.0275  0.0275  0.0275  0.0275  0.0275  0.0275  0.0275  0.0275
  0.0276  0.0276  0.0276  0.0276  0.0276  0.0275  0.0276  0.0277  0.0276  0.0276  0.0275  0.0275
  0.0281  0.0279  0.0277  0.0284  0.0280  0.0280  0.0279  0.0282  0.0279  0.0281  0.0276  0.0276
  0.0288  0.0283  0.0281  0.0295  0.0287  0.0290  0.0285  0.0291  0.0283  0.0289  0.0278  0.0279
niter,ni,del,rscale     3    3    5.0000    0.6000
parameters
   -1.0519   34.8691   -4.0326   -2.8162  -17.5212  -13.3559
    6.1693   -4.9977   -3.0200   31.4677    8.2702  -21.3381
eta,q 0.97255  7.80015
  0.0285  0.0282  0.0279  0.0290  0.0284  0.0284  0.0282  0.0287  0.0281  0.0286  0.0278  0.0277
  0.0279  0.0278  0.0276  0.0284  0.0279  0.0280  0.0278  0.0280  0.0277  0.0280  0.0276  0.0276
  0.0276  0.0275  0.0275  0.0278  0.0276  0.0277  0.0275  0.0276  0.0275  0.0276  0.0275  0.0275
  0.0275  0.0275  0.0275  0.0275  0.0275  0.0275  0.0274  0.0274  0.0274  0.0275  0.0274  0.0274
  0.0276  0.0276  0.0275  0.0276  0.0276  0.0275  0.0275  0.0276  0.0275  0.0276  0.0275  0.0275
  0.0279  0.0278  0.0277  0.0282  0.0279  0.0278  0.0278  0.0281  0.0278  0.0280  0.0276  0.0276
  0.0284  0.0281  0.0279  0.0290  0.0284  0.0285  0.0282  0.0287  0.0281  0.0286  0.0278  0.0278
niter,ni,del,rscale     2    3    5.0000    0.5000
parameters
   -1.0583   34.8529   -4.0178   -2.7433  -17.5540  -13.1683
    6.1776   -5.0429   -3.0229   31.4191    8.1869  -21.5509
eta,q 0.97257  7.80921
  0.0281  0.0279  0.0277  0.0287  0.0281  0.0282  0.0280  0.0283  0.0279  0.0282  0.0276  0.0276
  0.0277  0.0276  0.0276  0.0281  0.0277  0.0279  0.0277  0.0278  0.0276  0.0278  0.0275  0.0275
  0.0275  0.0275  0.0275  0.0277  0.0275  0.0276  0.0275  0.0275  0.0275  0.0275  0.0275  0.0274
  0.0274  0.0274  0.0274  0.0274  0.0274  0.0274  0.0274  0.0274  0.0274  0.0274  0.0274  0.0274
  0.0275  0.0275  0.0275  0.0275  0.0275  0.0274  0.0275  0.0276  0.0275  0.0275  0.0275  0.0275
  0.0278  0.0277  0.0276  0.0280  0.0278  0.0277  0.0277  0.0279  0.0276  0.0278  0.0275  0.0275
  0.0281  0.0279  0.0277  0.0286  0.0281  0.0281  0.0280  0.0284  0.0279  0.0283  0.0277  0.0277
niter,ni,del,rscale     1    3    5.0000    0.4000
parameters
   -1.0645   34.8330   -3.9882   -2.6911  -17.5829  -12.9374
    6.1932   -5.0765   -2.9873   31.3626    8.1108  -21.7789
eta,q 0.97259  7.81941
  0.0279  0.0277  0.0276  0.0283  0.0278  0.0280  0.0278  0.0280  0.0277  0.0279  0.0276  0.0275
  0.0276  0.0276  0.0275  0.0279  0.0276  0.0277  0.0276  0.0277  0.0276  0.0276  0.0275  0.0275
  0.0275  0.0275  0.0275  0.0276  0.0275  0.0275  0.0275  0.0275  0.0274  0.0275  0.0274  0.0274
  0.0274  0.0274  0.0274  0.0274  0.0274  0.0274  0.0274  0.0274  0.0274  0.0274  0.0274  0.0274
  0.0275  0.0275  0.0274  0.0275  0.0275  0.0274  0.0275  0.0275  0.0274  0.0275  0.0274  0.0274
  0.0276  0.0276  0.0275  0.0278  0.0276  0.0276  0.0276  0.0277  0.0275  0.0277  0.0275  0.0275
  0.0279  0.0278  0.0276  0.0282  0.0279  0.0278  0.0278  0.0281  0.0277  0.0280  0.0276  0.0276
registration optimization eta report
parameter search radius
    0.8000    0.8000    0.8000    2.4000    2.4000    2.4000
    2.4000    2.4000    2.4000    2.4000    2.4000    2.4000
100000*second partial in parameter space
       70.       48.       30.       14.        7.        8.
        6.       11.        5.        9.        3.        2.
  0.0279  0.0277  0.0276  0.0283  0.0278  0.0280  0.0278  0.0280  0.0277  0.0279  0.0276  0.0275
  0.0276  0.0276  0.0275  0.0279  0.0276  0.0277  0.0276  0.0277  0.0276  0.0276  0.0275  0.0275
  0.0275  0.0275  0.0275  0.0276  0.0275  0.0275  0.0275  0.0275  0.0274  0.0275  0.0274  0.0274
  0.0274  0.0274  0.0274  0.0274  0.0274  0.0274  0.0274  0.0274  0.0274  0.0274  0.0274  0.0274
  0.0275  0.0275  0.0274  0.0275  0.0275  0.0274  0.0275  0.0275  0.0274  0.0275  0.0274  0.0274
  0.0276  0.0276  0.0275  0.0278  0.0276  0.0276  0.0276  0.0277  0.0275  0.0277  0.0275  0.0275
  0.0279  0.0278  0.0276  0.0282  0.0279  0.0278  0.0278  0.0281  0.0277  0.0280  0.0276  0.0276
   -1.0645   34.8330   -3.9882   -2.6911  -17.5829  -12.9374
    6.1932   -5.0765   -2.9873   31.3626    8.1108  -21.7789
eta,q 0.97259  7.81941

---------------------------------------------------------------------
compute_vox2vox talsrcimg talsrcimg_to_711-2C_as_mni_average_305_t4 /opt/freesurfer/average/711-2C_as_mni_average_305
---------------------------------------------------------------------

freesurfer compute_vox2vox.c
Reading: talsrcimg.4dfp.ifh
Reading: talsrcimg_to_711-2C_as_mni_average_305_t4
Reading: /opt/freesurfer/average/711-2C_as_mni_average_305.4dfp.ifh
Writing: talsrcimg_to_711-2C_as_mni_average_305_t4_vox2vox.txt

start time Tue Mar 10 06:48:39 CET 2026
end		time Tue Mar 10 06:48:53 CET 2026

mpr2mni305 success

avi2talxfm orig_nu.mgz /opt/freesurfer/average/mni305.cor.mgz talsrcimg_to_711-2C_as_mni_average_305_t4_vox2vox.txt transforms/talairach.auto.xfm
avi2talxfm done
mv -f /out/sourcedata/freesurfer/sub-v1s8x0051335_ses-1/mri/talsrcimg_to_711-2C_as_mni_average_305_t4_vox2vox.txt /out/sourcedata/freesurfer/sub-v1s8x0051335_ses-1/mri/transforms/talsrcimg_to_711-2C_as_mni_average_305_t4_vox2vox.txt
lta_convert --src orig_nu.mgz --trg /opt/freesurfer/average/mni305.cor.mgz --inxfm transforms/talairach.auto.xfm --outlta transforms/talairach.auto.xfm.lta --subject fsaverage
7.3.2

--src: orig_nu.mgz src image (geometry).
--trg: /opt/freesurfer/average/mni305.cor.mgz trg image (geometry).
--inmni: transforms/talairach.auto.xfm input MNI/XFM transform.
--outlta: transforms/talairach.auto.xfm.lta output LTA.
--s: fsaverage subject name
 LTA read, type : 1
 1.01933   0.07946  -0.05560   4.44437;
-0.07827   1.04266   0.28141   3.18264;
 0.06673  -0.39389   1.10424  -2.83119;
 0.00000   0.00000   0.00000   1.00000;
setting subject to fsaverage
Writing  LTA to file transforms/talairach.auto.xfm.lta...
lta_convert successful.
 
 
Started at Tue Mar 10 06:48:39 CET 2026
Ended   at Tue Mar 10 06:48:53 CET 2026
talairach_avi done
