/out/sourcedata/freesurfer/sub-v1s8x0051346_ses-1/mri
/opt/freesurfer/bin/talairach_avi
--i orig_nu.mgz --xfm transforms/talairach.auto.xfm
talairach_avi 7.3.2
Linux dna063 5.14.0-427.37.1.el9_4.x86_64 #1 SMP PREEMPT_DYNAMIC Fri Sep 13 12:41:50 EDT 2024 x86_64 x86_64 x86_64 GNU/Linux
Tue Mar 10 07:01:15 CET 2026
mri_convert orig_nu.mgz talsrcimg.img 
reading from orig_nu.mgz...
TR=0.00, TE=0.00, TI=0.00, flip angle=0.00
i_ras = (-1, 0, 0)
j_ras = (0, 0, -1)
k_ras = (0, 1, 0)
writing to talsrcimg.img...
Analyze Output Matrix
-1.00000   0.00000   0.00000   129.29367;
 0.00000   0.00000   1.00000  -130.27589;
 0.00000  -1.00000   0.00000   123.87408;
 0.00000   0.00000   0.00000   1.00000;
--------------------
INFO: set hdr.hist.orient to -1
mpr2mni305 talsrcimg
Tue Mar 10 07:01:16 CET 2026
/opt/freesurfer/bin/mpr2mni305 talsrcimg
mpr2mni305 7.3.2
target=711-2C_as_mni_average_305

---------------------------------------------------------------------
analyzeto4dfp talsrcimg -O0 -y
---------------------------------------------------------------------

freesurfer ifh2hdr.c
Tue Mar 10 07:01:16 2026
Writing: talsrcimg.4dfp.hdr
freesurfer analyzeto4dfp.c
Reading: talsrcimg.hdr
header size 348 bytes
hdr.dime.datatype	offset=70	value=2
hdr.dime.bitpix		offset=72	value=8
hdr.hist.orient		offset=252	value=-1
dimensionality     4
dimensions       256       256       256         1
Reading: talsrcimg.img
Writing: talsrcimg.4dfp.img
Writing: talsrcimg.4dfp.ifh
ifh2hdr talsrcimg -r0to233
ori=2

---------------------------------------------------------------------
gauss_4dfp talsrcimg 1.1
---------------------------------------------------------------------

freesurfer gauss_4dfp.c
Reading: talsrcimg.4dfp.img
Writing: talsrcimg_g11.4dfp.img
image dimensions 256 256 256 padded to 288 288 288
processing volume 1freesurfer ifh2hdr.c
Tue Mar 10 07:01:17 2026
Writing: talsrcimg_g11.4dfp.hdr

Writing: talsrcimg_g11.4dfp.ifh
including: talsrcimg.4dfp.img.rec in talsrcimg_g11.4dfp.img.rec

---------------------------------------------------------------------
imgreg_4dfp /opt/freesurfer/average/711-2C_as_mni_average_305 none talsrcimg_g11 none talsrcimg_to_711-2C_as_mni_average_305_t4 4355
---------------------------------------------------------------------

freesurfer imgreg_4dfp.c
/opt/freesurfer/average/711-2C_as_mni_average_305.4dfp.img
       256       256       256         1
  1.000000  1.000000  1.000000
orientation T byte_order littleendian
Reading image: /opt/freesurfer/average/711-2C_as_mni_average_305.4dfp.img
dimensions:      256       256       256
mmppix:       1.0000   -1.0000   -1.0000
center:     128.0000 -129.0000 -129.0000
talsrcimg_g11.4dfp.img
       256       256       256         1
  1.000000  1.000000  1.000000
orientation T byte_order littleendian
Reading image: talsrcimg_g11.4dfp.img
dimensions:      256       256       256
mmppix:       1.0000   -1.0000   -1.0000
center:     128.0000 -129.0000 -129.0000
t4_read: open error in t4_sub.f l:  41 t4_file(1:l)talsrcimg_to_711-2C_as_mni_average_305_t4 
t4_read: transform initialized to I4
rotation matrix determinant  1.000000
image alignment mode   4355 decimal     1103 hex
   -7.5000  -45.0000  -45.0000 6326.2197   15.9039
    0.0000  -45.0000  -45.0000 6589.0586   15.9328
    7.5000  -45.0000  -45.0000 6351.7422   15.9555
   -7.5000  -37.5000  -45.0000 6914.7988   15.4020
    0.0000  -37.5000  -45.0000 7208.4731   15.4307
    7.5000  -37.5000  -45.0000 6966.3257   15.4532
   -7.5000  -30.0000  -45.0000 7823.5503   15.0607
    0.0000  -30.0000  -45.0000 8164.9077   15.0810
    7.5000  -30.0000  -45.0000 7864.0654   15.0954
   -7.5000  -22.5000  -45.0000 8756.6152   14.8288
    0.0000  -22.5000  -45.0000 9149.3545   14.8425
    7.5000  -22.5000  -45.0000 8797.0322   14.8524
   -7.5000  -15.0000  -45.0000 9731.1621   14.7498
    0.0000  -15.0000  -45.000010183.4502   14.7627
    7.5000  -15.0000  -45.0000 9759.6406   14.7737
   -7.5000   -7.5000  -45.000010695.5576   14.7089
    0.0000   -7.5000  -45.000011189.1143   14.7277
    7.5000   -7.5000  -45.000010713.3682   14.7444
   -7.5000    0.0000  -45.000011586.1572   14.6850
    0.0000    0.0000  -45.000012138.5420   14.7097
    7.5000    0.0000  -45.000011604.2041   14.7297
   -7.5000    7.5000  -45.000011605.3096   14.6681
    0.0000    7.5000  -45.000012148.2031   14.6927
    7.5000    7.5000  -45.000011582.4541   14.7109
   -7.5000   15.0000  -45.000011462.7598   14.6729
    0.0000   15.0000  -45.000012000.1113   14.6919
    7.5000   15.0000  -45.000011415.7314   14.7053
   -7.5000   22.5000  -45.000011275.4121   14.6946
    0.0000   22.5000  -45.000011801.5156   14.7077
    7.5000   22.5000  -45.000011227.9443   14.7173
   -7.5000   30.0000  -45.000011020.8838   14.5177
    0.0000   30.0000  -45.000011538.6318   14.5303
    7.5000   30.0000  -45.000010990.5498   14.5413
   -7.5000   37.5000  -45.000010971.7822   14.5106
    0.0000   37.5000  -45.000011454.6211   14.5291
    7.5000   37.5000  -45.000010925.3770   14.5456
   -7.5000   45.0000  -45.000010490.9072   14.1214
    0.0000   45.0000  -45.000010945.4717   14.1451
    7.5000   45.0000  -45.000010422.4805   14.1644
   -7.5000  -45.0000  -37.5000 6631.6572   15.8720
    0.0000  -45.0000  -37.5000 6922.0674   15.9053
    7.5000  -45.0000  -37.5000 6660.1821   15.9239
   -7.5000  -37.5000  -37.5000 7250.8442   15.3666
    0.0000  -37.5000  -37.5000 7564.4082   15.4013
    7.5000  -37.5000  -37.5000 7290.1655   15.4226
   -7.5000  -30.0000  -37.5000 8222.3105   15.0210
    0.0000  -30.0000  -37.5000 8578.1631   15.0488
    7.5000  -30.0000  -37.5000 8239.3584   15.0649
   -7.5000  -22.5000  -37.5000 9250.2715   14.7905
    0.0000  -22.5000  -37.5000 9665.8408   14.8115
    7.5000  -22.5000  -37.5000 9257.8730   14.8220
   -7.5000  -15.0000  -37.500010280.7100   14.7179
    0.0000  -15.0000  -37.500010760.2930   14.7363
    7.5000  -15.0000  -37.500010300.7041   14.7449
   -7.5000   -7.5000  -37.500011277.3662   14.6822
    0.0000   -7.5000  -37.500011828.3926   14.7050
    7.5000   -7.5000  -37.500011301.5645   14.7174
   -7.5000    0.0000  -37.500012214.8486   14.6592
    0.0000    0.0000  -37.500012821.9746   14.6879
    7.5000    0.0000  -37.500012218.3389   14.7042
   -7.5000    7.5000  -37.500012252.3906   14.6372
    0.0000    7.5000  -37.500012818.2832   14.6671
    7.5000    7.5000  -37.500012211.3115   14.6847
   -7.5000   15.0000  -37.500012101.2334   14.6353
    0.0000   15.0000  -37.500012647.1787   14.6614
    7.5000   15.0000  -37.500012022.5430   14.6764
   -7.5000   22.5000  -37.500011905.5723   14.6567
    0.0000   22.5000  -37.500012452.6982   14.6770
    7.5000   22.5000  -37.500011820.5586   14.6872
   -7.5000   30.0000  -37.500011626.8779   14.4859
    0.0000   30.0000  -37.500012156.9023   14.5039
    7.5000   30.0000  -37.500011549.4902   14.5125
   -7.5000   37.5000  -37.500011555.5947   14.4842
    0.0000   37.5000  -37.500012068.0264   14.5066
    7.5000   37.5000  -37.500011459.1211   14.5189
   -7.5000   45.0000  -37.500011027.5557   14.0966
    0.0000   45.0000  -37.500011523.2090   14.1242
    7.5000   45.0000  -37.500010933.3037   14.1399
   -7.5000  -45.0000  -30.0000 7046.8721   16.5259
    0.0000  -45.0000  -30.0000 7348.1001   16.5622
    7.5000  -45.0000  -30.0000 7081.3467   16.5762
   -7.5000  -37.5000  -30.0000 7728.9556   15.9974
    0.0000  -37.5000  -30.0000 8055.4463   16.0357
    7.5000  -37.5000  -30.0000 7756.8242   16.0532
   -7.5000  -30.0000  -30.0000 8781.2373   15.6280
    0.0000  -30.0000  -30.0000 9175.8193   15.6617
    7.5000  -30.0000  -30.0000 8806.4043   15.6778
   -7.5000  -22.5000  -30.0000 9905.8525   15.3830
    0.0000  -22.5000  -30.000010355.8809   15.4118
    7.5000  -22.5000  -30.0000 9916.5986   15.4242
   -7.5000  -15.0000  -30.000011022.5439   15.3112
    0.0000  -15.0000  -30.000011521.2002   15.3375
    7.5000  -15.0000  -30.000011029.6533   15.3468
   -7.5000   -7.5000  -30.000012078.2988   15.2828
    0.0000   -7.5000  -30.000012654.7871   15.3105
    7.5000   -7.5000  -30.000012089.2754   15.3207
   -7.5000    0.0000  -30.000013086.6123   15.2652
    0.0000    0.0000  -30.000013714.3633   15.2964
    7.5000    0.0000  -30.000013071.5410   15.3085
   -7.5000    7.5000  -30.000013119.3574   15.2397
    0.0000    7.5000  -30.000013707.5664   15.2727
    7.5000    7.5000  -30.000013061.8242   15.2871
   -7.5000   15.0000  -30.000012944.9326   15.2282
    0.0000   15.0000  -30.000013494.8105   15.2598
    7.5000   15.0000  -30.000012827.9658   15.2750
   -7.5000   22.5000  -30.000012727.8857   15.2428
    0.0000   22.5000  -30.000013293.2158   15.2709
    7.5000   22.5000  -30.000012595.8496   15.2830
   -7.5000   30.0000  -30.000012419.7422   15.0712
    0.0000   30.0000  -30.000012973.7344   15.0969
    7.5000   30.0000  -30.000012294.5547   15.1063
   -7.5000   37.5000  -30.000012376.1807   15.0780
    0.0000   37.5000  -30.000012917.8984   15.1053
    7.5000   37.5000  -30.000012233.9766   15.1154
   -7.5000   45.0000  -30.000011754.7480   14.6901
    0.0000   45.0000  -30.000012290.9102   14.7201
    7.5000   45.0000  -30.000011634.9258   14.7317
   -7.5000  -45.0000  -22.5000 7487.8330   17.0638
    0.0000  -45.0000  -22.5000 7812.5254   17.0987
    7.5000  -45.0000  -22.5000 7504.2012   17.1126
   -7.5000  -37.5000  -22.5000 8229.1416   16.5237
    0.0000  -37.5000  -22.5000 8583.7354   16.5592
    7.5000  -37.5000  -22.5000 8242.8613   16.5737
   -7.5000  -30.0000  -22.5000 9360.1895   16.1408
    0.0000  -30.0000  -22.5000 9777.8789   16.1720
    7.5000  -30.0000  -22.5000 9377.1055   16.1853
   -7.5000  -22.5000  -22.500010549.8320   15.8829
    0.0000  -22.5000  -22.500011018.9219   15.9111
    7.5000  -22.5000  -22.500010551.4932   15.9239
   -7.5000  -15.0000  -22.500011728.4141   15.8052
    0.0000  -15.0000  -22.500012258.2061   15.8329
    7.5000  -15.0000  -22.500011720.7139   15.8452
   -7.5000   -7.5000  -22.500012864.6094   15.7773
    0.0000   -7.5000  -22.500013489.7637   15.8059
    7.5000   -7.5000  -22.500012873.1543   15.8182
   -7.5000    0.0000  -22.500013936.1846   15.7640
    0.0000    0.0000  -22.500014599.8418   15.7936
    7.5000    0.0000  -22.500013904.4082   15.8050
   -7.5000    7.5000  -22.500013958.0225   15.7417
    0.0000    7.5000  -22.500014592.9209   15.7720
    7.5000    7.5000  -22.500013885.6738   15.7835
   -7.5000   15.0000  -22.500013760.5293   15.7293
    0.0000   15.0000  -22.500014370.6162   15.7585
    7.5000   15.0000  -22.500013636.1797   15.7711
   -7.5000   22.5000  -22.500013514.5830   15.7381
    0.0000   22.5000  -22.500014136.2324   15.7656
    7.5000   22.5000  -22.500013378.6592   15.7781
   -7.5000   30.0000  -22.500013223.0479   15.5602
    0.0000   30.0000  -22.500013805.5791   15.5873
    7.5000   30.0000  -22.500013060.4531   15.5996
   -7.5000   37.5000  -22.500013191.3740   15.5683
    0.0000   37.5000  -22.500013776.6162   15.5965
    7.5000   37.5000  -22.500013018.8174   15.6087
   -7.5000   45.0000  -22.500012488.0889   15.1815
    0.0000   45.0000  -22.500013062.2939   15.2101
    7.5000   45.0000  -22.500012345.3584   15.2210
   -7.5000  -45.0000  -15.0000 7929.3018   17.4584
    0.0000  -45.0000  -15.0000 8241.8955   17.4895
    7.5000  -45.0000  -15.0000 7907.6436   17.5069
   -7.5000  -37.5000  -15.0000 8726.7656   16.9126
    0.0000  -37.5000  -15.0000 9094.0576   16.9424
    7.5000  -37.5000  -15.0000 8704.9805   16.9569
   -7.5000  -30.0000  -15.0000 9903.4512   16.5276
    0.0000  -30.0000  -15.000010357.0283   16.5512
    7.5000  -30.0000  -15.0000 9905.5117   16.5615
   -7.5000  -22.5000  -15.000011122.5811   16.2635
    0.0000  -22.5000  -15.000011643.2588   16.2841
    7.5000  -22.5000  -15.000011127.7822   16.2954
   -7.5000  -15.0000  -15.000012358.0029   16.1774
    0.0000  -15.0000  -15.000012960.1895   16.1997
    7.5000  -15.0000  -15.000012386.0703   16.2140
   -7.5000   -7.5000  -15.000013582.8926   16.1428
    0.0000   -7.5000  -15.000014255.6084   16.1680
    7.5000   -7.5000  -15.000013617.7314   16.1843
   -7.5000    0.0000  -15.000014719.6211   16.1282
    0.0000    0.0000  -15.000015437.2061   16.1544
    7.5000    0.0000  -15.000014744.5615   16.1686
   -7.5000    7.5000  -15.000014750.8320   16.1114
    0.0000    7.5000  -15.000015430.4961   16.1365
    7.5000    7.5000  -15.000014717.0146   16.1475
   -7.5000   15.0000  -15.000014556.0381   16.1062
    0.0000   15.0000  -15.000015172.5303   16.1281
    7.5000   15.0000  -15.000014435.2412   16.1378
   -7.5000   22.5000  -15.000014270.2402   16.1150
    0.0000   22.5000  -15.000014882.0508   16.1349
    7.5000   22.5000  -15.000014134.7500   16.1460
   -7.5000   30.0000  -15.000013976.8555   15.9294
    0.0000   30.0000  -15.000014568.8223   15.9512
    7.5000   30.0000  -15.000013819.1504   15.9655
   -7.5000   37.5000  -15.000013951.5840   15.9313
    0.0000   37.5000  -15.000014580.5059   15.9561
    7.5000   37.5000  -15.000013793.0537   15.9722
   -7.5000   45.0000  -15.000013203.9951   15.5417
    0.0000   45.0000  -15.000013798.6904   15.5668
    7.5000   45.0000  -15.000013054.7705   15.5806
   -7.5000  -45.0000   -7.5000 8315.5117   17.6783
    0.0000  -45.0000   -7.5000 8673.0947   17.7076
    7.5000  -45.0000   -7.5000 8281.0293   17.7302
   -7.5000  -37.5000   -7.5000 9195.9102   17.1269
    0.0000  -37.5000   -7.5000 9608.2695   17.1545
    7.5000  -37.5000   -7.5000 9156.4248   17.1740
   -7.5000  -30.0000   -7.500010438.9502   16.7459
    0.0000  -30.0000   -7.500010923.3779   16.7652
    7.5000  -30.0000   -7.500010431.8184   16.7768
   -7.5000  -22.5000   -7.500011726.8672   16.4834
    0.0000  -22.5000   -7.500012259.3594   16.4978
    7.5000  -22.5000   -7.500011728.3262   16.5085
   -7.5000  -15.0000   -7.500013022.8877   16.3929
    0.0000  -15.0000   -7.500013628.1289   16.4087
    7.5000  -15.0000   -7.500013068.1826   16.4232
   -7.5000   -7.5000   -7.500014302.8291   16.3501
    0.0000   -7.5000   -7.500015007.2891   16.3714
    7.5000   -7.5000   -7.500014369.2051   16.3907
   -7.5000    0.0000   -7.500015514.5039   16.3290
    0.0000    0.0000   -7.500016289.6543   16.3537
    7.5000    0.0000   -7.500015626.0049   16.3731
   -7.5000    7.5000   -7.500015560.3477   16.3139
    0.0000    7.5000   -7.500016304.8887   16.3372
    7.5000    7.5000   -7.500015600.2012   16.3524
   -7.5000   15.0000   -7.500015382.8047   16.3173
    0.0000   15.0000   -7.500016004.4971   16.3353
    7.5000   15.0000   -7.500015297.2812   16.3461
   -7.5000   22.5000   -7.500015049.5586   16.3304
    0.0000   22.5000   -7.500015601.4072   16.3442
    7.5000   22.5000   -7.500014915.8438   16.3546
   -7.5000   30.0000   -7.500014747.5908   16.1413
    0.0000   30.0000   -7.500015260.2002   16.1567
    7.5000   30.0000   -7.500014584.7119   16.1712
   -7.5000   37.5000   -7.500014740.7080   16.1355
    0.0000   37.5000   -7.500015315.5586   16.1564
    7.5000   37.5000   -7.500014604.8740   16.1755
   -7.5000   45.0000   -7.500013992.8672   15.7381
    0.0000   45.0000   -7.500014551.4492   15.7619
    7.5000   45.0000   -7.500013834.1904   15.7806
   -7.5000  -45.0000    0.0000 8656.1230   17.7423
    0.0000  -45.0000    0.0000 9020.0742   17.7746
    7.5000  -45.0000    0.0000 8603.3154   17.7998
   -7.5000  -37.5000    0.0000 9569.2715   17.1845
    0.0000  -37.5000    0.0000 9987.7959   17.2165
    7.5000  -37.5000    0.0000 9532.9131   17.2414
   -7.5000  -30.0000    0.000010863.6836   16.8054
    0.0000  -30.0000    0.000011351.2158   16.8283
    7.5000  -30.0000    0.000010879.9961   16.8440
   -7.5000  -22.5000    0.000012200.3164   16.5478
    0.0000  -22.5000    0.000012778.5400   16.5632
    7.5000  -22.5000    0.000012235.7295   16.5741
   -7.5000  -15.0000    0.000013540.7764   16.4596
    0.0000  -15.0000    0.000014220.8613   16.4740
    7.5000  -15.0000    0.000013595.4463   16.4864
   -7.5000   -7.5000    0.000014835.5986   16.4134
    0.0000   -7.5000    0.000015613.3809   16.4344
    7.5000   -7.5000    0.000014931.2109   16.4531
   -7.5000    0.0000    0.000016100.6113   16.3864
    0.0000    0.0000    0.000016927.6621   16.4140
    7.5000    0.0000    0.000016240.3428   16.4361
   -7.5000    7.5000    0.000016195.5449   16.3680
    0.0000    7.5000    0.000017026.7402   16.3955
    7.5000    7.5000    0.000016335.8369   16.4155
   -7.5000   15.0000    0.000016174.6572   16.3739
    0.0000   15.0000    0.000016849.2422   16.3952
    7.5000   15.0000    0.000016215.7705   16.4099
   -7.5000   22.5000    0.000015943.5996   16.3931
    0.0000   22.5000    0.000016410.8691   16.4079
    7.5000   22.5000    0.000015803.6465   16.4185
   -7.5000   30.0000    0.000015634.9209   16.2070
    0.0000   30.0000    0.000016037.0049   16.2211
    7.5000   30.0000    0.000015394.9316   16.2335
   -7.5000   37.5000    0.000015606.5654   16.1984
    0.0000   37.5000    0.000016106.6211   16.2191
    7.5000   37.5000    0.000015362.0977   16.2375
   -7.5000   45.0000    0.000014764.6504   15.7946
    0.0000   45.0000    0.000015323.3818   15.8212
    7.5000   45.0000    0.000014503.1543   15.8426
   -7.5000  -45.0000    7.5000 8274.9346   17.7589
    0.0000  -45.0000    7.5000 8635.9746   17.7961
    7.5000  -45.0000    7.5000 8225.6719   17.8169
   -7.5000  -37.5000    7.5000 9171.6055   17.1934
    0.0000  -37.5000    7.5000 9590.0859   17.2322
    7.5000  -37.5000    7.5000 9167.5898   17.2561
   -7.5000  -30.0000    7.500010445.4648   16.8067
    0.0000  -30.0000    7.500010944.0791   16.8379
    7.5000  -30.0000    7.500010494.1045   16.8559
   -7.5000  -22.5000    7.500011732.1367   16.5489
    0.0000  -22.5000    7.500012288.5908   16.5725
    7.5000  -22.5000    7.500011786.1738   16.5842
   -7.5000  -15.0000    7.500013018.6709   16.4677
    0.0000  -15.0000    7.500013648.5020   16.4883
    7.5000  -15.0000    7.500013081.4785   16.4980
   -7.5000   -7.5000    7.500014267.5264   16.4278
    0.0000   -7.5000    7.500014962.7432   16.4532
    7.5000   -7.5000    7.500014374.3877   16.4672
   -7.5000    0.0000    7.500015458.9619   16.4020
    0.0000    0.0000    7.500016210.8213   16.4341
    7.5000    0.0000    7.500015623.9434   16.4524
   -7.5000    7.5000    7.500015620.8291   16.3774
    0.0000    7.5000    7.500016480.9844   16.4109
    7.5000    7.5000    7.500015809.6914   16.4305
   -7.5000   15.0000    7.500015717.0391   16.3753
    0.0000   15.0000    7.500016630.5000   16.4044
    7.5000   15.0000    7.500015895.4697   16.4213
   -7.5000   22.5000    7.500015589.3447   16.3939
    0.0000   22.5000    7.500016318.7803   16.4167
    7.5000   22.5000    7.500015582.4277   16.4281
   -7.5000   30.0000    7.500015218.1191   16.2144
    0.0000   30.0000    7.500015808.9434   16.2346
    7.5000   30.0000    7.500015059.5176   16.2443
   -7.5000   37.5000    7.500015090.5918   16.2125
    0.0000   37.5000    7.500015672.7490   16.2376
    7.5000   37.5000    7.500014845.1865   16.2514
   -7.5000   45.0000    7.500014238.8545   15.8097
    0.0000   45.0000    7.500014812.4883   15.8406
    7.5000   45.0000    7.500013983.3232   15.8583
   -7.5000  -45.0000   15.0000 7781.7632   17.7527
    0.0000  -45.0000   15.0000 8130.7402   17.7917
    7.5000  -45.0000   15.0000 7764.5762   17.8067
   -7.5000  -37.5000   15.0000 8654.8701   17.1852
    0.0000  -37.5000   15.0000 9051.4424   17.2263
    7.5000  -37.5000   15.0000 8682.0029   17.2451
   -7.5000  -30.0000   15.0000 9883.2832   16.7883
    0.0000  -30.0000   15.000010353.9248   16.8244
    7.5000  -30.0000   15.0000 9947.3428   16.8417
   -7.5000  -22.5000   15.000011093.9795   16.5249
    0.0000  -22.5000   15.000011635.9609   16.5559
    7.5000  -22.5000   15.000011169.1768   16.5692
   -7.5000  -15.0000   15.000012350.9932   16.4478
    0.0000  -15.0000   15.000012984.5518   16.4760
    7.5000  -15.0000   15.000012426.6064   16.4860
   -7.5000   -7.5000   15.000013614.5508   16.4172
    0.0000   -7.5000   15.000014336.6611   16.4470
    7.5000   -7.5000   15.000013684.2148   16.4579
   -7.5000    0.0000   15.000014822.1133   16.3984
    0.0000    0.0000   15.000015627.1768   16.4319
    7.5000    0.0000   15.000014883.2881   16.4448
   -7.5000    7.5000   15.000014986.5879   16.3710
    0.0000    7.5000   15.000015860.3359   16.4064
    7.5000    7.5000   15.000015056.2979   16.4218
   -7.5000   15.0000   15.000014983.2588   16.3587
    0.0000   15.0000   15.000015828.4639   16.3925
    7.5000   15.0000   15.000015023.7832   16.4088
   -7.5000   22.5000   15.000014767.4570   16.3707
    0.0000   22.5000   15.000015416.9893   16.4008
    7.5000   22.5000   15.000014652.1582   16.4138
   -7.5000   30.0000   15.000014328.8867   16.1946
    0.0000   30.0000   15.000014907.2412   16.2223
    7.5000   30.0000   15.000014179.6055   16.2324
   -7.5000   37.5000   15.000014244.4619   16.2020
    0.0000   37.5000   15.000014838.3857   16.2314
    7.5000   37.5000   15.000014069.6650   16.2422
   -7.5000   45.0000   15.000013489.1035   15.8062
    0.0000   45.0000   15.000014042.9326   15.8384
    7.5000   45.0000   15.000013297.5215   15.8509
   -7.5000  -45.0000   22.5000 7200.1133   17.8008
    0.0000  -45.0000   22.5000 7529.7422   17.8373
    7.5000  -45.0000   22.5000 7205.9185   17.8522
   -7.5000  -37.5000   22.5000 8046.9141   17.2382
    0.0000  -37.5000   22.5000 8430.2207   17.2752
    7.5000  -37.5000   22.5000 8087.7983   17.2908
   -7.5000  -30.0000   22.5000 9243.8232   16.8371
    0.0000  -30.0000   22.5000 9696.2568   16.8696
    7.5000  -30.0000   22.5000 9293.0918   16.8840
   -7.5000  -22.5000   22.500010432.2959   16.5669
    0.0000  -22.5000   22.500010954.0850   16.5964
    7.5000  -22.5000   22.500010462.2959   16.6102
   -7.5000  -15.0000   22.500011641.6660   16.4857
    0.0000  -15.0000   22.500012257.2959   16.5145
    7.5000  -15.0000   22.500011638.0039   16.5278
   -7.5000   -7.5000   22.500012830.1670   16.4563
    0.0000   -7.5000   22.500013508.9580   16.4860
    7.5000   -7.5000   22.500012795.6182   16.4994
   -7.5000    0.0000   22.500013924.9707   16.4422
    0.0000    0.0000   22.500014626.9912   16.4731
    7.5000    0.0000   22.500013884.1133   16.4853
   -7.5000    7.5000   22.500014032.7061   16.4188
    0.0000    7.5000   22.500014751.6670   16.4504
    7.5000    7.5000   22.500014026.2373   16.4628
   -7.5000   15.0000   22.500013960.9746   16.4058
    0.0000   15.0000   22.500014620.7959   16.4362
    7.5000   15.0000   22.500013958.5234   16.4498
   -7.5000   22.5000   22.500013672.2803   16.4127
    0.0000   22.5000   22.500014195.2109   16.4414
    7.5000   22.5000   22.500013568.2480   16.4549
   -7.5000   30.0000   22.500013234.4248   16.2322
    0.0000   30.0000   22.500013742.1289   16.2605
    7.5000   30.0000   22.500013146.6201   16.2738
   -7.5000   37.5000   22.500013218.6309   16.2406
    0.0000   37.5000   22.500013775.4502   16.2699
    7.5000   37.5000   22.500013148.7520   16.2831
   -7.5000   45.0000   22.500012586.2490   15.8483
    0.0000   45.0000   22.500013102.2539   15.8781
    7.5000   45.0000   22.500012506.3447   15.8900
   -7.5000  -45.0000   30.0000 6587.3730   18.0642
    0.0000  -45.0000   30.0000 6910.5933   18.0966
    7.5000  -45.0000   30.0000 6598.5508   18.1161
   -7.5000  -37.5000   30.0000 7396.8042   17.4960
    0.0000  -37.5000   30.0000 7753.0190   17.5271
    7.5000  -37.5000   30.0000 7422.6860   17.5435
   -7.5000  -30.0000   30.0000 8547.8164   17.0907
    0.0000  -30.0000   30.0000 8946.4365   17.1152
    7.5000  -30.0000   30.0000 8558.0830   17.1271
   -7.5000  -22.5000   30.0000 9677.5381   16.8122
    0.0000  -22.5000   30.000010123.8750   16.8335
    7.5000  -22.5000   30.0000 9660.8281   16.8465
   -7.5000  -15.0000   30.000010805.3252   16.7216
    0.0000  -15.0000   30.000011301.7178   16.7446
    7.5000  -15.0000   30.000010761.7725   16.7606
   -7.5000   -7.5000   30.000011881.6299   16.6851
    0.0000   -7.5000   30.000012427.4180   16.7111
    7.5000   -7.5000   30.000011827.3184   16.7293
   -7.5000    0.0000   30.000012883.3086   16.6697
    0.0000    0.0000   30.000013487.7754   16.6968
    7.5000    0.0000   30.000012866.5186   16.7128
   -7.5000    7.5000   30.000012960.6074   16.6519
    0.0000    7.5000   30.000013591.6270   16.6780
    7.5000    7.5000   30.000013011.0059   16.6907
   -7.5000   15.0000   30.000012896.3271   16.6464
    0.0000   15.0000   30.000013473.9199   16.6691
    7.5000   15.0000   30.000012915.1338   16.6803
   -7.5000   22.5000   30.000012602.8467   16.6540
    0.0000   22.5000   30.000013111.5127   16.6746
    7.5000   22.5000   30.000012578.8750   16.6873
   -7.5000   30.0000   30.000012196.5254   16.4644
    0.0000   30.0000   30.000012712.4707   16.4870
    7.5000   30.0000   30.000012194.7637   16.5029
   -7.5000   37.5000   30.000012214.1846   16.4664
    0.0000   37.5000   30.000012750.6875   16.4921
    7.5000   37.5000   30.000012216.5986   16.5100
   -7.5000   45.0000   30.000011663.2607   16.0676
    0.0000   45.0000   30.000012172.2031   16.0938
    7.5000   45.0000   30.000011649.7822   16.1093
   -7.5000  -45.0000   37.5000 6212.4863   18.4702
    0.0000  -45.0000   37.5000 6523.0342   18.5011
    7.5000  -45.0000   37.5000 6252.8447   18.5279
   -7.5000  -37.5000   37.5000 6987.6538   17.8837
    0.0000  -37.5000   37.5000 7324.9189   17.9129
    7.5000  -37.5000   37.5000 7038.3901   17.9367
   -7.5000  -30.0000   37.5000 8102.4453   17.4711
    0.0000  -30.0000   37.5000 8464.7285   17.4911
    7.5000  -30.0000   37.5000 8142.4292   17.5066
   -7.5000  -22.5000   37.5000 9216.2139   17.1853
    0.0000  -22.5000   37.5000 9606.4004   17.1998
    7.5000  -22.5000   37.5000 9224.6963   17.2137
   -7.5000  -15.0000   37.500010295.3047   17.0871
    0.0000  -15.0000   37.500010742.7998   17.1029
    7.5000  -15.0000   37.500010282.9590   17.1204
   -7.5000   -7.5000   37.500011307.9736   17.0418
    0.0000   -7.5000   37.500011830.2764   17.0636
    7.5000   -7.5000   37.500011320.4512   17.0861
   -7.5000    0.0000   37.500012251.9375   17.0198
    0.0000    0.0000   37.500012851.1602   17.0456
    7.5000    0.0000   37.500012320.5361   17.0685
   -7.5000    7.5000   37.500012376.6455   17.0033
    0.0000    7.5000   37.500012991.0869   17.0277
    7.5000    7.5000   37.500012454.2812   17.0466
   -7.5000   15.0000   37.500012322.8857   17.0060
    0.0000   15.0000   37.500012886.1240   17.0246
    7.5000   15.0000   37.500012353.0586   17.0390
   -7.5000   22.5000   37.500012043.7168   17.0197
    0.0000   22.5000   37.500012571.3115   17.0336
    7.5000   22.5000   37.500012061.7568   17.0471
   -7.5000   30.0000   37.500011653.6094   16.8237
    0.0000   30.0000   37.500012195.5771   16.8391
    7.5000   30.0000   37.500011705.7051   16.8565
   -7.5000   37.5000   37.500011663.8545   16.8184
    0.0000   37.5000   37.500012215.1094   16.8398
    7.5000   37.5000   37.500011723.8721   16.8621
   -7.5000   45.0000   37.500011159.2969   16.4051
    0.0000   45.0000   37.500011685.1484   16.4300
    7.5000   45.0000   37.500011184.4902   16.4521
   -7.5000  -45.0000   45.0000 5637.2158   19.0137
    0.0000  -45.0000   45.0000 5941.8276   19.0488
    7.5000  -45.0000   45.0000 5694.5864   19.0771
   -7.5000  -37.5000   45.0000 6353.8003   18.3925
    0.0000  -37.5000   45.0000 6673.6812   18.4275
    7.5000  -37.5000   45.0000 6410.7651   18.4566
   -7.5000  -30.0000   45.0000 7381.3516   17.9610
    0.0000  -30.0000   45.0000 7730.2852   17.9851
    7.5000  -30.0000   45.0000 7429.2876   18.0044
   -7.5000  -22.5000   45.0000 8411.5674   17.6623
    0.0000  -22.5000   45.0000 8787.6875   17.6776
    7.5000  -22.5000   45.0000 8443.6934   17.6907
   -7.5000  -15.0000   45.0000 9413.7334   17.5593
    0.0000  -15.0000   45.0000 9832.7559   17.5731
    7.5000  -15.0000   45.0000 9439.3291   17.5867
   -7.5000   -7.5000   45.000010337.7178   17.5076
    0.0000   -7.5000   45.000010826.8672   17.5291
    7.5000   -7.5000   45.000010406.4746   17.5493
   -7.5000    0.0000   45.000011226.0918   17.4791
    0.0000    0.0000   45.000011771.6719   17.5086
    7.5000    0.0000   45.000011313.2861   17.5333
   -7.5000    7.5000   45.000011341.5820   17.4595
    0.0000    7.5000   45.000011900.6914   17.4891
    7.5000    7.5000   45.000011418.3555   17.5125
   -7.5000   15.0000   45.000011308.6660   17.4658
    0.0000   15.0000   45.000011809.5645   17.4882
    7.5000   15.0000   45.000011322.0254   17.5062
   -7.5000   22.5000   45.000011051.6455   17.4856
    0.0000   22.5000   45.000011548.2070   17.5002
    7.5000   22.5000   45.000011080.1865   17.5129
   -7.5000   30.0000   45.000010719.5039   17.2852
    0.0000   30.0000   45.000011216.1465   17.2987
    7.5000   30.0000   45.000010766.5244   17.3122
   -7.5000   37.5000   45.000010724.6123   17.2765
    0.0000   37.5000   45.000011227.7715   17.2977
    7.5000   37.5000   45.000010790.5000   17.3177
   -7.5000   45.0000   45.000010278.0352   16.8554
    0.0000   45.0000   45.000010770.1553   16.8840
    7.5000   45.0000   45.000010324.2295   16.9077

---------------------------------------------------------------------
imgreg_4dfp /opt/freesurfer/average/711-2C_as_mni_average_305 /opt/freesurfer/average/711-2B_as_mni_average_305_mask talsrcimg_g11 none talsrcimg_to_711-2C_as_mni_average_305_t4 4355
---------------------------------------------------------------------

freesurfer imgreg_4dfp.c
/opt/freesurfer/average/711-2C_as_mni_average_305.4dfp.img
       256       256       256         1
  1.000000  1.000000  1.000000
orientation T byte_order littleendian
Reading image: /opt/freesurfer/average/711-2C_as_mni_average_305.4dfp.img
dimensions:      256       256       256
mmppix:       1.0000   -1.0000   -1.0000
center:     128.0000 -129.0000 -129.0000
/opt/freesurfer/average/711-2B_as_mni_average_305_mask.4dfp.img
       256       256       256         1
  1.000000  1.000000  1.000000
orientation T byte_order littleendian
Reading mask: /opt/freesurfer/average/711-2B_as_mni_average_305_mask.4dfp.img (2306576 pixels)
talsrcimg_g11.4dfp.img
       256       256       256         1
  1.000000  1.000000  1.000000
orientation T byte_order littleendian
Reading image: talsrcimg_g11.4dfp.img
dimensions:      256       256       256
mmppix:       1.0000   -1.0000   -1.0000
center:     128.0000 -129.0000 -129.0000
rotation matrix determinant  1.000000
image alignment mode   4355 decimal     1103 hex
   -7.5000  -37.5000  -45.0000 1906.3900   21.8834
    0.0000  -37.5000  -45.0000 1916.3658   21.6260
    7.5000  -37.5000  -45.0000 1918.4318   21.7028
   -7.5000  -30.0000  -45.0000 2026.6417   19.4396
    0.0000  -30.0000  -45.0000 2041.4948   19.2312
    7.5000  -30.0000  -45.0000 2039.4886   19.2606
   -7.5000  -22.5000  -45.0000 2140.8335   17.5205
    0.0000  -22.5000  -45.0000 2158.0522   17.3418
    7.5000  -22.5000  -45.0000 2153.4812   17.3444
   -7.5000  -15.0000  -45.0000 2245.1609   15.9838
    0.0000  -15.0000  -45.0000 2264.2134   15.8552
    7.5000  -15.0000  -45.0000 2257.5547   15.8300
   -7.5000   -7.5000  -45.0000 2332.0615   14.7635
    0.0000   -7.5000  -45.0000 2349.4307   14.6470
    7.5000   -7.5000  -45.0000 2345.1946   14.6304
   -7.5000    0.0000  -45.0000 2393.7544   13.8407
    0.0000    0.0000  -45.0000 2411.5642   13.7756
    7.5000    0.0000  -45.0000 2406.7415   13.7528
   -7.5000    7.5000  -45.0000 2427.9932   13.2813
    0.0000    7.5000  -45.0000 2451.0786   13.2007
    7.5000    7.5000  -45.0000 2437.4097   13.2197
   -7.5000   15.0000  -45.0000 2443.0308   13.0922
    0.0000   15.0000  -45.0000 2466.4968   12.9930
    7.5000   15.0000  -45.0000 2454.3528   13.0208
   -7.5000   22.5000  -45.0000 2443.9121   13.2129
    0.0000   22.5000  -45.0000 2468.2527   13.0845
    7.5000   22.5000  -45.0000 2458.6240   13.1209
   -7.5000   30.0000  -45.0000 2427.7153   13.5733
    0.0000   30.0000  -45.0000 2452.9480   13.4456
    7.5000   30.0000  -45.0000 2444.6714   13.5069
   -7.5000   37.5000  -45.0000 2394.6362   14.1613
    0.0000   37.5000  -45.0000 2420.1855   13.9865
    7.5000   37.5000  -45.0000 2412.2024   14.0723
   -7.5000   45.0000  -45.0000 2345.0884   14.9496
    0.0000   45.0000  -45.0000 2370.0498   14.7484
    7.5000   45.0000  -45.0000 2361.3606   14.8652
   -7.5000   52.5000  -45.0000 2256.6050   15.8801
    0.0000   52.5000  -45.0000 2276.9407   15.6630
    7.5000   52.5000  -45.0000 2271.9592   15.7924
   -7.5000  -37.5000  -37.5000 1947.1250   20.7450
    0.0000  -37.5000  -37.5000 1960.4196   20.5531
    7.5000  -37.5000  -37.5000 1960.8075   20.5318
   -7.5000  -30.0000  -37.5000 2081.2842   18.3659
    0.0000  -30.0000  -37.5000 2094.8501   18.2024
    7.5000  -30.0000  -37.5000 2090.9878   18.1788
   -7.5000  -22.5000  -37.5000 2212.0977   16.5449
    0.0000  -22.5000  -37.5000 2228.8792   16.4167
    7.5000  -22.5000  -37.5000 2218.2974   16.3718
   -7.5000  -15.0000  -37.5000 2321.7214   15.0961
    0.0000  -15.0000  -37.5000 2340.4673   14.9984
    7.5000  -15.0000  -37.5000 2328.1799   14.9631
   -7.5000   -7.5000  -37.5000 2410.1687   13.8958
    0.0000   -7.5000  -37.5000 2432.6487   13.8016
    7.5000   -7.5000  -37.5000 2420.4329   13.7850
   -7.5000    0.0000  -37.5000 2473.6748   12.9918
    0.0000    0.0000  -37.5000 2500.2031   12.9177
    7.5000    0.0000  -37.5000 2486.3921   12.8921
   -7.5000    7.5000  -37.5000 2520.1580   12.4105
    0.0000    7.5000  -37.5000 2543.1387   12.3467
    7.5000    7.5000  -37.5000 2528.4917   12.3725
   -7.5000   15.0000  -37.5000 2536.9268   12.1892
    0.0000   15.0000  -37.5000 2559.8035   12.1166
    7.5000   15.0000  -37.5000 2546.2527   12.1290
   -7.5000   22.5000  -37.5000 2540.0032   12.2681
    0.0000   22.5000  -37.5000 2564.6360   12.1726
    7.5000   22.5000  -37.5000 2553.6865   12.1941
   -7.5000   30.0000  -37.5000 2522.0425   12.6085
    0.0000   30.0000  -37.5000 2548.1292   12.4987
    7.5000   30.0000  -37.5000 2539.1802   12.5295
   -7.5000   37.5000  -37.5000 2489.4414   13.1158
    0.0000   37.5000  -37.5000 2515.5857   12.9984
    7.5000   37.5000  -37.5000 2506.2180   13.0593
   -7.5000   45.0000  -37.5000 2436.3560   13.8075
    0.0000   45.0000  -37.5000 2466.8477   13.6839
    7.5000   45.0000  -37.5000 2458.0354   13.7631
   -7.5000   52.5000  -37.5000 2344.2063   14.6378
    0.0000   52.5000  -37.5000 2369.5708   14.4797
    7.5000   52.5000  -37.5000 2361.7402   14.5825
   -7.5000  -37.5000  -30.0000 2024.1802   20.3627
    0.0000  -37.5000  -30.0000 2038.3433   20.1614
    7.5000  -37.5000  -30.0000 2036.1670   20.1881
   -7.5000  -30.0000  -30.0000 2169.7788   17.9894
    0.0000  -30.0000  -30.0000 2186.9783   17.8387
    7.5000  -30.0000  -30.0000 2179.3057   17.8462
   -7.5000  -22.5000  -30.0000 2308.9907   16.1958
    0.0000  -22.5000  -30.0000 2328.7615   16.0804
    7.5000  -22.5000  -30.0000 2319.9614   16.0495
   -7.5000  -15.0000  -30.0000 2424.3813   14.7370
    0.0000  -15.0000  -30.0000 2444.3130   14.6510
    7.5000  -15.0000  -30.0000 2432.5842   14.6318
   -7.5000   -7.5000  -30.0000 2521.1035   13.5437
    0.0000   -7.5000  -30.0000 2542.9492   13.4630
    7.5000   -7.5000  -30.0000 2528.1494   13.4370
   -7.5000    0.0000  -30.0000 2594.7393   12.6268
    0.0000    0.0000  -30.0000 2620.0957   12.5354
    7.5000    0.0000  -30.0000 2604.6123   12.5217
   -7.5000    7.5000  -30.0000 2648.6296   12.0168
    0.0000    7.5000  -30.0000 2670.8149   11.9162
    7.5000    7.5000  -30.0000 2660.4744   11.9351
   -7.5000   15.0000  -30.0000 2672.2109   11.7153
    0.0000   15.0000  -30.0000 2692.3567   11.6335
    7.5000   15.0000  -30.0000 2682.6323   11.6746
   -7.5000   22.5000  -30.0000 2682.9875   11.7658
    0.0000   22.5000  -30.0000 2703.3071   11.6955
    7.5000   22.5000  -30.0000 2692.7056   11.7188
   -7.5000   30.0000  -30.0000 2665.0645   12.0850
    0.0000   30.0000  -30.0000 2693.1731   12.0075
    7.5000   30.0000  -30.0000 2678.0476   12.0289
   -7.5000   37.5000  -30.0000 2630.6089   12.5916
    0.0000   37.5000  -30.0000 2659.0801   12.4975
    7.5000   37.5000  -30.0000 2646.3853   12.5277
   -7.5000   45.0000  -30.0000 2574.5215   13.2655
    0.0000   45.0000  -30.0000 2606.8508   13.1522
    7.5000   45.0000  -30.0000 2595.3750   13.2066
   -7.5000   52.5000  -30.0000 2476.7288   14.0288
    0.0000   52.5000  -30.0000 2504.6501   13.8964
    7.5000   52.5000  -30.0000 2495.7705   13.9734
   -7.5000  -37.5000  -22.5000 2081.2842   19.9010
    0.0000  -37.5000  -22.5000 2095.9705   19.7383
    7.5000  -37.5000  -22.5000 2088.1360   19.7800
   -7.5000  -30.0000  -22.5000 2227.6079   17.5379
    0.0000  -30.0000  -22.5000 2248.2646   17.3947
    7.5000  -30.0000  -22.5000 2237.6602   17.4575
   -7.5000  -22.5000  -22.5000 2369.3018   15.7470
    0.0000  -22.5000  -22.5000 2392.5569   15.6242
    7.5000  -22.5000  -22.5000 2382.2947   15.6500
   -7.5000  -15.0000  -22.5000 2489.4099   14.2964
    0.0000  -15.0000  -22.5000 2510.5898   14.1792
    7.5000  -15.0000  -22.5000 2500.6338   14.2062
   -7.5000   -7.5000  -22.5000 2594.2051   13.0961
    0.0000   -7.5000  -22.5000 2616.7827   12.9939
    7.5000   -7.5000  -22.5000 2607.4075   13.0110
   -7.5000    0.0000  -22.5000 2673.6450   12.1622
    0.0000    0.0000  -22.5000 2701.4900   12.0647
    7.5000    0.0000  -22.5000 2691.2151   12.0767
   -7.5000    7.5000  -22.5000 2740.3313   11.5291
    0.0000    7.5000  -22.5000 2764.4456   11.4216
    7.5000    7.5000  -22.5000 2758.6863   11.4421
   -7.5000   15.0000  -22.5000 2771.5933   11.1784
    0.0000   15.0000  -22.5000 2798.0791   11.0855
    7.5000   15.0000  -22.5000 2785.4749   11.1231
   -7.5000   22.5000  -22.5000 2789.4333   11.1657
    0.0000   22.5000  -22.5000 2817.2417   11.1007
    7.5000   22.5000  -22.5000 2799.7874   11.1215
   -7.5000   30.0000  -22.5000 2779.7883   11.4803
    0.0000   30.0000  -22.5000 2810.0850   11.4117
    7.5000   30.0000  -22.5000 2791.1116   11.4513
   -7.5000   37.5000  -22.5000 2749.6438   11.9907
    0.0000   37.5000  -22.5000 2779.0601   11.9052
    7.5000   37.5000  -22.5000 2764.2534   11.9509
   -7.5000   45.0000  -22.5000 2689.3425   12.6393
    0.0000   45.0000  -22.5000 2722.4275   12.5265
    7.5000   45.0000  -22.5000 2711.1204   12.5745
   -7.5000   52.5000  -22.5000 2584.4165   13.3899
    0.0000   52.5000  -22.5000 2615.0427   13.2566
    7.5000   52.5000  -22.5000 2605.4541   13.3059
   -7.5000  -37.5000  -15.0000 2107.8838   19.6377
    0.0000  -37.5000  -15.0000 2123.8784   19.4503
    7.5000  -37.5000  -15.0000 2112.8103   19.5107
   -7.5000  -30.0000  -15.0000 2248.2771   17.2198
    0.0000  -30.0000  -15.0000 2267.3638   17.0649
    7.5000  -30.0000  -15.0000 2260.9688   17.1636
   -7.5000  -22.5000  -15.0000 2388.1030   15.3656
    0.0000  -22.5000  -15.0000 2408.5842   15.2468
    7.5000  -22.5000  -15.0000 2401.8875   15.3308
   -7.5000  -15.0000  -15.0000 2509.0352   13.8945
    0.0000  -15.0000  -15.0000 2533.0125   13.7844
    7.5000  -15.0000  -15.0000 2525.5828   13.8520
   -7.5000   -7.5000  -15.0000 2618.4827   12.7066
    0.0000   -7.5000  -15.0000 2645.9888   12.5936
    7.5000   -7.5000  -15.0000 2644.0625   12.6595
   -7.5000    0.0000  -15.0000 2709.7905   11.7761
    0.0000    0.0000  -15.0000 2742.2441   11.6430
    7.5000    0.0000  -15.0000 2738.1506   11.7329
   -7.5000    7.5000  -15.0000 2788.7000   11.1104
    0.0000    7.5000  -15.0000 2817.0249   10.9854
    7.5000    7.5000  -15.0000 2817.2158   11.0545
   -7.5000   15.0000  -15.0000 2833.2644   10.7189
    0.0000   15.0000  -15.0000 2864.8765   10.5846
    7.5000   15.0000  -15.0000 2855.3223   10.6696
   -7.5000   22.5000  -15.0000 2859.5071   10.6507
    0.0000   22.5000  -15.0000 2890.8599   10.5260
    7.5000   22.5000  -15.0000 2878.6587   10.6049
   -7.5000   30.0000  -15.0000 2859.5461   10.9458
    0.0000   30.0000  -15.0000 2889.9099   10.8134
    7.5000   30.0000  -15.0000 2875.2371   10.9043
   -7.5000   37.5000  -15.0000 2828.9841   11.4615
    0.0000   37.5000  -15.0000 2863.0312   11.3439
    7.5000   37.5000  -15.0000 2846.0405   11.4210
   -7.5000   45.0000  -15.0000 2765.1467   12.1092
    0.0000   45.0000  -15.0000 2799.4275   11.9690
    7.5000   45.0000  -15.0000 2789.4402   12.0225
   -7.5000   52.5000  -15.0000 2656.9475   12.8291
    0.0000   52.5000  -15.0000 2689.8923   12.6736
    7.5000   52.5000  -15.0000 2682.5525   12.7416
   -7.5000  -37.5000   -7.5000 2112.5173   19.4609
    0.0000  -37.5000   -7.5000 2130.0271   19.3118
    7.5000  -37.5000   -7.5000 2119.6189   19.4029
   -7.5000  -30.0000   -7.5000 2247.8796   17.0174
    0.0000  -30.0000   -7.5000 2273.9553   16.8638
    7.5000  -30.0000   -7.5000 2265.2234   17.0218
   -7.5000  -22.5000   -7.5000 2387.7720   15.1649
    0.0000  -22.5000   -7.5000 2410.5293   14.9775
    7.5000  -22.5000   -7.5000 2403.4810   15.1360
   -7.5000  -15.0000   -7.5000 2511.2561   13.6596
    0.0000  -15.0000   -7.5000 2533.6396   13.4957
    7.5000  -15.0000   -7.5000 2530.4033   13.6408
   -7.5000   -7.5000   -7.5000 2624.5403   12.4593
    0.0000   -7.5000   -7.5000 2652.1958   12.2936
    7.5000   -7.5000   -7.5000 2650.9744   12.4415
   -7.5000    0.0000   -7.5000 2725.2063   11.5162
    0.0000    0.0000   -7.5000 2756.2087   11.3578
    7.5000    0.0000   -7.5000 2757.8079   11.5040
   -7.5000    7.5000   -7.5000 2811.2729   10.8467
    0.0000    7.5000   -7.5000 2846.2856   10.6851
    7.5000    7.5000   -7.5000 2845.0771   10.8155
   -7.5000   15.0000   -7.5000 2868.9055   10.4248
    0.0000   15.0000   -7.5000 2906.8086   10.2220
    7.5000   15.0000   -7.5000 2900.5813   10.3621
   -7.5000   22.5000   -7.5000 2905.5327   10.3089
    0.0000   22.5000   -7.5000 2940.3547   10.0731
    7.5000   22.5000   -7.5000 2931.8965   10.2337
   -7.5000   30.0000   -7.5000 2919.2527   10.5577
    0.0000   30.0000   -7.5000 2944.1558   10.3436
    7.5000   30.0000   -7.5000 2934.2834   10.4986
   -7.5000   37.5000   -7.5000 2885.8665   11.0689
    0.0000   37.5000   -7.5000 2918.5522   10.8691
    7.5000   37.5000   -7.5000 2904.0757   11.0101
   -7.5000   45.0000   -7.5000 2824.3679   11.7008
    0.0000   45.0000   -7.5000 2855.9453   11.5025
    7.5000   45.0000   -7.5000 2845.9385   11.6293
   -7.5000   52.5000   -7.5000 2712.0442   12.4217
    0.0000   52.5000   -7.5000 2742.5813   12.2084
    7.5000   52.5000   -7.5000 2731.4131   12.3380
   -7.5000  -37.5000    0.0000 2099.0334   19.5097
    0.0000  -37.5000    0.0000 2117.9822   19.3040
    7.5000  -37.5000    0.0000 2112.1711   19.4911
   -7.5000  -30.0000    0.0000 2234.4592   16.9990
    0.0000  -30.0000    0.0000 2254.2153   16.8262
    7.5000  -30.0000    0.0000 2253.6995   17.0509
   -7.5000  -22.5000    0.0000 2372.0557   15.0668
    0.0000  -22.5000    0.0000 2391.4265   14.9071
    7.5000  -22.5000    0.0000 2389.1482   15.1344
   -7.5000  -15.0000    0.0000 2493.4785   13.5482
    0.0000  -15.0000    0.0000 2517.4844   13.4125
    7.5000  -15.0000    0.0000 2511.4937   13.5913
   -7.5000   -7.5000    0.0000 2610.3054   12.3306
    0.0000   -7.5000    0.0000 2640.1194   12.1855
    7.5000   -7.5000    0.0000 2632.3005   12.3604
   -7.5000    0.0000    0.0000 2718.2827   11.3848
    0.0000    0.0000    0.0000 2748.8147   11.2333
    7.5000    0.0000    0.0000 2747.4563   11.4124
   -7.5000    7.5000    0.0000 2810.5337   10.7488
    0.0000    7.5000    0.0000 2843.8181   10.5707
    7.5000    7.5000    0.0000 2842.7634   10.7382
   -7.5000   15.0000    0.0000 2889.2271   10.3705
    0.0000   15.0000    0.0000 2921.7231   10.1618
    7.5000   15.0000    0.0000 2919.6492   10.3517
   -7.5000   22.5000    0.0000 2941.6738   10.2584
    0.0000   22.5000    0.0000 2973.0710    9.9552
    7.5000   22.5000    0.0000 2966.4663   10.1979
   -7.5000   30.0000    0.0000 2960.4834   10.4053
    0.0000   30.0000    0.0000 2983.7385   10.1202
    7.5000   30.0000    0.0000 2969.5974   10.3359
   -7.5000   37.5000    0.0000 2924.1458   10.8431
    0.0000   37.5000    0.0000 2954.0664   10.6226
    7.5000   37.5000    0.0000 2933.9365   10.7840
   -7.5000   45.0000    0.0000 2855.4045   11.4467
    0.0000   45.0000    0.0000 2890.7732   11.2560
    7.5000   45.0000    0.0000 2868.7197   11.3882
   -7.5000   52.5000    0.0000 2740.8528   12.1440
    0.0000   52.5000    0.0000 2769.6379   11.9837
    7.5000   52.5000    0.0000 2755.3865   12.0803
   -7.5000  -37.5000    7.5000 2071.0061   19.7703
    0.0000  -37.5000    7.5000 2091.0642   19.6029
    7.5000  -37.5000    7.5000 2087.2957   19.8690
   -7.5000  -30.0000    7.5000 2211.8574   17.1750
    0.0000  -30.0000    7.5000 2233.8779   17.0443
    7.5000  -30.0000    7.5000 2230.8635   17.3560
   -7.5000  -22.5000    7.5000 2343.8352   15.1594
    0.0000  -22.5000    7.5000 2367.2041   15.0175
    7.5000  -22.5000    7.5000 2359.7993   15.3148
   -7.5000  -15.0000    7.5000 2462.5208   13.6321
    0.0000  -15.0000    7.5000 2486.8240   13.4610
    7.5000  -15.0000    7.5000 2479.9407   13.7031
   -7.5000   -7.5000    7.5000 2580.9524   12.4139
    0.0000   -7.5000    7.5000 2608.9734   12.2303
    7.5000   -7.5000    7.5000 2603.1738   12.4745
   -7.5000    0.0000    7.5000 2693.2524   11.4792
    0.0000    0.0000    7.5000 2720.7925   11.3150
    7.5000    0.0000    7.5000 2721.3435   11.5428
   -7.5000    7.5000    7.5000 2801.3821   10.8620
    0.0000    7.5000    7.5000 2835.4006   10.7307
    7.5000    7.5000    7.5000 2833.6274   10.9159
   -7.5000   15.0000    7.5000 2893.8499   10.4992
    0.0000   15.0000    7.5000 2930.0000   10.3678
    7.5000   15.0000    7.5000 2923.9482   10.5348
   -7.5000   22.5000    7.5000 2954.3235   10.3455
    0.0000   22.5000    7.5000 2991.4053   10.1847
    7.5000   22.5000    7.5000 2974.4893   10.3377
   -7.5000   30.0000    7.5000 2976.8259   10.3951
    0.0000   30.0000    7.5000 3008.3381   10.2052
    7.5000   30.0000    7.5000 2986.3909   10.3648
   -7.5000   37.5000    7.5000 2942.8154   10.7172
    0.0000   37.5000    7.5000 2973.4248   10.5241
    7.5000   37.5000    7.5000 2946.9187   10.6746
   -7.5000   45.0000    7.5000 2866.7070   11.3338
    0.0000   45.0000    7.5000 2898.7671   11.1498
    7.5000   45.0000    7.5000 2876.2585   11.2812
   -7.5000   52.5000    7.5000 2748.4070   12.0672
    0.0000   52.5000    7.5000 2770.9211   11.9113
    7.5000   52.5000    7.5000 2758.1343   12.0086
   -7.5000  -37.5000   15.0000 2031.2090   20.2250
    0.0000  -37.5000   15.0000 2051.5054   20.1103
    7.5000  -37.5000   15.0000 2050.6426   20.5150
   -7.5000  -30.0000   15.0000 2176.7961   17.5495
    0.0000  -30.0000   15.0000 2202.0427   17.4433
    7.5000  -30.0000   15.0000 2198.6892   17.8179
   -7.5000  -22.5000   15.0000 2305.9536   15.5254
    0.0000  -22.5000   15.0000 2326.2112   15.3784
    7.5000  -22.5000   15.0000 2322.2102   15.7048
   -7.5000  -15.0000   15.0000 2425.3293   13.9843
    0.0000  -15.0000   15.0000 2446.5947   13.8596
    7.5000  -15.0000   15.0000 2440.8445   14.1107
   -7.5000   -7.5000   15.0000 2548.2495   12.7992
    0.0000   -7.5000   15.0000 2574.7688   12.6803
    7.5000   -7.5000   15.0000 2564.9553   12.8943
   -7.5000    0.0000   15.0000 2661.6443   11.8618
    0.0000    0.0000   15.0000 2692.5579   11.7600
    7.5000    0.0000   15.0000 2681.9849   11.9423
   -7.5000    7.5000   15.0000 2772.7373   11.1943
    0.0000    7.5000   15.0000 2810.5708   11.0859
    7.5000    7.5000   15.0000 2797.3735   11.2429
   -7.5000   15.0000   15.0000 2867.4932   10.7613
    0.0000   15.0000   15.0000 2907.8918   10.6591
    7.5000   15.0000   15.0000 2891.3762   10.7739
   -7.5000   22.5000   15.0000 2935.7932   10.5477
    0.0000   22.5000   15.0000 2977.0317   10.3824
    7.5000   22.5000   15.0000 2948.0186   10.5330
   -7.5000   30.0000   15.0000 2957.3994   10.5348
    0.0000   30.0000   15.0000 2988.0940   10.3436
    7.5000   30.0000   15.0000 2964.0845   10.4950
   -7.5000   37.5000   15.0000 2925.2925   10.8269
    0.0000   37.5000   15.0000 2956.6631   10.6696
    7.5000   37.5000   15.0000 2930.7764   10.8031
   -7.5000   45.0000   15.0000 2853.2585   11.4308
    0.0000   45.0000   15.0000 2882.9929   11.2892
    7.5000   45.0000   15.0000 2859.5718   11.4133
   -7.5000   52.5000   15.0000 2734.7053   12.2041
    0.0000   52.5000   15.0000 2753.1106   12.0503
    7.5000   52.5000   15.0000 2738.5737   12.1466
   -7.5000  -37.5000   22.5000 1980.6362   21.0833
    0.0000  -37.5000   22.5000 1999.9446   20.9822
    7.5000  -37.5000   22.5000 2005.0638   21.4487
   -7.5000  -30.0000   22.5000 2139.9724   18.3203
    0.0000  -30.0000   22.5000 2161.3640   18.2219
    7.5000  -30.0000   22.5000 2156.6428   18.5967
   -7.5000  -22.5000   22.5000 2269.0032   16.2475
    0.0000  -22.5000   22.5000 2288.1453   16.1454
    7.5000  -22.5000   22.5000 2279.5920   16.4156
   -7.5000  -15.0000   22.5000 2390.8157   14.6713
    0.0000  -15.0000   22.5000 2412.0010   14.5919
    7.5000  -15.0000   22.5000 2397.5098   14.7600
   -7.5000   -7.5000   22.5000 2508.5432   13.4110
    0.0000   -7.5000   22.5000 2535.0886   13.3177
    7.5000   -7.5000   22.5000 2519.4966   13.4680
   -7.5000    0.0000   22.5000 2618.3782   12.4099
    0.0000    0.0000   22.5000 2650.0393   12.2826
    7.5000    0.0000   22.5000 2634.4187   12.4246
   -7.5000    7.5000   22.5000 2728.0354   11.6639
    0.0000    7.5000   22.5000 2762.7976   11.5091
    7.5000    7.5000   22.5000 2748.9490   11.6568
   -7.5000   15.0000   22.5000 2818.6328   11.1798
    0.0000   15.0000   22.5000 2856.0652   11.0217
    7.5000   15.0000   22.5000 2839.0317   11.1547
   -7.5000   22.5000   22.5000 2880.0823   10.9208
    0.0000   22.5000   22.5000 2919.9087   10.7060
    7.5000   22.5000   22.5000 2898.5356   10.8704
   -7.5000   30.0000   22.5000 2900.5151   10.8808
    0.0000   30.0000   22.5000 2932.1592   10.6686
    7.5000   30.0000   22.5000 2917.5339   10.7964
   -7.5000   37.5000   22.5000 2876.4023   11.1796
    0.0000   37.5000   22.5000 2912.1113   11.0060
    7.5000   37.5000   22.5000 2891.7803   11.1365
   -7.5000   45.0000   22.5000 2816.3884   11.7735
    0.0000   45.0000   22.5000 2845.5693   11.6119
    7.5000   45.0000   22.5000 2828.2612   11.7412
   -7.5000   52.5000   22.5000 2704.0830   12.5198
    0.0000   52.5000   22.5000 2722.6296   12.3551
    7.5000   52.5000   22.5000 2707.1350   12.4767
   -7.5000  -37.5000   30.0000 1921.2931   22.4339
    0.0000  -37.5000   30.0000 1941.5050   22.3544
    7.5000  -37.5000   30.0000 1945.5869   22.7420
   -7.5000  -30.0000   30.0000 2084.6567   19.5068
    0.0000  -30.0000   30.0000 2106.3760   19.3681
    7.5000  -30.0000   30.0000 2101.4839   19.6741
   -7.5000  -22.5000   30.0000 2219.8386   17.2564
    0.0000  -22.5000   30.0000 2242.8125   17.1099
    7.5000  -22.5000   30.0000 2229.8984   17.3566
   -7.5000  -15.0000   30.0000 2342.5542   15.5314
    0.0000  -15.0000   30.0000 2365.4678   15.3698
    7.5000  -15.0000   30.0000 2347.6377   15.5702
   -7.5000   -7.5000   30.0000 2458.1802   14.1709
    0.0000   -7.5000   30.0000 2484.2083   14.0107
    7.5000   -7.5000   30.0000 2464.9290   14.1734
   -7.5000    0.0000   30.0000 2565.2424   13.0969
    0.0000    0.0000   30.0000 2595.7217   12.9264
    7.5000    0.0000   30.0000 2577.5071   13.0713
   -7.5000    7.5000   30.0000 2670.7742   12.2741
    0.0000    7.5000   30.0000 2703.3979   12.0908
    7.5000    7.5000   30.0000 2689.3662   12.2690
   -7.5000   15.0000   30.0000 2759.9995   11.7597
    0.0000   15.0000   30.0000 2791.3064   11.5722
    7.5000   15.0000   30.0000 2774.2922   11.7259
   -7.5000   22.5000   30.0000 2812.5820   11.4435
    0.0000   22.5000   30.0000 2842.0251   11.2115
    7.5000   22.5000   30.0000 2825.3240   11.3755
   -7.5000   30.0000   30.0000 2826.9663   11.4229
    0.0000   30.0000   30.0000 2850.8352   11.2261
    7.5000   30.0000   30.0000 2839.9048   11.3243
   -7.5000   37.5000   30.0000 2808.0044   11.7087
    0.0000   37.5000   30.0000 2837.9780   11.5320
    7.5000   37.5000   30.0000 2824.6836   11.6412
   -7.5000   45.0000   30.0000 2755.9839   12.2708
    0.0000   45.0000   30.0000 2785.0991   12.1028
    7.5000   45.0000   30.0000 2769.9551   12.2355
   -7.5000   52.5000   30.0000 2653.2009   12.9853
    0.0000   52.5000   30.0000 2675.2871   12.8031
    7.5000   52.5000   30.0000 2657.0254   12.9297
   -7.5000  -37.5000   37.5000 1856.1676   24.0793
    0.0000  -37.5000   37.5000 1875.6960   23.9662
    7.5000  -37.5000   37.5000 1877.3575   24.4344
   -7.5000  -30.0000   37.5000 2021.5977   20.8279
    0.0000  -30.0000   37.5000 2042.7599   20.6657
    7.5000  -30.0000   37.5000 2039.3037   21.0609
   -7.5000  -22.5000   37.5000 2166.6096   18.4187
    0.0000  -22.5000   37.5000 2186.8557   18.1896
    7.5000  -22.5000   37.5000 2176.2717   18.5076
   -7.5000  -15.0000   37.5000 2288.9526   16.5659
    0.0000  -15.0000   37.5000 2311.1221   16.3408
    7.5000  -15.0000   37.5000 2293.1233   16.5773
   -7.5000   -7.5000   37.5000 2401.5227   15.0848
    0.0000   -7.5000   37.5000 2428.8645   14.8899
    7.5000   -7.5000   37.5000 2407.6606   15.1077
   -7.5000    0.0000   37.5000 2505.9226   13.9101
    0.0000    0.0000   37.5000 2535.1265   13.7152
    7.5000    0.0000   37.5000 2516.6880   13.9305
   -7.5000    7.5000   37.5000 2609.4312   13.0623
    0.0000    7.5000   37.5000 2639.7925   12.8735
    7.5000    7.5000   37.5000 2622.2600   13.0695
   -7.5000   15.0000   37.5000 2690.4988   12.5029
    0.0000   15.0000   37.5000 2720.1750   12.3094
    7.5000   15.0000   37.5000 2698.8933   12.4717
   -7.5000   22.5000   37.5000 2736.5918   12.1621
    0.0000   22.5000   37.5000 2762.7366   11.9553
    7.5000   22.5000   37.5000 2745.5469   12.1058
   -7.5000   30.0000   37.5000 2743.0474   12.1359
    0.0000   30.0000   37.5000 2770.5039   11.9687
    7.5000   30.0000   37.5000 2756.4243   12.0645
   -7.5000   37.5000   37.5000 2725.1343   12.3707
    0.0000   37.5000   37.5000 2754.2307   12.2116
    7.5000   37.5000   37.5000 2741.7393   12.3181
   -7.5000   45.0000   37.5000 2681.1467   12.8940
    0.0000   45.0000   37.5000 2711.1025   12.7343
    7.5000   45.0000   37.5000 2694.2639   12.8508
   -7.5000   52.5000   37.5000 2581.1108   13.5884
    0.0000   52.5000   37.5000 2609.3745   13.4042
    7.5000   52.5000   37.5000 2589.4895   13.5394
   -7.5000  -37.5000   45.0000 1791.0251   26.0405
    0.0000  -37.5000   45.0000 1809.5646   25.8966
    7.5000  -37.5000   45.0000 1804.5065   26.4314
   -7.5000  -30.0000   45.0000 1957.9122   22.4146
    0.0000  -30.0000   45.0000 1977.7570   22.2381
    7.5000  -30.0000   45.0000 1968.2020   22.6761
   -7.5000  -22.5000   45.0000 2104.4390   19.8013
    0.0000  -22.5000   45.0000 2125.6077   19.5596
    7.5000  -22.5000   45.0000 2113.2812   19.8848
   -7.5000  -15.0000   45.0000 2228.3870   17.7823
    0.0000  -15.0000   45.0000 2249.5823   17.5530
    7.5000  -15.0000   45.0000 2230.9541   17.8036
   -7.5000   -7.5000   45.0000 2339.6248   16.1471
    0.0000   -7.5000   45.0000 2363.6404   15.9787
    7.5000   -7.5000   45.0000 2343.8999   16.2275
   -7.5000    0.0000   45.0000 2437.4419   14.9199
    0.0000    0.0000   45.0000 2464.0210   14.7306
    7.5000    0.0000   45.0000 2444.7058   14.9721
   -7.5000    7.5000   45.0000 2532.4187   14.0432
    0.0000    7.5000   45.0000 2560.6814   13.8430
    7.5000    7.5000   45.0000 2542.9150   14.0358
   -7.5000   15.0000   45.0000 2606.4412   13.4150
    0.0000   15.0000   45.0000 2631.7051   13.2461
    7.5000   15.0000   45.0000 2609.4443   13.4080
   -7.5000   22.5000   45.0000 2648.3130   13.0600
    0.0000   22.5000   45.0000 2671.1267   12.8827
    7.5000   22.5000   45.0000 2653.1028   13.0261
   -7.5000   30.0000   45.0000 2654.2773   13.0250
    0.0000   30.0000   45.0000 2681.0017   12.8671
    7.5000   30.0000   45.0000 2667.1479   12.9762
   -7.5000   37.5000   45.0000 2635.4624   13.2215
    0.0000   37.5000   45.0000 2658.2661   13.0873
    7.5000   37.5000   45.0000 2651.5088   13.1973
   -7.5000   45.0000   45.0000 2593.2251   13.6869
    0.0000   45.0000   45.0000 2621.2378   13.5696
    7.5000   45.0000   45.0000 2607.0791   13.6802
   -7.5000   52.5000   45.0000 2505.8921   14.3108
    0.0000   52.5000   45.0000 2536.4736   14.1664
    7.5000   52.5000   45.0000 2516.0220   14.3047

---------------------------------------------------------------------
imgreg_4dfp /opt/freesurfer/average/711-2C_as_mni_average_305 /opt/freesurfer/average/711-2B_as_mni_average_305_mask talsrcimg_g11 none talsrcimg_to_711-2C_as_mni_average_305_t4 1283
---------------------------------------------------------------------

freesurfer imgreg_4dfp.c
/opt/freesurfer/average/711-2C_as_mni_average_305.4dfp.img
       256       256       256         1
  1.000000  1.000000  1.000000
orientation T byte_order littleendian
Reading image: /opt/freesurfer/average/711-2C_as_mni_average_305.4dfp.img
dimensions:      256       256       256
mmppix:       1.0000   -1.0000   -1.0000
center:     128.0000 -129.0000 -129.0000
/opt/freesurfer/average/711-2B_as_mni_average_305_mask.4dfp.img
       256       256       256         1
  1.000000  1.000000  1.000000
orientation T byte_order littleendian
Reading mask: /opt/freesurfer/average/711-2B_as_mni_average_305_mask.4dfp.img (2306576 pixels)
talsrcimg_g11.4dfp.img
       256       256       256         1
  1.000000  1.000000  1.000000
orientation T byte_order littleendian
Reading image: talsrcimg_g11.4dfp.img
dimensions:      256       256       256
mmppix:       1.0000   -1.0000   -1.0000
center:     128.0000 -129.0000 -129.0000
rotation matrix determinant  1.000000
fimgreg.f
image alignment mode   1283 decimal      503 hex
parameters
    0.0000   30.0000    7.5000    0.0000    0.0000    0.0000
eta,q 0.94505 10.19580
niter,ni,del,rscale     5    3   12.0000    1.2000
parameter  4  3.679771 ->  0.500000 qaram    1.1500
parameter  6  1.243348 ->  0.500000 qaram    1.1500
parameters
    1.3609   27.7435    8.2834   -3.4500    1.3819   -3.4500
eta,q 0.95232 10.19886
  0.0645  0.0586  0.0615  0.0499  0.0526  0.0476
  0.0607  0.0573  0.0589  0.0510  0.0507  0.0474
  0.0583  0.0562  0.0569  0.0530  0.0508  0.0489
  0.0577  0.0573  0.0560  0.0558  0.0515  0.0512
  0.0576  0.0595  0.0555  0.0592  0.0508  0.0536
  0.0578  0.0619  0.0566  0.0617  0.0504  0.0561
  0.0600  0.0655  0.0596  0.0639  0.0514  0.0596
niter,ni,del,rscale     6    3   12.0000    1.2000
parameter  4  0.716508 ->  0.500000 qaram    1.3225
parameters
    0.4544   28.5751    7.5551   -7.4175    2.6418   -5.0848
eta,q 0.95651 10.20872
  0.0520  0.0620  0.0535  0.0466  0.0505  0.0475
  0.0497  0.0543  0.0499  0.0445  0.0478  0.0448
  0.0483  0.0495  0.0479  0.0452  0.0456  0.0436
  0.0477  0.0477  0.0480  0.0478  0.0444  0.0440
  0.0491  0.0491  0.0496  0.0511  0.0440  0.0461
  0.0515  0.0520  0.0524  0.0550  0.0450  0.0491
  0.0567  0.0547  0.0567  0.0578  0.0471  0.0523
niter,ni,del,rscale     6    3   12.0000    1.2000
parameters
    0.1351   29.9951    6.6546   -9.9749    2.8244   -5.5020
eta,q 0.95848 10.25545
  0.0529  0.0600  0.0483  0.0452  0.0490  0.0478
  0.0476  0.0523  0.0438  0.0448  0.0457  0.0441
  0.0442  0.0467  0.0423  0.0417  0.0430  0.0420
  0.0435  0.0435  0.0430  0.0425  0.0416  0.0416
  0.0454  0.0433  0.0447  0.0461  0.0421  0.0429
  0.0493  0.0459  0.0475  0.0497  0.0447  0.0458
  0.0548  0.0492  0.0518  0.0543  0.0486  0.0488
niter,ni,del,rscale     5    3   12.0000    1.2000
parameters
    0.3240   30.9578    5.7004  -11.4502    3.0175   -5.5556
eta,q 0.95956 10.25452
  0.0548  0.0534  0.0470  0.0456  0.0487  0.0472
  0.0481  0.0485  0.0419  0.0440  0.0450  0.0436
  0.0427  0.0452  0.0399  0.0419  0.0419  0.0409
  0.0415  0.0416  0.0407  0.0401  0.0405  0.0404
  0.0435  0.0410  0.0432  0.0434  0.0411  0.0415
  0.0476  0.0442  0.0466  0.0475  0.0438  0.0440
  0.0526  0.0486  0.0511  0.0513  0.0482  0.0471
niter,ni,del,rscale     4    3   12.0000    1.2000
parameters
    0.3888   31.2329    4.9855  -12.1672    3.1038   -5.4199
eta,q 0.95988 10.24340
  0.0542  0.0496  0.0481  0.0463  0.0485  0.0472
  0.0469  0.0457  0.0426  0.0443  0.0447  0.0435
  0.0414  0.0438  0.0395  0.0424  0.0415  0.0407
  0.0404  0.0405  0.0401  0.0395  0.0401  0.0401
  0.0427  0.0398  0.0430  0.0415  0.0409  0.0411
  0.0473  0.0437  0.0468  0.0458  0.0439  0.0433
  0.0527  0.0496  0.0511  0.0499  0.0485  0.0464
niter,ni,del,rscale     3    3   12.0000    1.2000
parameters
    0.3724   31.3124    4.6532  -12.4462    3.1292   -5.3421
eta,q 0.95988 10.23795
  0.0541  0.0484  0.0496  0.0470  0.0484  0.0471
  0.0467  0.0451  0.0443  0.0447  0.0446  0.0434
  0.0411  0.0434  0.0403  0.0427  0.0415  0.0406
  0.0401  0.0401  0.0400  0.0398  0.0401  0.0401
  0.0426  0.0394  0.0427  0.0407  0.0410  0.0412
  0.0475  0.0437  0.0466  0.0450  0.0441  0.0433
  0.0532  0.0500  0.0507  0.0492  0.0487  0.0465
niter,ni,del,rscale     2    3   12.0000    1.2000
parameters
    0.3659   31.3473    4.5260  -12.5392    3.1326   -5.3065
eta,q 0.95989 10.23519
  0.0543  0.0483  0.0503  0.0473  0.0483  0.0470
  0.0470  0.0451  0.0452  0.0450  0.0446  0.0433
  0.0412  0.0434  0.0409  0.0429  0.0416  0.0405
  0.0401  0.0401  0.0401  0.0400  0.0401  0.0401
  0.0426  0.0394  0.0425  0.0403  0.0410  0.0412
  0.0476  0.0437  0.0463  0.0446  0.0442  0.0434
  0.0535  0.0502  0.0504  0.0489  0.0488  0.0465
niter,ni,del,rscale     1    3   12.0000    1.2000
parameters
    0.3637   31.3585    4.4835  -12.5669    3.1321   -5.2918
eta,q 0.95989 10.23433
  0.0543  0.0483  0.0506  0.0474  0.0483  0.0470
  0.0471  0.0451  0.0456  0.0450  0.0446  0.0432
  0.0412  0.0434  0.0412  0.0430  0.0416  0.0405
  0.0401  0.0401  0.0401  0.0401  0.0401  0.0401
  0.0426  0.0394  0.0424  0.0403  0.0410  0.0413
  0.0477  0.0438  0.0462  0.0445  0.0442  0.0434
  0.0535  0.0503  0.0502  0.0488  0.0488  0.0465
registration optimization eta report
parameter search radius
    6.0000    6.0000    6.0000    7.9350    6.0000    6.9000
100000*second partial in parameter space
       38.       25.       28.       12.       23.       14.
  0.0543  0.0483  0.0506  0.0474  0.0483  0.0470
  0.0471  0.0451  0.0456  0.0450  0.0446  0.0432
  0.0412  0.0434  0.0412  0.0430  0.0416  0.0405
  0.0401  0.0401  0.0401  0.0401  0.0401  0.0401
  0.0426  0.0394  0.0424  0.0403  0.0410  0.0413
  0.0477  0.0438  0.0462  0.0445  0.0442  0.0434
  0.0535  0.0503  0.0502  0.0488  0.0488  0.0465
    0.3637   31.3585    4.4835  -12.5669    3.1321   -5.2918
eta,q 0.95989 10.23433

---------------------------------------------------------------------
imgreg_4dfp /opt/freesurfer/average/711-2C_as_mni_average_305 /opt/freesurfer/average/711-2B_as_mni_average_305_mask talsrcimg_g11 none talsrcimg_to_711-2C_as_mni_average_305_t4 3335
---------------------------------------------------------------------

freesurfer imgreg_4dfp.c
/opt/freesurfer/average/711-2C_as_mni_average_305.4dfp.img
       256       256       256         1
  1.000000  1.000000  1.000000
orientation T byte_order littleendian
Reading image: /opt/freesurfer/average/711-2C_as_mni_average_305.4dfp.img
dimensions:      256       256       256
mmppix:       1.0000   -1.0000   -1.0000
center:     128.0000 -129.0000 -129.0000
/opt/freesurfer/average/711-2B_as_mni_average_305_mask.4dfp.img
       256       256       256         1
  1.000000  1.000000  1.000000
orientation T byte_order littleendian
Reading mask: /opt/freesurfer/average/711-2B_as_mni_average_305_mask.4dfp.img (2306576 pixels)
talsrcimg_g11.4dfp.img
       256       256       256         1
  1.000000  1.000000  1.000000
orientation T byte_order littleendian
Reading image: talsrcimg_g11.4dfp.img
dimensions:      256       256       256
mmppix:       1.0000   -1.0000   -1.0000
center:     128.0000 -129.0000 -129.0000
fimgreg.f
image alignment mode   3335 decimal      D07 hex
parameters
    0.3637   31.3585    4.4835   -0.5750   -2.9214   -2.5415
   10.1857   -3.3035   -9.2091   22.1571    5.4638  -21.7255
eta,q 0.96009 10.16766
niter,ni,del,rscale     5    3    5.0000    1.2000
parameter  4  3.274203 ->  0.500000 qaram    1.1500
parameter  5  2.492387 ->  0.500000 qaram    1.1500
parameter  6  0.600348 ->  0.500000 qaram    1.1500
parameters
    0.3642   31.5202    5.3260   -4.7150   -7.0614   -6.6815
    8.5532   -2.0258   -6.4484   20.4990    3.0511  -19.4049
eta,q 0.97240  9.89475
  0.0422  0.0416  0.0427  0.0317  0.0276  0.0286  0.0301  0.0338  0.0316  0.0297  0.0282  0.0304
  0.0410  0.0408  0.0414  0.0337  0.0291  0.0285  0.0289  0.0313  0.0302  0.0286  0.0279  0.0291
  0.0402  0.0402  0.0405  0.0364  0.0313  0.0288  0.0284  0.0294  0.0290  0.0280  0.0277  0.0282
  0.0399  0.0399  0.0399  0.0397  0.0344  0.0296  0.0285  0.0284  0.0282  0.0278  0.0278  0.0277
  0.0402  0.0399  0.0397  0.0433  0.0377  0.0315  0.0293  0.0282  0.0278  0.0288  0.0283  0.0276
  0.0409  0.0404  0.0398  0.0469  0.0407  0.0348  0.0307  0.0292  0.0280  0.0306  0.0290  0.0278
  0.0422  0.0413  0.0404  0.0506  0.0445  0.0391  0.0325  0.0311  0.0287  0.0324  0.0300  0.0283
niter,ni,del,rscale     7    3    5.0000    1.2000
parameter  4  0.735800 ->  0.500000 qaram    1.3225
parameter  5  0.755452 ->  0.500000 qaram    1.3225
parameters
    0.1118   31.1879    4.9547   -9.4760  -11.8224   -7.0326
    8.6674   -1.9090   -6.7068   20.7817    2.4040  -19.3676
eta,q 0.97683  9.64022
  0.0299  0.0292  0.0285  0.0257  0.0233  0.0254  0.0257  0.0270  0.0248  0.0264  0.0240  0.0245
  0.0285  0.0280  0.0278  0.0250  0.0231  0.0242  0.0244  0.0250  0.0239  0.0249  0.0235  0.0238
  0.0277  0.0275  0.0275  0.0255  0.0238  0.0234  0.0235  0.0236  0.0234  0.0237  0.0232  0.0233
  0.0276  0.0276  0.0275  0.0274  0.0250  0.0232  0.0232  0.0232  0.0232  0.0232  0.0232  0.0232
  0.0281  0.0281  0.0278  0.0301  0.0269  0.0234  0.0234  0.0236  0.0234  0.0236  0.0234  0.0233
  0.0293  0.0290  0.0284  0.0334  0.0300  0.0241  0.0243  0.0248  0.0240  0.0245  0.0238  0.0238
  0.0312  0.0302  0.0294  0.0372  0.0333  0.0261  0.0256  0.0268  0.0251  0.0259  0.0244  0.0245
niter,ni,del,rscale     7    3    5.0000    1.2000
parameters
    0.0849   31.2354    4.7804  -10.5946  -13.6571   -7.3481
    9.0702   -2.0223   -6.7691   21.2763    2.3230  -20.2691
eta,q 0.97698  9.53401
  0.0264  0.0256  0.0244  0.0268  0.0257  0.0253  0.0256  0.0264  0.0248  0.0263  0.0240  0.0241
  0.0247  0.0244  0.0237  0.0251  0.0241  0.0241  0.0244  0.0245  0.0239  0.0250  0.0235  0.0234
  0.0235  0.0236  0.0233  0.0238  0.0233  0.0233  0.0235  0.0234  0.0233  0.0238  0.0232  0.0231
  0.0232  0.0232  0.0232  0.0232  0.0233  0.0231  0.0231  0.0231  0.0231  0.0231  0.0231  0.0231
  0.0236  0.0234  0.0234  0.0241  0.0244  0.0234  0.0233  0.0236  0.0233  0.0233  0.0232  0.0234
  0.0248  0.0242  0.0239  0.0264  0.0259  0.0241  0.0240  0.0248  0.0239  0.0243  0.0235  0.0239
  0.0266  0.0255  0.0248  0.0295  0.0290  0.0258  0.0252  0.0265  0.0249  0.0257  0.0241  0.0246
niter,ni,del,rscale     6    3    5.0000    1.2000
parameters
    0.0761   31.1401    4.7918  -10.8321  -13.8881   -7.0588
    9.0877   -2.0662   -6.6854   21.5237    2.4102  -20.3233
eta,q 0.97697  9.53119
  0.0261  0.0253  0.0244  0.0270  0.0268  0.0256  0.0254  0.0264  0.0248  0.0261  0.0240  0.0244
  0.0244  0.0241  0.0237  0.0253  0.0248  0.0242  0.0241  0.0245  0.0239  0.0248  0.0235  0.0236
  0.0234  0.0233  0.0232  0.0238  0.0236  0.0234  0.0233  0.0234  0.0233  0.0237  0.0232  0.0232
  0.0230  0.0230  0.0230  0.0230  0.0231  0.0230  0.0230  0.0230  0.0231  0.0230  0.0230  0.0230
  0.0234  0.0234  0.0232  0.0233  0.0238  0.0232  0.0233  0.0235  0.0232  0.0234  0.0231  0.0232
  0.0244  0.0244  0.0236  0.0252  0.0249  0.0238  0.0241  0.0246  0.0238  0.0244  0.0235  0.0237
  0.0261  0.0257  0.0244  0.0279  0.0273  0.0254  0.0254  0.0264  0.0248  0.0258  0.0240  0.0244
niter,ni,del,rscale     5    3    5.0000    1.2000
parameters
    0.0685   31.1389    4.8312  -10.8602  -13.9849   -6.9730
    9.0842   -2.0847   -6.6535   21.6009    2.4449  -20.3328
eta,q 0.97698  9.53092
  0.0260  0.0255  0.0245  0.0272  0.0270  0.0255  0.0253  0.0264  0.0248  0.0260  0.0240  0.0245
  0.0244  0.0242  0.0237  0.0254  0.0249  0.0242  0.0241  0.0245  0.0239  0.0247  0.0235  0.0236
  0.0234  0.0233  0.0232  0.0239  0.0236  0.0233  0.0233  0.0234  0.0233  0.0236  0.0232  0.0232
  0.0230  0.0230  0.0230  0.0230  0.0230  0.0230  0.0230  0.0230  0.0230  0.0230  0.0230  0.0230
  0.0234  0.0234  0.0232  0.0232  0.0238  0.0232  0.0233  0.0235  0.0232  0.0234  0.0231  0.0232
  0.0244  0.0243  0.0236  0.0251  0.0248  0.0238  0.0241  0.0246  0.0238  0.0245  0.0235  0.0237
  0.0261  0.0255  0.0244  0.0277  0.0272  0.0256  0.0254  0.0264  0.0248  0.0260  0.0240  0.0244
niter,ni,del,rscale     4    3    5.0000    1.2000
parameters
    0.0630   31.1433    4.8461  -10.8662  -14.0157   -6.9438
    9.0794   -2.0926   -6.6419   21.6310    2.4505  -20.3392
eta,q 0.97698  9.53116
  0.0260  0.0256  0.0244  0.0272  0.0270  0.0255  0.0253  0.0264  0.0248  0.0259  0.0240  0.0245
  0.0244  0.0242  0.0237  0.0254  0.0249  0.0242  0.0241  0.0245  0.0239  0.0247  0.0235  0.0236
  0.0234  0.0233  0.0232  0.0239  0.0236  0.0233  0.0233  0.0234  0.0233  0.0236  0.0231  0.0232
  0.0230  0.0230  0.0230  0.0230  0.0230  0.0230  0.0230  0.0230  0.0230  0.0230  0.0230  0.0230
  0.0234  0.0234  0.0232  0.0232  0.0238  0.0232  0.0233  0.0235  0.0232  0.0234  0.0231  0.0232
  0.0244  0.0243  0.0236  0.0250  0.0248  0.0239  0.0241  0.0246  0.0238  0.0246  0.0235  0.0237
  0.0261  0.0255  0.0244  0.0277  0.0271  0.0256  0.0254  0.0264  0.0248  0.0260  0.0240  0.0244
registration optimization eta report
parameter search radius
    2.4000    2.4000    2.4000    9.5220    9.5220    8.2800
    7.2000    7.2000    7.2000    7.2000    7.2000    7.2000
100000*second partial in parameter space
       53.       43.       25.        5.        4.        4.
        4.        6.        3.        5.        2.        3.
  0.0260  0.0256  0.0244  0.0272  0.0270  0.0255  0.0253  0.0264  0.0248  0.0259  0.0240  0.0245
  0.0244  0.0242  0.0237  0.0254  0.0249  0.0242  0.0241  0.0245  0.0239  0.0247  0.0235  0.0236
  0.0234  0.0233  0.0232  0.0239  0.0236  0.0233  0.0233  0.0234  0.0233  0.0236  0.0231  0.0232
  0.0230  0.0230  0.0230  0.0230  0.0230  0.0230  0.0230  0.0230  0.0230  0.0230  0.0230  0.0230
  0.0234  0.0234  0.0232  0.0232  0.0238  0.0232  0.0233  0.0235  0.0232  0.0234  0.0231  0.0232
  0.0244  0.0243  0.0236  0.0250  0.0248  0.0239  0.0241  0.0246  0.0238  0.0246  0.0235  0.0237
  0.0261  0.0255  0.0244  0.0277  0.0271  0.0256  0.0254  0.0264  0.0248  0.0260  0.0240  0.0244
    0.0630   31.1433    4.8461  -10.8662  -14.0157   -6.9438
    9.0794   -2.0926   -6.6419   21.6310    2.4505  -20.3392
eta,q 0.97698  9.53116

---------------------------------------------------------------------
imgreg_4dfp /opt/freesurfer/average/711-2C_as_mni_average_305 /opt/freesurfer/average/711-2B_as_mni_average_305_mask talsrcimg_g11 none talsrcimg_to_711-2C_as_mni_average_305_t4 2311
---------------------------------------------------------------------

freesurfer imgreg_4dfp.c
/opt/freesurfer/average/711-2C_as_mni_average_305.4dfp.img
       256       256       256         1
  1.000000  1.000000  1.000000
orientation T byte_order littleendian
Reading image: /opt/freesurfer/average/711-2C_as_mni_average_305.4dfp.img
dimensions:      256       256       256
mmppix:       1.0000   -1.0000   -1.0000
center:     128.0000 -129.0000 -129.0000
/opt/freesurfer/average/711-2B_as_mni_average_305_mask.4dfp.img
       256       256       256         1
  1.000000  1.000000  1.000000
orientation T byte_order littleendian
Reading mask: /opt/freesurfer/average/711-2B_as_mni_average_305_mask.4dfp.img (2306576 pixels)
talsrcimg_g11.4dfp.img
       256       256       256         1
  1.000000  1.000000  1.000000
orientation T byte_order littleendian
Reading image: talsrcimg_g11.4dfp.img
dimensions:      256       256       256
mmppix:       1.0000   -1.0000   -1.0000
center:     128.0000 -129.0000 -129.0000
fimgreg.f
image alignment mode   2311 decimal      907 hex
parameters
    0.0630   31.1433    4.8461  -10.8662  -14.0157   -6.9438
    9.0794   -2.0926   -6.6419   21.6310    2.4505  -20.3392
eta,q 0.97698  9.53116
niter,ni,del,rscale     5    3    5.0000    0.8000
parameters
    0.0582   31.1300    4.8763  -10.1302  -14.1025   -6.4404
    9.0219   -2.0036   -6.4799   21.8167    2.7646  -20.4801
eta,q 0.97709  9.57895
  0.0244  0.0242  0.0237  0.0246  0.0241  0.0238  0.0240  0.0246  0.0238  0.0246  0.0234  0.0235
  0.0236  0.0236  0.0233  0.0239  0.0235  0.0233  0.0234  0.0237  0.0234  0.0239  0.0232  0.0232
  0.0232  0.0232  0.0231  0.0234  0.0231  0.0230  0.0230  0.0231  0.0231  0.0233  0.0230  0.0230
  0.0230  0.0230  0.0230  0.0230  0.0229  0.0229  0.0229  0.0229  0.0229  0.0229  0.0229  0.0229
  0.0232  0.0232  0.0231  0.0229  0.0232  0.0230  0.0231  0.0231  0.0230  0.0231  0.0230  0.0230
  0.0236  0.0236  0.0233  0.0232  0.0236  0.0232  0.0234  0.0236  0.0233  0.0237  0.0231  0.0232
  0.0244  0.0243  0.0236  0.0240  0.0242  0.0235  0.0241  0.0245  0.0237  0.0245  0.0233  0.0236
niter,ni,del,rscale     4    3    5.0000    0.7000
parameters
    0.0418   31.1462    4.8866  -10.0163  -14.2474   -6.3282
    9.0172   -2.0168   -6.4122   21.9689    2.8410  -20.5774
eta,q 0.97711  9.58464
  0.0240  0.0239  0.0234  0.0240  0.0239  0.0235  0.0238  0.0241  0.0236  0.0243  0.0233  0.0234
  0.0234  0.0234  0.0231  0.0235  0.0234  0.0231  0.0233  0.0234  0.0232  0.0237  0.0231  0.0231
  0.0230  0.0230  0.0230  0.0231  0.0230  0.0229  0.0230  0.0230  0.0230  0.0232  0.0229  0.0229
  0.0229  0.0229  0.0229  0.0229  0.0229  0.0229  0.0229  0.0229  0.0229  0.0229  0.0229  0.0229
  0.0230  0.0230  0.0230  0.0229  0.0231  0.0230  0.0230  0.0231  0.0230  0.0230  0.0229  0.0230
  0.0234  0.0234  0.0231  0.0233  0.0235  0.0231  0.0233  0.0235  0.0232  0.0235  0.0230  0.0231
  0.0240  0.0239  0.0234  0.0240  0.0240  0.0234  0.0238  0.0241  0.0235  0.0242  0.0232  0.0234
niter,ni,del,rscale     3    3    5.0000    0.6000
parameters
    0.0310   31.1526    4.8887   -9.9054  -14.3592   -6.2636
    8.9967   -2.0228   -6.3534   22.0779    2.9093  -20.6486
eta,q 0.97712  9.58856
  0.0237  0.0236  0.0233  0.0237  0.0237  0.0233  0.0235  0.0238  0.0234  0.0240  0.0232  0.0233
  0.0232  0.0232  0.0231  0.0233  0.0233  0.0231  0.0232  0.0233  0.0231  0.0235  0.0230  0.0230
  0.0230  0.0230  0.0229  0.0231  0.0230  0.0229  0.0229  0.0230  0.0229  0.0231  0.0229  0.0229
  0.0229  0.0229  0.0229  0.0229  0.0229  0.0229  0.0229  0.0229  0.0229  0.0229  0.0229  0.0229
  0.0230  0.0230  0.0229  0.0229  0.0230  0.0229  0.0230  0.0230  0.0229  0.0230  0.0229  0.0229
  0.0233  0.0232  0.0231  0.0232  0.0234  0.0230  0.0232  0.0233  0.0231  0.0233  0.0230  0.0231
  0.0237  0.0236  0.0233  0.0237  0.0237  0.0233  0.0235  0.0238  0.0234  0.0239  0.0231  0.0233
niter,ni,del,rscale     2    3    5.0000    0.5000
parameters
    0.0200   31.1535    4.8910   -9.7946  -14.4290   -6.2143
    8.9761   -2.0153   -6.3100   22.1626    2.9426  -20.6961
eta,q 0.97713  9.59295
  0.0234  0.0234  0.0231  0.0235  0.0235  0.0232  0.0233  0.0235  0.0232  0.0237  0.0231  0.0231
  0.0231  0.0231  0.0230  0.0232  0.0232  0.0230  0.0231  0.0232  0.0230  0.0233  0.0230  0.0230
  0.0229  0.0229  0.0229  0.0230  0.0230  0.0229  0.0229  0.0229  0.0229  0.0230  0.0229  0.0229
  0.0229  0.0229  0.0229  0.0229  0.0229  0.0229  0.0229  0.0229  0.0229  0.0229  0.0229  0.0229
  0.0229  0.0229  0.0229  0.0229  0.0230  0.0229  0.0229  0.0229  0.0229  0.0229  0.0229  0.0229
  0.0231  0.0231  0.0230  0.0231  0.0232  0.0230  0.0231  0.0232  0.0230  0.0232  0.0230  0.0230
  0.0235  0.0234  0.0231  0.0235  0.0235  0.0231  0.0233  0.0235  0.0232  0.0236  0.0231  0.0231
niter,ni,del,rscale     1    3    5.0000    0.4000
parameters
    0.0169   31.1585    4.8917   -9.6868  -14.4831   -6.1559
    8.9454   -2.0005   -6.2863   22.2424    3.0180  -20.7399
eta,q 0.97714  9.59822
  0.0232  0.0232  0.0230  0.0233  0.0233  0.0230  0.0231  0.0233  0.0231  0.0234  0.0230  0.0230
  0.0230  0.0230  0.0229  0.0231  0.0231  0.0229  0.0230  0.0231  0.0230  0.0232  0.0229  0.0229
  0.0229  0.0229  0.0229  0.0229  0.0229  0.0229  0.0229  0.0229  0.0229  0.0230  0.0229  0.0229
  0.0229  0.0229  0.0229  0.0229  0.0229  0.0229  0.0229  0.0229  0.0229  0.0229  0.0229  0.0229
  0.0229  0.0229  0.0229  0.0229  0.0229  0.0229  0.0229  0.0229  0.0229  0.0229  0.0229  0.0229
  0.0230  0.0230  0.0229  0.0230  0.0231  0.0229  0.0230  0.0231  0.0230  0.0231  0.0229  0.0230
  0.0232  0.0232  0.0230  0.0232  0.0233  0.0230  0.0232  0.0233  0.0231  0.0234  0.0230  0.0230
registration optimization eta report
parameter search radius
    0.8000    0.8000    0.8000    2.4000    2.4000    2.4000
    2.4000    2.4000    2.4000    2.4000    2.4000    2.4000
100000*second partial in parameter space
       58.       53.       27.        7.        7.        3.
        5.        7.        4.        9.        2.        3.
  0.0232  0.0232  0.0230  0.0233  0.0233  0.0230  0.0231  0.0233  0.0231  0.0234  0.0230  0.0230
  0.0230  0.0230  0.0229  0.0231  0.0231  0.0229  0.0230  0.0231  0.0230  0.0232  0.0229  0.0229
  0.0229  0.0229  0.0229  0.0229  0.0229  0.0229  0.0229  0.0229  0.0229  0.0230  0.0229  0.0229
  0.0229  0.0229  0.0229  0.0229  0.0229  0.0229  0.0229  0.0229  0.0229  0.0229  0.0229  0.0229
  0.0229  0.0229  0.0229  0.0229  0.0229  0.0229  0.0229  0.0229  0.0229  0.0229  0.0229  0.0229
  0.0230  0.0230  0.0229  0.0230  0.0231  0.0229  0.0230  0.0231  0.0230  0.0231  0.0229  0.0230
  0.0232  0.0232  0.0230  0.0232  0.0233  0.0230  0.0232  0.0233  0.0231  0.0234  0.0230  0.0230
    0.0169   31.1585    4.8917   -9.6868  -14.4831   -6.1559
    8.9454   -2.0005   -6.2863   22.2424    3.0180  -20.7399
eta,q 0.97714  9.59822

---------------------------------------------------------------------
imgreg_4dfp /opt/freesurfer/average/711-2C_as_mni_average_305 /opt/freesurfer/average/711-2B_as_mni_average_305_mask talsrcimg_g11 none talsrcimg_to_711-2C_as_mni_average_305_t4 2311
---------------------------------------------------------------------

freesurfer imgreg_4dfp.c
/opt/freesurfer/average/711-2C_as_mni_average_305.4dfp.img
       256       256       256         1
  1.000000  1.000000  1.000000
orientation T byte_order littleendian
Reading image: /opt/freesurfer/average/711-2C_as_mni_average_305.4dfp.img
dimensions:      256       256       256
mmppix:       1.0000   -1.0000   -1.0000
center:     128.0000 -129.0000 -129.0000
/opt/freesurfer/average/711-2B_as_mni_average_305_mask.4dfp.img
       256       256       256         1
  1.000000  1.000000  1.000000
orientation T byte_order littleendian
Reading mask: /opt/freesurfer/average/711-2B_as_mni_average_305_mask.4dfp.img (2306576 pixels)
talsrcimg_g11.4dfp.img
       256       256       256         1
  1.000000  1.000000  1.000000
orientation T byte_order littleendian
Reading image: talsrcimg_g11.4dfp.img
dimensions:      256       256       256
mmppix:       1.0000   -1.0000   -1.0000
center:     128.0000 -129.0000 -129.0000
fimgreg.f
image alignment mode   2311 decimal      907 hex
parameters
    0.0169   31.1585    4.8917   -9.6868  -14.4831   -6.1559
    8.9454   -2.0005   -6.2863   22.2424    3.0180  -20.7399
eta,q 0.97714  9.59822
niter,ni,del,rscale     5    3    5.0000    0.8000
parameters
    0.0141   31.1847    4.8829  -10.0914  -14.4591   -6.1965
    9.0420   -2.0825   -6.3557   22.1740    2.9099  -20.7021
eta,q 0.97711  9.58336
  0.0243  0.0242  0.0235  0.0241  0.0242  0.0237  0.0241  0.0245  0.0237  0.0245  0.0233  0.0236
  0.0235  0.0235  0.0232  0.0235  0.0236  0.0232  0.0234  0.0236  0.0233  0.0237  0.0231  0.0232
  0.0230  0.0230  0.0229  0.0231  0.0231  0.0230  0.0230  0.0230  0.0230  0.0232  0.0229  0.0230
  0.0229  0.0229  0.0229  0.0229  0.0229  0.0229  0.0229  0.0229  0.0229  0.0229  0.0229  0.0229
  0.0230  0.0230  0.0229  0.0230  0.0231  0.0230  0.0230  0.0231  0.0230  0.0231  0.0229  0.0230
  0.0235  0.0234  0.0232  0.0237  0.0236  0.0232  0.0234  0.0237  0.0233  0.0238  0.0231  0.0232
  0.0244  0.0241  0.0235  0.0247  0.0241  0.0237  0.0240  0.0245  0.0238  0.0246  0.0234  0.0235
niter,ni,del,rscale     4    3    5.0000    0.7000
parameters
    0.0174   31.1701    4.8953  -10.0465  -14.4756   -6.1656
    9.0218   -2.0632   -6.3397   22.1719    2.9281  -20.7059
eta,q 0.97712  9.58525
  0.0240  0.0239  0.0234  0.0240  0.0239  0.0235  0.0238  0.0241  0.0236  0.0242  0.0233  0.0234
  0.0234  0.0233  0.0231  0.0235  0.0234  0.0231  0.0233  0.0234  0.0232  0.0236  0.0231  0.0231
  0.0230  0.0230  0.0230  0.0231  0.0230  0.0229  0.0230  0.0230  0.0230  0.0231  0.0229  0.0229
  0.0229  0.0229  0.0229  0.0229  0.0229  0.0229  0.0229  0.0229  0.0229  0.0229  0.0229  0.0229
  0.0230  0.0230  0.0229  0.0229  0.0231  0.0230  0.0230  0.0230  0.0230  0.0231  0.0229  0.0230
  0.0234  0.0234  0.0231  0.0233  0.0235  0.0231  0.0233  0.0234  0.0232  0.0236  0.0230  0.0231
  0.0240  0.0239  0.0234  0.0241  0.0239  0.0234  0.0238  0.0241  0.0236  0.0243  0.0233  0.0234
niter,ni,del,rscale     3    3    5.0000    0.6000
parameters
    0.0177   31.1575    4.9036   -9.9274  -14.5001   -6.1232
    8.9955   -2.0466   -6.3202   22.1998    2.9623  -20.7116
eta,q 0.97712  9.59023
  0.0237  0.0236  0.0233  0.0237  0.0237  0.0233  0.0235  0.0238  0.0234  0.0239  0.0232  0.0233
  0.0233  0.0232  0.0231  0.0233  0.0233  0.0230  0.0232  0.0233  0.0231  0.0234  0.0230  0.0230
  0.0230  0.0230  0.0229  0.0231  0.0230  0.0229  0.0229  0.0230  0.0229  0.0231  0.0229  0.0229
  0.0229  0.0229  0.0229  0.0229  0.0229  0.0229  0.0229  0.0229  0.0229  0.0229  0.0229  0.0229
  0.0230  0.0230  0.0229  0.0229  0.0230  0.0229  0.0230  0.0230  0.0229  0.0230  0.0229  0.0229
  0.0233  0.0232  0.0231  0.0232  0.0233  0.0230  0.0232  0.0233  0.0231  0.0234  0.0230  0.0231
  0.0237  0.0236  0.0233  0.0237  0.0237  0.0233  0.0235  0.0238  0.0234  0.0239  0.0232  0.0233
niter,ni,del,rscale     2    3    5.0000    0.5000
parameters
    0.0148   31.1562    4.9140   -9.8073  -14.5243   -6.1060
    8.9727   -2.0311   -6.2954   22.2387    3.0112  -20.7174
eta,q 0.97713  9.59443
  0.0234  0.0234  0.0231  0.0235  0.0235  0.0231  0.0233  0.0235  0.0232  0.0237  0.0231  0.0231
  0.0231  0.0231  0.0230  0.0232  0.0232  0.0230  0.0231  0.0232  0.0230  0.0233  0.0230  0.0230
  0.0229  0.0229  0.0229  0.0230  0.0230  0.0229  0.0229  0.0230  0.0229  0.0230  0.0229  0.0229
  0.0229  0.0229  0.0229  0.0229  0.0229  0.0229  0.0229  0.0229  0.0229  0.0229  0.0229  0.0229
  0.0229  0.0229  0.0229  0.0229  0.0230  0.0229  0.0229  0.0229  0.0229  0.0230  0.0229  0.0229
  0.0231  0.0231  0.0230  0.0231  0.0232  0.0230  0.0231  0.0232  0.0230  0.0232  0.0229  0.0230
  0.0235  0.0234  0.0231  0.0235  0.0235  0.0231  0.0233  0.0235  0.0232  0.0237  0.0231  0.0231
niter,ni,del,rscale     1    3    5.0000    0.4000
parameters
    0.0126   31.1575    4.9138   -9.6916  -14.5354   -6.1140
    8.9412   -2.0081   -6.2754   22.2759    3.0337  -20.7458
eta,q 0.97714  9.59815
  0.0232  0.0232  0.0230  0.0233  0.0233  0.0230  0.0231  0.0233  0.0231  0.0234  0.0230  0.0230
  0.0230  0.0230  0.0229  0.0231  0.0231  0.0229  0.0230  0.0231  0.0230  0.0231  0.0229  0.0229
  0.0229  0.0229  0.0229  0.0229  0.0229  0.0229  0.0229  0.0229  0.0229  0.0229  0.0229  0.0229
  0.0229  0.0229  0.0229  0.0229  0.0229  0.0229  0.0229  0.0229  0.0229  0.0229  0.0229  0.0229
  0.0229  0.0229  0.0229  0.0229  0.0229  0.0229  0.0229  0.0229  0.0229  0.0229  0.0229  0.0229
  0.0230  0.0230  0.0229  0.0230  0.0231  0.0229  0.0230  0.0230  0.0230  0.0231  0.0229  0.0229
  0.0232  0.0232  0.0230  0.0232  0.0233  0.0230  0.0232  0.0233  0.0231  0.0234  0.0230  0.0230
registration optimization eta report
parameter search radius
    0.8000    0.8000    0.8000    2.4000    2.4000    2.4000
    2.4000    2.4000    2.4000    2.4000    2.4000    2.4000
100000*second partial in parameter space
       58.       53.       27.        7.        8.        3.
        5.        7.        4.        9.        2.        3.
  0.0232  0.0232  0.0230  0.0233  0.0233  0.0230  0.0231  0.0233  0.0231  0.0234  0.0230  0.0230
  0.0230  0.0230  0.0229  0.0231  0.0231  0.0229  0.0230  0.0231  0.0230  0.0231  0.0229  0.0229
  0.0229  0.0229  0.0229  0.0229  0.0229  0.0229  0.0229  0.0229  0.0229  0.0229  0.0229  0.0229
  0.0229  0.0229  0.0229  0.0229  0.0229  0.0229  0.0229  0.0229  0.0229  0.0229  0.0229  0.0229
  0.0229  0.0229  0.0229  0.0229  0.0229  0.0229  0.0229  0.0229  0.0229  0.0229  0.0229  0.0229
  0.0230  0.0230  0.0229  0.0230  0.0231  0.0229  0.0230  0.0230  0.0230  0.0231  0.0229  0.0229
  0.0232  0.0232  0.0230  0.0232  0.0233  0.0230  0.0232  0.0233  0.0231  0.0234  0.0230  0.0230
    0.0126   31.1575    4.9138   -9.6916  -14.5354   -6.1140
    8.9412   -2.0081   -6.2754   22.2759    3.0337  -20.7458
eta,q 0.97714  9.59815

---------------------------------------------------------------------
compute_vox2vox talsrcimg talsrcimg_to_711-2C_as_mni_average_305_t4 /opt/freesurfer/average/711-2C_as_mni_average_305
---------------------------------------------------------------------

freesurfer compute_vox2vox.c
Reading: talsrcimg.4dfp.ifh
Reading: talsrcimg_to_711-2C_as_mni_average_305_t4
Reading: /opt/freesurfer/average/711-2C_as_mni_average_305.4dfp.ifh
Writing: talsrcimg_to_711-2C_as_mni_average_305_t4_vox2vox.txt

start time Tue Mar 10 07:01:16 CET 2026
end		time Tue Mar 10 07:02:41 CET 2026

mpr2mni305 success

avi2talxfm orig_nu.mgz /opt/freesurfer/average/mni305.cor.mgz talsrcimg_to_711-2C_as_mni_average_305_t4_vox2vox.txt transforms/talairach.auto.xfm
avi2talxfm done
mv -f /out/sourcedata/freesurfer/sub-v1s8x0051346_ses-1/mri/talsrcimg_to_711-2C_as_mni_average_305_t4_vox2vox.txt /out/sourcedata/freesurfer/sub-v1s8x0051346_ses-1/mri/transforms/talsrcimg_to_711-2C_as_mni_average_305_t4_vox2vox.txt
lta_convert --src orig_nu.mgz --trg /opt/freesurfer/average/mni305.cor.mgz --inxfm transforms/talairach.auto.xfm --outlta transforms/talairach.auto.xfm.lta --subject fsaverage
7.3.2

--src: orig_nu.mgz src image (geometry).
--trg: /opt/freesurfer/average/mni305.cor.mgz trg image (geometry).
--inmni: transforms/talairach.auto.xfm input MNI/XFM transform.
--outlta: transforms/talairach.auto.xfm.lta output LTA.
--s: fsaverage subject name
 LTA read, type : 1
 1.09853   0.04800  -0.10328   2.22533;
-0.01671   1.00639   0.24604  -10.05447;
 0.08502  -0.25879   1.09836  -27.93550;
 0.00000   0.00000   0.00000   1.00000;
setting subject to fsaverage
Writing  LTA to file transforms/talairach.auto.xfm.lta...
lta_convert successful.
 
 
Started at Tue Mar 10 07:01:15 CET 2026
Ended   at Tue Mar 10 07:02:41 CET 2026
talairach_avi done
