status file for recon-all
Tue Mar 10 08:35:51 CET 2026
#@# Tessellate rh Tue Mar 10 08:35:51 CET 2026
#@# Smooth1 rh Tue Mar 10 08:35:53 CET 2026
#@# Inflation1 rh Tue Mar 10 08:35:55 CET 2026
#@# QSphere rh Tue Mar 10 08:36:06 CET 2026
#@# Fix Topology rh Tue Mar 10 08:37:26 CET 2026
#@# Smooth2 rh Tue Mar 10 08:41:36 CET 2026
#@# Inflation2 rh Tue Mar 10 08:41:38 CET 2026
#@# Curv .H and .K rh Tue Mar 10 08:41:52 CET 2026
#@# Sphere rh Tue Mar 10 08:42:27 CET 2026
#@# Surf Reg rh Tue Mar 10 08:44:25 CET 2026
#@# Jacobian white rh Tue Mar 10 08:48:42 CET 2026
#@# AvgCurv rh Tue Mar 10 08:48:43 CET 2026
#@# Cortical Parc rh Tue Mar 10 08:48:44 CET 2026
#@# white curv rh Tue Mar 10 08:54:00 CET 2026
#@# white area rh Tue Mar 10 08:54:01 CET 2026
#@# pial curv rh Tue Mar 10 08:54:02 CET 2026
#@# pial area rh Tue Mar 10 08:54:03 CET 2026
#@# thickness rh Tue Mar 10 08:54:04 CET 2026
#@# area and vertex vol rh Tue Mar 10 08:54:22 CET 2026
#@# Curvature Stats rh Tue Mar 10 08:54:23 CET 2026
#@# Cortical Parc 2 rh Tue Mar 10 08:54:24 CET 2026
#@# Cortical Parc 3 rh Tue Mar 10 08:54:33 CET 2026
#@# WM/GM Contrast rh Tue Mar 10 08:54:40 CET 2026
recon-all -s sub-v1s8x0051345_ses-1 finished without error at Tue Mar 10 08:54:43 CET 2026



#New# invocation of recon-all 



status file for recon-all
Tue Mar 10 09:00:31 CET 2026
#@# white curv rh Tue Mar 10 09:00:31 CET 2026
#@# white area rh Tue Mar 10 09:00:31 CET 2026
#@# pial curv rh Tue Mar 10 09:00:31 CET 2026
#@# pial area rh Tue Mar 10 09:00:31 CET 2026
#@# thickness rh Tue Mar 10 09:00:31 CET 2026
#@# area and vertex vol rh Tue Mar 10 09:00:31 CET 2026
#@# Parcellation Stats rh Tue Mar 10 09:00:31 CET 2026
#@# Parcellation Stats 2 rh Tue Mar 10 09:00:46 CET 2026
#@# Parcellation Stats 3 rh Tue Mar 10 09:00:53 CET 2026
#@# BA_exvivo Labels rh Tue Mar 10 09:01:00 CET 2026
recon-all -s sub-v1s8x0051345_ses-1 finished without error at Tue Mar 10 09:03:03 CET 2026
