status file for recon-all
Tue Mar 10 08:18:09 CET 2026
#@# Tessellate lh Tue Mar 10 08:18:09 CET 2026
#@# Smooth1 lh Tue Mar 10 08:18:12 CET 2026
#@# Inflation1 lh Tue Mar 10 08:18:13 CET 2026
#@# QSphere lh Tue Mar 10 08:18:26 CET 2026
#@# Fix Topology lh Tue Mar 10 08:19:33 CET 2026
#@# Smooth2 lh Tue Mar 10 08:23:38 CET 2026
#@# Inflation2 lh Tue Mar 10 08:23:40 CET 2026
#@# Curv .H and .K lh Tue Mar 10 08:23:53 CET 2026
#@# Sphere lh Tue Mar 10 08:24:29 CET 2026
#@# Surf Reg lh Tue Mar 10 08:26:19 CET 2026
#@# Jacobian white lh Tue Mar 10 08:30:04 CET 2026
#@# AvgCurv lh Tue Mar 10 08:30:05 CET 2026
#@# Cortical Parc lh Tue Mar 10 08:30:06 CET 2026
#@# white curv lh Tue Mar 10 08:35:02 CET 2026
#@# white area lh Tue Mar 10 08:35:03 CET 2026
#@# pial curv lh Tue Mar 10 08:35:04 CET 2026
#@# pial area lh Tue Mar 10 08:35:05 CET 2026
#@# thickness lh Tue Mar 10 08:35:06 CET 2026
#@# area and vertex vol lh Tue Mar 10 08:35:24 CET 2026
#@# Curvature Stats lh Tue Mar 10 08:35:25 CET 2026
#@# Cortical Parc 2 lh Tue Mar 10 08:35:27 CET 2026
#@# Cortical Parc 3 lh Tue Mar 10 08:35:37 CET 2026
#@# WM/GM Contrast lh Tue Mar 10 08:35:45 CET 2026
recon-all -s sub-v1s8x0051345_ses-1 finished without error at Tue Mar 10 08:35:47 CET 2026



#New# invocation of recon-all 



status file for recon-all
Tue Mar 10 08:57:59 CET 2026
#@# white curv lh Tue Mar 10 08:58:00 CET 2026
#@# white area lh Tue Mar 10 08:58:00 CET 2026
#@# pial curv lh Tue Mar 10 08:58:00 CET 2026
#@# pial area lh Tue Mar 10 08:58:00 CET 2026
#@# thickness lh Tue Mar 10 08:58:00 CET 2026
#@# area and vertex vol lh Tue Mar 10 08:58:00 CET 2026
#@# Parcellation Stats lh Tue Mar 10 08:58:00 CET 2026
#@# Parcellation Stats 2 lh Tue Mar 10 08:58:15 CET 2026
#@# Parcellation Stats 3 lh Tue Mar 10 08:58:23 CET 2026
#@# BA_exvivo Labels lh Tue Mar 10 08:58:29 CET 2026
recon-all -s sub-v1s8x0051345_ses-1 finished without error at Tue Mar 10 09:00:30 CET 2026
