status file for recon-all
Tue Mar 10 06:56:08 CET 2026
#@# MotionCor Tue Mar 10 06:56:09 CET 2026
#@# Talairach Tue Mar 10 06:56:15 CET 2026
#@# Talairach Failure Detection Tue Mar 10 06:59:04 CET 2026
#@# Nu Intensity Correction Tue Mar 10 06:59:04 CET 2026
#@# Intensity Normalization Tue Mar 10 07:01:50 CET 2026
recon-all -s sub-v1s8x0051345_ses-1 finished without error at Tue Mar 10 07:02:52 CET 2026



#New# invocation of recon-all 



status file for recon-all
Tue Mar 10 07:08:35 CET 2026
#@# EM Registration Tue Mar 10 07:08:35 CET 2026
recon-all -s sub-v1s8x0051345_ses-1 finished without error at Tue Mar 10 07:10:11 CET 2026



#New# invocation of recon-all 



status file for recon-all
Tue Mar 10 07:10:14 CET 2026
#@# CA Normalize Tue Mar 10 07:10:14 CET 2026
#@# CA Reg Tue Mar 10 07:11:09 CET 2026
#@# SubCort Seg Tue Mar 10 07:52:03 CET 2026
#@# CC Seg Tue Mar 10 08:13:51 CET 2026
#@# Merge ASeg Tue Mar 10 08:14:26 CET 2026
#@# Intensity Normalization2 Tue Mar 10 08:14:26 CET 2026
#@# Mask BFS Tue Mar 10 08:15:54 CET 2026
#@# WM Segmentation Tue Mar 10 08:15:55 CET 2026
#@# Fill Tue Mar 10 08:17:29 CET 2026
recon-all -s sub-v1s8x0051345_ses-1 finished without error at Tue Mar 10 08:18:05 CET 2026



#New# invocation of recon-all 



status file for recon-all
Tue Mar 10 08:54:47 CET 2026
#@# white curv lh Tue Mar 10 08:54:47 CET 2026
#@# white area lh Tue Mar 10 08:54:47 CET 2026
#@# pial curv lh Tue Mar 10 08:54:47 CET 2026
#@# pial area lh Tue Mar 10 08:54:47 CET 2026
#@# thickness lh Tue Mar 10 08:54:47 CET 2026
#@# area and vertex vol lh Tue Mar 10 08:54:47 CET 2026
#@# white curv rh Tue Mar 10 08:54:47 CET 2026
#@# white area rh Tue Mar 10 08:54:47 CET 2026
#@# pial curv rh Tue Mar 10 08:54:47 CET 2026
#@# pial area rh Tue Mar 10 08:54:47 CET 2026
#@# thickness rh Tue Mar 10 08:54:47 CET 2026
#@# area and vertex vol rh Tue Mar 10 08:54:47 CET 2026
#@# Cortical ribbon mask Tue Mar 10 08:54:48 CET 2026
recon-all -s sub-v1s8x0051345_ses-1 finished without error at Tue Mar 10 08:57:55 CET 2026



#New# invocation of recon-all 



status file for recon-all
Tue Mar 10 09:03:07 CET 2026
#@# white curv lh Tue Mar 10 09:03:07 CET 2026
#@# white area lh Tue Mar 10 09:03:07 CET 2026
#@# pial curv lh Tue Mar 10 09:03:07 CET 2026
#@# pial area lh Tue Mar 10 09:03:07 CET 2026
#@# thickness lh Tue Mar 10 09:03:07 CET 2026
#@# area and vertex vol lh Tue Mar 10 09:03:07 CET 2026
#@# white curv rh Tue Mar 10 09:03:07 CET 2026
#@# white area rh Tue Mar 10 09:03:07 CET 2026
#@# pial curv rh Tue Mar 10 09:03:07 CET 2026
#@# pial area rh Tue Mar 10 09:03:07 CET 2026
#@# thickness rh Tue Mar 10 09:03:07 CET 2026
#@# area and vertex vol rh Tue Mar 10 09:03:07 CET 2026
#@# Curvature Stats lh Tue Mar 10 09:03:07 CET 2026
#@# Curvature Stats rh Tue Mar 10 09:03:09 CET 2026
#@# Relabel Hypointensities Tue Mar 10 09:03:11 CET 2026
#@# APas-to-ASeg Tue Mar 10 09:03:21 CET 2026
#@# AParc-to-ASeg aparc Tue Mar 10 09:03:28 CET 2026
#@# AParc-to-ASeg aparc.a2009s Tue Mar 10 09:03:52 CET 2026
#@# AParc-to-ASeg aparc.DKTatlas Tue Mar 10 09:04:16 CET 2026
#@# WMParc Tue Mar 10 09:04:42 CET 2026
#@# ASeg Stats Tue Mar 10 09:06:41 CET 2026
recon-all -s sub-v1s8x0051345_ses-1 finished without error at Tue Mar 10 09:07:05 CET 2026
