status file for recon-all
Tue Mar 10 08:20:45 CET 2026
#@# Tessellate lh Tue Mar 10 08:20:45 CET 2026
#@# Smooth1 lh Tue Mar 10 08:20:48 CET 2026
#@# Inflation1 lh Tue Mar 10 08:20:50 CET 2026
#@# QSphere lh Tue Mar 10 08:21:04 CET 2026
#@# Fix Topology lh Tue Mar 10 08:22:13 CET 2026
#@# Smooth2 lh Tue Mar 10 08:27:25 CET 2026
#@# Inflation2 lh Tue Mar 10 08:27:27 CET 2026
#@# Curv .H and .K lh Tue Mar 10 08:27:44 CET 2026
#@# Sphere lh Tue Mar 10 08:28:23 CET 2026
#@# Surf Reg lh Tue Mar 10 08:30:04 CET 2026
#@# Jacobian white lh Tue Mar 10 08:33:18 CET 2026
#@# AvgCurv lh Tue Mar 10 08:33:19 CET 2026
#@# Cortical Parc lh Tue Mar 10 08:33:19 CET 2026
#@# white curv lh Tue Mar 10 08:39:34 CET 2026
#@# white area lh Tue Mar 10 08:39:35 CET 2026
#@# pial curv lh Tue Mar 10 08:39:36 CET 2026
#@# pial area lh Tue Mar 10 08:39:38 CET 2026
#@# thickness lh Tue Mar 10 08:39:38 CET 2026
#@# area and vertex vol lh Tue Mar 10 08:39:58 CET 2026
#@# Curvature Stats lh Tue Mar 10 08:40:00 CET 2026
#@# Cortical Parc 2 lh Tue Mar 10 08:40:01 CET 2026
#@# Cortical Parc 3 lh Tue Mar 10 08:40:12 CET 2026
#@# WM/GM Contrast lh Tue Mar 10 08:40:20 CET 2026
recon-all -s sub-v1s8x0051343_ses-1 finished without error at Tue Mar 10 08:40:22 CET 2026



#New# invocation of recon-all 



status file for recon-all
Tue Mar 10 09:05:30 CET 2026
#@# white curv lh Tue Mar 10 09:05:30 CET 2026
#@# white area lh Tue Mar 10 09:05:30 CET 2026
#@# pial curv lh Tue Mar 10 09:05:30 CET 2026
#@# pial area lh Tue Mar 10 09:05:30 CET 2026
#@# thickness lh Tue Mar 10 09:05:30 CET 2026
#@# area and vertex vol lh Tue Mar 10 09:05:30 CET 2026
#@# Parcellation Stats lh Tue Mar 10 09:05:30 CET 2026
#@# Parcellation Stats 2 lh Tue Mar 10 09:05:46 CET 2026
#@# Parcellation Stats 3 lh Tue Mar 10 09:05:54 CET 2026
#@# BA_exvivo Labels lh Tue Mar 10 09:06:02 CET 2026
recon-all -s sub-v1s8x0051343_ses-1 finished without error at Tue Mar 10 09:08:09 CET 2026
