status file for recon-all
Tue Mar 10 08:38:07 CET 2026
#@# Tessellate rh Tue Mar 10 08:38:07 CET 2026
#@# Smooth1 rh Tue Mar 10 08:38:10 CET 2026
#@# Inflation1 rh Tue Mar 10 08:38:12 CET 2026
#@# QSphere rh Tue Mar 10 08:38:25 CET 2026
#@# Fix Topology rh Tue Mar 10 08:39:23 CET 2026
#@# Smooth2 rh Tue Mar 10 08:44:34 CET 2026
#@# Inflation2 rh Tue Mar 10 08:44:36 CET 2026
#@# Curv .H and .K rh Tue Mar 10 08:44:50 CET 2026
#@# Sphere rh Tue Mar 10 08:45:28 CET 2026
#@# Surf Reg rh Tue Mar 10 08:47:13 CET 2026
#@# Jacobian white rh Tue Mar 10 08:51:09 CET 2026
#@# AvgCurv rh Tue Mar 10 08:51:10 CET 2026
#@# Cortical Parc rh Tue Mar 10 08:51:10 CET 2026
#@# white curv rh Tue Mar 10 08:57:16 CET 2026
#@# white area rh Tue Mar 10 08:57:18 CET 2026
#@# pial curv rh Tue Mar 10 08:57:18 CET 2026
#@# pial area rh Tue Mar 10 08:57:20 CET 2026
#@# thickness rh Tue Mar 10 08:57:20 CET 2026
#@# area and vertex vol rh Tue Mar 10 08:57:40 CET 2026
#@# Curvature Stats rh Tue Mar 10 08:57:41 CET 2026
#@# Cortical Parc 2 rh Tue Mar 10 08:57:44 CET 2026
#@# Cortical Parc 3 rh Tue Mar 10 08:57:55 CET 2026
#@# WM/GM Contrast rh Tue Mar 10 08:58:02 CET 2026
recon-all -s sub-v1s8x0051336_ses-1 finished without error at Tue Mar 10 08:58:05 CET 2026



#New# invocation of recon-all 



status file for recon-all
Tue Mar 10 09:03:51 CET 2026
#@# white curv rh Tue Mar 10 09:03:51 CET 2026
#@# white area rh Tue Mar 10 09:03:51 CET 2026
#@# pial curv rh Tue Mar 10 09:03:51 CET 2026
#@# pial area rh Tue Mar 10 09:03:51 CET 2026
#@# thickness rh Tue Mar 10 09:03:51 CET 2026
#@# area and vertex vol rh Tue Mar 10 09:03:51 CET 2026
#@# Parcellation Stats rh Tue Mar 10 09:03:51 CET 2026
#@# Parcellation Stats 2 rh Tue Mar 10 09:04:07 CET 2026
#@# Parcellation Stats 3 rh Tue Mar 10 09:04:15 CET 2026
#@# BA_exvivo Labels rh Tue Mar 10 09:04:23 CET 2026
recon-all -s sub-v1s8x0051336_ses-1 finished without error at Tue Mar 10 09:06:30 CET 2026
