/out/sourcedata/freesurfer/sub-v1s8x0051341_ses-1/mri
/opt/freesurfer/bin/talairach_avi
--i orig_nu.mgz --xfm transforms/talairach.auto.xfm
talairach_avi 7.3.2
Linux dna079 5.14.0-427.37.1.el9_4.x86_64 #1 SMP PREEMPT_DYNAMIC Fri Sep 13 12:41:50 EDT 2024 x86_64 x86_64 x86_64 GNU/Linux
Tue Mar 10 06:54:56 CET 2026
mri_convert orig_nu.mgz talsrcimg.img 
reading from orig_nu.mgz...
TR=0.00, TE=0.00, TI=0.00, flip angle=0.00
i_ras = (-1, 0, 0)
j_ras = (0, 0, -1)
k_ras = (0, 1, 0)
writing to talsrcimg.img...
Analyze Output Matrix
-1.00000   0.00000   0.00000   130.06848;
 0.00000   0.00000   1.00000  -127.95144;
 0.00000  -1.00000   0.00000   133.94673;
 0.00000   0.00000   0.00000   1.00000;
--------------------
INFO: set hdr.hist.orient to -1
mpr2mni305 talsrcimg
Tue Mar 10 06:54:57 CET 2026
/opt/freesurfer/bin/mpr2mni305 talsrcimg
mpr2mni305 7.3.2
target=711-2C_as_mni_average_305

---------------------------------------------------------------------
analyzeto4dfp talsrcimg -O0 -y
---------------------------------------------------------------------

freesurfer ifh2hdr.c
Tue Mar 10 06:54:57 2026
Writing: talsrcimg.4dfp.hdr
freesurfer analyzeto4dfp.c
Reading: talsrcimg.hdr
header size 348 bytes
hdr.dime.datatype	offset=70	value=2
hdr.dime.bitpix		offset=72	value=8
hdr.hist.orient		offset=252	value=-1
dimensionality     4
dimensions       256       256       256         1
Reading: talsrcimg.img
Writing: talsrcimg.4dfp.img
Writing: talsrcimg.4dfp.ifh
ifh2hdr talsrcimg -r0to212
ori=2

---------------------------------------------------------------------
gauss_4dfp talsrcimg 1.1
---------------------------------------------------------------------

freesurfer gauss_4dfp.c
Reading: talsrcimg.4dfp.img
Writing: talsrcimg_g11.4dfp.img
image dimensions 256 256 256 padded to 288 288 288
processing volume 1freesurfer ifh2hdr.c
Tue Mar 10 06:54:58 2026
Writing: talsrcimg_g11.4dfp.hdr

Writing: talsrcimg_g11.4dfp.ifh
including: talsrcimg.4dfp.img.rec in talsrcimg_g11.4dfp.img.rec

---------------------------------------------------------------------
imgreg_4dfp /opt/freesurfer/average/711-2C_as_mni_average_305 none talsrcimg_g11 none talsrcimg_to_711-2C_as_mni_average_305_t4 4355
---------------------------------------------------------------------

freesurfer imgreg_4dfp.c
/opt/freesurfer/average/711-2C_as_mni_average_305.4dfp.img
       256       256       256         1
  1.000000  1.000000  1.000000
orientation T byte_order littleendian
Reading image: /opt/freesurfer/average/711-2C_as_mni_average_305.4dfp.img
dimensions:      256       256       256
mmppix:       1.0000   -1.0000   -1.0000
center:     128.0000 -129.0000 -129.0000
talsrcimg_g11.4dfp.img
       256       256       256         1
  1.000000  1.000000  1.000000
orientation T byte_order littleendian
Reading image: talsrcimg_g11.4dfp.img
dimensions:      256       256       256
mmppix:       1.0000   -1.0000   -1.0000
center:     128.0000 -129.0000 -129.0000
t4_read: open error in t4_sub.f l:  41 t4_file(1:l)talsrcimg_to_711-2C_as_mni_average_305_t4 
t4_read: transform initialized to I4
rotation matrix determinant  1.000000
image alignment mode   4355 decimal     1103 hex
   -7.5000  -45.0000  -45.0000 6034.9390   17.3683
    0.0000  -45.0000  -45.0000 6300.6587   17.3937
    7.5000  -45.0000  -45.0000 6071.1162   17.3842
   -7.5000  -37.5000  -45.0000 6639.8472   16.7384
    0.0000  -37.5000  -45.0000 6923.9917   16.7631
    7.5000  -37.5000  -45.0000 6688.8403   16.7474
   -7.5000  -30.0000  -45.0000 7534.0073   16.2916
    0.0000  -30.0000  -45.0000 7855.9873   16.3167
    7.5000  -30.0000  -45.0000 7576.6997   16.2980
   -7.5000  -22.5000  -45.0000 8476.0049   15.9906
    0.0000  -22.5000  -45.0000 8847.1396   16.0157
    7.5000  -22.5000  -45.0000 8521.0840   16.0017
   -7.5000  -15.0000  -45.0000 9446.7334   15.8067
    0.0000  -15.0000  -45.0000 9888.3838   15.8299
    7.5000  -15.0000  -45.0000 9514.6475   15.8212
   -7.5000   -7.5000  -45.000010476.5068   15.7742
    0.0000   -7.5000  -45.000010993.4414   15.7965
    7.5000   -7.5000  -45.000010538.6113   15.7908
   -7.5000    0.0000  -45.000011470.6865   15.7796
    0.0000    0.0000  -45.000012064.7412   15.8018
    7.5000    0.0000  -45.000011512.8818   15.7942
   -7.5000    7.5000  -45.000011551.7324   15.7833
    0.0000    7.5000  -45.000012160.4238   15.8062
    7.5000    7.5000  -45.000011561.5928   15.7922
   -7.5000   15.0000  -45.000011429.5244   15.7804
    0.0000   15.0000  -45.000012016.6719   15.8042
    7.5000   15.0000  -45.000011418.2646   15.7864
   -7.5000   22.5000  -45.000011243.5615   15.7686
    0.0000   22.5000  -45.000011807.5957   15.7925
    7.5000   22.5000  -45.000011221.6064   15.7779
   -7.5000   30.0000  -45.000011047.8203   15.5559
    0.0000   30.0000  -45.000011580.2412   15.5786
    7.5000   30.0000  -45.000011021.7314   15.5697
   -7.5000   37.5000  -45.000011122.8311   15.5613
    0.0000   37.5000  -45.000011646.0537   15.5833
    7.5000   37.5000  -45.000011084.5449   15.5776
   -7.5000   45.0000  -45.000010664.2559   15.1740
    0.0000   45.0000  -45.000011183.1260   15.1953
    7.5000   45.0000  -45.000010607.2744   15.1880
   -7.5000  -45.0000  -37.5000 6325.8076   17.2869
    0.0000  -45.0000  -37.5000 6611.2437   17.3094
    7.5000  -45.0000  -37.5000 6377.1504   17.3031
   -7.5000  -37.5000  -37.5000 6960.0688   16.6664
    0.0000  -37.5000  -37.5000 7259.4224   16.6912
    7.5000  -37.5000  -37.5000 7010.0405   16.6764
   -7.5000  -30.0000  -37.5000 7911.2925   16.2231
    0.0000  -30.0000  -37.5000 8264.0918   16.2512
    7.5000  -30.0000  -37.5000 7956.4053   16.2311
   -7.5000  -22.5000  -37.5000 8946.2822   15.9204
    0.0000  -22.5000  -37.5000 9364.1816   15.9486
    7.5000  -22.5000  -37.5000 8993.3350   15.9325
   -7.5000  -15.0000  -37.5000 9981.0469   15.7340
    0.0000  -15.0000  -37.500010483.8984   15.7589
    7.5000  -15.0000  -37.500010045.9346   15.7504
   -7.5000   -7.5000  -37.500011067.2051   15.7030
    0.0000   -7.5000  -37.500011633.9023   15.7248
    7.5000   -7.5000  -37.500011114.8555   15.7216
   -7.5000    0.0000  -37.500012096.5859   15.7137
    0.0000    0.0000  -37.500012727.9404   15.7346
    7.5000    0.0000  -37.500012123.8066   15.7296
   -7.5000    7.5000  -37.500012187.5762   15.7205
    0.0000    7.5000  -37.500012829.9922   15.7438
    7.5000    7.5000  -37.500012192.2510   15.7307
   -7.5000   15.0000  -37.500012070.9590   15.7163
    0.0000   15.0000  -37.500012687.4795   15.7428
    7.5000   15.0000  -37.500012053.2900   15.7235
   -7.5000   22.5000  -37.500011853.5859   15.7002
    0.0000   22.5000  -37.500012449.3027   15.7271
    7.5000   22.5000  -37.500011793.4736   15.7104
   -7.5000   30.0000  -37.500011590.4004   15.4844
    0.0000   30.0000  -37.500012154.2422   15.5087
    7.5000   30.0000  -37.500011527.0947   15.4999
   -7.5000   37.5000  -37.500011674.2744   15.4911
    0.0000   37.5000  -37.500012247.2178   15.5126
    7.5000   37.5000  -37.500011624.1982   15.5094
   -7.5000   45.0000  -37.500011209.5840   15.1106
    0.0000   45.0000  -37.500011767.7832   15.1307
    7.5000   45.0000  -37.500011135.8857   15.1259
   -7.5000  -45.0000  -30.0000 6711.6245   17.9861
    0.0000  -45.0000  -30.0000 7011.1050   18.0120
    7.5000  -45.0000  -30.0000 6753.3271   18.0134
   -7.5000  -37.5000  -30.0000 7411.8550   17.3390
    0.0000  -37.5000  -30.0000 7734.9355   17.3688
    7.5000  -37.5000  -30.0000 7448.0752   17.3566
   -7.5000  -30.0000  -30.0000 8460.3672   16.8774
    0.0000  -30.0000  -30.0000 8837.5459   16.9117
    7.5000  -30.0000  -30.0000 8477.4268   16.8907
   -7.5000  -22.5000  -30.0000 9561.8701   16.5614
    0.0000  -22.5000  -30.000010025.3242   16.5946
    7.5000  -22.5000  -30.0000 9597.5273   16.5772
   -7.5000  -15.0000  -30.000010679.8066   16.3669
    0.0000  -15.0000  -30.000011233.6338   16.3946
    7.5000  -15.0000  -30.000010731.7432   16.3881
   -7.5000   -7.5000  -30.000011843.5186   16.3366
    0.0000   -7.5000  -30.000012462.1680   16.3603
    7.5000   -7.5000  -30.000011896.1592   16.3629
   -7.5000    0.0000  -30.000012940.5918   16.3496
    0.0000    0.0000  -30.000013616.9814   16.3732
    7.5000    0.0000  -30.000012960.4463   16.3746
   -7.5000    7.5000  -30.000013034.1465   16.3561
    0.0000    7.5000  -30.000013708.8057   16.3842
    7.5000    7.5000  -30.000013037.2988   16.3740
   -7.5000   15.0000  -30.000012917.4072   16.3508
    0.0000   15.0000  -30.000013561.5771   16.3833
    7.5000   15.0000  -30.000012872.0391   16.3633
   -7.5000   22.5000  -30.000012670.3135   16.3311
    0.0000   22.5000  -30.000013309.2559   16.3628
    7.5000   22.5000  -30.000012564.1885   16.3450
   -7.5000   30.0000  -30.000012369.0146   16.1088
    0.0000   30.0000  -30.000012991.4014   16.1359
    7.5000   30.0000  -30.000012267.3203   16.1292
   -7.5000   37.5000  -30.000012489.5869   16.1176
    0.0000   37.5000  -30.000013126.5537   16.1410
    7.5000   37.5000  -30.000012394.2744   16.1436
   -7.5000   45.0000  -30.000011952.5811   15.7337
    0.0000   45.0000  -30.000012569.2676   15.7564
    7.5000   45.0000  -30.000011851.9229   15.7577
   -7.5000  -45.0000  -22.5000 7099.5547   18.5986
    0.0000  -45.0000  -22.5000 7399.9629   18.6313
    7.5000  -45.0000  -22.5000 7117.2432   18.6386
   -7.5000  -37.5000  -22.5000 7855.8438   17.9237
    0.0000  -37.5000  -22.5000 8197.9131   17.9588
    7.5000  -37.5000  -22.5000 7875.8301   17.9499
   -7.5000  -30.0000  -22.5000 8979.5225   17.4482
    0.0000  -30.0000  -22.5000 9377.8330   17.4859
    7.5000  -30.0000  -22.5000 8989.5020   17.4667
   -7.5000  -22.5000  -22.500010155.5596   17.1256
    0.0000  -22.5000  -22.500010626.3154   17.1600
    7.5000  -22.5000  -22.500010183.1924   17.1450
   -7.5000  -15.0000  -22.500011360.5488   16.9274
    0.0000  -15.0000  -22.500011909.4521   16.9552
    7.5000  -15.0000  -22.500011392.1670   16.9524
   -7.5000   -7.5000  -22.500012591.9590   16.8950
    0.0000   -7.5000  -22.500013243.4414   16.9207
    7.5000   -7.5000  -22.500012641.4971   16.9280
   -7.5000    0.0000  -22.500013759.5557   16.9032
    0.0000    0.0000  -22.500014480.4414   16.9311
    7.5000    0.0000  -22.500013776.8945   16.9372
   -7.5000    7.5000  -22.500013849.6230   16.9067
    0.0000    7.5000  -22.500014575.6924   16.9396
    7.5000    7.5000  -22.500013843.3799   16.9325
   -7.5000   15.0000  -22.500013709.6846   16.9037
    0.0000   15.0000  -22.500014411.3975   16.9396
    7.5000   15.0000  -22.500013633.0781   16.9215
   -7.5000   22.5000  -22.500013436.2139   16.8867
    0.0000   22.5000  -22.500014104.4375   16.9196
    7.5000   22.5000  -22.500013303.3398   16.9041
   -7.5000   30.0000  -22.500013153.2500   16.6633
    0.0000   30.0000  -22.500013807.4902   16.6906
    7.5000   30.0000  -22.500013011.3496   16.6875
   -7.5000   37.5000  -22.500013296.0010   16.6711
    0.0000   37.5000  -22.500013974.9229   16.6964
    7.5000   37.5000  -22.500013145.7178   16.7036
   -7.5000   45.0000  -22.500012707.7344   16.2786
    0.0000   45.0000  -22.500013346.0654   16.3055
    7.5000   45.0000  -22.500012564.8809   16.3114
   -7.5000  -45.0000  -15.0000 7432.0659   19.0515
    0.0000  -45.0000  -15.0000 7749.8604   19.0879
    7.5000  -45.0000  -15.0000 7463.4429   19.0934
   -7.5000  -37.5000  -15.0000 8256.3037   18.3559
    0.0000  -37.5000  -15.0000 8624.4102   18.3918
    7.5000  -37.5000  -15.0000 8283.2666   18.3830
   -7.5000  -30.0000  -15.0000 9459.6289   17.8701
    0.0000  -30.0000  -15.0000 9891.6006   17.9056
    7.5000  -30.0000  -15.0000 9472.6699   17.8884
   -7.5000  -22.5000  -15.000010705.5850   17.5445
    0.0000  -22.5000  -15.000011204.1445   17.5759
    7.5000  -22.5000  -15.000010712.6328   17.5642
   -7.5000  -15.0000  -15.000011980.0352   17.3452
    0.0000  -15.0000  -15.000012550.1719   17.3712
    7.5000  -15.0000  -15.000011994.5410   17.3697
   -7.5000   -7.5000  -15.000013288.2031   17.3104
    0.0000   -7.5000  -15.000013975.5693   17.3366
    7.5000   -7.5000  -15.000013306.9023   17.3430
   -7.5000    0.0000  -15.000014540.7500   17.3125
    0.0000    0.0000  -15.000015295.5781   17.3423
    7.5000    0.0000  -15.000014556.5713   17.3468
   -7.5000    7.5000  -15.000014658.7744   17.3129
    0.0000    7.5000  -15.000015410.1992   17.3462
    7.5000    7.5000  -15.000014633.9424   17.3389
   -7.5000   15.0000  -15.000014489.0225   17.3120
    0.0000   15.0000  -15.000015198.9941   17.3460
    7.5000   15.0000  -15.000014393.6445   17.3298
   -7.5000   22.5000  -15.000014169.8955   17.2990
    0.0000   22.5000  -15.000014803.3867   17.3290
    7.5000   22.5000  -15.000014006.5361   17.3165
   -7.5000   30.0000  -15.000013888.0928   17.0773
    0.0000   30.0000  -15.000014506.5264   17.1027
    7.5000   30.0000  -15.000013718.7832   17.1009
   -7.5000   37.5000  -15.000014065.5020   17.0834
    0.0000   37.5000  -15.000014714.6396   17.1093
    7.5000   37.5000  -15.000013900.0830   17.1155
   -7.5000   45.0000  -15.000013451.3486   16.6828
    0.0000   45.0000  -15.000014082.4062   16.7116
    7.5000   45.0000  -15.000013300.7383   16.7159
   -7.5000  -45.0000   -7.5000 7786.9307   19.2887
    0.0000  -45.0000   -7.5000 8136.4692   19.3226
    7.5000  -45.0000   -7.5000 7799.9302   19.3194
   -7.5000  -37.5000   -7.5000 8684.7871   18.5875
    0.0000  -37.5000   -7.5000 9079.8750   18.6191
    7.5000  -37.5000   -7.5000 8674.2139   18.6064
   -7.5000  -30.0000   -7.5000 9941.5000   18.0952
    0.0000  -30.0000   -7.500010390.4326   18.1255
    7.5000  -30.0000   -7.5000 9937.3779   18.1079
   -7.5000  -22.5000   -7.500011244.9111   17.7654
    0.0000  -22.5000   -7.500011760.6221   17.7937
    7.5000  -22.5000   -7.500011253.3369   17.7819
   -7.5000  -15.0000   -7.500012581.8418   17.5636
    0.0000  -15.0000   -7.500013178.1836   17.5893
    7.5000  -15.0000   -7.500012598.1562   17.5846
   -7.5000   -7.5000   -7.500013929.6094   17.5272
    0.0000   -7.5000   -7.500014643.3652   17.5536
    7.5000   -7.5000   -7.500013981.3809   17.5531
   -7.5000    0.0000   -7.500015247.0430   17.5292
    0.0000    0.0000   -7.500016073.4219   17.5573
    7.5000    0.0000   -7.500015288.5049   17.5547
   -7.5000    7.5000   -7.500015402.7783   17.5308
    0.0000    7.5000   -7.500016227.7393   17.5600
    7.5000    7.5000   -7.500015425.4043   17.5488
   -7.5000   15.0000   -7.500015310.6270   17.5298
    0.0000   15.0000   -7.500016038.6885   17.5589
    7.5000   15.0000   -7.500015271.1533   17.5422
   -7.5000   22.5000   -7.500015055.5146   17.5146
    0.0000   22.5000   -7.500015605.7646   17.5416
    7.5000   22.5000   -7.500014900.6807   17.5290
   -7.5000   30.0000   -7.500014761.6279   17.2918
    0.0000   30.0000   -7.500015226.3213   17.3169
    7.5000   30.0000   -7.500014563.3135   17.3118
   -7.5000   37.5000   -7.500014947.0029   17.2970
    0.0000   37.5000   -7.500015483.4395   17.3229
    7.5000   37.5000   -7.500014742.8945   17.3225
   -7.5000   45.0000   -7.500014303.4219   16.8948
    0.0000   45.0000   -7.500014882.3389   16.9220
    7.5000   45.0000   -7.500014103.4766   16.9194
   -7.5000  -45.0000    0.0000 8065.2461   19.3363
    0.0000  -45.0000    0.0000 8423.6611   19.3645
    7.5000  -45.0000    0.0000 8047.3682   19.3546
   -7.5000  -37.5000    0.0000 8994.8213   18.6398
    0.0000  -37.5000    0.0000 9414.2842   18.6672
    7.5000  -37.5000    0.0000 8979.5195   18.6504
   -7.5000  -30.0000    0.000010318.9980   18.1451
    0.0000  -30.0000    0.000010818.2666   18.1731
    7.5000  -30.0000    0.000010325.5586   18.1528
   -7.5000  -22.5000    0.000011693.7441   17.8104
    0.0000  -22.5000    0.000012282.3350   17.8386
    7.5000  -22.5000    0.000011731.7188   17.8236
   -7.5000  -15.0000    0.000013078.8770   17.6051
    0.0000  -15.0000    0.000013728.9160   17.6313
    7.5000  -15.0000    0.000013122.7070   17.6223
   -7.5000   -7.5000    0.000014464.7930   17.5688
    0.0000   -7.5000    0.000015190.2012   17.5940
    7.5000   -7.5000    0.000014544.3750   17.5882
   -7.5000    0.0000    0.000015776.9473   17.5757
    0.0000    0.0000    0.000016563.5098   17.6005
    7.5000    0.0000    0.000015886.8076   17.5925
   -7.5000    7.5000    0.000015928.6797   17.5811
    0.0000    7.5000    0.000016743.0723   17.6065
    7.5000    7.5000    0.000016055.6211   17.5914
   -7.5000   15.0000    0.000016040.2754   17.5783
    0.0000   15.0000    0.000016864.1426   17.6048
    7.5000   15.0000    0.000016116.3818   17.5856
   -7.5000   22.5000    0.000016044.8203   17.5586
    0.0000   22.5000    0.000016727.3145   17.5854
    7.5000   22.5000    0.000015958.8662   17.5697
   -7.5000   30.0000    0.000015730.9131   17.3328
    0.0000   30.0000    0.000016273.2295   17.3584
    7.5000   30.0000    0.000015519.3379   17.3491
   -7.5000   37.5000    0.000015789.9434   17.3385
    0.0000   37.5000    0.000016401.6016   17.3633
    7.5000   37.5000    0.000015517.9238   17.3576
   -7.5000   45.0000    0.000014989.2295   16.9410
    0.0000   45.0000    0.000015657.0928   16.9648
    7.5000   45.0000    0.000014719.3164   16.9572
   -7.5000  -45.0000    7.5000 7677.5645   19.3290
    0.0000  -45.0000    7.5000 8039.2686   19.3539
    7.5000  -45.0000    7.5000 7638.2217   19.3467
   -7.5000  -37.5000    7.5000 8566.9805   18.6355
    0.0000  -37.5000    7.5000 8987.7363   18.6632
    7.5000  -37.5000    7.5000 8563.6729   18.6464
   -7.5000  -30.0000    7.5000 9882.8994   18.1397
    0.0000  -30.0000    7.500010360.9707   18.1710
    7.5000  -30.0000    7.5000 9898.1924   18.1484
   -7.5000  -22.5000    7.500011219.9102   17.8009
    0.0000  -22.5000    7.500011766.0303   17.8324
    7.5000  -22.5000    7.500011265.5088   17.8142
   -7.5000  -15.0000    7.500012530.7520   17.5927
    0.0000  -15.0000    7.500013139.0420   17.6203
    7.5000  -15.0000    7.500012608.9570   17.6106
   -7.5000   -7.5000    7.500013871.3057   17.5587
    0.0000   -7.5000    7.500014543.9697   17.5828
    7.5000   -7.5000    7.500013987.7988   17.5791
   -7.5000    0.0000    7.500015175.7305   17.5711
    0.0000    0.0000    7.500015906.5518   17.5943
    7.5000    0.0000    7.500015294.2939   17.5886
   -7.5000    7.5000    7.500015365.7754   17.5786
    0.0000    7.5000    7.500016167.2910   17.6046
    7.5000    7.5000    7.500015488.5166   17.5898
   -7.5000   15.0000    7.500015515.5029   17.5734
    0.0000   15.0000    7.500016406.5332   17.6029
    7.5000   15.0000    7.500015553.8975   17.5813
   -7.5000   22.5000    7.500015506.1211   17.5492
    0.0000   22.5000    7.500016344.0518   17.5791
    7.5000   22.5000    7.500015420.0723   17.5604
   -7.5000   30.0000    7.500015147.3750   17.3203
    0.0000   30.0000    7.500015903.9082   17.3474
    7.5000   30.0000    7.500014986.8037   17.3374
   -7.5000   37.5000    7.500015157.3340   17.3285
    0.0000   37.5000    7.500015949.6934   17.3523
    7.5000   37.5000    7.500014969.3145   17.3486
   -7.5000   45.0000    7.500014378.9902   16.9366
    0.0000   45.0000    7.500015141.0215   16.9589
    7.5000   45.0000    7.500014184.5645   16.9534
   -7.5000  -45.0000   15.0000 7182.5259   19.3210
    0.0000  -45.0000   15.0000 7506.2456   19.3488
    7.5000  -45.0000   15.0000 7148.1997   19.3504
   -7.5000  -37.5000   15.0000 8069.8608   18.6264
    0.0000  -37.5000   15.0000 8437.5957   18.6584
    7.5000  -37.5000   15.0000 8054.4385   18.6454
   -7.5000  -30.0000   15.0000 9341.5156   18.1308
    0.0000  -30.0000   15.0000 9789.4785   18.1676
    7.5000  -30.0000   15.0000 9340.1650   18.1451
   -7.5000  -22.5000   15.000010597.6543   17.7912
    0.0000  -22.5000   15.000011141.2607   17.8268
    7.5000  -22.5000   15.000010645.5605   17.8081
   -7.5000  -15.0000   15.000011863.0176   17.5821
    0.0000  -15.0000   15.000012482.9111   17.6119
    7.5000  -15.0000   15.000011930.1133   17.6049
   -7.5000   -7.5000   15.000013151.0273   17.5495
    0.0000   -7.5000   15.000013873.9355   17.5750
    7.5000   -7.5000   15.000013235.9873   17.5778
   -7.5000    0.0000   15.000014406.6230   17.5635
    0.0000    0.0000   15.000015167.2051   17.5889
    7.5000    0.0000   15.000014459.5205   17.5904
   -7.5000    7.5000   15.000014597.7578   17.5705
    0.0000    7.5000   15.000015385.4424   17.6007
    7.5000    7.5000   15.000014637.8623   17.5898
   -7.5000   15.0000   15.000014674.0098   17.5649
    0.0000   15.0000   15.000015455.6436   17.5998
    7.5000   15.0000   15.000014676.3613   17.5783
   -7.5000   22.5000   15.000014532.8438   17.5399
    0.0000   22.5000   15.000015226.8711   17.5739
    7.5000   22.5000   15.000014468.9482   17.5548
   -7.5000   30.0000   15.000014130.7637   17.3100
    0.0000   30.0000   15.000014735.6221   17.3390
    7.5000   30.0000   15.000014026.6172   17.3319
   -7.5000   37.5000   15.000014208.0801   17.3194
    0.0000   37.5000   15.000014861.2207   17.3445
    7.5000   37.5000   15.000014087.9316   17.3473
   -7.5000   45.0000   15.000013568.4482   16.9292
    0.0000   45.0000   15.000014226.5732   16.9536
    7.5000   45.0000   15.000013448.2783   16.9551
   -7.5000  -45.0000   22.5000 6672.2373   19.5277
    0.0000  -45.0000   22.5000 6967.1934   19.5627
    7.5000  -45.0000   22.5000 6619.4453   19.5709
   -7.5000  -37.5000   22.5000 7515.5327   18.8159
    0.0000  -37.5000   22.5000 7879.6499   18.8533
    7.5000  -37.5000   22.5000 7478.4155   18.8444
   -7.5000  -30.0000   22.5000 8725.6338   18.3148
    0.0000  -30.0000   22.5000 9181.5361   18.3550
    7.5000  -30.0000   22.5000 8691.3701   18.3350
   -7.5000  -22.5000   22.5000 9931.5312   17.9728
    0.0000  -22.5000   22.500010485.6494   18.0097
    7.5000  -22.5000   22.5000 9926.1006   17.9939
   -7.5000  -15.0000   22.500011130.6943   17.7624
    0.0000  -15.0000   22.500011765.7061   17.7923
    7.5000  -15.0000   22.500011134.5566   17.7893
   -7.5000   -7.5000   22.500012343.3223   17.7276
    0.0000   -7.5000   22.500013025.7725   17.7551
    7.5000   -7.5000   22.500012337.9092   17.7629
   -7.5000    0.0000   22.500013470.9297   17.7360
    0.0000    0.0000   22.500014170.7568   17.7657
    7.5000    0.0000   22.500013468.3818   17.7725
   -7.5000    7.5000   22.500013613.4219   17.7399
    0.0000    7.5000   22.500014297.8799   17.7749
    7.5000    7.5000   22.500013630.0215   17.7677
   -7.5000   15.0000   22.500013611.0684   17.7371
    0.0000   15.0000   22.500014268.5107   17.7754
    7.5000   15.0000   22.500013633.5635   17.7565
   -7.5000   22.5000   22.500013419.0107   17.7168
    0.0000   22.5000   22.500013989.7158   17.7519
    7.5000   22.5000   22.500013398.3740   17.7357
   -7.5000   30.0000   22.500013047.3066   17.4873
    0.0000   30.0000   22.500013580.6357   17.5166
    7.5000   30.0000   22.500013011.5127   17.5132
   -7.5000   37.5000   22.500013178.8438   17.4951
    0.0000   37.5000   22.500013772.2773   17.5222
    7.5000   37.5000   22.500013133.7344   17.5299
   -7.5000   45.0000   22.500012674.8232   17.0954
    0.0000   45.0000   22.500013247.6162   17.1241
    7.5000   45.0000   22.500012600.4717   17.1307
   -7.5000  -45.0000   30.0000 6116.8711   19.8901
    0.0000  -45.0000   30.0000 6389.1602   19.9288
    7.5000  -45.0000   30.0000 6073.8735   19.9359
   -7.5000  -37.5000   30.0000 6899.0552   19.1511
    0.0000  -37.5000   30.0000 7228.3218   19.1892
    7.5000  -37.5000   30.0000 6848.5215   19.1810
   -7.5000  -30.0000   30.0000 8035.1885   18.6358
    0.0000  -30.0000   30.0000 8437.3857   18.6736
    7.5000  -30.0000   30.0000 7984.1909   18.6562
   -7.5000  -22.5000   30.0000 9166.7734   18.2867
    0.0000  -22.5000   30.0000 9642.3516   18.3202
    7.5000  -22.5000   30.0000 9139.7090   18.3085
   -7.5000  -15.0000   30.000010270.0518   18.0739
    0.0000  -15.0000   30.000010806.5078   18.1016
    7.5000  -15.0000   30.000010260.5117   18.1008
   -7.5000   -7.5000   30.000011362.8701   18.0375
    0.0000   -7.5000   30.000011947.9678   18.0653
    7.5000   -7.5000   30.000011368.6445   18.0729
   -7.5000    0.0000   30.000012381.2480   18.0400
    0.0000    0.0000   30.000013007.3701   18.0716
    7.5000    0.0000   30.000012406.9180   18.0773
   -7.5000    7.5000   30.000012523.1299   18.0396
    0.0000    7.5000   30.000013163.0479   18.0749
    7.5000    7.5000   30.000012571.0322   18.0681
   -7.5000   15.0000   30.000012535.8457   18.0377
    0.0000   15.0000   30.000013143.9990   18.0738
    7.5000   15.0000   30.000012571.1592   18.0575
   -7.5000   22.5000   30.000012342.4766   18.0220
    0.0000   22.5000   30.000012882.2920   18.0539
    7.5000   22.5000   30.000012336.5361   18.0414
   -7.5000   30.0000   30.000012009.4639   17.7935
    0.0000   30.0000   30.000012527.3018   17.8206
    7.5000   30.0000   30.000012009.9043   17.8194
   -7.5000   37.5000   30.000012128.7158   17.8009
    0.0000   37.5000   30.000012682.3457   17.8284
    7.5000   37.5000   30.000012144.1211   17.8358
   -7.5000   45.0000   30.000011705.8320   17.3885
    0.0000   45.0000   30.000012240.1670   17.4189
    7.5000   45.0000   30.000011690.7549   17.4244
   -7.5000  -45.0000   37.5000 5829.5278   20.4308
    0.0000  -45.0000   37.5000 6080.1064   20.4687
    7.5000  -45.0000   37.5000 5801.7104   20.4656
   -7.5000  -37.5000   37.5000 6568.8633   19.6610
    0.0000  -37.5000   37.5000 6867.9746   19.6958
    7.5000  -37.5000   37.5000 6544.8677   19.6820
   -7.5000  -30.0000   37.5000 7639.7793   19.1215
    0.0000  -30.0000   37.5000 8007.1411   19.1548
    7.5000  -30.0000   37.5000 7641.1172   19.1355
   -7.5000  -22.5000   37.5000 8730.7305   18.7533
    0.0000  -22.5000   37.5000 9161.2305   18.7848
    7.5000  -22.5000   37.5000 8741.2637   18.7720
   -7.5000  -15.0000   37.5000 9784.8252   18.5298
    0.0000  -15.0000   37.500010285.0430   18.5586
    7.5000  -15.0000   37.5000 9810.6895   18.5537
   -7.5000   -7.5000   37.500010827.8545   18.4917
    0.0000   -7.5000   37.500011394.0928   18.5212
    7.5000   -7.5000   37.500010878.8379   18.5211
   -7.5000    0.0000   37.500011832.9639   18.4956
    0.0000    0.0000   37.500012443.2031   18.5268
    7.5000    0.0000   37.500011890.2656   18.5241
   -7.5000    7.5000   37.500011978.6367   18.4965
    0.0000    7.5000   37.500012615.1348   18.5285
    7.5000    7.5000   37.500012045.8848   18.5162
   -7.5000   15.0000   37.500011987.8252   18.4930
    0.0000   15.0000   37.500012580.3008   18.5248
    7.5000   15.0000   37.500012036.4414   18.5065
   -7.5000   22.5000   37.500011808.6963   18.4751
    0.0000   22.5000   37.500012357.4482   18.5050
    7.5000   22.5000   37.500011820.6855   18.4913
   -7.5000   30.0000   37.500011492.0312   18.2411
    0.0000   30.0000   37.500012017.6201   18.2692
    7.5000   30.0000   37.500011512.1865   18.2639
   -7.5000   37.5000   37.500011568.9307   18.2491
    0.0000   37.5000   37.500012117.1621   18.2782
    7.5000   37.5000   37.500011611.7588   18.2780
   -7.5000   45.0000   37.500011206.7959   17.8277
    0.0000   45.0000   37.500011719.5283   17.8577
    7.5000   45.0000   37.500011214.7832   17.8551
   -7.5000  -45.0000   45.0000 5327.7583   21.0627
    0.0000  -45.0000   45.0000 5555.5977   21.0971
    7.5000  -45.0000   45.0000 5313.7324   21.0912
   -7.5000  -37.5000   45.0000 6016.1670   20.2567
    0.0000  -37.5000   45.0000 6274.3071   20.2898
    7.5000  -37.5000   45.0000 6011.9253   20.2744
   -7.5000  -30.0000   45.0000 6987.3164   19.6854
    0.0000  -30.0000   45.0000 7304.2515   19.7185
    7.5000  -30.0000   45.0000 7011.4570   19.6982
   -7.5000  -22.5000   45.0000 7983.2661   19.2953
    0.0000  -22.5000   45.0000 8362.0469   19.3277
    7.5000  -22.5000   45.0000 8015.0288   19.3144
   -7.5000  -15.0000   45.0000 8970.6182   19.0588
    0.0000  -15.0000   45.0000 9405.4365   19.0889
    7.5000  -15.0000   45.0000 9003.4316   19.0837
   -7.5000   -7.5000   45.0000 9952.3613   19.0182
    0.0000   -7.5000   45.000010439.6172   19.0477
    7.5000   -7.5000   45.0000 9996.3623   19.0464
   -7.5000    0.0000   45.000010873.6855   19.0227
    0.0000    0.0000   45.000011420.7178   19.0524
    7.5000    0.0000   45.000010931.8613   19.0476
   -7.5000    7.5000   45.000011004.5391   19.0230
    0.0000    7.5000   45.000011569.8584   19.0534
    7.5000    7.5000   45.000011055.9189   19.0393
   -7.5000   15.0000   45.000011004.1230   19.0176
    0.0000   15.0000   45.000011528.5439   19.0487
    7.5000   15.0000   45.000011032.8379   19.0294
   -7.5000   22.5000   45.000010851.3936   18.9989
    0.0000   22.5000   45.000011369.3232   19.0296
    7.5000   22.5000   45.000010868.1787   19.0154
   -7.5000   30.0000   45.000010560.5205   18.7581
    0.0000   30.0000   45.000011066.3975   18.7875
    7.5000   30.0000   45.000010588.3418   18.7818
   -7.5000   37.5000   45.000010606.9375   18.7669
    0.0000   37.5000   45.000011113.0576   18.7960
    7.5000   37.5000   45.000010664.3496   18.7947
   -7.5000   45.0000   45.000010281.2803   18.3440
    0.0000   45.0000   45.000010758.7520   18.3726
    7.5000   45.0000   45.000010316.1221   18.3680

---------------------------------------------------------------------
imgreg_4dfp /opt/freesurfer/average/711-2C_as_mni_average_305 /opt/freesurfer/average/711-2B_as_mni_average_305_mask talsrcimg_g11 none talsrcimg_to_711-2C_as_mni_average_305_t4 4355
---------------------------------------------------------------------

freesurfer imgreg_4dfp.c
/opt/freesurfer/average/711-2C_as_mni_average_305.4dfp.img
       256       256       256         1
  1.000000  1.000000  1.000000
orientation T byte_order littleendian
Reading image: /opt/freesurfer/average/711-2C_as_mni_average_305.4dfp.img
dimensions:      256       256       256
mmppix:       1.0000   -1.0000   -1.0000
center:     128.0000 -129.0000 -129.0000
/opt/freesurfer/average/711-2B_as_mni_average_305_mask.4dfp.img
       256       256       256         1
  1.000000  1.000000  1.000000
orientation T byte_order littleendian
Reading mask: /opt/freesurfer/average/711-2B_as_mni_average_305_mask.4dfp.img (2306576 pixels)
talsrcimg_g11.4dfp.img
       256       256       256         1
  1.000000  1.000000  1.000000
orientation T byte_order littleendian
Reading image: talsrcimg_g11.4dfp.img
dimensions:      256       256       256
mmppix:       1.0000   -1.0000   -1.0000
center:     128.0000 -129.0000 -129.0000
rotation matrix determinant  1.000000
image alignment mode   4355 decimal     1103 hex
   -7.5000  -30.0000  -45.0000 1947.4091   22.0692
    0.0000  -30.0000  -45.0000 1961.1598   21.8746
    7.5000  -30.0000  -45.0000 1953.8490   21.9009
   -7.5000  -22.5000  -45.0000 2082.1726   19.7309
    0.0000  -22.5000  -45.0000 2093.0496   19.5622
    7.5000  -22.5000  -45.0000 2086.1965   19.5345
   -7.5000  -15.0000  -45.0000 2199.3604   17.8779
    0.0000  -15.0000  -45.0000 2211.3350   17.7730
    7.5000  -15.0000  -45.0000 2207.4482   17.6900
   -7.5000   -7.5000  -45.0000 2297.6619   16.3268
    0.0000   -7.5000  -45.0000 2315.1890   16.2368
    7.5000   -7.5000  -45.0000 2308.8579   16.1287
   -7.5000    0.0000  -45.0000 2377.7876   15.1078
    0.0000    0.0000  -45.0000 2399.4023   15.0209
    7.5000    0.0000  -45.0000 2385.9172   14.9363
   -7.5000    7.5000  -45.0000 2428.1851   14.2644
    0.0000    7.5000  -45.0000 2454.9973   14.1857
    7.5000    7.5000  -45.0000 2439.6948   14.1406
   -7.5000   15.0000  -45.0000 2454.0479   13.8513
    0.0000   15.0000  -45.0000 2481.4111   13.7366
    7.5000   15.0000  -45.0000 2464.6707   13.7082
   -7.5000   22.5000  -45.0000 2474.6809   13.6902
    0.0000   22.5000  -45.0000 2498.9092   13.5459
    7.5000   22.5000  -45.0000 2486.2214   13.5206
   -7.5000   30.0000  -45.0000 2472.0154   13.8542
    0.0000   30.0000  -45.0000 2496.9443   13.6741
    7.5000   30.0000  -45.0000 2484.9646   13.6753
   -7.5000   37.5000  -45.0000 2450.3813   14.2772
    0.0000   37.5000  -45.0000 2475.0320   14.1137
    7.5000   37.5000  -45.0000 2460.8901   14.1573
   -7.5000   45.0000  -45.0000 2407.0742   15.0372
    0.0000   45.0000  -45.0000 2436.2830   14.8559
    7.5000   45.0000  -45.0000 2418.4753   14.8875
   -7.5000   52.5000  -45.0000 2326.7341   15.8896
    0.0000   52.5000  -45.0000 2354.0479   15.7002
    7.5000   52.5000  -45.0000 2337.7063   15.7319
   -7.5000   60.0000  -45.0000 2199.4460   16.7817
    0.0000   60.0000  -45.0000 2227.7927   16.5769
    7.5000   60.0000  -45.0000 2213.3616   16.5928
   -7.5000  -30.0000  -37.5000 1995.1449   20.8636
    0.0000  -30.0000  -37.5000 2010.0868   20.6842
    7.5000  -30.0000  -37.5000 2005.7382   20.6855
   -7.5000  -22.5000  -37.5000 2143.9395   18.6181
    0.0000  -22.5000  -37.5000 2159.6091   18.4835
    7.5000  -22.5000  -37.5000 2152.3162   18.4130
   -7.5000  -15.0000  -37.5000 2265.6577   16.8227
    0.0000  -15.0000  -37.5000 2286.7676   16.7568
    7.5000  -15.0000  -37.5000 2275.9673   16.6264
   -7.5000   -7.5000  -37.5000 2372.7639   15.3547
    0.0000   -7.5000  -37.5000 2395.3428   15.2929
    7.5000   -7.5000  -37.5000 2384.7612   15.1601
   -7.5000    0.0000  -37.5000 2453.6624   14.1816
    0.0000    0.0000  -37.5000 2480.8806   14.1171
    7.5000    0.0000  -37.5000 2467.7749   13.9984
   -7.5000    7.5000  -37.5000 2514.9492   13.3949
    0.0000    7.5000  -37.5000 2544.2703   13.3045
    7.5000    7.5000  -37.5000 2526.9319   13.2270
   -7.5000   15.0000  -37.5000 2547.8049   12.9335
    0.0000   15.0000  -37.5000 2574.4585   12.8401
    7.5000   15.0000  -37.5000 2561.1143   12.7924
   -7.5000   22.5000  -37.5000 2565.4871   12.7715
    0.0000   22.5000  -37.5000 2587.3928   12.6423
    7.5000   22.5000  -37.5000 2577.9563   12.5957
   -7.5000   30.0000  -37.5000 2564.0408   12.8904
    0.0000   30.0000  -37.5000 2589.3560   12.7666
    7.5000   30.0000  -37.5000 2577.9561   12.7415
   -7.5000   37.5000  -37.5000 2538.5676   13.2601
    0.0000   37.5000  -37.5000 2566.5996   13.1326
    7.5000   37.5000  -37.5000 2557.4919   13.1568
   -7.5000   45.0000  -37.5000 2498.6072   13.9298
    0.0000   45.0000  -37.5000 2530.5676   13.8045
    7.5000   45.0000  -37.5000 2514.2952   13.8275
   -7.5000   52.5000  -37.5000 2414.6238   14.7244
    0.0000   52.5000  -37.5000 2446.8181   14.5738
    7.5000   52.5000  -37.5000 2429.6963   14.5976
   -7.5000   60.0000  -37.5000 2283.7163   15.5456
    0.0000   60.0000  -37.5000 2312.1296   15.3692
    7.5000   60.0000  -37.5000 2299.1279   15.3954
   -7.5000  -30.0000  -30.0000 2086.2241   20.5141
    0.0000  -30.0000  -30.0000 2096.3894   20.3595
    7.5000  -30.0000  -30.0000 2090.4045   20.3152
   -7.5000  -22.5000  -30.0000 2235.0991   18.2611
    0.0000  -22.5000  -30.0000 2253.0139   18.1660
    7.5000  -22.5000  -30.0000 2243.8611   18.0637
   -7.5000  -15.0000  -30.0000 2365.1238   16.4677
    0.0000  -15.0000  -30.0000 2389.1379   16.3776
    7.5000  -15.0000  -30.0000 2376.0298   16.2918
   -7.5000   -7.5000  -30.0000 2480.7012   15.0077
    0.0000   -7.5000  -30.0000 2507.1409   14.9055
    7.5000   -7.5000  -30.0000 2492.8850   14.8313
   -7.5000    0.0000  -30.0000 2569.4412   13.8242
    0.0000    0.0000  -30.0000 2598.2986   13.7305
    7.5000    0.0000  -30.0000 2584.0344   13.6493
   -7.5000    7.5000  -30.0000 2638.0303   13.0180
    0.0000    7.5000  -30.0000 2667.7676   12.9277
    7.5000    7.5000  -30.0000 2658.3621   12.8562
   -7.5000   15.0000  -30.0000 2684.1455   12.5076
    0.0000   15.0000  -30.0000 2708.6211   12.4221
    7.5000   15.0000  -30.0000 2697.8630   12.3617
   -7.5000   22.5000  -30.0000 2705.3147   12.3246
    0.0000   22.5000  -30.0000 2732.5698   12.2457
    7.5000   22.5000  -30.0000 2716.1633   12.1651
   -7.5000   30.0000  -30.0000 2700.3821   12.4234
    0.0000   30.0000  -30.0000 2730.5076   12.3355
    7.5000   30.0000  -30.0000 2714.6580   12.2944
   -7.5000   37.5000  -30.0000 2678.6433   12.7848
    0.0000   37.5000  -30.0000 2714.1958   12.6916
    7.5000   37.5000  -30.0000 2697.1365   12.7038
   -7.5000   45.0000  -30.0000 2637.3518   13.4129
    0.0000   45.0000  -30.0000 2676.3418   13.2874
    7.5000   45.0000  -30.0000 2656.8257   13.3363
   -7.5000   52.5000  -30.0000 2549.0305   14.1699
    0.0000   52.5000  -30.0000 2580.3489   14.0270
    7.5000   52.5000  -30.0000 2567.0332   14.0634
   -7.5000   60.0000  -30.0000 2406.0281   14.9877
    0.0000   60.0000  -30.0000 2435.8337   14.8164
    7.5000   60.0000  -30.0000 2423.5669   14.8486
   -7.5000  -30.0000  -22.5000 2136.9297   20.1669
    0.0000  -30.0000  -22.5000 2152.4971   20.0234
    7.5000  -30.0000  -22.5000 2140.9800   20.0018
   -7.5000  -22.5000  -22.5000 2286.1377   17.8895
    0.0000  -22.5000  -22.5000 2303.3401   17.7778
    7.5000  -22.5000  -22.5000 2297.4736   17.7386
   -7.5000  -15.0000  -22.5000 2422.0068   16.0747
    0.0000  -15.0000  -22.5000 2443.3306   15.9750
    7.5000  -15.0000  -22.5000 2434.7153   15.9321
   -7.5000   -7.5000  -22.5000 2542.8157   14.6106
    0.0000   -7.5000  -22.5000 2570.3157   14.5012
    7.5000   -7.5000  -22.5000 2559.6921   14.4504
   -7.5000    0.0000  -22.5000 2642.2361   13.4322
    0.0000    0.0000  -22.5000 2673.0251   13.3137
    7.5000    0.0000  -22.5000 2659.2930   13.2775
   -7.5000    7.5000  -22.5000 2719.9814   12.5750
    0.0000    7.5000  -22.5000 2753.2642   12.4567
    7.5000    7.5000  -22.5000 2744.8320   12.4201
   -7.5000   15.0000  -22.5000 2771.9399   12.0299
    0.0000   15.0000  -22.5000 2805.5220   11.9260
    7.5000   15.0000  -22.5000 2791.8879   11.8911
   -7.5000   22.5000  -22.5000 2804.0330   11.8051
    0.0000   22.5000  -22.5000 2839.4917   11.7108
    7.5000   22.5000  -22.5000 2816.7190   11.6463
   -7.5000   30.0000  -22.5000 2808.9351   11.9014
    0.0000   30.0000  -22.5000 2847.9153   11.7865
    7.5000   30.0000  -22.5000 2822.4922   11.7788
   -7.5000   37.5000  -22.5000 2790.9800   12.2827
    0.0000   37.5000  -22.5000 2829.9080   12.1580
    7.5000   37.5000  -22.5000 2809.6448   12.1850
   -7.5000   45.0000  -22.5000 2747.2097   12.8969
    0.0000   45.0000  -22.5000 2780.4087   12.7498
    7.5000   45.0000  -22.5000 2767.3064   12.7856
   -7.5000   52.5000  -22.5000 2651.2297   13.6078
    0.0000   52.5000  -22.5000 2680.7104   13.4554
    7.5000   52.5000  -22.5000 2667.4553   13.4854
   -7.5000   60.0000  -22.5000 2506.4104   14.3932
    0.0000   60.0000  -22.5000 2532.9946   14.2320
    7.5000   60.0000  -22.5000 2521.2610   14.2673
   -7.5000  -30.0000  -15.0000 2152.9204   19.9379
    0.0000  -30.0000  -15.0000 2168.8171   19.8084
    7.5000  -30.0000  -15.0000 2160.1804   19.8269
   -7.5000  -22.5000  -15.0000 2302.0671   17.6327
    0.0000  -22.5000  -15.0000 2321.0042   17.4789
    7.5000  -22.5000  -15.0000 2310.4758   17.5310
   -7.5000  -15.0000  -15.0000 2437.6980   15.7936
    0.0000  -15.0000  -15.0000 2458.7837   15.6215
    7.5000  -15.0000  -15.0000 2450.4849   15.6466
   -7.5000   -7.5000  -15.0000 2561.2551   14.3053
    0.0000   -7.5000  -15.0000 2590.5146   14.1442
    7.5000   -7.5000  -15.0000 2579.4409   14.1446
   -7.5000    0.0000  -15.0000 2669.0671   13.1320
    0.0000    0.0000  -15.0000 2700.9707   12.9659
    7.5000    0.0000  -15.0000 2693.1978   12.9681
   -7.5000    7.5000  -15.0000 2762.1304   12.2492
    0.0000    7.5000  -15.0000 2794.1228   12.0909
    7.5000    7.5000  -15.0000 2785.8843   12.0897
   -7.5000   15.0000  -15.0000 2818.6477   11.6383
    0.0000   15.0000  -15.0000 2856.7769   11.4984
    7.5000   15.0000  -15.0000 2840.5574   11.5024
   -7.5000   22.5000  -15.0000 2858.7109   11.3681
    0.0000   22.5000  -15.0000 2897.8362   11.1839
    7.5000   22.5000  -15.0000 2878.3762   11.2135
   -7.5000   30.0000  -15.0000 2876.1299   11.4462
    0.0000   30.0000  -15.0000 2910.6716   11.2460
    7.5000   30.0000  -15.0000 2894.1775   11.2983
   -7.5000   37.5000  -15.0000 2866.1897   11.8887
    0.0000   37.5000  -15.0000 2900.4062   11.6870
    7.5000   37.5000  -15.0000 2884.1924   11.7362
   -7.5000   45.0000  -15.0000 2819.0544   12.4812
    0.0000   45.0000  -15.0000 2852.7292   12.2841
    7.5000   45.0000  -15.0000 2838.6404   12.3360
   -7.5000   52.5000  -15.0000 2721.9324   13.1562
    0.0000   52.5000  -15.0000 2749.8308   12.9473
    7.5000   52.5000  -15.0000 2739.0847   13.0275
   -7.5000   60.0000  -15.0000 2572.5417   13.9263
    0.0000   60.0000  -15.0000 2597.2878   13.7257
    7.5000   60.0000  -15.0000 2584.0830   13.8096
   -7.5000  -30.0000   -7.5000 2148.2720   19.8370
    0.0000  -30.0000   -7.5000 2167.1951   19.6207
    7.5000  -30.0000   -7.5000 2161.1946   19.6883
   -7.5000  -22.5000   -7.5000 2295.3813   17.4701
    0.0000  -22.5000   -7.5000 2312.1748   17.2462
    7.5000  -22.5000   -7.5000 2310.0781   17.3354
   -7.5000  -15.0000   -7.5000 2433.7947   15.5606
    0.0000  -15.0000   -7.5000 2450.4985   15.3701
    7.5000  -15.0000   -7.5000 2448.4055   15.4310
   -7.5000   -7.5000   -7.5000 2556.3455   14.0412
    0.0000   -7.5000   -7.5000 2582.0586   13.8781
    7.5000   -7.5000   -7.5000 2580.0308   13.9284
   -7.5000    0.0000   -7.5000 2668.7715   12.8901
    0.0000    0.0000   -7.5000 2697.8398   12.7037
    7.5000    0.0000   -7.5000 2697.1768   12.7555
   -7.5000    7.5000   -7.5000 2770.9521   12.0095
    0.0000    7.5000   -7.5000 2799.7029   11.8469
    7.5000    7.5000   -7.5000 2798.1399   11.8748
   -7.5000   15.0000   -7.5000 2841.9873   11.4239
    0.0000   15.0000   -7.5000 2873.9336   11.2352
    7.5000   15.0000   -7.5000 2873.2788   11.2838
   -7.5000   22.5000   -7.5000 2896.3589   11.1738
    0.0000   22.5000   -7.5000 2928.5713   10.8986
    7.5000   22.5000   -7.5000 2919.8113   11.0249
   -7.5000   30.0000   -7.5000 2932.9307   11.1867
    0.0000   30.0000   -7.5000 2955.0449   10.8719
    7.5000   30.0000   -7.5000 2945.6865   11.0458
   -7.5000   37.5000   -7.5000 2923.7610   11.5737
    0.0000   37.5000   -7.5000 2946.3545   11.3247
    7.5000   37.5000   -7.5000 2933.5327   11.4422
   -7.5000   45.0000   -7.5000 2870.1494   12.1179
    0.0000   45.0000   -7.5000 2897.3984   11.9047
    7.5000   45.0000   -7.5000 2885.0969   11.9970
   -7.5000   52.5000   -7.5000 2766.3162   12.7800
    0.0000   52.5000   -7.5000 2798.5942   12.5866
    7.5000   52.5000   -7.5000 2780.1267   12.6586
   -7.5000   60.0000   -7.5000 2608.1836   13.5222
    0.0000   60.0000   -7.5000 2639.6968   13.3630
    7.5000   60.0000   -7.5000 2622.5591   13.4093
   -7.5000  -30.0000    0.0000 2135.8552   19.9820
    0.0000  -30.0000    0.0000 2151.7720   19.7716
    7.5000  -30.0000    0.0000 2148.9934   19.8728
   -7.5000  -22.5000    0.0000 2280.6106   17.4677
    0.0000  -22.5000    0.0000 2299.6382   17.2897
    7.5000  -22.5000    0.0000 2300.2114   17.4275
   -7.5000  -15.0000    0.0000 2416.0806   15.4852
    0.0000  -15.0000    0.0000 2436.9949   15.3176
    7.5000  -15.0000    0.0000 2435.9575   15.4436
   -7.5000   -7.5000    0.0000 2539.7388   13.9658
    0.0000   -7.5000    0.0000 2563.9268   13.7491
    7.5000   -7.5000    0.0000 2564.5625   13.8924
   -7.5000    0.0000    0.0000 2649.1504   12.8102
    0.0000    0.0000    0.0000 2673.8748   12.5820
    7.5000    0.0000    0.0000 2680.9692   12.7245
   -7.5000    7.5000    0.0000 2758.1143   11.9606
    0.0000    7.5000    0.0000 2779.8594   11.7455
    7.5000    7.5000    0.0000 2790.8218   11.8709
   -7.5000   15.0000    0.0000 2854.7820   11.4702
    0.0000   15.0000    0.0000 2882.3833   11.2506
    7.5000   15.0000    0.0000 2885.3110   11.3713
   -7.5000   22.5000    0.0000 2928.1831   11.2463
    0.0000   22.5000    0.0000 2955.2715   11.0252
    7.5000   22.5000    0.0000 2950.2725   11.1285
   -7.5000   30.0000    0.0000 2965.5432   11.1797
    0.0000   30.0000    0.0000 2992.6785   10.9230
    7.5000   30.0000    0.0000 2974.7983   11.0655
   -7.5000   37.5000    0.0000 2956.2625   11.3912
    0.0000   37.5000    0.0000 2983.8525   11.1898
    7.5000   37.5000    0.0000 2957.2046   11.2937
   -7.5000   45.0000    0.0000 2895.7244   11.8577
    0.0000   45.0000    0.0000 2925.2163   11.6917
    7.5000   45.0000    0.0000 2902.8899   11.7795
   -7.5000   52.5000    0.0000 2788.3494   12.5202
    0.0000   52.5000    0.0000 2817.9844   12.3727
    7.5000   52.5000    0.0000 2798.4829   12.4218
   -7.5000   60.0000    0.0000 2629.1421   13.2946
    0.0000   60.0000    0.0000 2660.6665   13.1711
    7.5000   60.0000    0.0000 2639.8425   13.1940
   -7.5000  -30.0000    7.5000 2118.2507   20.2863
    0.0000  -30.0000    7.5000 2135.4534   20.0601
    7.5000  -30.0000    7.5000 2132.1809   20.2867
   -7.5000  -22.5000    7.5000 2261.2461   17.6956
    0.0000  -22.5000    7.5000 2282.1306   17.4871
    7.5000  -22.5000    7.5000 2281.0745   17.7529
   -7.5000  -15.0000    7.5000 2387.7480   15.7487
    0.0000  -15.0000    7.5000 2407.3726   15.4708
    7.5000  -15.0000    7.5000 2412.0674   15.7462
   -7.5000   -7.5000    7.5000 2509.9231   14.2282
    0.0000   -7.5000    7.5000 2529.6968   13.9483
    7.5000   -7.5000    7.5000 2536.1548   14.2022
   -7.5000    0.0000    7.5000 2628.1096   13.0739
    0.0000    0.0000    7.5000 2644.2512   12.8201
    7.5000    0.0000    7.5000 2652.6340   13.0522
   -7.5000    7.5000    7.5000 2744.3296   12.1993
    0.0000    7.5000    7.5000 2765.6208   12.0020
    7.5000    7.5000    7.5000 2766.6985   12.1755
   -7.5000   15.0000    7.5000 2851.8940   11.6660
    0.0000   15.0000    7.5000 2881.2974   11.4958
    7.5000   15.0000    7.5000 2869.8474   11.6140
   -7.5000   22.5000    7.5000 2935.0859   11.3617
    0.0000   22.5000    7.5000 2972.8611   11.2108
    7.5000   22.5000    7.5000 2944.8845   11.2889
   -7.5000   30.0000    7.5000 2978.7634   11.2322
    0.0000   30.0000    7.5000 3014.1606   11.0796
    7.5000   30.0000    7.5000 2981.6311   11.1521
   -7.5000   37.5000    7.5000 2963.1614   11.3710
    0.0000   37.5000    7.5000 2996.2314   11.2533
    7.5000   37.5000    7.5000 2963.3542   11.3196
   -7.5000   45.0000    7.5000 2897.5735   11.8363
    0.0000   45.0000    7.5000 2928.8699   11.7288
    7.5000   45.0000    7.5000 2898.7913   11.8283
   -7.5000   52.5000    7.5000 2786.5364   12.5210
    0.0000   52.5000    7.5000 2815.1550   12.4164
    7.5000   52.5000    7.5000 2792.8975   12.4700
   -7.5000   60.0000    7.5000 2626.5483   13.3185
    0.0000   60.0000    7.5000 2654.7324   13.1999
    7.5000   60.0000    7.5000 2636.2102   13.2060
   -7.5000  -30.0000   15.0000 2090.0933   20.9479
    0.0000  -30.0000   15.0000 2104.3701   20.7138
    7.5000  -30.0000   15.0000 2104.5889   21.0070
   -7.5000  -22.5000   15.0000 2233.2629   18.3050
    0.0000  -22.5000   15.0000 2250.1726   18.0578
    7.5000  -22.5000   15.0000 2249.1003   18.3903
   -7.5000  -15.0000   15.0000 2360.5989   16.2703
    0.0000  -15.0000   15.0000 2377.2234   16.0366
    7.5000  -15.0000   15.0000 2375.0486   16.3390
   -7.5000   -7.5000   15.0000 2480.8381   14.7097
    0.0000   -7.5000   15.0000 2500.9329   14.5101
    7.5000   -7.5000   15.0000 2495.5000   14.7714
   -7.5000    0.0000   15.0000 2595.6091   13.5132
    0.0000    0.0000   15.0000 2616.5879   13.3339
    7.5000    0.0000   15.0000 2611.2988   13.5261
   -7.5000    7.5000   15.0000 2714.6560   12.6024
    0.0000    7.5000   15.0000 2742.9539   12.4133
    7.5000    7.5000   15.0000 2731.9656   12.5830
   -7.5000   15.0000   15.0000 2822.4800   11.9866
    0.0000   15.0000   15.0000 2859.5876   11.8046
    7.5000   15.0000   15.0000 2837.2915   11.9404
   -7.5000   22.5000   15.0000 2910.8083   11.6020
    0.0000   22.5000   15.0000 2952.8047   11.4198
    7.5000   22.5000   15.0000 2918.9121   11.5441
   -7.5000   30.0000   15.0000 2959.3638   11.3742
    0.0000   30.0000   15.0000 2991.3467   11.1891
    7.5000   30.0000   15.0000 2958.0923   11.3377
   -7.5000   37.5000   15.0000 2947.7461   11.4988
    0.0000   37.5000   15.0000 2977.6238   11.3625
    7.5000   37.5000   15.0000 2944.9392   11.4794
   -7.5000   45.0000   15.0000 2882.0334   12.0170
    0.0000   45.0000   15.0000 2914.9673   11.9206
    7.5000   45.0000   15.0000 2883.1365   12.0100
   -7.5000   52.5000   15.0000 2763.9060   12.7738
    0.0000   52.5000   15.0000 2790.0239   12.6900
    7.5000   52.5000   15.0000 2770.3047   12.7293
   -7.5000   60.0000   15.0000 2601.8723   13.5732
    0.0000   60.0000   15.0000 2630.7727   13.4594
    7.5000   60.0000   15.0000 2609.9951   13.4660
   -7.5000  -30.0000   22.5000 2051.1814   21.9051
    0.0000  -30.0000   22.5000 2064.3213   21.8264
    7.5000  -30.0000   22.5000 2058.8665   22.0303
   -7.5000  -22.5000   22.5000 2199.5359   19.0935
    0.0000  -22.5000   22.5000 2218.4285   18.9876
    7.5000  -22.5000   22.5000 2205.9221   19.2466
   -7.5000  -15.0000   22.5000 2324.1250   16.9830
    0.0000  -15.0000   22.5000 2346.2373   16.8653
    7.5000  -15.0000   22.5000 2331.2009   17.1309
   -7.5000   -7.5000   22.5000 2445.0659   15.3575
    0.0000   -7.5000   22.5000 2469.8000   15.2084
    7.5000   -7.5000   22.5000 2450.2295   15.4263
   -7.5000    0.0000   22.5000 2558.1389   14.0822
    0.0000    0.0000   22.5000 2584.1165   13.8902
    7.5000    0.0000   22.5000 2567.4167   14.0887
   -7.5000    7.5000   22.5000 2673.3835   13.0924
    0.0000    7.5000   22.5000 2704.8503   12.8726
    7.5000    7.5000   22.5000 2687.5737   13.0816
   -7.5000   15.0000   22.5000 2776.7581   12.4219
    0.0000   15.0000   22.5000 2809.7847   12.2020
    7.5000   15.0000   22.5000 2788.5591   12.3943
   -7.5000   22.5000   22.5000 2862.5662   11.9624
    0.0000   22.5000   22.5000 2893.7764   11.7622
    7.5000   22.5000   22.5000 2867.4729   11.9362
   -7.5000   30.0000   22.5000 2906.8003   11.7312
    0.0000   30.0000   22.5000 2930.7874   11.5271
    7.5000   30.0000   22.5000 2909.8831   11.7094
   -7.5000   37.5000   22.5000 2898.5891   11.8604
    0.0000   37.5000   22.5000 2932.3818   11.7103
    7.5000   37.5000   22.5000 2900.5752   11.8446
   -7.5000   45.0000   22.5000 2844.9531   12.4157
    0.0000   45.0000   22.5000 2876.7798   12.2978
    7.5000   45.0000   22.5000 2840.7632   12.4137
   -7.5000   52.5000   22.5000 2726.8401   13.1652
    0.0000   52.5000   22.5000 2755.0754   13.0682
    7.5000   52.5000   22.5000 2731.0027   13.1338
   -7.5000   60.0000   22.5000 2564.3643   13.9701
    0.0000   60.0000   22.5000 2593.1299   13.8654
    7.5000   60.0000   22.5000 2574.5542   13.8781
   -7.5000  -30.0000   30.0000 1997.1498   23.1713
    0.0000  -30.0000   30.0000 2008.8392   23.0907
    7.5000  -30.0000   30.0000 2000.9412   23.2815
   -7.5000  -22.5000   30.0000 2149.7544   20.1533
    0.0000  -22.5000   30.0000 2168.1199   20.0604
    7.5000  -22.5000   30.0000 2152.7952   20.3000
   -7.5000  -15.0000   30.0000 2282.7419   17.8434
    0.0000  -15.0000   30.0000 2305.2476   17.7149
    7.5000  -15.0000   30.0000 2283.3137   17.9950
   -7.5000   -7.5000   30.0000 2404.6409   16.0999
    0.0000   -7.5000   30.0000 2428.0820   15.9255
    7.5000   -7.5000   30.0000 2404.6921   16.1834
   -7.5000    0.0000   30.0000 2510.4319   14.7265
    0.0000    0.0000   30.0000 2538.2368   14.5371
    7.5000    0.0000   30.0000 2515.5481   14.8007
   -7.5000    7.5000   30.0000 2621.6370   13.7482
    0.0000    7.5000   30.0000 2652.4856   13.5245
    7.5000    7.5000   30.0000 2630.9800   13.7801
   -7.5000   15.0000   30.0000 2723.9973   13.0363
    0.0000   15.0000   30.0000 2752.2910   12.8263
    7.5000   15.0000   30.0000 2728.9172   13.0283
   -7.5000   22.5000   30.0000 2799.3906   12.5528
    0.0000   22.5000   30.0000 2823.7913   12.3311
    7.5000   22.5000   30.0000 2800.2847   12.5260
   -7.5000   30.0000   30.0000 2831.5869   12.3325
    0.0000   30.0000   30.0000 2853.5566   12.1380
    7.5000   30.0000   30.0000 2833.4458   12.2968
   -7.5000   37.5000   30.0000 2822.3750   12.4608
    0.0000   37.5000   30.0000 2852.2651   12.2977
    7.5000   37.5000   30.0000 2831.7710   12.4350
   -7.5000   45.0000   30.0000 2777.2473   13.0060
    0.0000   45.0000   30.0000 2805.6628   12.9030
    7.5000   45.0000   30.0000 2778.0159   12.9833
   -7.5000   52.5000   30.0000 2671.7627   13.7026
    0.0000   52.5000   30.0000 2702.4197   13.6244
    7.5000   52.5000   30.0000 2672.4226   13.6711
   -7.5000   60.0000   30.0000 2513.9622   14.4747
    0.0000   60.0000   30.0000 2543.1042   14.3725
    7.5000   60.0000   30.0000 2521.3306   14.4093
   -7.5000  -30.0000   37.5000 1934.6775   24.5464
    0.0000  -30.0000   37.5000 1948.5936   24.4660
    7.5000  -30.0000   37.5000 1945.0933   24.7802
   -7.5000  -22.5000   37.5000 2093.3147   21.3207
    0.0000  -22.5000   37.5000 2110.9495   21.1929
    7.5000  -22.5000   37.5000 2099.6760   21.5182
   -7.5000  -15.0000   37.5000 2233.3369   18.8529
    0.0000  -15.0000   37.5000 2256.0146   18.6853
    7.5000  -15.0000   37.5000 2233.3118   19.0033
   -7.5000   -7.5000   37.5000 2354.3865   16.9819
    0.0000   -7.5000   37.5000 2379.7976   16.8476
    7.5000   -7.5000   37.5000 2355.2004   17.1326
   -7.5000    0.0000   37.5000 2460.5818   15.6246
    0.0000    0.0000   37.5000 2487.2700   15.4327
    7.5000    0.0000   37.5000 2462.3245   15.7201
   -7.5000    7.5000   37.5000 2564.6860   14.6049
    0.0000    7.5000   37.5000 2595.6775   14.4165
    7.5000    7.5000   37.5000 2568.2871   14.6438
   -7.5000   15.0000   37.5000 2660.4539   13.8313
    0.0000   15.0000   37.5000 2690.1899   13.6447
    7.5000   15.0000   37.5000 2660.7056   13.8501
   -7.5000   22.5000   37.5000 2725.0728   13.3454
    0.0000   22.5000   37.5000 2749.8865   13.1662
    7.5000   22.5000   37.5000 2722.1941   13.3250
   -7.5000   30.0000   37.5000 2746.2107   13.1304
    0.0000   30.0000   37.5000 2768.4932   12.9569
    7.5000   30.0000   37.5000 2747.3201   13.0945
   -7.5000   37.5000   37.5000 2731.3655   13.2627
    0.0000   37.5000   37.5000 2761.6147   13.0990
    7.5000   37.5000   37.5000 2742.1228   13.2314
   -7.5000   45.0000   37.5000 2692.4521   13.7738
    0.0000   45.0000   37.5000 2722.2859   13.6574
    7.5000   45.0000   37.5000 2696.7246   13.7440
   -7.5000   52.5000   37.5000 2599.0051   14.4369
    0.0000   52.5000   37.5000 2628.4050   14.3331
    7.5000   52.5000   37.5000 2600.0752   14.3909
   -7.5000   60.0000   37.5000 2454.2827   15.1408
    0.0000   60.0000   37.5000 2478.4392   15.0524
    7.5000   60.0000   37.5000 2459.6775   15.0909
   -7.5000  -30.0000   45.0000 1874.3643   26.2116
    0.0000  -30.0000   45.0000 1888.8314   26.0747
    7.5000  -30.0000   45.0000 1882.4543   26.5827
   -7.5000  -22.5000   45.0000 2035.1879   22.6895
    0.0000  -22.5000   45.0000 2052.5547   22.5913
    7.5000  -22.5000   45.0000 2038.9193   23.0061
   -7.5000  -15.0000   45.0000 2178.8303   20.0677
    0.0000  -15.0000   45.0000 2199.9114   19.9104
    7.5000  -15.0000   45.0000 2175.8203   20.2796
   -7.5000   -7.5000   45.0000 2302.3906   18.1329
    0.0000   -7.5000   45.0000 2324.5513   17.9748
    7.5000   -7.5000   45.0000 2298.8235   18.3093
   -7.5000    0.0000   45.0000 2401.8030   16.7427
    0.0000    0.0000   45.0000 2429.1101   16.5636
    7.5000    0.0000   45.0000 2401.6697   16.8231
   -7.5000    7.5000   45.0000 2497.1257   15.6732
    0.0000    7.5000   45.0000 2528.5698   15.4986
    7.5000    7.5000   45.0000 2499.2234   15.7168
   -7.5000   15.0000   45.0000 2583.3804   14.8362
    0.0000   15.0000   45.0000 2610.9880   14.6809
    7.5000   15.0000   45.0000 2579.2151   14.8648
   -7.5000   22.5000   45.0000 2638.6138   14.3249
    0.0000   22.5000   45.0000 2664.6897   14.1991
    7.5000   22.5000   45.0000 2634.4712   14.3349
   -7.5000   30.0000   45.0000 2652.8936   14.0910
    0.0000   30.0000   45.0000 2679.8533   13.9474
    7.5000   30.0000   45.0000 2655.2834   14.0908
   -7.5000   37.5000   45.0000 2636.9229   14.2460
    0.0000   37.5000   45.0000 2665.1821   14.1020
    7.5000   37.5000   45.0000 2648.5015   14.2125
   -7.5000   45.0000   45.0000 2600.0994   14.7175
    0.0000   45.0000   45.0000 2627.9534   14.6050
    7.5000   45.0000   45.0000 2608.6582   14.6930
   -7.5000   52.5000   45.0000 2519.1797   15.3247
    0.0000   52.5000   45.0000 2544.8811   15.2140
    7.5000   52.5000   45.0000 2517.9338   15.2809
   -7.5000   60.0000   45.0000 2384.1111   16.0031
    0.0000   60.0000   45.0000 2406.2791   15.8994
    7.5000   60.0000   45.0000 2385.0720   15.9637

---------------------------------------------------------------------
imgreg_4dfp /opt/freesurfer/average/711-2C_as_mni_average_305 /opt/freesurfer/average/711-2B_as_mni_average_305_mask talsrcimg_g11 none talsrcimg_to_711-2C_as_mni_average_305_t4 1283
---------------------------------------------------------------------

freesurfer imgreg_4dfp.c
/opt/freesurfer/average/711-2C_as_mni_average_305.4dfp.img
       256       256       256         1
  1.000000  1.000000  1.000000
orientation T byte_order littleendian
Reading image: /opt/freesurfer/average/711-2C_as_mni_average_305.4dfp.img
dimensions:      256       256       256
mmppix:       1.0000   -1.0000   -1.0000
center:     128.0000 -129.0000 -129.0000
/opt/freesurfer/average/711-2B_as_mni_average_305_mask.4dfp.img
       256       256       256         1
  1.000000  1.000000  1.000000
orientation T byte_order littleendian
Reading mask: /opt/freesurfer/average/711-2B_as_mni_average_305_mask.4dfp.img (2306576 pixels)
talsrcimg_g11.4dfp.img
       256       256       256         1
  1.000000  1.000000  1.000000
orientation T byte_order littleendian
Reading image: talsrcimg_g11.4dfp.img
dimensions:      256       256       256
mmppix:       1.0000   -1.0000   -1.0000
center:     128.0000 -129.0000 -129.0000
rotation matrix determinant  1.000000
fimgreg.f
image alignment mode   1283 decimal      503 hex
parameters
    0.0000   30.0000    7.5000    0.0000    0.0000    0.0000
eta,q 0.94710 11.08066
niter,ni,del,rscale     5    3   12.0000    1.2000
parameter  4  1.472962 ->  0.500000 qaram    1.1500
parameters
    0.2897   30.6542    6.8882   -3.4500    0.6196   -2.1147
eta,q 0.95239 11.02532
  0.0609  0.0646  0.0556  0.0479  0.0527  0.0494
  0.0568  0.0577  0.0543  0.0479  0.0507  0.0481
  0.0537  0.0534  0.0533  0.0497  0.0494  0.0476
  0.0526  0.0523  0.0522  0.0525  0.0482  0.0480
  0.0532  0.0534  0.0525  0.0557  0.0479  0.0497
  0.0554  0.0564  0.0548  0.0586  0.0494  0.0521
  0.0597  0.0590  0.0585  0.0622  0.0515  0.0551
niter,ni,del,rscale     5    3   12.0000    1.2000
parameters
   -0.4742   31.3889    6.4884   -6.7848    1.4557   -3.0692
eta,q 0.95430 11.08253
  0.0530  0.0608  0.0520  0.0485  0.0529  0.0484
  0.0494  0.0531  0.0502  0.0468  0.0497  0.0470
  0.0476  0.0490  0.0487  0.0458  0.0472  0.0460
  0.0476  0.0474  0.0474  0.0476  0.0459  0.0457
  0.0489  0.0481  0.0478  0.0509  0.0457  0.0466
  0.0518  0.0510  0.0505  0.0546  0.0472  0.0486
  0.0567  0.0546  0.0544  0.0576  0.0501  0.0509
niter,ni,del,rscale     4    3   12.0000    1.2000
parameters
   -0.3898   32.7401    5.6659   -8.3742    1.7404   -3.0020
eta,q 0.95575 11.10873
  0.0558  0.0576  0.0492  0.0487  0.0504  0.0484
  0.0499  0.0526  0.0466  0.0471  0.0474  0.0466
  0.0467  0.0490  0.0450  0.0449  0.0454  0.0452
  0.0457  0.0457  0.0445  0.0446  0.0443  0.0443
  0.0464  0.0445  0.0456  0.0473  0.0445  0.0447
  0.0498  0.0466  0.0486  0.0513  0.0467  0.0463
  0.0551  0.0511  0.0533  0.0549  0.0495  0.0485
niter,ni,del,rscale     3    3   12.0000    1.2000
parameters
   -0.5133   33.1892    5.0776   -9.1989    1.8732   -2.7744
eta,q 0.95594 11.13345
  0.0541  0.0530  0.0495  0.0495  0.0494  0.0482
  0.0481  0.0499  0.0461  0.0474  0.0468  0.0464
  0.0449  0.0472  0.0441  0.0458  0.0453  0.0450
  0.0443  0.0442  0.0438  0.0437  0.0441  0.0441
  0.0456  0.0440  0.0450  0.0457  0.0444  0.0444
  0.0489  0.0473  0.0480  0.0494  0.0465  0.0458
  0.0546  0.0521  0.0523  0.0534  0.0492  0.0479
niter,ni,del,rscale     2    3   12.0000    1.2000
parameters
   -0.6336   33.3874    4.7262   -9.5957    1.9163   -2.6788
eta,q 0.95588 11.14659
  0.0540  0.0518  0.0502  0.0501  0.0489  0.0479
  0.0481  0.0489  0.0466  0.0477  0.0466  0.0461
  0.0448  0.0466  0.0443  0.0463  0.0452  0.0449
  0.0441  0.0440  0.0438  0.0438  0.0441  0.0441
  0.0455  0.0438  0.0450  0.0449  0.0445  0.0444
  0.0489  0.0471  0.0478  0.0484  0.0465  0.0458
  0.0545  0.0524  0.0518  0.0525  0.0491  0.0479
niter,ni,del,rscale     1    3   12.0000    1.2000
parameters
   -0.6721   33.4718    4.5681   -9.7726    1.9288   -2.6417
eta,q 0.95583 11.15124
  0.0543  0.0515  0.0508  0.0504  0.0488  0.0477
  0.0483  0.0486  0.0471  0.0479  0.0465  0.0460
  0.0450  0.0464  0.0446  0.0465  0.0452  0.0449
  0.0441  0.0441  0.0440  0.0440  0.0442  0.0442
  0.0455  0.0438  0.0451  0.0445  0.0445  0.0445
  0.0488  0.0472  0.0477  0.0480  0.0465  0.0458
  0.0542  0.0527  0.0514  0.0521  0.0491  0.0478
registration optimization eta report
parameter search radius
    6.0000    6.0000    6.0000    6.9000    6.0000    6.0000
100000*second partial in parameter space
       28.       22.       20.       14.       13.       10.
  0.0543  0.0515  0.0508  0.0504  0.0488  0.0477
  0.0483  0.0486  0.0471  0.0479  0.0465  0.0460
  0.0450  0.0464  0.0446  0.0465  0.0452  0.0449
  0.0441  0.0441  0.0440  0.0440  0.0442  0.0442
  0.0455  0.0438  0.0451  0.0445  0.0445  0.0445
  0.0488  0.0472  0.0477  0.0480  0.0465  0.0458
  0.0542  0.0527  0.0514  0.0521  0.0491  0.0478
   -0.6721   33.4718    4.5681   -9.7726    1.9288   -2.6417
eta,q 0.95583 11.15124

---------------------------------------------------------------------
imgreg_4dfp /opt/freesurfer/average/711-2C_as_mni_average_305 /opt/freesurfer/average/711-2B_as_mni_average_305_mask talsrcimg_g11 none talsrcimg_to_711-2C_as_mni_average_305_t4 3335
---------------------------------------------------------------------

freesurfer imgreg_4dfp.c
/opt/freesurfer/average/711-2C_as_mni_average_305.4dfp.img
       256       256       256         1
  1.000000  1.000000  1.000000
orientation T byte_order littleendian
Reading image: /opt/freesurfer/average/711-2C_as_mni_average_305.4dfp.img
dimensions:      256       256       256
mmppix:       1.0000   -1.0000   -1.0000
center:     128.0000 -129.0000 -129.0000
/opt/freesurfer/average/711-2B_as_mni_average_305_mask.4dfp.img
       256       256       256         1
  1.000000  1.000000  1.000000
orientation T byte_order littleendian
Reading mask: /opt/freesurfer/average/711-2B_as_mni_average_305_mask.4dfp.img (2306576 pixels)
talsrcimg_g11.4dfp.img
       256       256       256         1
  1.000000  1.000000  1.000000
orientation T byte_order littleendian
Reading image: talsrcimg_g11.4dfp.img
dimensions:      256       256       256
mmppix:       1.0000   -1.0000   -1.0000
center:     128.0000 -129.0000 -129.0000
fimgreg.f
image alignment mode   3335 decimal      D07 hex
parameters
   -0.6721   33.4718    4.5681   -0.1629   -1.5822   -1.5069
    5.1127   -2.5311   -4.6063   17.1087    3.3658  -16.9643
eta,q 0.95885 11.09146
niter,ni,del,rscale     5    3    5.0000    1.2000
parameter  4  3.799070 ->  0.500000 qaram    1.1500
parameter  5  1.465285 ->  0.500000 qaram    1.1500
parameter 12  0.731531 ->  0.500000 qaram    1.1500
parameters
   -0.9572   33.7982    5.3822   -4.3029   -5.7222   -4.4243
    5.3276   -2.8833   -2.2736   15.0176    1.7994  -21.1043
eta,q 0.96957 10.75385
  0.0426  0.0437  0.0433  0.0317  0.0303  0.0317  0.0340  0.0351  0.0338  0.0320  0.0313  0.0306
  0.0417  0.0425  0.0423  0.0339  0.0311  0.0312  0.0325  0.0328  0.0326  0.0313  0.0310  0.0304
  0.0412  0.0416  0.0415  0.0372  0.0324  0.0311  0.0315  0.0314  0.0317  0.0310  0.0309  0.0305
  0.0412  0.0411  0.0411  0.0409  0.0347  0.0314  0.0311  0.0311  0.0311  0.0309  0.0309  0.0309
  0.0415  0.0411  0.0409  0.0446  0.0375  0.0322  0.0314  0.0319  0.0309  0.0317  0.0311  0.0315
  0.0423  0.0416  0.0410  0.0487  0.0405  0.0336  0.0323  0.0335  0.0311  0.0334  0.0314  0.0322
  0.0436  0.0427  0.0415  0.0527  0.0438  0.0359  0.0337  0.0358  0.0317  0.0354  0.0319  0.0330
niter,ni,del,rscale     7    3    5.0000    1.2000
parameter  4  1.033635 ->  0.500000 qaram    1.3225
parameter  5  0.600557 ->  0.500000 qaram    1.3225
parameters
   -0.7543   33.6370    4.6209   -9.0639  -10.4832   -4.3276
    5.3586   -3.1153   -1.8703   16.0512    3.6360  -23.2641
eta,q 0.97428 10.48273
  0.0339  0.0323  0.0308  0.0266  0.0263  0.0273  0.0281  0.0291  0.0276  0.0289  0.0269  0.0265
  0.0322  0.0311  0.0304  0.0268  0.0259  0.0265  0.0269  0.0272  0.0267  0.0275  0.0264  0.0260
  0.0310  0.0305  0.0302  0.0279  0.0262  0.0260  0.0261  0.0262  0.0261  0.0264  0.0261  0.0257
  0.0304  0.0304  0.0304  0.0302  0.0270  0.0259  0.0259  0.0259  0.0259  0.0259  0.0259  0.0258
  0.0306  0.0308  0.0307  0.0339  0.0285  0.0259  0.0261  0.0263  0.0260  0.0260  0.0258  0.0262
  0.0315  0.0316  0.0314  0.0376  0.0312  0.0264  0.0269  0.0275  0.0264  0.0266  0.0259  0.0270
  0.0330  0.0328  0.0323  0.0417  0.0343  0.0273  0.0281  0.0295  0.0273  0.0275  0.0262  0.0280
niter,ni,del,rscale     7    3    5.0000    1.2000
parameters
   -0.6654   33.7484    4.7892  -12.7224  -11.6475   -4.2527
    5.4294   -3.3407   -2.2809   16.7163    3.9503  -23.3284
eta,q 0.97477 10.27386
  0.0290  0.0279  0.0270  0.0266  0.0279  0.0269  0.0276  0.0283  0.0268  0.0280  0.0261  0.0268
  0.0272  0.0268  0.0263  0.0257  0.0263  0.0260  0.0263  0.0267  0.0259  0.0267  0.0257  0.0260
  0.0261  0.0261  0.0259  0.0253  0.0254  0.0254  0.0255  0.0256  0.0254  0.0257  0.0254  0.0254
  0.0257  0.0257  0.0257  0.0257  0.0253  0.0252  0.0252  0.0252  0.0252  0.0252  0.0252  0.0252
  0.0260  0.0258  0.0258  0.0272  0.0259  0.0253  0.0255  0.0257  0.0255  0.0255  0.0253  0.0254
  0.0269  0.0265  0.0261  0.0305  0.0272  0.0259  0.0263  0.0269  0.0262  0.0261  0.0256  0.0260
  0.0285  0.0276  0.0267  0.0346  0.0299  0.0269  0.0274  0.0288  0.0272  0.0271  0.0260  0.0269
niter,ni,del,rscale     6    3    5.0000    1.2000
parameters
   -0.7467   33.6687    5.1179  -13.4065  -11.8642   -3.8169
    5.3764   -3.2592   -2.4359   16.7451    3.9556  -23.0013
eta,q 0.97480 10.24402
  0.0280  0.0272  0.0268  0.0282  0.0287  0.0272  0.0276  0.0287  0.0269  0.0277  0.0261  0.0270
  0.0264  0.0261  0.0260  0.0267  0.0268  0.0262  0.0263  0.0269  0.0260  0.0265  0.0256  0.0261
  0.0255  0.0254  0.0255  0.0257  0.0256  0.0256  0.0254  0.0257  0.0254  0.0255  0.0253  0.0255
  0.0252  0.0252  0.0252  0.0252  0.0253  0.0252  0.0252  0.0252  0.0252  0.0252  0.0252  0.0252
  0.0256  0.0255  0.0252  0.0255  0.0257  0.0253  0.0256  0.0256  0.0255  0.0256  0.0253  0.0253
  0.0267  0.0263  0.0256  0.0269  0.0267  0.0259  0.0264  0.0268  0.0261  0.0264  0.0256  0.0259
  0.0284  0.0275  0.0262  0.0299  0.0292  0.0268  0.0276  0.0286  0.0271  0.0277  0.0261  0.0268
niter,ni,del,rscale     5    3    5.0000    1.2000
parameters
   -0.7774   33.6425    5.2239  -13.4007  -11.8809   -3.7341
    5.3753   -3.2358   -2.4770   16.6808    3.9848  -22.8583
eta,q 0.97481 10.24485
  0.0281  0.0274  0.0266  0.0285  0.0288  0.0270  0.0276  0.0286  0.0270  0.0277  0.0261  0.0269
  0.0265  0.0262  0.0259  0.0269  0.0269  0.0261  0.0263  0.0269  0.0260  0.0264  0.0256  0.0261
  0.0255  0.0255  0.0254  0.0258  0.0256  0.0255  0.0254  0.0256  0.0254  0.0255  0.0253  0.0254
  0.0252  0.0252  0.0252  0.0252  0.0252  0.0252  0.0252  0.0252  0.0252  0.0252  0.0252  0.0252
  0.0256  0.0255  0.0253  0.0253  0.0257  0.0253  0.0256  0.0256  0.0254  0.0256  0.0253  0.0254
  0.0266  0.0263  0.0257  0.0264  0.0266  0.0260  0.0264  0.0268  0.0260  0.0264  0.0256  0.0259
  0.0282  0.0275  0.0264  0.0290  0.0290  0.0270  0.0275  0.0286  0.0270  0.0278  0.0261  0.0269
niter,ni,del,rscale     4    3    5.0000    1.2000
parameters
   -0.7767   33.6269    5.2624  -13.3963  -11.8694   -3.7343
    5.3717   -3.2237   -2.4873   16.6358    3.9786  -22.7892
eta,q 0.97482 10.24419
  0.0281  0.0274  0.0266  0.0285  0.0288  0.0270  0.0276  0.0286  0.0270  0.0277  0.0261  0.0269
  0.0265  0.0262  0.0258  0.0269  0.0269  0.0261  0.0263  0.0269  0.0260  0.0264  0.0256  0.0260
  0.0255  0.0254  0.0254  0.0258  0.0256  0.0255  0.0254  0.0256  0.0254  0.0255  0.0253  0.0254
  0.0252  0.0252  0.0252  0.0252  0.0252  0.0252  0.0252  0.0252  0.0252  0.0252  0.0252  0.0252
  0.0255  0.0255  0.0253  0.0253  0.0257  0.0253  0.0256  0.0256  0.0254  0.0256  0.0253  0.0254
  0.0265  0.0263  0.0258  0.0264  0.0266  0.0260  0.0264  0.0268  0.0260  0.0264  0.0256  0.0259
  0.0281  0.0275  0.0265  0.0290  0.0290  0.0271  0.0276  0.0286  0.0270  0.0278  0.0261  0.0269
niter,ni,del,rscale     3    3    5.0000    1.2000
parameters
   -0.7754   33.6226    5.2743  -13.3966  -11.8568   -3.7462
    5.3678   -3.2214   -2.4935   16.6145    3.9896  -22.7666
eta,q 0.97481 10.24373
  0.0281  0.0275  0.0265  0.0285  0.0288  0.0270  0.0276  0.0286  0.0270  0.0277  0.0261  0.0269
  0.0265  0.0262  0.0258  0.0269  0.0269  0.0261  0.0263  0.0269  0.0260  0.0264  0.0256  0.0260
  0.0255  0.0255  0.0253  0.0258  0.0256  0.0255  0.0254  0.0256  0.0254  0.0255  0.0253  0.0254
  0.0252  0.0252  0.0252  0.0252  0.0252  0.0252  0.0252  0.0252  0.0252  0.0252  0.0252  0.0252
  0.0255  0.0255  0.0253  0.0253  0.0257  0.0253  0.0255  0.0256  0.0254  0.0256  0.0253  0.0254
  0.0265  0.0263  0.0258  0.0264  0.0266  0.0260  0.0264  0.0268  0.0260  0.0264  0.0256  0.0260
  0.0281  0.0275  0.0265  0.0291  0.0290  0.0271  0.0275  0.0286  0.0270  0.0278  0.0261  0.0269
registration optimization eta report
parameter search radius
    2.4000    2.4000    2.4000    9.5220    9.5220    7.2000
    7.2000    7.2000    7.2000    7.2000    7.2000    8.2800
100000*second partial in parameter space
       51.       39.       23.        4.        4.        4.
        5.        7.        3.        5.        2.        2.
  0.0281  0.0275  0.0265  0.0285  0.0288  0.0270  0.0276  0.0286  0.0270  0.0277  0.0261  0.0269
  0.0265  0.0262  0.0258  0.0269  0.0269  0.0261  0.0263  0.0269  0.0260  0.0264  0.0256  0.0260
  0.0255  0.0255  0.0253  0.0258  0.0256  0.0255  0.0254  0.0256  0.0254  0.0255  0.0253  0.0254
  0.0252  0.0252  0.0252  0.0252  0.0252  0.0252  0.0252  0.0252  0.0252  0.0252  0.0252  0.0252
  0.0255  0.0255  0.0253  0.0253  0.0257  0.0253  0.0255  0.0256  0.0254  0.0256  0.0253  0.0254
  0.0265  0.0263  0.0258  0.0264  0.0266  0.0260  0.0264  0.0268  0.0260  0.0264  0.0256  0.0260
  0.0281  0.0275  0.0265  0.0291  0.0290  0.0271  0.0275  0.0286  0.0270  0.0278  0.0261  0.0269
   -0.7754   33.6226    5.2743  -13.3966  -11.8568   -3.7462
    5.3678   -3.2214   -2.4935   16.6145    3.9896  -22.7666
eta,q 0.97481 10.24373

---------------------------------------------------------------------
imgreg_4dfp /opt/freesurfer/average/711-2C_as_mni_average_305 /opt/freesurfer/average/711-2B_as_mni_average_305_mask talsrcimg_g11 none talsrcimg_to_711-2C_as_mni_average_305_t4 2311
---------------------------------------------------------------------

freesurfer imgreg_4dfp.c
/opt/freesurfer/average/711-2C_as_mni_average_305.4dfp.img
       256       256       256         1
  1.000000  1.000000  1.000000
orientation T byte_order littleendian
Reading image: /opt/freesurfer/average/711-2C_as_mni_average_305.4dfp.img
dimensions:      256       256       256
mmppix:       1.0000   -1.0000   -1.0000
center:     128.0000 -129.0000 -129.0000
/opt/freesurfer/average/711-2B_as_mni_average_305_mask.4dfp.img
       256       256       256         1
  1.000000  1.000000  1.000000
orientation T byte_order littleendian
Reading mask: /opt/freesurfer/average/711-2B_as_mni_average_305_mask.4dfp.img (2306576 pixels)
talsrcimg_g11.4dfp.img
       256       256       256         1
  1.000000  1.000000  1.000000
orientation T byte_order littleendian
Reading image: talsrcimg_g11.4dfp.img
dimensions:      256       256       256
mmppix:       1.0000   -1.0000   -1.0000
center:     128.0000 -129.0000 -129.0000
fimgreg.f
image alignment mode   2311 decimal      907 hex
parameters
   -0.7754   33.6226    5.2743  -13.3966  -11.8568   -3.7462
    5.3678   -3.2214   -2.4935   16.6145    3.9896  -22.7666
eta,q 0.97481 10.24373
niter,ni,del,rscale     5    3    5.0000    0.8000
parameters
   -0.7794   33.6053    5.2688  -12.4447  -11.8825   -3.5540
    5.3074   -3.2238   -2.3869   16.6252    4.1386  -22.5937
eta,q 0.97490 10.30026
  0.0265  0.0262  0.0258  0.0263  0.0261  0.0260  0.0262  0.0267  0.0260  0.0264  0.0255  0.0258
  0.0258  0.0257  0.0255  0.0258  0.0255  0.0255  0.0256  0.0259  0.0255  0.0257  0.0253  0.0254
  0.0253  0.0253  0.0253  0.0254  0.0251  0.0252  0.0252  0.0253  0.0252  0.0252  0.0252  0.0252
  0.0252  0.0252  0.0252  0.0252  0.0251  0.0251  0.0251  0.0251  0.0251  0.0251  0.0251  0.0251
  0.0253  0.0253  0.0253  0.0251  0.0253  0.0251  0.0253  0.0253  0.0252  0.0253  0.0251  0.0251
  0.0258  0.0257  0.0255  0.0253  0.0256  0.0254  0.0257  0.0258  0.0254  0.0258  0.0253  0.0253
  0.0265  0.0263  0.0258  0.0257  0.0259  0.0259  0.0262  0.0268  0.0259  0.0263  0.0255  0.0257
niter,ni,del,rscale     4    3    5.0000    0.7000
parameters
   -0.7331   33.5708    5.2855  -12.3856  -11.9998   -3.4529
    5.2407   -3.1981   -2.4119   16.5798    4.1734  -22.5700
eta,q 0.97493 10.30106
  0.0262  0.0259  0.0256  0.0258  0.0258  0.0258  0.0260  0.0264  0.0257  0.0261  0.0254  0.0256
  0.0256  0.0254  0.0253  0.0255  0.0254  0.0254  0.0255  0.0257  0.0254  0.0255  0.0252  0.0253
  0.0252  0.0252  0.0251  0.0252  0.0251  0.0252  0.0252  0.0252  0.0251  0.0252  0.0251  0.0251
  0.0251  0.0251  0.0251  0.0251  0.0251  0.0251  0.0251  0.0251  0.0251  0.0251  0.0251  0.0251
  0.0252  0.0252  0.0251  0.0251  0.0253  0.0251  0.0252  0.0252  0.0252  0.0252  0.0251  0.0251
  0.0255  0.0255  0.0253  0.0254  0.0255  0.0253  0.0255  0.0256  0.0254  0.0256  0.0252  0.0253
  0.0261  0.0260  0.0255  0.0259  0.0258  0.0258  0.0260  0.0264  0.0257  0.0261  0.0254  0.0256
niter,ni,del,rscale     3    3    5.0000    0.6000
parameters
   -0.7311   33.5454    5.3121  -12.2959  -12.1603   -3.3791
    5.2001   -3.1855   -2.4353   16.5537    4.2225  -22.5621
eta,q 0.97495 10.30061
  0.0259  0.0257  0.0254  0.0256  0.0256  0.0256  0.0257  0.0260  0.0255  0.0259  0.0253  0.0254
  0.0254  0.0253  0.0252  0.0254  0.0253  0.0253  0.0254  0.0255  0.0253  0.0254  0.0252  0.0252
  0.0252  0.0251  0.0251  0.0252  0.0251  0.0251  0.0251  0.0252  0.0251  0.0251  0.0251  0.0251
  0.0251  0.0251  0.0251  0.0251  0.0251  0.0251  0.0251  0.0251  0.0251  0.0251  0.0251  0.0251
  0.0252  0.0252  0.0251  0.0251  0.0252  0.0251  0.0252  0.0252  0.0251  0.0252  0.0251  0.0251
  0.0254  0.0254  0.0252  0.0253  0.0254  0.0252  0.0254  0.0255  0.0253  0.0255  0.0252  0.0252
  0.0259  0.0257  0.0254  0.0256  0.0257  0.0256  0.0257  0.0260  0.0255  0.0259  0.0253  0.0254
niter,ni,del,rscale     2    3    5.0000    0.5000
parameters
   -0.7265   33.5179    5.3333  -12.2077  -12.3201   -3.2961
    5.1733   -3.1677   -2.4513   16.5544    4.2315  -22.5655
eta,q 0.97496 10.30105
  0.0256  0.0255  0.0253  0.0255  0.0255  0.0254  0.0255  0.0257  0.0254  0.0257  0.0252  0.0253
  0.0253  0.0252  0.0252  0.0253  0.0252  0.0252  0.0252  0.0253  0.0252  0.0253  0.0251  0.0252
  0.0251  0.0251  0.0251  0.0251  0.0251  0.0251  0.0251  0.0251  0.0251  0.0251  0.0251  0.0251
  0.0251  0.0251  0.0251  0.0251  0.0250  0.0250  0.0250  0.0250  0.0250  0.0250  0.0250  0.0250
  0.0251  0.0251  0.0251  0.0251  0.0252  0.0251  0.0251  0.0251  0.0251  0.0251  0.0251  0.0251
  0.0253  0.0253  0.0252  0.0252  0.0253  0.0252  0.0253  0.0253  0.0252  0.0253  0.0251  0.0252
  0.0256  0.0255  0.0253  0.0255  0.0255  0.0254  0.0255  0.0257  0.0254  0.0256  0.0252  0.0253
niter,ni,del,rscale     1    3    5.0000    0.4000
parameters
   -0.7221   33.4972    5.3475  -12.1194  -12.4542   -3.2163
    5.1362   -3.1465   -2.4627   16.5591    4.2578  -22.5729
eta,q 0.97497 10.30275
  0.0254  0.0253  0.0252  0.0253  0.0253  0.0253  0.0253  0.0255  0.0253  0.0254  0.0251  0.0252
  0.0252  0.0252  0.0251  0.0252  0.0252  0.0252  0.0252  0.0252  0.0251  0.0252  0.0251  0.0251
  0.0251  0.0251  0.0251  0.0251  0.0250  0.0251  0.0251  0.0251  0.0251  0.0251  0.0250  0.0251
  0.0250  0.0250  0.0250  0.0250  0.0250  0.0250  0.0250  0.0250  0.0250  0.0250  0.0250  0.0250
  0.0251  0.0251  0.0251  0.0251  0.0251  0.0250  0.0251  0.0251  0.0251  0.0251  0.0250  0.0251
  0.0252  0.0252  0.0251  0.0251  0.0252  0.0251  0.0252  0.0252  0.0251  0.0252  0.0251  0.0251
  0.0254  0.0253  0.0252  0.0253  0.0254  0.0253  0.0254  0.0255  0.0253  0.0254  0.0251  0.0252
registration optimization eta report
parameter search radius
    0.8000    0.8000    0.8000    2.4000    2.4000    2.4000
    2.4000    2.4000    2.4000    2.4000    2.4000    2.4000
100000*second partial in parameter space
       56.       46.       25.        5.        6.        4.
        5.        8.        4.        7.        2.        3.
  0.0254  0.0253  0.0252  0.0253  0.0253  0.0253  0.0253  0.0255  0.0253  0.0254  0.0251  0.0252
  0.0252  0.0252  0.0251  0.0252  0.0252  0.0252  0.0252  0.0252  0.0251  0.0252  0.0251  0.0251
  0.0251  0.0251  0.0251  0.0251  0.0250  0.0251  0.0251  0.0251  0.0251  0.0251  0.0250  0.0251
  0.0250  0.0250  0.0250  0.0250  0.0250  0.0250  0.0250  0.0250  0.0250  0.0250  0.0250  0.0250
  0.0251  0.0251  0.0251  0.0251  0.0251  0.0250  0.0251  0.0251  0.0251  0.0251  0.0250  0.0251
  0.0252  0.0252  0.0251  0.0251  0.0252  0.0251  0.0252  0.0252  0.0251  0.0252  0.0251  0.0251
  0.0254  0.0253  0.0252  0.0253  0.0254  0.0253  0.0254  0.0255  0.0253  0.0254  0.0251  0.0252
   -0.7221   33.4972    5.3475  -12.1194  -12.4542   -3.2163
    5.1362   -3.1465   -2.4627   16.5591    4.2578  -22.5729
eta,q 0.97497 10.30275

---------------------------------------------------------------------
imgreg_4dfp /opt/freesurfer/average/711-2C_as_mni_average_305 /opt/freesurfer/average/711-2B_as_mni_average_305_mask talsrcimg_g11 none talsrcimg_to_711-2C_as_mni_average_305_t4 2311
---------------------------------------------------------------------

freesurfer imgreg_4dfp.c
/opt/freesurfer/average/711-2C_as_mni_average_305.4dfp.img
       256       256       256         1
  1.000000  1.000000  1.000000
orientation T byte_order littleendian
Reading image: /opt/freesurfer/average/711-2C_as_mni_average_305.4dfp.img
dimensions:      256       256       256
mmppix:       1.0000   -1.0000   -1.0000
center:     128.0000 -129.0000 -129.0000
/opt/freesurfer/average/711-2B_as_mni_average_305_mask.4dfp.img
       256       256       256         1
  1.000000  1.000000  1.000000
orientation T byte_order littleendian
Reading mask: /opt/freesurfer/average/711-2B_as_mni_average_305_mask.4dfp.img (2306576 pixels)
talsrcimg_g11.4dfp.img
       256       256       256         1
  1.000000  1.000000  1.000000
orientation T byte_order littleendian
Reading image: talsrcimg_g11.4dfp.img
dimensions:      256       256       256
mmppix:       1.0000   -1.0000   -1.0000
center:     128.0000 -129.0000 -129.0000
fimgreg.f
image alignment mode   2311 decimal      907 hex
parameters
   -0.7221   33.4972    5.3475  -12.1194  -12.4542   -3.2163
    5.1362   -3.1465   -2.4627   16.5591    4.2578  -22.5729
eta,q 0.97497 10.30275
niter,ni,del,rscale     5    3    5.0000    0.8000
parameters
   -0.7377   33.4943    5.3761  -12.4550  -12.0297   -3.4362
    5.2561   -3.1925   -2.4298   16.5446    4.1449  -22.4625
eta,q 0.97493 10.29516
  0.0264  0.0262  0.0257  0.0259  0.0263  0.0259  0.0263  0.0267  0.0259  0.0264  0.0255  0.0257
  0.0257  0.0255  0.0253  0.0255  0.0257  0.0254  0.0256  0.0258  0.0255  0.0257  0.0252  0.0254
  0.0252  0.0251  0.0251  0.0252  0.0252  0.0252  0.0252  0.0253  0.0252  0.0252  0.0251  0.0252
  0.0250  0.0250  0.0250  0.0250  0.0250  0.0251  0.0251  0.0251  0.0251  0.0251  0.0251  0.0251
  0.0252  0.0252  0.0251  0.0252  0.0252  0.0252  0.0252  0.0253  0.0252  0.0253  0.0251  0.0251
  0.0257  0.0256  0.0253  0.0256  0.0255  0.0255  0.0256  0.0259  0.0255  0.0258  0.0253  0.0253
  0.0265  0.0262  0.0256  0.0263  0.0258  0.0261  0.0262  0.0268  0.0259  0.0264  0.0255  0.0257
niter,ni,del,rscale     4    3    5.0000    0.7000
parameters
   -0.7407   33.5380    5.3326  -12.3866  -12.0237   -3.4397
    5.2357   -3.1902   -2.4348   16.5337    4.1919  -22.5098
eta,q 0.97494 10.29913
  0.0261  0.0260  0.0255  0.0258  0.0259  0.0257  0.0260  0.0264  0.0257  0.0261  0.0254  0.0255
  0.0256  0.0255  0.0253  0.0255  0.0254  0.0254  0.0255  0.0257  0.0254  0.0255  0.0252  0.0253
  0.0252  0.0252  0.0251  0.0252  0.0251  0.0252  0.0252  0.0252  0.0251  0.0252  0.0251  0.0251
  0.0251  0.0251  0.0251  0.0251  0.0251  0.0251  0.0251  0.0251  0.0251  0.0251  0.0251  0.0251
  0.0252  0.0251  0.0251  0.0251  0.0253  0.0251  0.0252  0.0252  0.0251  0.0252  0.0251  0.0251
  0.0256  0.0254  0.0253  0.0254  0.0255  0.0253  0.0255  0.0256  0.0254  0.0256  0.0252  0.0253
  0.0262  0.0259  0.0256  0.0258  0.0258  0.0258  0.0260  0.0264  0.0257  0.0261  0.0254  0.0256
niter,ni,del,rscale     3    3    5.0000    0.6000
parameters
   -0.7310   33.5349    5.3204  -12.2991  -12.1554   -3.3907
    5.2080   -3.1804   -2.4452   16.5333    4.2203  -22.5390
eta,q 0.97495 10.29960
  0.0259  0.0257  0.0254  0.0256  0.0257  0.0256  0.0257  0.0260  0.0255  0.0259  0.0253  0.0254
  0.0254  0.0254  0.0252  0.0254  0.0253  0.0253  0.0253  0.0255  0.0253  0.0254  0.0252  0.0252
  0.0252  0.0251  0.0251  0.0252  0.0251  0.0251  0.0251  0.0252  0.0251  0.0251  0.0251  0.0251
  0.0251  0.0251  0.0251  0.0251  0.0251  0.0251  0.0251  0.0251  0.0251  0.0250  0.0251  0.0251
  0.0251  0.0251  0.0251  0.0251  0.0252  0.0251  0.0251  0.0252  0.0251  0.0252  0.0251  0.0251
  0.0254  0.0254  0.0252  0.0253  0.0254  0.0252  0.0254  0.0255  0.0253  0.0255  0.0252  0.0252
  0.0259  0.0257  0.0254  0.0256  0.0257  0.0256  0.0257  0.0260  0.0255  0.0259  0.0253  0.0254
niter,ni,del,rscale     2    3    5.0000    0.5000
parameters
   -0.7262   33.5179    5.3326  -12.2110  -12.3098   -3.2982
    5.1695   -3.1721   -2.4499   16.5451    4.2281  -22.5602
eta,q 0.97496 10.30107
  0.0256  0.0255  0.0253  0.0255  0.0255  0.0254  0.0255  0.0257  0.0254  0.0257  0.0252  0.0253
  0.0253  0.0252  0.0252  0.0253  0.0252  0.0252  0.0252  0.0253  0.0252  0.0253  0.0251  0.0252
  0.0251  0.0251  0.0251  0.0251  0.0251  0.0251  0.0251  0.0251  0.0251  0.0251  0.0251  0.0251
  0.0251  0.0251  0.0251  0.0251  0.0250  0.0250  0.0250  0.0250  0.0250  0.0250  0.0250  0.0250
  0.0251  0.0251  0.0251  0.0251  0.0252  0.0251  0.0251  0.0251  0.0251  0.0251  0.0251  0.0251
  0.0253  0.0253  0.0252  0.0252  0.0253  0.0252  0.0253  0.0253  0.0252  0.0253  0.0251  0.0252
  0.0256  0.0255  0.0253  0.0255  0.0255  0.0254  0.0255  0.0257  0.0254  0.0256  0.0252  0.0253
niter,ni,del,rscale     1    3    5.0000    0.4000
parameters
   -0.7230   33.4955    5.3504  -12.1244  -12.4573   -3.2114
    5.1401   -3.1491   -2.4668   16.5571    4.2389  -22.5710
eta,q 0.97497 10.30251
  0.0254  0.0253  0.0252  0.0253  0.0253  0.0253  0.0253  0.0255  0.0253  0.0254  0.0251  0.0252
  0.0252  0.0252  0.0251  0.0252  0.0251  0.0252  0.0252  0.0252  0.0251  0.0252  0.0251  0.0251
  0.0251  0.0251  0.0251  0.0251  0.0250  0.0251  0.0251  0.0251  0.0251  0.0251  0.0250  0.0250
  0.0250  0.0250  0.0250  0.0250  0.0250  0.0250  0.0250  0.0250  0.0250  0.0250  0.0250  0.0250
  0.0251  0.0251  0.0251  0.0251  0.0251  0.0250  0.0251  0.0251  0.0251  0.0251  0.0250  0.0251
  0.0252  0.0252  0.0251  0.0251  0.0252  0.0251  0.0252  0.0252  0.0251  0.0252  0.0251  0.0251
  0.0254  0.0253  0.0252  0.0253  0.0254  0.0253  0.0254  0.0255  0.0253  0.0254  0.0251  0.0252
registration optimization eta report
parameter search radius
    0.8000    0.8000    0.8000    2.4000    2.4000    2.4000
    2.4000    2.4000    2.4000    2.4000    2.4000    2.4000
100000*second partial in parameter space
       57.       46.       25.        5.        6.        4.
        6.        8.        4.        7.        2.        3.
  0.0254  0.0253  0.0252  0.0253  0.0253  0.0253  0.0253  0.0255  0.0253  0.0254  0.0251  0.0252
  0.0252  0.0252  0.0251  0.0252  0.0251  0.0252  0.0252  0.0252  0.0251  0.0252  0.0251  0.0251
  0.0251  0.0251  0.0251  0.0251  0.0250  0.0251  0.0251  0.0251  0.0251  0.0251  0.0250  0.0250
  0.0250  0.0250  0.0250  0.0250  0.0250  0.0250  0.0250  0.0250  0.0250  0.0250  0.0250  0.0250
  0.0251  0.0251  0.0251  0.0251  0.0251  0.0250  0.0251  0.0251  0.0251  0.0251  0.0250  0.0251
  0.0252  0.0252  0.0251  0.0251  0.0252  0.0251  0.0252  0.0252  0.0251  0.0252  0.0251  0.0251
  0.0254  0.0253  0.0252  0.0253  0.0254  0.0253  0.0254  0.0255  0.0253  0.0254  0.0251  0.0252
   -0.7230   33.4955    5.3504  -12.1244  -12.4573   -3.2114
    5.1401   -3.1491   -2.4668   16.5571    4.2389  -22.5710
eta,q 0.97497 10.30251

---------------------------------------------------------------------
compute_vox2vox talsrcimg talsrcimg_to_711-2C_as_mni_average_305_t4 /opt/freesurfer/average/711-2C_as_mni_average_305
---------------------------------------------------------------------

freesurfer compute_vox2vox.c
Reading: talsrcimg.4dfp.ifh
Reading: talsrcimg_to_711-2C_as_mni_average_305_t4
Reading: /opt/freesurfer/average/711-2C_as_mni_average_305.4dfp.ifh
Writing: talsrcimg_to_711-2C_as_mni_average_305_t4_vox2vox.txt

start time Tue Mar 10 06:54:57 CET 2026
end		time Tue Mar 10 06:55:10 CET 2026

mpr2mni305 success

avi2talxfm orig_nu.mgz /opt/freesurfer/average/mni305.cor.mgz talsrcimg_to_711-2C_as_mni_average_305_t4_vox2vox.txt transforms/talairach.auto.xfm
avi2talxfm done
mv -f /out/sourcedata/freesurfer/sub-v1s8x0051341_ses-1/mri/talsrcimg_to_711-2C_as_mni_average_305_t4_vox2vox.txt /out/sourcedata/freesurfer/sub-v1s8x0051341_ses-1/mri/transforms/talsrcimg_to_711-2C_as_mni_average_305_t4_vox2vox.txt
lta_convert --src orig_nu.mgz --trg /opt/freesurfer/average/mni305.cor.mgz --inxfm transforms/talairach.auto.xfm --outlta transforms/talairach.auto.xfm.lta --subject fsaverage
7.3.2

--src: orig_nu.mgz src image (geometry).
--trg: /opt/freesurfer/average/mni305.cor.mgz trg image (geometry).
--inmni: transforms/talairach.auto.xfm input MNI/XFM transform.
--outlta: transforms/talairach.auto.xfm.lta output LTA.
--s: fsaverage subject name
 LTA read, type : 1
 1.13421   0.04625  -0.05467   1.46010;
-0.04044   0.98789   0.25708  -16.20229;
 0.03961  -0.18554   1.09214  -40.99611;
 0.00000   0.00000   0.00000   1.00000;
setting subject to fsaverage
Writing  LTA to file transforms/talairach.auto.xfm.lta...
lta_convert successful.
 
 
Started at Tue Mar 10 06:54:56 CET 2026
Ended   at Tue Mar 10 06:55:11 CET 2026
talairach_avi done
