/out/sourcedata/freesurfer/sub-v1s8x0051328_ses-1/mri
/opt/freesurfer/bin/talairach_avi
--i orig_nu.mgz --xfm transforms/talairach.auto.xfm
talairach_avi 7.3.2
Linux dna070 5.14.0-427.37.1.el9_4.x86_64 #1 SMP PREEMPT_DYNAMIC Fri Sep 13 12:41:50 EDT 2024 x86_64 x86_64 x86_64 GNU/Linux
Tue Mar 10 06:44:13 CET 2026
mri_convert orig_nu.mgz talsrcimg.img 
reading from orig_nu.mgz...
TR=0.00, TE=0.00, TI=0.00, flip angle=0.00
i_ras = (-1, 0, 0)
j_ras = (0, 0, -1)
k_ras = (0, 1, 0)
writing to talsrcimg.img...
Analyze Output Matrix
-1.00000   0.00000   0.00000   134.71741;
 0.00000   0.00000   1.00000  -130.27589;
 0.00000  -1.00000   0.00000   121.54964;
 0.00000   0.00000   0.00000   1.00000;
--------------------
INFO: set hdr.hist.orient to -1
mpr2mni305 talsrcimg
Tue Mar 10 06:44:14 CET 2026
/opt/freesurfer/bin/mpr2mni305 talsrcimg
mpr2mni305 7.3.2
target=711-2C_as_mni_average_305

---------------------------------------------------------------------
analyzeto4dfp talsrcimg -O0 -y
---------------------------------------------------------------------

freesurfer ifh2hdr.c
Tue Mar 10 06:44:14 2026
Writing: talsrcimg.4dfp.hdr
freesurfer analyzeto4dfp.c
Reading: talsrcimg.hdr
header size 348 bytes
hdr.dime.datatype	offset=70	value=2
hdr.dime.bitpix		offset=72	value=8
hdr.hist.orient		offset=252	value=-1
dimensionality     4
dimensions       256       256       256         1
Reading: talsrcimg.img
Writing: talsrcimg.4dfp.img
Writing: talsrcimg.4dfp.ifh
ifh2hdr talsrcimg -r0to205
ori=2

---------------------------------------------------------------------
gauss_4dfp talsrcimg 1.1
---------------------------------------------------------------------

freesurfer gauss_4dfp.c
Reading: talsrcimg.4dfp.img
Writing: talsrcimg_g11.4dfp.img
image dimensions 256 256 256 padded to 288 288 288
processing volume 1freesurfer ifh2hdr.c
Tue Mar 10 06:44:15 2026
Writing: talsrcimg_g11.4dfp.hdr

Writing: talsrcimg_g11.4dfp.ifh
including: talsrcimg.4dfp.img.rec in talsrcimg_g11.4dfp.img.rec

---------------------------------------------------------------------
imgreg_4dfp /opt/freesurfer/average/711-2C_as_mni_average_305 none talsrcimg_g11 none talsrcimg_to_711-2C_as_mni_average_305_t4 4355
---------------------------------------------------------------------

freesurfer imgreg_4dfp.c
/opt/freesurfer/average/711-2C_as_mni_average_305.4dfp.img
       256       256       256         1
  1.000000  1.000000  1.000000
orientation T byte_order littleendian
Reading image: /opt/freesurfer/average/711-2C_as_mni_average_305.4dfp.img
dimensions:      256       256       256
mmppix:       1.0000   -1.0000   -1.0000
center:     128.0000 -129.0000 -129.0000
talsrcimg_g11.4dfp.img
       256       256       256         1
  1.000000  1.000000  1.000000
orientation T byte_order littleendian
Reading image: talsrcimg_g11.4dfp.img
dimensions:      256       256       256
mmppix:       1.0000   -1.0000   -1.0000
center:     128.0000 -129.0000 -129.0000
t4_read: open error in t4_sub.f l:  41 t4_file(1:l)talsrcimg_to_711-2C_as_mni_average_305_t4 
t4_read: transform initialized to I4
rotation matrix determinant  1.000000
image alignment mode   4355 decimal     1103 hex
   -7.5000  -45.0000  -45.0000 5808.3452   16.0621
    0.0000  -45.0000  -45.0000 6048.2861   16.1191
    7.5000  -45.0000  -45.0000 5786.2080   16.0692
   -7.5000  -37.5000  -45.0000 6448.2598   15.4091
    0.0000  -37.5000  -45.0000 6727.8389   15.4714
    7.5000  -37.5000  -45.0000 6434.3057   15.4263
   -7.5000  -30.0000  -45.0000 7355.8809   14.9620
    0.0000  -30.0000  -45.0000 7694.6621   15.0210
    7.5000  -30.0000  -45.0000 7347.8276   14.9849
   -7.5000  -22.5000  -45.0000 8266.8115   14.7322
    0.0000  -22.5000  -45.0000 8647.7021   14.7818
    7.5000  -22.5000  -45.0000 8236.0244   14.7504
   -7.5000  -15.0000  -45.0000 9154.6924   14.6086
    0.0000  -15.0000  -45.0000 9560.6211   14.6515
    7.5000  -15.0000  -45.0000 9099.8877   14.6190
   -7.5000   -7.5000  -45.000010086.6953   14.5541
    0.0000   -7.5000  -45.000010533.4082   14.5997
    7.5000   -7.5000  -45.000010032.5146   14.5618
   -7.5000    0.0000  -45.000011105.7773   14.5026
    0.0000    0.0000  -45.000011614.6768   14.5568
    7.5000    0.0000  -45.000011033.3467   14.5148
   -7.5000    7.5000  -45.000011212.8984   14.4251
    0.0000    7.5000  -45.000011726.5479   14.4842
    7.5000    7.5000  -45.000011138.1016   14.4446
   -7.5000   15.0000  -45.000011136.3291   14.3920
    0.0000   15.0000  -45.000011656.0723   14.4484
    7.5000   15.0000  -45.000011077.9170   14.4146
   -7.5000   22.5000  -45.000010953.5938   14.4465
    0.0000   22.5000  -45.000011471.3086   14.4953
    7.5000   22.5000  -45.000010884.5391   14.4648
   -7.5000   30.0000  -45.000010707.4463   14.3393
    0.0000   30.0000  -45.000011205.8887   14.3817
    7.5000   30.0000  -45.000010636.4307   14.3500
   -7.5000   37.5000  -45.000010814.2549   14.3601
    0.0000   37.5000  -45.000011331.8164   14.4051
    7.5000   37.5000  -45.000010742.6514   14.3677
   -7.5000   45.0000  -45.000010585.8027   13.9460
    0.0000   45.0000  -45.000011117.0781   13.9981
    7.5000   45.0000  -45.000010522.8389   13.9577
   -7.5000  -45.0000  -37.5000 6139.0557   15.9300
    0.0000  -45.0000  -37.5000 6405.0669   15.9872
    7.5000  -45.0000  -37.5000 6121.1221   15.9366
   -7.5000  -37.5000  -37.5000 6805.9355   15.2921
    0.0000  -37.5000  -37.5000 7107.3257   15.3509
    7.5000  -37.5000  -37.5000 6793.2905   15.3037
   -7.5000  -30.0000  -37.5000 7761.1753   14.8483
    0.0000  -30.0000  -37.5000 8112.2007   14.9042
    7.5000  -30.0000  -37.5000 7753.3027   14.8667
   -7.5000  -22.5000  -37.5000 8755.3232   14.6126
    0.0000  -22.5000  -37.5000 9138.8086   14.6623
    7.5000  -22.5000  -37.5000 8711.3740   14.6316
   -7.5000  -15.0000  -37.5000 9714.9346   14.4835
    0.0000  -15.0000  -37.500010130.6484   14.5295
    7.5000  -15.0000  -37.5000 9648.9189   14.4991
   -7.5000   -7.5000  -37.500010707.0283   14.4312
    0.0000   -7.5000  -37.500011176.9092   14.4798
    7.5000   -7.5000  -37.500010644.5879   14.4435
   -7.5000    0.0000  -37.500011779.0391   14.3873
    0.0000    0.0000  -37.500012302.0518   14.4413
    7.5000    0.0000  -37.500011699.9785   14.3990
   -7.5000    7.5000  -37.500011882.9375   14.3166
    0.0000    7.5000  -37.500012429.4863   14.3728
    7.5000    7.5000  -37.500011805.3838   14.3315
   -7.5000   15.0000  -37.500011824.9033   14.2832
    0.0000   15.0000  -37.500012355.4072   14.3371
    7.5000   15.0000  -37.500011745.4531   14.3020
   -7.5000   22.5000  -37.500011602.5166   14.3297
    0.0000   22.5000  -37.500012135.6445   14.3787
    7.5000   22.5000  -37.500011547.3652   14.3489
   -7.5000   30.0000  -37.500011301.7139   14.2169
    0.0000   30.0000  -37.500011841.4980   14.2623
    7.5000   30.0000  -37.500011266.6348   14.2326
   -7.5000   37.5000  -37.500011389.7080   14.2389
    0.0000   37.5000  -37.500011951.1514   14.2868
    7.5000   37.5000  -37.500011349.1387   14.2510
   -7.5000   45.0000  -37.500011173.4648   13.8351
    0.0000   45.0000  -37.500011733.3945   13.8871
    7.5000   45.0000  -37.500011121.6797   13.8464
   -7.5000  -45.0000  -30.0000 6539.1548   16.4716
    0.0000  -45.0000  -30.0000 6824.3940   16.5295
    7.5000  -45.0000  -30.0000 6520.0542   16.4786
   -7.5000  -37.5000  -30.0000 7266.8438   15.8221
    0.0000  -37.5000  -30.0000 7594.9160   15.8793
    7.5000  -37.5000  -30.0000 7253.7266   15.8294
   -7.5000  -30.0000  -30.0000 8328.1162   15.3686
    0.0000  -30.0000  -30.0000 8700.4258   15.4238
    7.5000  -30.0000  -30.0000 8300.0996   15.3816
   -7.5000  -22.5000  -30.0000 9413.1328   15.1221
    0.0000  -22.5000  -30.0000 9813.9365   15.1740
    7.5000  -22.5000  -30.0000 9350.1797   15.1385
   -7.5000  -15.0000  -30.000010441.5547   14.9817
    0.0000  -15.0000  -30.000010889.8535   15.0321
    7.5000  -15.0000  -30.000010369.0908   14.9990
   -7.5000   -7.5000  -30.000011514.4492   14.9237
    0.0000   -7.5000  -30.000012008.8545   14.9758
    7.5000   -7.5000  -30.000011437.0586   14.9390
   -7.5000    0.0000  -30.000012632.2441   14.8809
    0.0000    0.0000  -30.000013191.3027   14.9353
    7.5000    0.0000  -30.000012572.3701   14.8925
   -7.5000    7.5000  -30.000012758.0967   14.8152
    0.0000    7.5000  -30.000013328.6904   14.8698
    7.5000    7.5000  -30.000012690.7715   14.8257
   -7.5000   15.0000  -30.000012722.8906   14.7851
    0.0000   15.0000  -30.000013272.0020   14.8382
    7.5000   15.0000  -30.000012638.1094   14.7985
   -7.5000   22.5000  -30.000012458.8018   14.8286
    0.0000   22.5000  -30.000013031.9199   14.8797
    7.5000   22.5000  -30.000012431.9229   14.8453
   -7.5000   30.0000  -30.000012105.3701   14.7076
    0.0000   30.0000  -30.000012669.8359   14.7574
    7.5000   30.0000  -30.000012078.9102   14.7251
   -7.5000   37.5000  -30.000012185.7256   14.7262
    0.0000   37.5000  -30.000012758.2344   14.7777
    7.5000   37.5000  -30.000012156.3506   14.7413
   -7.5000   45.0000  -30.000011964.9756   14.3203
    0.0000   45.0000  -30.000012530.1592   14.3726
    7.5000   45.0000  -30.000011922.5713   14.3314
   -7.5000  -45.0000  -22.5000 6935.6509   17.0306
    0.0000  -45.0000  -22.5000 7241.9517   17.0874
    7.5000  -45.0000  -22.5000 6938.7461   17.0368
   -7.5000  -37.5000  -22.5000 7745.4697   16.3563
    0.0000  -37.5000  -22.5000 8102.2754   16.4136
    7.5000  -37.5000  -22.5000 7740.2134   16.3632
   -7.5000  -30.0000  -22.5000 8923.9229   15.8919
    0.0000  -30.0000  -22.5000 9320.1221   15.9476
    7.5000  -30.0000  -22.5000 8886.5361   15.9016
   -7.5000  -22.5000  -22.500010090.5635   15.6439
    0.0000  -22.5000  -22.500010531.8760   15.6958
    7.5000  -22.5000  -22.500010032.1553   15.6543
   -7.5000  -15.0000  -22.500011197.6670   15.5012
    0.0000  -15.0000  -22.500011677.5000   15.5509
    7.5000  -15.0000  -22.500011127.4463   15.5124
   -7.5000   -7.5000  -22.500012340.8418   15.4371
    0.0000   -7.5000  -22.500012863.0098   15.4881
    7.5000   -7.5000  -22.500012270.1934   15.4489
   -7.5000    0.0000  -22.500013534.0010   15.3871
    0.0000    0.0000  -22.500014134.6377   15.4405
    7.5000    0.0000  -22.500013491.8906   15.3975
   -7.5000    7.5000  -22.500013693.2617   15.3171
    0.0000    7.5000  -22.500014303.9238   15.3714
    7.5000    7.5000  -22.500013637.1914   15.3261
   -7.5000   15.0000  -22.500013661.0986   15.2891
    0.0000   15.0000  -22.500014245.6543   15.3420
    7.5000   15.0000  -22.500013585.6182   15.2986
   -7.5000   22.5000  -22.500013386.6963   15.3388
    0.0000   22.5000  -22.500013974.9736   15.3896
    7.5000   22.5000  -22.500013331.5342   15.3496
   -7.5000   30.0000  -22.500012968.2598   15.2197
    0.0000   30.0000  -22.500013560.7744   15.2689
    7.5000   30.0000  -22.500012947.5791   15.2313
   -7.5000   37.5000  -22.500013049.8711   15.2351
    0.0000   37.5000  -22.500013642.7861   15.2854
    7.5000   37.5000  -22.500013032.1895   15.2468
   -7.5000   45.0000  -22.500012785.6475   14.8186
    0.0000   45.0000  -22.500013382.5781   14.8700
    7.5000   45.0000  -22.500012765.1709   14.8285
   -7.5000  -45.0000  -15.0000 7359.1216   17.4370
    0.0000  -45.0000  -15.0000 7696.4277   17.4941
    7.5000  -45.0000  -15.0000 7356.1538   17.4440
   -7.5000  -37.5000  -15.0000 8229.8555   16.7374
    0.0000  -37.5000  -15.0000 8602.5059   16.7982
    7.5000  -37.5000  -15.0000 8218.3574   16.7493
   -7.5000  -30.0000  -15.0000 9488.0469   16.2623
    0.0000  -30.0000  -15.0000 9904.1221   16.3211
    7.5000  -30.0000  -15.0000 9455.3828   16.2757
   -7.5000  -22.5000  -15.000010730.8389   16.0167
    0.0000  -22.5000  -15.000011203.8203   16.0685
    7.5000  -22.5000  -15.000010676.7842   16.0257
   -7.5000  -15.0000  -15.000011918.1172   15.8782
    0.0000  -15.0000  -15.000012438.2686   15.9253
    7.5000  -15.0000  -15.000011850.3018   15.8844
   -7.5000   -7.5000  -15.000013137.3711   15.8124
    0.0000   -7.5000  -15.000013727.0049   15.8610
    7.5000   -7.5000  -15.000013081.8223   15.8201
   -7.5000    0.0000  -15.000014418.6152   15.7543
    0.0000    0.0000  -15.000015077.5479   15.8082
    7.5000    0.0000  -15.000014374.3936   15.7653
   -7.5000    7.5000  -15.000014623.7148   15.6752
    0.0000    7.5000  -15.000015306.3379   15.7324
    7.5000    7.5000  -15.000014592.9170   15.6881
   -7.5000   15.0000  -15.000014602.6250   15.6457
    0.0000   15.0000  -15.000015271.1436   15.7012
    7.5000   15.0000  -15.000014557.9570   15.6581
   -7.5000   22.5000  -15.000014304.3984   15.7034
    0.0000   22.5000  -15.000014970.9336   15.7541
    7.5000   22.5000  -15.000014276.0869   15.7128
   -7.5000   30.0000  -15.000013849.0557   15.5921
    0.0000   30.0000  -15.000014495.4336   15.6386
    7.5000   30.0000  -15.000013856.1182   15.5987
   -7.5000   37.5000  -15.000013930.1514   15.6077
    0.0000   37.5000  -15.000014583.4336   15.6557
    7.5000   37.5000  -15.000013954.6602   15.6154
   -7.5000   45.0000  -15.000013630.9844   15.1814
    0.0000   45.0000  -15.000014278.4180   15.2333
    7.5000   45.0000  -15.000013644.0586   15.1919
   -7.5000  -45.0000   -7.5000 7748.6543   17.6355
    0.0000  -45.0000   -7.5000 8107.1841   17.6951
    7.5000  -45.0000   -7.5000 7743.6191   17.6442
   -7.5000  -37.5000   -7.5000 8702.9512   16.9213
    0.0000  -37.5000   -7.5000 9108.0889   16.9876
    7.5000  -37.5000   -7.5000 8682.3379   16.9403
   -7.5000  -30.0000   -7.500010064.7705   16.4374
    0.0000  -30.0000   -7.500010513.2549   16.5010
    7.5000  -30.0000   -7.500010015.6074   16.4599
   -7.5000  -22.5000   -7.500011395.5605   16.1915
    0.0000  -22.5000   -7.500011887.3574   16.2450
    7.5000  -22.5000   -7.500011309.5078   16.2067
   -7.5000  -15.0000   -7.500012651.6494   16.0575
    0.0000  -15.0000   -7.500013200.4971   16.1034
    7.5000  -15.0000   -7.500012554.9502   16.0651
   -7.5000   -7.5000   -7.500013938.7070   15.9945
    0.0000   -7.5000   -7.500014562.4336   16.0425
    7.5000   -7.5000   -7.500013828.4541   16.0015
   -7.5000    0.0000   -7.500015309.6885   15.9335
    0.0000    0.0000   -7.500016034.3594   15.9902
    7.5000    0.0000   -7.500015180.2686   15.9467
   -7.5000    7.5000   -7.500015579.9717   15.8475
    0.0000    7.5000   -7.500016335.4727   15.9100
    7.5000    7.5000   -7.500015472.2646   15.8676
   -7.5000   15.0000   -7.500015610.3926   15.8143
    0.0000   15.0000   -7.500016388.7988   15.8746
    7.5000   15.0000   -7.500015528.7959   15.8356
   -7.5000   22.5000   -7.500015322.4434   15.8735
    0.0000   22.5000   -7.500016109.2539   15.9260
    7.5000   22.5000   -7.500015291.0420   15.8890
   -7.5000   30.0000   -7.500014830.4072   15.7679
    0.0000   30.0000   -7.500015549.8564   15.8133
    7.5000   30.0000   -7.500014822.2705   15.7759
   -7.5000   37.5000   -7.500014926.3428   15.7870
    0.0000   37.5000   -7.500015653.9932   15.8344
    7.5000   37.5000   -7.500014929.0381   15.7940
   -7.5000   45.0000   -7.500014629.8857   15.3569
    0.0000   45.0000   -7.500015324.9453   15.4115
    7.5000   45.0000   -7.500014565.5322   15.3696
   -7.5000  -45.0000    0.0000 8074.2461   17.6698
    0.0000  -45.0000    0.0000 8449.0322   17.7324
    7.5000  -45.0000    0.0000 8025.5322   17.6792
   -7.5000  -37.5000    0.0000 9079.5361   16.9553
    0.0000  -37.5000    0.0000 9500.7695   17.0240
    7.5000  -37.5000    0.0000 9022.5176   16.9759
   -7.5000  -30.0000    0.000010514.9844   16.4660
    0.0000  -30.0000    0.000011009.4404   16.5313
    7.5000  -30.0000    0.000010434.4443   16.4930
   -7.5000  -22.5000    0.000011937.0156   16.2143
    0.0000  -22.5000    0.000012481.0859   16.2694
    7.5000  -22.5000    0.000011829.3369   16.2362
   -7.5000  -15.0000    0.000013283.8115   16.0796
    0.0000  -15.0000    0.000013902.7070   16.1272
    7.5000  -15.0000    0.000013161.1836   16.0928
   -7.5000   -7.5000    0.000014652.9541   16.0209
    0.0000   -7.5000    0.000015359.9756   16.0712
    7.5000   -7.5000    0.000014502.4287   16.0308
   -7.5000    0.0000    0.000016034.6484   15.9641
    0.0000    0.0000    0.000016882.4121   16.0237
    7.5000    0.0000    0.000015894.3232   15.9788
   -7.5000    7.5000    0.000016333.2061   15.8783
    0.0000    7.5000    0.000017237.2637   15.9436
    7.5000    7.5000    0.000016148.5615   15.9012
   -7.5000   15.0000    0.000016575.0820   15.8417
    0.0000   15.0000    0.000017505.4961   15.9041
    7.5000   15.0000    0.000016226.6875   15.8682
   -7.5000   22.5000    0.000016548.3984   15.8966
    0.0000   22.5000    0.000017492.6250   15.9509
    7.5000   22.5000    0.000016180.1064   15.9185
   -7.5000   30.0000    0.000016065.0537   15.7903
    0.0000   30.0000    0.000016885.7051   15.8373
    7.5000   30.0000    0.000015732.1777   15.8038
   -7.5000   37.5000    0.000016081.5420   15.8135
    0.0000   37.5000    0.000016835.2734   15.8632
    7.5000   37.5000    0.000015745.8965   15.8233
   -7.5000   45.0000    0.000015669.9463   15.3876
    0.0000   45.0000    0.000016341.0830   15.4450
    7.5000   45.0000    0.000015268.4355   15.4017
   -7.5000  -45.0000    7.5000 7781.8110   17.6749
    0.0000  -45.0000    7.5000 8163.3394   17.7387
    7.5000  -45.0000    7.5000 7694.7085   17.6836
   -7.5000  -37.5000    7.5000 8806.9043   16.9700
    0.0000  -37.5000    7.5000 9234.4150   17.0358
    7.5000  -37.5000    7.5000 8705.7109   16.9843
   -7.5000  -30.0000    7.500010200.1631   16.4796
    0.0000  -30.0000    7.500010707.8262   16.5423
    7.5000  -30.0000    7.500010106.4287   16.5014
   -7.5000  -22.5000    7.500011567.2998   16.2183
    0.0000  -22.5000    7.500012117.8594   16.2743
    7.5000  -22.5000    7.500011445.4531   16.2410
   -7.5000  -15.0000    7.500012866.5400   16.0751
    0.0000  -15.0000    7.500013479.1426   16.1269
    7.5000  -15.0000    7.500012709.0459   16.0938
   -7.5000   -7.5000    7.500014219.7627   16.0171
    0.0000   -7.5000    7.500014930.8262   16.0715
    7.5000   -7.5000    7.500013981.0605   16.0320
   -7.5000    0.0000    7.500015603.4902   15.9684
    0.0000    0.0000    7.500016415.8555   16.0287
    7.5000    0.0000    7.500015289.4355   15.9825
   -7.5000    7.5000    7.500015911.1885   15.8906
    0.0000    7.5000    7.500016727.6133   15.9536
    7.5000    7.5000    7.500015503.6641   15.9084
   -7.5000   15.0000    7.500016182.2480   15.8543
    0.0000   15.0000    7.500017130.0137   15.9147
    7.5000   15.0000    7.500015602.0420   15.8765
   -7.5000   22.5000    7.500016309.0420   15.9006
    0.0000   22.5000    7.500017362.2344   15.9558
    7.5000   22.5000    7.500015610.0664   15.9234
   -7.5000   30.0000    7.500015957.9648   15.7859
    0.0000   30.0000    7.500016897.7227   15.8371
    7.5000   30.0000    7.500015288.3672   15.8048
   -7.5000   37.5000    7.500015855.1289   15.8097
    0.0000   37.5000    7.500016652.9805   15.8635
    7.5000   37.5000    7.500015256.7393   15.8245
   -7.5000   45.0000    7.500015243.0645   15.3917
    0.0000   45.0000    7.500015944.8037   15.4499
    7.5000   45.0000    7.500014753.1162   15.4053
   -7.5000  -45.0000   15.0000 7366.1240   17.6835
    0.0000  -45.0000   15.0000 7746.3330   17.7456
    7.5000  -45.0000   15.0000 7298.4771   17.6910
   -7.5000  -37.5000   15.0000 8372.9658   16.9863
    0.0000  -37.5000   15.0000 8781.6885   17.0478
    7.5000  -37.5000   15.0000 8261.3037   16.9942
   -7.5000  -30.0000   15.0000 9726.3740   16.4997
    0.0000  -30.0000   15.000010200.2910   16.5590
    7.5000  -30.0000   15.0000 9588.5000   16.5136
   -7.5000  -22.5000   15.000011052.1309   16.2352
    0.0000  -22.5000   15.000011562.9424   16.2910
    7.5000  -22.5000   15.000010878.8418   16.2529
   -7.5000  -15.0000   15.000012307.3828   16.0845
    0.0000  -15.0000   15.000012866.4609   16.1387
    7.5000  -15.0000   15.000012090.8809   16.1031
   -7.5000   -7.5000   15.000013627.6816   16.0221
    0.0000   -7.5000   15.000014268.4580   16.0782
    7.5000   -7.5000   15.000013333.4922   16.0387
   -7.5000    0.0000   15.000014978.4844   15.9762
    0.0000    0.0000   15.000015685.8887   16.0345
    7.5000    0.0000   15.000014613.1260   15.9886
   -7.5000    7.5000   15.000015225.8613   15.9056
    0.0000    7.5000   15.000016048.9248   15.9642
    7.5000    7.5000   15.000014854.2588   15.9169
   -7.5000   15.0000   15.000015376.6113   15.8734
    0.0000   15.0000   15.000016485.9121   15.9304
    7.5000   15.0000   15.000015060.3682   15.8878
   -7.5000   22.5000   15.000015365.7471   15.9167
    0.0000   22.5000   15.000016512.3164   15.9715
    7.5000   22.5000   15.000015013.6104   15.9346
   -7.5000   30.0000   15.000015008.2832   15.7949
    0.0000   30.0000   15.000016023.0215   15.8484
    7.5000   30.0000   15.000014621.3096   15.8137
   -7.5000   37.5000   15.000014968.4404   15.8147
    0.0000   37.5000   15.000015876.0928   15.8701
    7.5000   37.5000   15.000014614.7969   15.8311
   -7.5000   45.0000   15.000014441.1455   15.3992
    0.0000   45.0000   15.000015251.5410   15.4554
    7.5000   45.0000   15.000014155.8643   15.4111
   -7.5000  -45.0000   22.5000 6877.3896   17.7943
    0.0000  -45.0000   22.5000 7230.4980   17.8537
    7.5000  -45.0000   22.5000 6856.7212   17.8010
   -7.5000  -37.5000   22.5000 7812.2617   17.0889
    0.0000  -37.5000   22.5000 8205.5537   17.1489
    7.5000  -37.5000   22.5000 7770.0527   17.0962
   -7.5000  -30.0000   22.5000 9107.4082   16.6032
    0.0000  -30.0000   22.5000 9536.1602   16.6613
    7.5000  -30.0000   22.5000 9027.7725   16.6132
   -7.5000  -22.5000   22.500010361.3975   16.3432
    0.0000  -22.5000   22.500010826.6846   16.3973
    7.5000  -22.5000   22.500010269.1465   16.3540
   -7.5000  -15.0000   22.500011536.7705   16.1929
    0.0000  -15.0000   22.500012059.9004   16.2448
    7.5000  -15.0000   22.500011421.6328   16.2046
   -7.5000   -7.5000   22.500012739.5303   16.1246
    0.0000   -7.5000   22.500013346.9531   16.1779
    7.5000   -7.5000   22.500012601.1348   16.1371
   -7.5000    0.0000   22.500013942.1406   16.0717
    0.0000    0.0000   22.500014666.9980   16.1275
    7.5000    0.0000   22.500013797.4189   16.0826
   -7.5000    7.5000   22.500014123.5176   15.9986
    0.0000    7.5000   22.500015008.6807   16.0553
    7.5000    7.5000   22.500014041.9590   16.0080
   -7.5000   15.0000   22.500014243.3838   15.9698
    0.0000   15.0000   22.500015244.0566   16.0251
    7.5000   15.0000   22.500014203.9639   15.9797
   -7.5000   22.5000   22.500014139.8828   16.0201
    0.0000   22.5000   22.500015028.6826   16.0731
    7.5000   22.5000   22.500014030.2627   16.0313
   -7.5000   30.0000   22.500013759.4258   15.9006
    0.0000   30.0000   22.500014542.8467   15.9519
    7.5000   30.0000   22.500013605.3740   15.9127
   -7.5000   37.5000   22.500013851.4551   15.9159
    0.0000   37.5000   22.500014626.5518   15.9685
    7.5000   37.5000   22.500013688.4277   15.9282
   -7.5000   45.0000   22.500013459.0342   15.4912
    0.0000   45.0000   22.500014199.6406   15.5451
    7.5000   45.0000   22.500013327.0371   15.5018
   -7.5000  -45.0000   30.0000 6390.1123   18.0695
    0.0000  -45.0000   30.0000 6721.1479   18.1291
    7.5000  -45.0000   30.0000 6393.7095   18.0759
   -7.5000  -37.5000   30.0000 7243.9810   17.3369
    0.0000  -37.5000   30.0000 7606.0928   17.4004
    7.5000  -37.5000   30.0000 7249.2378   17.3484
   -7.5000  -30.0000   30.0000 8445.5850   16.8407
    0.0000  -30.0000   30.0000 8837.9805   16.9020
    7.5000  -30.0000   30.0000 8432.9600   16.8536
   -7.5000  -22.5000   30.0000 9616.9775   16.5851
    0.0000  -22.5000   30.000010033.0635   16.6386
    7.5000  -22.5000   30.0000 9586.5752   16.5930
   -7.5000  -15.0000   30.000010705.7988   16.4401
    0.0000  -15.0000   30.000011166.8135   16.4886
    7.5000  -15.0000   30.000010672.6211   16.4452
   -7.5000   -7.5000   30.000011789.4941   16.3691
    0.0000   -7.5000   30.000012316.0508   16.4194
    7.5000   -7.5000   30.000011789.7197   16.3762
   -7.5000    0.0000   30.000012905.4395   16.3071
    0.0000    0.0000   30.000013540.3193   16.3632
    7.5000    0.0000   30.000012918.3701   16.3177
   -7.5000    7.5000   30.000013073.6904   16.2249
    0.0000    7.5000   30.000013801.5928   16.2845
    7.5000    7.5000   30.000013146.8516   16.2376
   -7.5000   15.0000   30.000013138.4062   16.1954
    0.0000   15.0000   30.000013870.2539   16.2531
    7.5000   15.0000   30.000013181.4629   16.2073
   -7.5000   22.5000   30.000013003.7979   16.2553
    0.0000   22.5000   30.000013609.3682   16.3077
    7.5000   22.5000   30.000012937.1670   16.2638
   -7.5000   30.0000   30.000012662.2988   16.1427
    0.0000   30.0000   30.000013266.6943   16.1906
    7.5000   30.0000   30.000012575.9561   16.1483
   -7.5000   37.5000   30.000012835.2676   16.1572
    0.0000   37.5000   30.000013482.3955   16.2069
    7.5000   37.5000   30.000012731.2432   16.1642
   -7.5000   45.0000   30.000012520.7949   15.7182
    0.0000   45.0000   30.000013148.5439   15.7723
    7.5000   45.0000   30.000012421.5059   15.7284
   -7.5000  -45.0000   37.5000 6215.4204   18.5335
    0.0000  -45.0000   37.5000 6546.8906   18.5973
    7.5000  -45.0000   37.5000 6217.6748   18.5404
   -7.5000  -37.5000   37.5000 7039.2783   17.7620
    0.0000  -37.5000   37.5000 7400.7778   17.8332
    7.5000  -37.5000   37.5000 7057.5640   17.7804
   -7.5000  -30.0000   37.5000 8180.2832   17.2429
    0.0000  -30.0000   37.5000 8562.2432   17.3108
    7.5000  -30.0000   37.5000 8187.2354   17.2653
   -7.5000  -22.5000   37.5000 9293.9941   16.9806
    0.0000  -22.5000   37.5000 9686.9502   17.0370
    7.5000  -22.5000   37.5000 9287.7891   16.9948
   -7.5000  -15.0000   37.500010353.1094   16.8353
    0.0000  -15.0000   37.500010774.0654   16.8833
    7.5000  -15.0000   37.500010334.4629   16.8412
   -7.5000   -7.5000   37.500011416.1514   16.7633
    0.0000   -7.5000   37.500011894.0029   16.8139
    7.5000   -7.5000   37.500011435.8086   16.7687
   -7.5000    0.0000   37.500012485.0605   16.6961
    0.0000    0.0000   37.500013067.7510   16.7565
    7.5000    0.0000   37.500012558.3535   16.7082
   -7.5000    7.5000   37.500012643.9961   16.6057
    0.0000    7.5000   37.500013276.6377   16.6725
    7.5000    7.5000   37.500012724.0840   16.6254
   -7.5000   15.0000   37.500012684.1084   16.5730
    0.0000   15.0000   37.500013264.6787   16.6371
    7.5000   15.0000   37.500012683.7080   16.5941
   -7.5000   22.5000   37.500012518.4473   16.6387
    0.0000   22.5000   37.500013035.9365   16.6940
    7.5000   22.5000   37.500012438.6523   16.6533
   -7.5000   30.0000   37.500012199.6504   16.5296
    0.0000   30.0000   37.500012744.7109   16.5771
    7.5000   30.0000   37.500012117.9482   16.5360
   -7.5000   37.5000   37.500012378.6533   16.5464
    0.0000   37.5000   37.500012969.9346   16.5963
    7.5000   37.5000   37.500012283.2549   16.5516
   -7.5000   45.0000   37.500012116.4580   16.0931
    0.0000   45.0000   37.500012671.8467   16.1513
    7.5000   45.0000   37.500012008.9160   16.1048
   -7.5000  -45.0000   45.0000 5795.6152   19.0120
    0.0000  -45.0000   45.0000 6130.0684   19.0822
    7.5000  -45.0000   45.0000 5795.0566   19.0205
   -7.5000  -37.5000   45.0000 6553.7549   18.2128
    0.0000  -37.5000   45.0000 6906.6768   18.2912
    7.5000  -37.5000   45.0000 6567.5098   18.2366
   -7.5000  -30.0000   45.0000 7589.7368   17.6715
    0.0000  -30.0000   45.0000 7952.7954   17.7460
    7.5000  -30.0000   45.0000 7597.9331   17.7036
   -7.5000  -22.5000   45.0000 8600.1016   17.3949
    0.0000  -22.5000   45.0000 8989.7910   17.4563
    7.5000  -22.5000   45.0000 8615.6494   17.4198
   -7.5000  -15.0000   45.0000 9584.5596   17.2381
    0.0000  -15.0000   45.000010004.9961   17.2896
    7.5000  -15.0000   45.0000 9592.0068   17.2510
   -7.5000   -7.5000   45.000010585.8115   17.1591
    0.0000   -7.5000   45.000011053.7158   17.2136
    7.5000   -7.5000   45.000010621.4707   17.1675
   -7.5000    0.0000   45.000011583.9023   17.0902
    0.0000    0.0000   45.000012097.2666   17.1565
    7.5000    0.0000   45.000011638.4287   17.1050
   -7.5000    7.5000   45.000011723.0508   17.0011
    0.0000    7.5000   45.000012282.8389   17.0750
    7.5000    7.5000   45.000011760.6660   17.0273
   -7.5000   15.0000   45.000011723.8135   16.9706
    0.0000   15.0000   45.000012237.2900   17.0414
    7.5000   15.0000   45.000011687.7148   17.0019
   -7.5000   22.5000   45.000011550.1074   17.0382
    0.0000   22.5000   45.000012027.0039   17.0985
    7.5000   22.5000   45.000011469.1592   17.0631
   -7.5000   30.0000   45.000011266.0225   16.9222
    0.0000   30.0000   45.000011755.2188   16.9731
    7.5000   30.0000   45.000011186.9395   16.9354
   -7.5000   37.5000   45.000011424.0957   16.9355
    0.0000   37.5000   45.000011951.7598   16.9893
    7.5000   37.5000   45.000011340.4844   16.9438
   -7.5000   45.0000   45.000011184.2520   16.4805
    0.0000   45.0000   45.000011694.5557   16.5443
    7.5000   45.0000   45.000011086.7627   16.4948

---------------------------------------------------------------------
imgreg_4dfp /opt/freesurfer/average/711-2C_as_mni_average_305 /opt/freesurfer/average/711-2B_as_mni_average_305_mask talsrcimg_g11 none talsrcimg_to_711-2C_as_mni_average_305_t4 4355
---------------------------------------------------------------------

freesurfer imgreg_4dfp.c
/opt/freesurfer/average/711-2C_as_mni_average_305.4dfp.img
       256       256       256         1
  1.000000  1.000000  1.000000
orientation T byte_order littleendian
Reading image: /opt/freesurfer/average/711-2C_as_mni_average_305.4dfp.img
dimensions:      256       256       256
mmppix:       1.0000   -1.0000   -1.0000
center:     128.0000 -129.0000 -129.0000
/opt/freesurfer/average/711-2B_as_mni_average_305_mask.4dfp.img
       256       256       256         1
  1.000000  1.000000  1.000000
orientation T byte_order littleendian
Reading mask: /opt/freesurfer/average/711-2B_as_mni_average_305_mask.4dfp.img (2306576 pixels)
talsrcimg_g11.4dfp.img
       256       256       256         1
  1.000000  1.000000  1.000000
orientation T byte_order littleendian
Reading image: talsrcimg_g11.4dfp.img
dimensions:      256       256       256
mmppix:       1.0000   -1.0000   -1.0000
center:     128.0000 -129.0000 -129.0000
rotation matrix determinant  1.000000
image alignment mode   4355 decimal     1103 hex
   -7.5000  -30.0000  -45.0000 1961.8494   22.2372
    0.0000  -30.0000  -45.0000 1969.3047   22.2668
    7.5000  -30.0000  -45.0000 1953.2761   22.2882
   -7.5000  -22.5000  -45.0000 2093.0110   19.9118
    0.0000  -22.5000  -45.0000 2100.0203   19.9205
    7.5000  -22.5000  -45.0000 2083.7551   19.9648
   -7.5000  -15.0000  -45.0000 2197.6929   18.1813
    0.0000  -15.0000  -45.0000 2205.4036   18.2022
    7.5000  -15.0000  -45.0000 2187.4573   18.2495
   -7.5000   -7.5000  -45.0000 2288.8340   16.7438
    0.0000   -7.5000  -45.0000 2293.6550   16.7705
    7.5000   -7.5000  -45.0000 2275.7554   16.8508
   -7.5000    0.0000  -45.0000 2375.1843   15.5893
    0.0000    0.0000  -45.0000 2383.5674   15.5958
    7.5000    0.0000  -45.0000 2359.0889   15.7261
   -7.5000    7.5000  -45.0000 2423.7454   14.6956
    0.0000    7.5000  -45.0000 2430.6414   14.6934
    7.5000    7.5000  -45.0000 2409.0010   14.8352
   -7.5000   15.0000  -45.0000 2447.5161   14.1467
    0.0000   15.0000  -45.0000 2456.6160   14.1616
    7.5000   15.0000  -45.0000 2437.9153   14.2865
   -7.5000   22.5000  -45.0000 2463.8784   13.9492
    0.0000   22.5000  -45.0000 2473.5374   13.9316
    7.5000   22.5000  -45.0000 2455.1389   14.0887
   -7.5000   30.0000  -45.0000 2468.3740   14.0277
    0.0000   30.0000  -45.0000 2479.1030   14.0094
    7.5000   30.0000  -45.0000 2455.9995   14.1522
   -7.5000   37.5000  -45.0000 2455.3545   14.4337
    0.0000   37.5000  -45.0000 2468.2478   14.4356
    7.5000   37.5000  -45.0000 2438.5151   14.5496
   -7.5000   45.0000  -45.0000 2419.4177   15.0688
    0.0000   45.0000  -45.0000 2436.1323   15.0636
    7.5000   45.0000  -45.0000 2408.5571   15.1604
   -7.5000   52.5000  -45.0000 2345.0488   15.8762
    0.0000   52.5000  -45.0000 2360.9949   15.8978
    7.5000   52.5000  -45.0000 2336.9351   15.9834
   -7.5000   60.0000  -45.0000 2224.0347   16.7711
    0.0000   60.0000  -45.0000 2237.0566   16.7694
    7.5000   60.0000  -45.0000 2215.9607   16.8608
   -7.5000  -30.0000  -37.5000 2018.0540   20.9592
    0.0000  -30.0000  -37.5000 2025.3320   20.9113
    7.5000  -30.0000  -37.5000 2009.4679   21.0234
   -7.5000  -22.5000  -37.5000 2160.7495   18.7501
    0.0000  -22.5000  -37.5000 2167.1880   18.6863
    7.5000  -22.5000  -37.5000 2144.9014   18.8098
   -7.5000  -15.0000  -37.5000 2275.0757   17.0976
    0.0000  -15.0000  -37.5000 2280.3840   17.0221
    7.5000  -15.0000  -37.5000 2257.6558   17.1669
   -7.5000   -7.5000  -37.5000 2367.0720   15.7381
    0.0000   -7.5000  -37.5000 2373.8621   15.7021
    7.5000   -7.5000  -37.5000 2351.4124   15.8126
   -7.5000    0.0000  -37.5000 2458.5952   14.6178
    0.0000    0.0000  -37.5000 2465.2378   14.5708
    7.5000    0.0000  -37.5000 2438.6760   14.7083
   -7.5000    7.5000  -37.5000 2510.1047   13.7565
    0.0000    7.5000  -37.5000 2517.8809   13.7021
    7.5000    7.5000  -37.5000 2494.5544   13.8424
   -7.5000   15.0000  -37.5000 2543.3618   13.2277
    0.0000   15.0000  -37.5000 2554.8401   13.1986
    7.5000   15.0000  -37.5000 2531.6531   13.3307
   -7.5000   22.5000  -37.5000 2559.6550   12.9970
    0.0000   22.5000  -37.5000 2569.4985   12.9792
    7.5000   22.5000  -37.5000 2551.0808   13.1068
   -7.5000   30.0000  -37.5000 2564.0940   13.0285
    0.0000   30.0000  -37.5000 2576.5161   13.0069
    7.5000   30.0000  -37.5000 2555.5938   13.1326
   -7.5000   37.5000  -37.5000 2546.8835   13.3385
    0.0000   37.5000  -37.5000 2566.5859   13.3519
    7.5000   37.5000  -37.5000 2537.8799   13.4709
   -7.5000   45.0000  -37.5000 2511.5862   13.9414
    0.0000   45.0000  -37.5000 2534.4717   13.9559
    7.5000   45.0000  -37.5000 2505.9070   14.0427
   -7.5000   52.5000  -37.5000 2438.1533   14.7040
    0.0000   52.5000  -37.5000 2457.8086   14.7381
    7.5000   52.5000  -37.5000 2427.0051   14.8299
   -7.5000   60.0000  -37.5000 2310.7732   15.5365
    0.0000   60.0000  -37.5000 2331.2092   15.5513
    7.5000   60.0000  -37.5000 2304.8501   15.6379
   -7.5000  -30.0000  -30.0000 2112.3584   20.5293
    0.0000  -30.0000  -30.0000 2117.8286   20.4468
    7.5000  -30.0000  -30.0000 2102.7683   20.6327
   -7.5000  -22.5000  -30.0000 2264.3652   18.3585
    0.0000  -22.5000  -30.0000 2268.9949   18.2706
    7.5000  -22.5000  -30.0000 2245.8237   18.4465
   -7.5000  -15.0000  -30.0000 2383.9978   16.7133
    0.0000  -15.0000  -30.0000 2388.2292   16.6280
    7.5000  -15.0000  -30.0000 2363.5984   16.8099
   -7.5000   -7.5000  -30.0000 2480.9082   15.3083
    0.0000   -7.5000  -30.0000 2486.1504   15.2230
    7.5000   -7.5000  -30.0000 2462.1497   15.4098
   -7.5000    0.0000  -30.0000 2568.3142   14.1874
    0.0000    0.0000  -30.0000 2577.8628   14.1123
    7.5000    0.0000  -30.0000 2553.8550   14.2952
   -7.5000    7.5000  -30.0000 2631.3323   13.3407
    0.0000    7.5000  -30.0000 2637.9949   13.2599
    7.5000    7.5000  -30.0000 2621.3350   13.4168
   -7.5000   15.0000  -30.0000 2677.8979   12.7928
    0.0000   15.0000  -30.0000 2690.1440   12.7117
    7.5000   15.0000  -30.0000 2667.2581   12.8735
   -7.5000   22.5000  -30.0000 2698.3723   12.5114
    0.0000   22.5000  -30.0000 2711.2971   12.4806
    7.5000   22.5000  -30.0000 2691.4497   12.6417
   -7.5000   30.0000  -30.0000 2701.8254   12.5175
    0.0000   30.0000  -30.0000 2713.8582   12.4838
    7.5000   30.0000  -30.0000 2695.1575   12.6616
   -7.5000   37.5000  -30.0000 2682.1072   12.8077
    0.0000   37.5000  -30.0000 2700.6775   12.7813
    7.5000   37.5000  -30.0000 2678.2522   12.9356
   -7.5000   45.0000  -30.0000 2651.6726   13.3992
    0.0000   45.0000  -30.0000 2671.3440   13.3825
    7.5000   45.0000  -30.0000 2646.7593   13.5153
   -7.5000   52.5000  -30.0000 2571.0432   14.1720
    0.0000   52.5000  -30.0000 2590.6582   14.1711
    7.5000   52.5000  -30.0000 2568.8740   14.2759
   -7.5000   60.0000  -30.0000 2439.5085   14.9929
    0.0000   60.0000  -30.0000 2460.0830   14.9859
    7.5000   60.0000  -30.0000 2436.3438   15.0832
   -7.5000  -30.0000  -22.5000 2180.6094   20.0705
    0.0000  -30.0000  -22.5000 2183.3972   19.9611
    7.5000  -30.0000  -22.5000 2174.3994   20.1367
   -7.5000  -22.5000  -22.5000 2330.6628   17.9038
    0.0000  -22.5000  -22.5000 2337.5667   17.7966
    7.5000  -22.5000  -22.5000 2324.3135   17.9617
   -7.5000  -15.0000  -22.5000 2450.8340   16.2424
    0.0000  -15.0000  -22.5000 2459.1663   16.1462
    7.5000  -15.0000  -22.5000 2442.8655   16.3369
   -7.5000   -7.5000  -22.5000 2552.6907   14.8280
    0.0000   -7.5000  -22.5000 2560.6819   14.7257
    7.5000   -7.5000  -22.5000 2541.4316   14.9391
   -7.5000    0.0000  -22.5000 2643.5354   13.6930
    0.0000    0.0000  -22.5000 2655.2676   13.5980
    7.5000    0.0000  -22.5000 2638.6108   13.8129
   -7.5000    7.5000  -22.5000 2714.5842   12.8232
    0.0000    7.5000  -22.5000 2725.2256   12.7409
    7.5000    7.5000  -22.5000 2712.7676   12.9329
   -7.5000   15.0000  -22.5000 2773.6382   12.2527
    0.0000   15.0000  -22.5000 2784.9309   12.1554
    7.5000   15.0000  -22.5000 2768.3635   12.3575
   -7.5000   22.5000  -22.5000 2806.0281   11.9401
    0.0000   22.5000  -22.5000 2814.1550   11.8723
    7.5000   22.5000  -22.5000 2796.9768   12.0794
   -7.5000   30.0000  -22.5000 2810.7161   11.9231
    0.0000   30.0000  -22.5000 2820.4656   11.8556
    7.5000   30.0000  -22.5000 2808.0872   12.0571
   -7.5000   37.5000  -22.5000 2794.2471   12.2095
    0.0000   37.5000  -22.5000 2811.6484   12.1475
    7.5000   37.5000  -22.5000 2792.9888   12.3471
   -7.5000   45.0000  -22.5000 2762.2488   12.8239
    0.0000   45.0000  -22.5000 2783.5452   12.7538
    7.5000   45.0000  -22.5000 2760.5464   12.9294
   -7.5000   52.5000  -22.5000 2677.0361   13.5777
    0.0000   52.5000  -22.5000 2697.9421   13.5305
    7.5000   52.5000  -22.5000 2676.7864   13.6670
   -7.5000   60.0000  -22.5000 2535.5823   14.3832
    0.0000   60.0000  -22.5000 2555.0793   14.3442
    7.5000   60.0000  -22.5000 2536.1504   14.4720
   -7.5000  -30.0000  -15.0000 2206.5667   19.7010
    0.0000  -30.0000  -15.0000 2215.2180   19.5493
    7.5000  -30.0000  -15.0000 2203.3259   19.7128
   -7.5000  -22.5000  -15.0000 2359.5691   17.4817
    0.0000  -22.5000  -15.0000 2367.7913   17.3609
    7.5000  -22.5000  -15.0000 2354.2783   17.5888
   -7.5000  -15.0000  -15.0000 2480.3037   15.7968
    0.0000  -15.0000  -15.0000 2488.8220   15.7055
    7.5000  -15.0000  -15.0000 2473.3237   15.9546
   -7.5000   -7.5000  -15.0000 2582.3137   14.3835
    0.0000   -7.5000  -15.0000 2591.6587   14.2999
    7.5000   -7.5000  -15.0000 2577.7659   14.5268
   -7.5000    0.0000  -15.0000 2683.0950   13.2182
    0.0000    0.0000  -15.0000 2694.8262   13.1477
    7.5000    0.0000  -15.0000 2681.3738   13.3662
   -7.5000    7.5000  -15.0000 2766.0061   12.3257
    0.0000    7.5000  -15.0000 2778.4045   12.2728
    7.5000    7.5000  -15.0000 2768.1243   12.4995
   -7.5000   15.0000  -15.0000 2827.6641   11.7357
    0.0000   15.0000  -15.0000 2840.5168   11.6475
    7.5000   15.0000  -15.0000 2829.6826   11.9054
   -7.5000   22.5000  -15.0000 2872.5896   11.4070
    0.0000   22.5000  -15.0000 2885.2869   11.3244
    7.5000   22.5000  -15.0000 2868.7949   11.5985
   -7.5000   30.0000  -15.0000 2884.6479   11.3595
    0.0000   30.0000  -15.0000 2897.5105   11.2866
    7.5000   30.0000  -15.0000 2882.8662   11.5743
   -7.5000   37.5000  -15.0000 2871.2327   11.6890
    0.0000   37.5000  -15.0000 2892.0867   11.5869
    7.5000   37.5000  -15.0000 2876.4062   11.8592
   -7.5000   45.0000  -15.0000 2836.9954   12.3097
    0.0000   45.0000  -15.0000 2861.2336   12.2206
    7.5000   45.0000  -15.0000 2842.1365   12.4509
   -7.5000   52.5000  -15.0000 2744.4741   13.0360
    0.0000   52.5000  -15.0000 2766.6172   12.9646
    7.5000   52.5000  -15.0000 2752.3357   13.1633
   -7.5000   60.0000  -15.0000 2597.6426   13.8400
    0.0000   60.0000  -15.0000 2616.4075   13.7850
    7.5000   60.0000  -15.0000 2602.4287   13.9636
   -7.5000  -30.0000   -7.5000 2213.3027   19.4891
    0.0000  -30.0000   -7.5000 2226.7864   19.3537
    7.5000  -30.0000   -7.5000 2219.1948   19.5516
   -7.5000  -22.5000   -7.5000 2366.3296   17.2339
    0.0000  -22.5000   -7.5000 2379.4797   17.0912
    7.5000  -22.5000   -7.5000 2367.1104   17.3353
   -7.5000  -15.0000   -7.5000 2483.5376   15.5217
    0.0000  -15.0000   -7.5000 2498.1194   15.3857
    7.5000  -15.0000   -7.5000 2483.4695   15.6341
   -7.5000   -7.5000   -7.5000 2586.0806   14.0700
    0.0000   -7.5000   -7.5000 2599.5566   13.9575
    7.5000   -7.5000   -7.5000 2586.4194   14.1956
   -7.5000    0.0000   -7.5000 2696.6206   12.8735
    0.0000    0.0000   -7.5000 2710.6172   12.7805
    7.5000    0.0000   -7.5000 2696.7454   12.9656
   -7.5000    7.5000   -7.5000 2791.5220   11.9804
    0.0000    7.5000   -7.5000 2808.1609   11.9026
    7.5000    7.5000   -7.5000 2799.5247   12.0732
   -7.5000   15.0000   -7.5000 2859.3096   11.3826
    0.0000   15.0000   -7.5000 2876.3958   11.3167
    7.5000   15.0000   -7.5000 2871.5085   11.5160
   -7.5000   22.5000   -7.5000 2914.9553   11.0582
    0.0000   22.5000   -7.5000 2938.0039   11.0052
    7.5000   22.5000   -7.5000 2918.7124   11.2661
   -7.5000   30.0000   -7.5000 2938.0718   10.9848
    0.0000   30.0000   -7.5000 2956.5701   10.9023
    7.5000   30.0000   -7.5000 2936.4487   11.2482
   -7.5000   37.5000   -7.5000 2929.9749   11.2875
    0.0000   37.5000   -7.5000 2948.9529   11.1867
    7.5000   37.5000   -7.5000 2935.3779   11.4755
   -7.5000   45.0000   -7.5000 2889.3220   11.9044
    0.0000   45.0000   -7.5000 2913.7124   11.8034
    7.5000   45.0000   -7.5000 2896.6489   12.0208
   -7.5000   52.5000   -7.5000 2795.3594   12.6351
    0.0000   52.5000   -7.5000 2814.7512   12.5294
    7.5000   52.5000   -7.5000 2796.3542   12.7076
   -7.5000   60.0000   -7.5000 2643.5432   13.4156
    0.0000   60.0000   -7.5000 2658.9224   13.3215
    7.5000   60.0000   -7.5000 2644.1086   13.4607
   -7.5000  -30.0000    0.0000 2210.9971   19.4824
    0.0000  -30.0000    0.0000 2221.0256   19.3398
    7.5000  -30.0000    0.0000 2215.9133   19.4652
   -7.5000  -22.5000    0.0000 2359.2861   17.2296
    0.0000  -22.5000    0.0000 2372.0454   17.1124
    7.5000  -22.5000    0.0000 2364.3333   17.2523
   -7.5000  -15.0000    0.0000 2476.7939   15.4849
    0.0000  -15.0000    0.0000 2490.8049   15.3719
    7.5000  -15.0000    0.0000 2480.5469   15.5369
   -7.5000   -7.5000    0.0000 2582.1934   13.9771
    0.0000   -7.5000    0.0000 2596.3848   13.9022
    7.5000   -7.5000    0.0000 2585.5542   14.0367
   -7.5000    0.0000    0.0000 2691.4622   12.7342
    0.0000    0.0000    0.0000 2709.4224   12.6805
    7.5000    0.0000    0.0000 2700.6472   12.7917
   -7.5000    7.5000    0.0000 2795.5261   11.8207
    0.0000    7.5000    0.0000 2822.9194   11.7685
    7.5000    7.5000    0.0000 2817.3540   11.8706
   -7.5000   15.0000    0.0000 2882.6399   11.2869
    0.0000   15.0000    0.0000 2907.9485   11.2336
    7.5000   15.0000    0.0000 2902.9536   11.2948
   -7.5000   22.5000    0.0000 2952.2734   11.1280
    0.0000   22.5000    0.0000 2985.3972   11.0709
    7.5000   22.5000    0.0000 2958.4458   11.0877
   -7.5000   30.0000    0.0000 2988.1484   11.0157
    0.0000   30.0000    0.0000 3014.8914   10.9088
    7.5000   30.0000    0.0000 2977.1636   11.0948
   -7.5000   37.5000    0.0000 2976.2883   11.1585
    0.0000   37.5000    0.0000 2996.7754   11.0428
    7.5000   37.5000    0.0000 2970.7246   11.2408
   -7.5000   45.0000    0.0000 2927.8208   11.6608
    0.0000   45.0000    0.0000 2947.5554   11.5384
    7.5000   45.0000    0.0000 2926.2559   11.6840
   -7.5000   52.5000    0.0000 2826.8320   12.3649
    0.0000   52.5000    0.0000 2844.1814   12.2391
    7.5000   52.5000    0.0000 2826.1892   12.3574
   -7.5000   60.0000    0.0000 2669.2024   13.1612
    0.0000   60.0000    0.0000 2686.6045   13.0296
    7.5000   60.0000    0.0000 2669.9729   13.1503
   -7.5000  -30.0000    7.5000 2203.4482   19.7162
    0.0000  -30.0000    7.5000 2216.7822   19.6508
    7.5000  -30.0000    7.5000 2209.4438   19.6767
   -7.5000  -22.5000    7.5000 2348.1951   17.3462
    0.0000  -22.5000    7.5000 2362.7673   17.3058
    7.5000  -22.5000    7.5000 2359.2981   17.3523
   -7.5000  -15.0000    7.5000 2465.9053   15.5299
    0.0000  -15.0000    7.5000 2478.5972   15.4730
    7.5000  -15.0000    7.5000 2476.2717   15.5428
   -7.5000   -7.5000    7.5000 2574.7395   14.0311
    0.0000   -7.5000    7.5000 2590.5066   13.9825
    7.5000   -7.5000    7.5000 2584.7905   13.9981
   -7.5000    0.0000    7.5000 2692.3555   12.8423
    0.0000    0.0000    7.5000 2711.5076   12.8217
    7.5000    0.0000    7.5000 2700.0442   12.7602
   -7.5000    7.5000    7.5000 2807.5950   11.9630
    0.0000    7.5000    7.5000 2828.5776   11.9341
    7.5000    7.5000    7.5000 2813.7205   11.8536
   -7.5000   15.0000    7.5000 2914.6997   11.4778
    0.0000   15.0000    7.5000 2934.4075   11.4319
    7.5000   15.0000    7.5000 2908.8069   11.3112
   -7.5000   22.5000    7.5000 2992.9878   11.3083
    0.0000   22.5000    7.5000 3028.3271   11.2779
    7.5000   22.5000    7.5000 2974.2910   11.0999
   -7.5000   30.0000    7.5000 3023.2634   11.2546
    0.0000   30.0000    7.5000 3060.9324   11.1626
    7.5000   30.0000    7.5000 2999.3730   11.0991
   -7.5000   37.5000    7.5000 2996.4871   11.2863
    0.0000   37.5000    7.5000 3016.7251   11.1969
    7.5000   37.5000    7.5000 2981.1052   11.2217
   -7.5000   45.0000    7.5000 2940.4636   11.6058
    0.0000   45.0000    7.5000 2958.9761   11.4819
    7.5000   45.0000    7.5000 2938.0344   11.5864
   -7.5000   52.5000    7.5000 2836.2974   12.2496
    0.0000   52.5000    7.5000 2852.5283   12.1216
    7.5000   52.5000    7.5000 2839.1934   12.2371
   -7.5000   60.0000    7.5000 2674.5576   13.0382
    0.0000   60.0000    7.5000 2691.1013   12.9135
    7.5000   60.0000    7.5000 2677.3306   13.0527
   -7.5000  -30.0000   15.0000 2194.7168   20.1149
    0.0000  -30.0000   15.0000 2205.5000   20.0719
    7.5000  -30.0000   15.0000 2195.6438   20.0058
   -7.5000  -22.5000   15.0000 2344.1853   17.7071
    0.0000  -22.5000   15.0000 2352.4719   17.6353
    7.5000  -22.5000   15.0000 2344.2905   17.6107
   -7.5000  -15.0000   15.0000 2458.6477   15.8671
    0.0000  -15.0000   15.0000 2466.3679   15.7989
    7.5000  -15.0000   15.0000 2458.3245   15.7835
   -7.5000   -7.5000   15.0000 2571.5208   14.3568
    0.0000   -7.5000   15.0000 2582.8931   14.3113
    7.5000   -7.5000   15.0000 2564.9414   14.2364
   -7.5000    0.0000   15.0000 2693.5415   13.1316
    0.0000    0.0000   15.0000 2707.7107   13.1210
    7.5000    0.0000   15.0000 2690.5764   13.0052
   -7.5000    7.5000   15.0000 2812.5320   12.1952
    0.0000    7.5000   15.0000 2830.7102   12.2098
    7.5000    7.5000   15.0000 2808.6321   12.0684
   -7.5000   15.0000   15.0000 2920.1492   11.6466
    0.0000   15.0000   15.0000 2942.5771   11.6700
    7.5000   15.0000   15.0000 2912.2183   11.5037
   -7.5000   22.5000   15.0000 2994.6309   11.4110
    0.0000   22.5000   15.0000 3035.6760   11.4448
    7.5000   22.5000   15.0000 2978.3440   11.2864
   -7.5000   30.0000   15.0000 3028.4241   11.2774
    0.0000   30.0000   15.0000 3072.1560   11.2386
    7.5000   30.0000   15.0000 3000.7578   11.2169
   -7.5000   37.5000   15.0000 2990.8225   11.3841
    0.0000   37.5000   15.0000 3020.3955   11.2681
    7.5000   37.5000   15.0000 2977.8645   11.3354
   -7.5000   45.0000   15.0000 2931.4734   11.7495
    0.0000   45.0000   15.0000 2955.2722   11.6202
    7.5000   45.0000   15.0000 2929.8152   11.7281
   -7.5000   52.5000   15.0000 2822.0232   12.3876
    0.0000   52.5000   15.0000 2840.3560   12.2882
    7.5000   52.5000   15.0000 2824.6772   12.3816
   -7.5000   60.0000   15.0000 2664.2144   13.1331
    0.0000   60.0000   15.0000 2676.1436   13.0340
    7.5000   60.0000   15.0000 2666.4309   13.1394
   -7.5000  -30.0000   22.5000 2180.0959   20.6723
    0.0000  -30.0000   22.5000 2192.0854   20.5520
    7.5000  -30.0000   22.5000 2172.8096   20.6038
   -7.5000  -22.5000   22.5000 2331.5161   18.2358
    0.0000  -22.5000   22.5000 2339.6553   18.0819
    7.5000  -22.5000   22.5000 2327.4277   18.1637
   -7.5000  -15.0000   22.5000 2442.7009   16.3270
    0.0000  -15.0000   22.5000 2452.2698   16.1956
    7.5000  -15.0000   22.5000 2442.4219   16.2530
   -7.5000   -7.5000   22.5000 2557.0308   14.7207
    0.0000   -7.5000   22.5000 2566.7258   14.6277
    7.5000   -7.5000   22.5000 2555.5813   14.6501
   -7.5000    0.0000   22.5000 2681.0459   13.4199
    0.0000    0.0000   22.5000 2695.1040   13.3926
    7.5000    0.0000   22.5000 2683.0427   13.3570
   -7.5000    7.5000   22.5000 2797.8901   12.4487
    0.0000    7.5000   22.5000 2819.7732   12.4548
    7.5000    7.5000   22.5000 2801.4890   12.3901
   -7.5000   15.0000   22.5000 2902.6843   11.8431
    0.0000   15.0000   22.5000 2929.0376   11.8747
    7.5000   15.0000   22.5000 2906.4165   11.8037
   -7.5000   22.5000   22.5000 2965.3767   11.5486
    0.0000   22.5000   22.5000 3003.4658   11.5336
    7.5000   22.5000   22.5000 2962.1772   11.5325
   -7.5000   30.0000   22.5000 2988.3508   11.4143
    0.0000   30.0000   22.5000 3021.3660   11.2743
    7.5000   30.0000   22.5000 2976.1833   11.3913
   -7.5000   37.5000   22.5000 2964.7402   11.6016
    0.0000   37.5000   22.5000 2991.5359   11.4486
    7.5000   37.5000   22.5000 2956.6855   11.5834
   -7.5000   45.0000   22.5000 2905.4705   12.0374
    0.0000   45.0000   22.5000 2926.0554   11.9131
    7.5000   45.0000   22.5000 2905.9648   12.0479
   -7.5000   52.5000   22.5000 2793.6458   12.6816
    0.0000   52.5000   22.5000 2810.6460   12.5733
    7.5000   52.5000   22.5000 2798.3857   12.6873
   -7.5000   60.0000   22.5000 2633.1370   13.4402
    0.0000   60.0000   22.5000 2648.4709   13.3272
    7.5000   60.0000   22.5000 2641.5957   13.4187
   -7.5000  -30.0000   30.0000 2144.7593   21.2588
    0.0000  -30.0000   30.0000 2154.2693   20.9813
    7.5000  -30.0000   30.0000 2145.7349   21.2829
   -7.5000  -22.5000   30.0000 2300.7917   18.7749
    0.0000  -22.5000   30.0000 2303.8337   18.5122
    7.5000  -22.5000   30.0000 2300.8289   18.7899
   -7.5000  -15.0000   30.0000 2422.3440   16.8116
    0.0000  -15.0000   30.0000 2425.5132   16.5659
    7.5000  -15.0000   30.0000 2422.8547   16.8036
   -7.5000   -7.5000   30.0000 2531.9619   15.1197
    0.0000   -7.5000   30.0000 2540.4788   14.9427
    7.5000   -7.5000   30.0000 2540.4219   15.1421
   -7.5000    0.0000   30.0000 2658.1707   13.8096
    0.0000    0.0000   30.0000 2671.7119   13.6797
    7.5000    0.0000   30.0000 2665.6409   13.8141
   -7.5000    7.5000   30.0000 2771.0964   12.8045
    0.0000    7.5000   30.0000 2789.1479   12.7523
    7.5000    7.5000   30.0000 2780.9468   12.8413
   -7.5000   15.0000   30.0000 2862.9268   12.1862
    0.0000   15.0000   30.0000 2885.7151   12.1552
    7.5000   15.0000   30.0000 2870.9475   12.2368
   -7.5000   22.5000   30.0000 2917.4202   11.8851
    0.0000   22.5000   30.0000 2940.5591   11.7457
    7.5000   22.5000   30.0000 2917.9724   11.8863
   -7.5000   30.0000   30.0000 2928.5623   11.7780
    0.0000   30.0000   30.0000 2955.5786   11.6078
    7.5000   30.0000   30.0000 2930.6721   11.7665
   -7.5000   37.5000   30.0000 2914.0757   12.0301
    0.0000   37.5000   30.0000 2945.3066   11.8815
    7.5000   37.5000   30.0000 2916.3391   12.0246
   -7.5000   45.0000   30.0000 2855.9683   12.5340
    0.0000   45.0000   30.0000 2877.4644   12.4017
    7.5000   45.0000   30.0000 2861.5852   12.5320
   -7.5000   52.5000   30.0000 2749.1270   13.1762
    0.0000   52.5000   30.0000 2766.3638   13.0436
    7.5000   52.5000   30.0000 2757.1147   13.1556
   -7.5000   60.0000   30.0000 2593.0701   13.8714
    0.0000   60.0000   30.0000 2611.7034   13.7805
    7.5000   60.0000   30.0000 2602.1445   13.8761
   -7.5000  -30.0000   37.5000 2103.0564   22.0373
    0.0000  -30.0000   37.5000 2110.6235   21.6773
    7.5000  -30.0000   37.5000 2112.7393   22.1507
   -7.5000  -22.5000   37.5000 2261.9045   19.4253
    0.0000  -22.5000   37.5000 2261.8862   19.0655
    7.5000  -22.5000   37.5000 2268.6807   19.4970
   -7.5000  -15.0000   37.5000 2389.2529   17.3879
    0.0000  -15.0000   37.5000 2388.5312   17.0425
    7.5000  -15.0000   37.5000 2392.7522   17.4336
   -7.5000   -7.5000   37.5000 2506.6470   15.6621
    0.0000   -7.5000   37.5000 2507.0352   15.3847
    7.5000   -7.5000   37.5000 2514.3770   15.7272
   -7.5000    0.0000   37.5000 2625.9067   14.3406
    0.0000    0.0000   37.5000 2636.7173   14.1341
    7.5000    0.0000   37.5000 2638.0156   14.4068
   -7.5000    7.5000   37.5000 2734.0938   13.3645
    0.0000    7.5000   37.5000 2749.0012   13.2249
    7.5000    7.5000   37.5000 2744.9473   13.4024
   -7.5000   15.0000   37.5000 2816.1069   12.7829
    0.0000   15.0000   37.5000 2834.0422   12.5955
    7.5000   15.0000   37.5000 2823.5386   12.7825
   -7.5000   22.5000   37.5000 2860.3281   12.4336
    0.0000   22.5000   37.5000 2882.6602   12.2109
    7.5000   22.5000   37.5000 2864.7957   12.3902
   -7.5000   30.0000   37.5000 2863.3967   12.3309
    0.0000   30.0000   37.5000 2889.4680   12.1789
    7.5000   30.0000   37.5000 2872.0562   12.3294
   -7.5000   37.5000   37.5000 2846.7043   12.5802
    0.0000   37.5000   37.5000 2876.7197   12.4572
    7.5000   37.5000   37.5000 2855.1724   12.5749
   -7.5000   45.0000   37.5000 2791.5793   13.1264
    0.0000   45.0000   37.5000 2809.2795   12.9794
    7.5000   45.0000   37.5000 2797.9136   13.1037
   -7.5000   52.5000   37.5000 2692.5244   13.7923
    0.0000   52.5000   37.5000 2705.4949   13.6711
    7.5000   52.5000   37.5000 2698.1248   13.7800
   -7.5000   60.0000   37.5000 2541.4465   14.5006
    0.0000   60.0000   37.5000 2559.9990   14.4107
    7.5000   60.0000   37.5000 2547.7729   14.4676
   -7.5000  -30.0000   45.0000 2063.2607   22.9766
    0.0000  -30.0000   45.0000 2062.7751   22.5624
    7.5000  -30.0000   45.0000 2071.2300   23.1044
   -7.5000  -22.5000   45.0000 2214.6855   20.2530
    0.0000  -22.5000   45.0000 2217.6536   19.8412
    7.5000  -22.5000   45.0000 2225.4448   20.3650
   -7.5000  -15.0000   45.0000 2343.1160   18.1632
    0.0000  -15.0000   45.0000 2346.7485   17.7381
    7.5000  -15.0000   45.0000 2351.1750   18.2474
   -7.5000   -7.5000   45.0000 2463.6948   16.4181
    0.0000   -7.5000   45.0000 2467.5630   16.0520
    7.5000   -7.5000   45.0000 2475.1250   16.4846
   -7.5000    0.0000   45.0000 2579.1218   15.0718
    0.0000    0.0000   45.0000 2585.0725   14.8098
    7.5000    0.0000   45.0000 2591.0059   15.1340
   -7.5000    7.5000   45.0000 2681.1230   14.0974
    0.0000    7.5000   45.0000 2694.3447   13.8568
    7.5000    7.5000   45.0000 2689.6479   14.1286
   -7.5000   15.0000   45.0000 2754.0137   13.5131
    0.0000   15.0000   45.0000 2772.7039   13.2389
    7.5000   15.0000   45.0000 2762.6580   13.4685
   -7.5000   22.5000   45.0000 2793.8384   13.1381
    0.0000   22.5000   45.0000 2812.7500   12.9071
    7.5000   22.5000   45.0000 2798.2332   13.1031
   -7.5000   30.0000   45.0000 2795.4995   13.0554
    0.0000   30.0000   45.0000 2817.9946   12.8912
    7.5000   30.0000   45.0000 2802.1150   13.0486
   -7.5000   37.5000   45.0000 2769.8652   13.2966
    0.0000   37.5000   45.0000 2797.8193   13.1435
    7.5000   37.5000   45.0000 2782.4722   13.2700
   -7.5000   45.0000   45.0000 2715.3306   13.8322
    0.0000   45.0000   45.0000 2734.8113   13.6812
    7.5000   45.0000   45.0000 2725.4353   13.8066
   -7.5000   52.5000   45.0000 2618.9089   14.5209
    0.0000   52.5000   45.0000 2633.8408   14.3947
    7.5000   52.5000   45.0000 2629.2954   14.4938
   -7.5000   60.0000   45.0000 2476.2769   15.2183
    0.0000   60.0000   45.0000 2490.9080   15.1209
    7.5000   60.0000   45.0000 2483.1716   15.1800

---------------------------------------------------------------------
imgreg_4dfp /opt/freesurfer/average/711-2C_as_mni_average_305 /opt/freesurfer/average/711-2B_as_mni_average_305_mask talsrcimg_g11 none talsrcimg_to_711-2C_as_mni_average_305_t4 1283
---------------------------------------------------------------------

freesurfer imgreg_4dfp.c
/opt/freesurfer/average/711-2C_as_mni_average_305.4dfp.img
       256       256       256         1
  1.000000  1.000000  1.000000
orientation T byte_order littleendian
Reading image: /opt/freesurfer/average/711-2C_as_mni_average_305.4dfp.img
dimensions:      256       256       256
mmppix:       1.0000   -1.0000   -1.0000
center:     128.0000 -129.0000 -129.0000
/opt/freesurfer/average/711-2B_as_mni_average_305_mask.4dfp.img
       256       256       256         1
  1.000000  1.000000  1.000000
orientation T byte_order littleendian
Reading mask: /opt/freesurfer/average/711-2B_as_mni_average_305_mask.4dfp.img (2306576 pixels)
talsrcimg_g11.4dfp.img
       256       256       256         1
  1.000000  1.000000  1.000000
orientation T byte_order littleendian
Reading image: talsrcimg_g11.4dfp.img
dimensions:      256       256       256
mmppix:       1.0000   -1.0000   -1.0000
center:     128.0000 -129.0000 -129.0000
rotation matrix determinant  1.000000
fimgreg.f
image alignment mode   1283 decimal      503 hex
parameters
    0.0000   30.0000   15.0000    0.0000    0.0000    0.0000
eta,q 0.96409 11.29223
niter,ni,del,rscale     5    3   12.0000    1.2000
parameters
   -0.8788   29.3659   12.2205   -0.5256   -0.9681   -1.7265
eta,q 0.96796 11.20795
  0.0472  0.0446  0.0361  0.0391  0.0387  0.0356
  0.0408  0.0403  0.0336  0.0364  0.0354  0.0332
  0.0362  0.0364  0.0332  0.0335  0.0332  0.0321
  0.0368  0.0357  0.0353  0.0330  0.0328  0.0326
  0.0417  0.0384  0.0383  0.0348  0.0352  0.0351
  0.0473  0.0430  0.0414  0.0378  0.0391  0.0383
  0.0524  0.0493  0.0459  0.0417  0.0435  0.0416
niter,ni,del,rscale     4    3   12.0000    1.2000
parameters
   -0.9254   29.1473   12.3523   -0.6004   -1.0485   -1.8629
eta,q 0.96791 11.22211
  0.0490  0.0433  0.0403  0.0388  0.0408  0.0382
  0.0409  0.0383  0.0363  0.0360  0.0366  0.0353
  0.0346  0.0340  0.0333  0.0334  0.0336  0.0330
  0.0320  0.0320  0.0321  0.0321  0.0321  0.0321
  0.0353  0.0340  0.0333  0.0334  0.0333  0.0330
  0.0420  0.0391  0.0361  0.0358  0.0369  0.0357
  0.0489  0.0455  0.0394  0.0394  0.0414  0.0389
niter,ni,del,rscale     3    3   12.0000    1.2000
parameters
   -0.9304   29.1579   12.3642   -0.6175   -1.0609   -1.8836
eta,q 0.96790 11.22296
  0.0494  0.0440  0.0400  0.0389  0.0410  0.0385
  0.0412  0.0389  0.0361  0.0361  0.0368  0.0354
  0.0348  0.0346  0.0332  0.0334  0.0337  0.0331
  0.0321  0.0321  0.0321  0.0321  0.0321  0.0321
  0.0352  0.0335  0.0335  0.0334  0.0332  0.0329
  0.0419  0.0383  0.0363  0.0357  0.0368  0.0355
  0.0490  0.0446  0.0397  0.0393  0.0412  0.0386
registration optimization eta report
parameter search radius
    6.0000    6.0000    6.0000    6.0000    6.0000    6.0000
100000*second partial in parameter space
       46.       33.       21.       18.       24.       18.
  0.0494  0.0440  0.0400  0.0389  0.0410  0.0385
  0.0412  0.0389  0.0361  0.0361  0.0368  0.0354
  0.0348  0.0346  0.0332  0.0334  0.0337  0.0331
  0.0321  0.0321  0.0321  0.0321  0.0321  0.0321
  0.0352  0.0335  0.0335  0.0334  0.0332  0.0329
  0.0419  0.0383  0.0363  0.0357  0.0368  0.0355
  0.0490  0.0446  0.0397  0.0393  0.0412  0.0386
   -0.9304   29.1579   12.3642   -0.6175   -1.0609   -1.8836
eta,q 0.96790 11.22296

---------------------------------------------------------------------
imgreg_4dfp /opt/freesurfer/average/711-2C_as_mni_average_305 /opt/freesurfer/average/711-2B_as_mni_average_305_mask talsrcimg_g11 none talsrcimg_to_711-2C_as_mni_average_305_t4 3335
---------------------------------------------------------------------

freesurfer imgreg_4dfp.c
/opt/freesurfer/average/711-2C_as_mni_average_305.4dfp.img
       256       256       256         1
  1.000000  1.000000  1.000000
orientation T byte_order littleendian
Reading image: /opt/freesurfer/average/711-2C_as_mni_average_305.4dfp.img
dimensions:      256       256       256
mmppix:       1.0000   -1.0000   -1.0000
center:     128.0000 -129.0000 -129.0000
/opt/freesurfer/average/711-2B_as_mni_average_305_mask.4dfp.img
       256       256       256         1
  1.000000  1.000000  1.000000
orientation T byte_order littleendian
Reading mask: /opt/freesurfer/average/711-2B_as_mni_average_305_mask.4dfp.img (2306576 pixels)
talsrcimg_g11.4dfp.img
       256       256       256         1
  1.000000  1.000000  1.000000
orientation T byte_order littleendian
Reading image: talsrcimg_g11.4dfp.img
dimensions:      256       256       256
mmppix:       1.0000   -1.0000   -1.0000
center:     128.0000 -129.0000 -129.0000
fimgreg.f
image alignment mode   3335 decimal      D07 hex
parameters
   -0.9304   29.1579   12.3642   -0.0712   -0.0592   -0.0229
    3.2668    1.8858   -3.2864    1.0162   -1.8515   -1.0775
eta,q 0.96716 11.32446
niter,ni,del,rscale     5    3    5.0000    1.2000
parameter  4  0.859327 ->  0.500000 qaram    1.1500
parameter  5  1.147024 ->  0.500000 qaram    1.1500
parameter 12  0.843210 ->  0.500000 qaram    1.1500
parameters
   -0.8096   29.1453   12.7758   -4.2112   -4.1992   -2.8688
    4.2313    2.9318   -1.1662   -0.7058   -2.7287   -5.2175
eta,q 0.97343 10.92368
  0.0360  0.0350  0.0341  0.0306  0.0273  0.0281  0.0310  0.0320  0.0306  0.0288  0.0278  0.0266
  0.0344  0.0338  0.0335  0.0303  0.0276  0.0278  0.0294  0.0300  0.0292  0.0277  0.0274  0.0265
  0.0333  0.0331  0.0331  0.0310  0.0287  0.0277  0.0283  0.0285  0.0282  0.0272  0.0272  0.0267
  0.0328  0.0328  0.0328  0.0328  0.0304  0.0279  0.0277  0.0276  0.0276  0.0274  0.0272  0.0272
  0.0331  0.0331  0.0328  0.0354  0.0327  0.0282  0.0278  0.0277  0.0274  0.0281  0.0274  0.0278
  0.0340  0.0339  0.0330  0.0385  0.0357  0.0288  0.0285  0.0286  0.0276  0.0295  0.0277  0.0287
  0.0354  0.0350  0.0335  0.0418  0.0385  0.0298  0.0297  0.0301  0.0284  0.0315  0.0281  0.0296
niter,ni,del,rscale     7    3    5.0000    1.2000
parameters
   -0.8742   29.3803   11.6201   -6.1637   -6.3717   -2.8494
    3.8097    2.7046   -1.0175   -0.3119   -3.3730   -8.9457
eta,q 0.97412 10.72913
  0.0295  0.0294  0.0266  0.0283  0.0282  0.0275  0.0284  0.0292  0.0282  0.0290  0.0268  0.0263
  0.0279  0.0280  0.0263  0.0274  0.0271  0.0268  0.0271  0.0275  0.0271  0.0275  0.0264  0.0260
  0.0269  0.0270  0.0263  0.0266  0.0263  0.0263  0.0264  0.0264  0.0264  0.0266  0.0262  0.0259
  0.0266  0.0266  0.0265  0.0263  0.0264  0.0262  0.0262  0.0262  0.0262  0.0262  0.0262  0.0262
  0.0270  0.0267  0.0270  0.0273  0.0277  0.0264  0.0267  0.0267  0.0264  0.0263  0.0263  0.0267
  0.0281  0.0273  0.0278  0.0296  0.0295  0.0269  0.0276  0.0279  0.0270  0.0272  0.0266  0.0274
  0.0299  0.0285  0.0287  0.0328  0.0324  0.0274  0.0289  0.0296  0.0280  0.0285  0.0271  0.0283
niter,ni,del,rscale     6    3    5.0000    1.2000
parameters
   -0.9541   29.8669   11.2949   -6.4394   -6.5885   -2.7453
    3.6718    2.6338   -0.7937    0.4508   -3.2614   -9.8187
eta,q 0.97421 10.71531
  0.0284  0.0292  0.0267  0.0285  0.0291  0.0273  0.0283  0.0291  0.0279  0.0289  0.0267  0.0269
  0.0270  0.0277  0.0261  0.0275  0.0277  0.0265  0.0270  0.0273  0.0268  0.0273  0.0262  0.0262
  0.0261  0.0265  0.0258  0.0266  0.0266  0.0260  0.0261  0.0262  0.0261  0.0263  0.0259  0.0258
  0.0259  0.0259  0.0258  0.0258  0.0258  0.0258  0.0258  0.0258  0.0258  0.0258  0.0258  0.0258
  0.0263  0.0258  0.0260  0.0257  0.0262  0.0261  0.0262  0.0263  0.0261  0.0259  0.0259  0.0261
  0.0273  0.0263  0.0266  0.0271  0.0277  0.0266  0.0272  0.0274  0.0267  0.0266  0.0262  0.0266
  0.0288  0.0273  0.0273  0.0297  0.0297  0.0272  0.0285  0.0291  0.0276  0.0278  0.0266  0.0274
niter,ni,del,rscale     5    3    5.0000    1.2000
parameters
   -0.9959   30.0035   11.1383   -6.4830   -6.5964   -2.5515
    3.6254    2.5952   -0.6651    0.7423   -3.2999  -10.2471
eta,q 0.97423 10.72364
  0.0284  0.0284  0.0268  0.0285  0.0291  0.0273  0.0284  0.0290  0.0277  0.0284  0.0266  0.0270
  0.0269  0.0270  0.0262  0.0275  0.0277  0.0265  0.0270  0.0272  0.0267  0.0270  0.0261  0.0263
  0.0261  0.0261  0.0259  0.0266  0.0266  0.0260  0.0260  0.0261  0.0260  0.0261  0.0259  0.0259
  0.0258  0.0258  0.0258  0.0258  0.0258  0.0258  0.0258  0.0258  0.0258  0.0258  0.0258  0.0258
  0.0261  0.0260  0.0260  0.0256  0.0261  0.0260  0.0262  0.0262  0.0260  0.0260  0.0259  0.0260
  0.0271  0.0267  0.0264  0.0269  0.0275  0.0265  0.0271  0.0274  0.0266  0.0268  0.0262  0.0265
  0.0286  0.0278  0.0272  0.0294  0.0295  0.0271  0.0283  0.0290  0.0276  0.0280  0.0266  0.0272
niter,ni,del,rscale     4    3    5.0000    1.2000
parameters
   -1.0166   30.0504   11.0744   -6.5176   -6.6030   -2.4802
    3.6032    2.5783   -0.5893    0.8666   -3.3272  -10.4240
eta,q 0.97422 10.72588
  0.0285  0.0282  0.0269  0.0285  0.0291  0.0273  0.0284  0.0291  0.0277  0.0283  0.0266  0.0271
  0.0270  0.0269  0.0263  0.0275  0.0277  0.0264  0.0270  0.0272  0.0267  0.0269  0.0261  0.0264
  0.0261  0.0261  0.0259  0.0266  0.0266  0.0259  0.0260  0.0261  0.0260  0.0261  0.0259  0.0259
  0.0258  0.0258  0.0258  0.0258  0.0258  0.0258  0.0258  0.0258  0.0258  0.0258  0.0258  0.0258
  0.0261  0.0261  0.0259  0.0256  0.0261  0.0260  0.0262  0.0262  0.0260  0.0261  0.0259  0.0260
  0.0271  0.0268  0.0264  0.0269  0.0274  0.0265  0.0270  0.0273  0.0266  0.0269  0.0262  0.0264
  0.0285  0.0280  0.0271  0.0294  0.0294  0.0271  0.0283  0.0290  0.0276  0.0281  0.0266  0.0271
niter,ni,del,rscale     3    3    5.0000    1.2000
parameters
   -1.0274   30.0726   11.0467   -6.5395   -6.6103   -2.4541
    3.5943    2.5664   -0.5532    0.9221   -3.3619  -10.4972
eta,q 0.97421 10.72623
  0.0285  0.0282  0.0270  0.0285  0.0291  0.0273  0.0284  0.0291  0.0277  0.0283  0.0266  0.0271
  0.0270  0.0269  0.0263  0.0275  0.0277  0.0264  0.0270  0.0273  0.0267  0.0269  0.0261  0.0264
  0.0261  0.0261  0.0259  0.0267  0.0266  0.0259  0.0261  0.0261  0.0260  0.0261  0.0259  0.0259
  0.0258  0.0258  0.0258  0.0258  0.0258  0.0258  0.0258  0.0258  0.0258  0.0258  0.0258  0.0258
  0.0261  0.0261  0.0259  0.0256  0.0261  0.0260  0.0262  0.0262  0.0260  0.0261  0.0259  0.0260
  0.0271  0.0269  0.0264  0.0269  0.0274  0.0265  0.0270  0.0273  0.0267  0.0269  0.0262  0.0264
  0.0285  0.0280  0.0270  0.0294  0.0294  0.0272  0.0283  0.0290  0.0276  0.0281  0.0266  0.0271
niter,ni,del,rscale     2    3    5.0000    1.2000
parameters
   -1.0328   30.0826   11.0350   -6.5493   -6.6138   -2.4427
    3.5912    2.5651   -0.5317    0.9423   -3.3742  -10.5249
eta,q 0.97421 10.72631
  0.0285  0.0281  0.0270  0.0285  0.0291  0.0273  0.0284  0.0291  0.0277  0.0282  0.0266  0.0271
  0.0270  0.0269  0.0263  0.0275  0.0277  0.0264  0.0270  0.0273  0.0267  0.0269  0.0262  0.0264
  0.0261  0.0261  0.0259  0.0267  0.0266  0.0259  0.0261  0.0261  0.0260  0.0261  0.0259  0.0259
  0.0258  0.0258  0.0258  0.0258  0.0258  0.0258  0.0258  0.0258  0.0258  0.0258  0.0258  0.0258
  0.0261  0.0261  0.0259  0.0256  0.0261  0.0260  0.0262  0.0262  0.0260  0.0261  0.0259  0.0260
  0.0271  0.0269  0.0264  0.0269  0.0274  0.0265  0.0270  0.0273  0.0267  0.0269  0.0262  0.0264
  0.0285  0.0281  0.0270  0.0294  0.0294  0.0272  0.0283  0.0290  0.0276  0.0281  0.0266  0.0271
registration optimization eta report
parameter search radius
    2.4000    2.4000    2.4000    8.2800    8.2800    7.2000
    7.2000    7.2000    7.2000    7.2000    7.2000    8.2800
100000*second partial in parameter space
       47.       40.       21.        5.        5.        3.
        5.        6.        4.        5.        2.        2.
  0.0285  0.0281  0.0270  0.0285  0.0291  0.0273  0.0284  0.0291  0.0277  0.0282  0.0266  0.0271
  0.0270  0.0269  0.0263  0.0275  0.0277  0.0264  0.0270  0.0273  0.0267  0.0269  0.0262  0.0264
  0.0261  0.0261  0.0259  0.0267  0.0266  0.0259  0.0261  0.0261  0.0260  0.0261  0.0259  0.0259
  0.0258  0.0258  0.0258  0.0258  0.0258  0.0258  0.0258  0.0258  0.0258  0.0258  0.0258  0.0258
  0.0261  0.0261  0.0259  0.0256  0.0261  0.0260  0.0262  0.0262  0.0260  0.0261  0.0259  0.0260
  0.0271  0.0269  0.0264  0.0269  0.0274  0.0265  0.0270  0.0273  0.0267  0.0269  0.0262  0.0264
  0.0285  0.0281  0.0270  0.0294  0.0294  0.0272  0.0283  0.0290  0.0276  0.0281  0.0266  0.0271
   -1.0328   30.0826   11.0350   -6.5493   -6.6138   -2.4427
    3.5912    2.5651   -0.5317    0.9423   -3.3742  -10.5249
eta,q 0.97421 10.72631

---------------------------------------------------------------------
imgreg_4dfp /opt/freesurfer/average/711-2C_as_mni_average_305 /opt/freesurfer/average/711-2B_as_mni_average_305_mask talsrcimg_g11 none talsrcimg_to_711-2C_as_mni_average_305_t4 2311
---------------------------------------------------------------------

freesurfer imgreg_4dfp.c
/opt/freesurfer/average/711-2C_as_mni_average_305.4dfp.img
       256       256       256         1
  1.000000  1.000000  1.000000
orientation T byte_order littleendian
Reading image: /opt/freesurfer/average/711-2C_as_mni_average_305.4dfp.img
dimensions:      256       256       256
mmppix:       1.0000   -1.0000   -1.0000
center:     128.0000 -129.0000 -129.0000
/opt/freesurfer/average/711-2B_as_mni_average_305_mask.4dfp.img
       256       256       256         1
  1.000000  1.000000  1.000000
orientation T byte_order littleendian
Reading mask: /opt/freesurfer/average/711-2B_as_mni_average_305_mask.4dfp.img (2306576 pixels)
talsrcimg_g11.4dfp.img
       256       256       256         1
  1.000000  1.000000  1.000000
orientation T byte_order littleendian
Reading image: talsrcimg_g11.4dfp.img
dimensions:      256       256       256
mmppix:       1.0000   -1.0000   -1.0000
center:     128.0000 -129.0000 -129.0000
fimgreg.f
image alignment mode   2311 decimal      907 hex
parameters
   -1.0328   30.0826   11.0350   -6.5493   -6.6138   -2.4427
    3.5912    2.5651   -0.5317    0.9423   -3.3742  -10.5249
eta,q 0.97421 10.72631
niter,ni,del,rscale     5    3    5.0000    0.8000
parameters
   -1.0473   30.0629   11.0211   -5.1595   -6.3264   -2.6779
    3.3293    2.5488   -0.6791    0.8954   -2.9534  -10.5671
eta,q 0.97449 10.78435
  0.0270  0.0269  0.0263  0.0273  0.0271  0.0262  0.0267  0.0272  0.0264  0.0267  0.0260  0.0260
  0.0263  0.0263  0.0260  0.0268  0.0265  0.0258  0.0260  0.0263  0.0259  0.0260  0.0257  0.0257
  0.0259  0.0259  0.0259  0.0263  0.0259  0.0256  0.0256  0.0257  0.0256  0.0257  0.0256  0.0256
  0.0258  0.0258  0.0258  0.0258  0.0255  0.0255  0.0255  0.0255  0.0255  0.0255  0.0255  0.0255
  0.0260  0.0259  0.0259  0.0255  0.0256  0.0256  0.0257  0.0257  0.0257  0.0256  0.0255  0.0256
  0.0264  0.0263  0.0261  0.0257  0.0261  0.0259  0.0263  0.0263  0.0260  0.0261  0.0256  0.0257
  0.0270  0.0269  0.0264  0.0264  0.0269  0.0263  0.0270  0.0272  0.0265  0.0267  0.0258  0.0260
niter,ni,del,rscale     4    3    5.0000    0.7000
parameters
   -0.9945   29.9371   11.0526   -5.1022   -6.2038   -2.5777
    3.2853    2.5473   -0.8239    0.7976   -2.7972  -10.4030
eta,q 0.97452 10.79746
  0.0267  0.0262  0.0260  0.0267  0.0268  0.0261  0.0265  0.0268  0.0262  0.0264  0.0258  0.0259
  0.0261  0.0258  0.0257  0.0262  0.0262  0.0257  0.0259  0.0261  0.0258  0.0259  0.0256  0.0257
  0.0257  0.0255  0.0256  0.0258  0.0258  0.0256  0.0256  0.0256  0.0255  0.0256  0.0255  0.0255
  0.0255  0.0255  0.0255  0.0255  0.0255  0.0255  0.0255  0.0255  0.0255  0.0255  0.0255  0.0255
  0.0256  0.0257  0.0255  0.0255  0.0256  0.0256  0.0256  0.0257  0.0256  0.0256  0.0255  0.0255
  0.0259  0.0260  0.0257  0.0260  0.0260  0.0257  0.0260  0.0261  0.0259  0.0260  0.0256  0.0256
  0.0265  0.0265  0.0259  0.0268  0.0267  0.0260  0.0266  0.0268  0.0263  0.0265  0.0258  0.0258
niter,ni,del,rscale     3    3    5.0000    0.6000
parameters
   -0.9686   29.9119   11.0861   -4.9534   -6.1399   -2.6004
    3.2744    2.5429   -0.9148    0.7508   -2.6703  -10.3515
eta,q 0.97453 10.80477
  0.0263  0.0261  0.0258  0.0264  0.0265  0.0259  0.0263  0.0265  0.0260  0.0262  0.0257  0.0258
  0.0259  0.0258  0.0256  0.0260  0.0260  0.0256  0.0258  0.0259  0.0257  0.0258  0.0256  0.0256
  0.0256  0.0255  0.0255  0.0257  0.0256  0.0255  0.0256  0.0256  0.0255  0.0255  0.0255  0.0255
  0.0255  0.0255  0.0255  0.0255  0.0255  0.0255  0.0255  0.0255  0.0255  0.0255  0.0255  0.0255
  0.0256  0.0256  0.0255  0.0255  0.0256  0.0255  0.0256  0.0256  0.0256  0.0256  0.0255  0.0255
  0.0258  0.0258  0.0256  0.0258  0.0259  0.0257  0.0258  0.0259  0.0257  0.0258  0.0256  0.0256
  0.0263  0.0262  0.0258  0.0264  0.0265  0.0259  0.0263  0.0264  0.0261  0.0262  0.0257  0.0257
niter,ni,del,rscale     2    3    5.0000    0.5000
parameters
   -0.9488   29.8896   11.0940   -4.8182   -6.0964   -2.6253
    3.2606    2.5405   -0.9681    0.7442   -2.5634  -10.3207
eta,q 0.97455 10.81070
  0.0261  0.0259  0.0257  0.0262  0.0262  0.0257  0.0260  0.0262  0.0258  0.0260  0.0256  0.0257
  0.0257  0.0257  0.0256  0.0259  0.0258  0.0256  0.0257  0.0258  0.0256  0.0257  0.0255  0.0255
  0.0255  0.0255  0.0255  0.0256  0.0256  0.0255  0.0255  0.0255  0.0255  0.0255  0.0255  0.0255
  0.0255  0.0255  0.0255  0.0255  0.0255  0.0255  0.0255  0.0255  0.0255  0.0255  0.0255  0.0255
  0.0255  0.0255  0.0255  0.0255  0.0255  0.0255  0.0255  0.0255  0.0255  0.0255  0.0255  0.0255
  0.0257  0.0257  0.0256  0.0257  0.0258  0.0256  0.0257  0.0258  0.0256  0.0257  0.0255  0.0255
  0.0260  0.0260  0.0257  0.0261  0.0262  0.0257  0.0260  0.0261  0.0259  0.0260  0.0256  0.0256
niter,ni,del,rscale     1    3    5.0000    0.4000
parameters
   -0.9421   29.8759   11.1020   -4.7179   -6.0655   -2.6414
    3.2517    2.5193   -1.0125    0.7289   -2.4781  -10.3013
eta,q 0.97455 10.81485
  0.0258  0.0258  0.0256  0.0259  0.0260  0.0256  0.0258  0.0259  0.0257  0.0258  0.0256  0.0256
  0.0256  0.0256  0.0255  0.0257  0.0257  0.0255  0.0256  0.0256  0.0256  0.0256  0.0255  0.0255
  0.0255  0.0255  0.0255  0.0255  0.0255  0.0255  0.0255  0.0255  0.0255  0.0255  0.0255  0.0255
  0.0255  0.0255  0.0255  0.0255  0.0255  0.0255  0.0255  0.0255  0.0255  0.0254  0.0254  0.0254
  0.0255  0.0255  0.0255  0.0255  0.0255  0.0255  0.0255  0.0255  0.0255  0.0255  0.0255  0.0255
  0.0256  0.0256  0.0255  0.0256  0.0257  0.0255  0.0256  0.0257  0.0256  0.0256  0.0255  0.0255
  0.0258  0.0258  0.0256  0.0259  0.0260  0.0256  0.0258  0.0259  0.0257  0.0258  0.0255  0.0256
registration optimization eta report
parameter search radius
    0.8000    0.8000    0.8000    2.4000    2.4000    2.4000
    2.4000    2.4000    2.4000    2.4000    2.4000    2.4000
100000*second partial in parameter space
       59.       49.       23.        8.        9.        3.
        6.        8.        5.        6.        2.        2.
  0.0258  0.0258  0.0256  0.0259  0.0260  0.0256  0.0258  0.0259  0.0257  0.0258  0.0256  0.0256
  0.0256  0.0256  0.0255  0.0257  0.0257  0.0255  0.0256  0.0256  0.0256  0.0256  0.0255  0.0255
  0.0255  0.0255  0.0255  0.0255  0.0255  0.0255  0.0255  0.0255  0.0255  0.0255  0.0255  0.0255
  0.0255  0.0255  0.0255  0.0255  0.0255  0.0255  0.0255  0.0255  0.0255  0.0254  0.0254  0.0254
  0.0255  0.0255  0.0255  0.0255  0.0255  0.0255  0.0255  0.0255  0.0255  0.0255  0.0255  0.0255
  0.0256  0.0256  0.0255  0.0256  0.0257  0.0255  0.0256  0.0257  0.0256  0.0256  0.0255  0.0255
  0.0258  0.0258  0.0256  0.0259  0.0260  0.0256  0.0258  0.0259  0.0257  0.0258  0.0255  0.0256
   -0.9421   29.8759   11.1020   -4.7179   -6.0655   -2.6414
    3.2517    2.5193   -1.0125    0.7289   -2.4781  -10.3013
eta,q 0.97455 10.81485

---------------------------------------------------------------------
imgreg_4dfp /opt/freesurfer/average/711-2C_as_mni_average_305 /opt/freesurfer/average/711-2B_as_mni_average_305_mask talsrcimg_g11 none talsrcimg_to_711-2C_as_mni_average_305_t4 2311
---------------------------------------------------------------------

freesurfer imgreg_4dfp.c
/opt/freesurfer/average/711-2C_as_mni_average_305.4dfp.img
       256       256       256         1
  1.000000  1.000000  1.000000
orientation T byte_order littleendian
Reading image: /opt/freesurfer/average/711-2C_as_mni_average_305.4dfp.img
dimensions:      256       256       256
mmppix:       1.0000   -1.0000   -1.0000
center:     128.0000 -129.0000 -129.0000
/opt/freesurfer/average/711-2B_as_mni_average_305_mask.4dfp.img
       256       256       256         1
  1.000000  1.000000  1.000000
orientation T byte_order littleendian
Reading mask: /opt/freesurfer/average/711-2B_as_mni_average_305_mask.4dfp.img (2306576 pixels)
talsrcimg_g11.4dfp.img
       256       256       256         1
  1.000000  1.000000  1.000000
orientation T byte_order littleendian
Reading image: talsrcimg_g11.4dfp.img
dimensions:      256       256       256
mmppix:       1.0000   -1.0000   -1.0000
center:     128.0000 -129.0000 -129.0000
fimgreg.f
image alignment mode   2311 decimal      907 hex
parameters
   -0.9421   29.8759   11.1020   -4.7179   -6.0655   -2.6414
    3.2517    2.5193   -1.0125    0.7289   -2.4781  -10.3013
eta,q 0.97455 10.81485
niter,ni,del,rscale     5    3    5.0000    0.8000
parameters
   -0.9461   29.8710   11.1143   -5.1540   -6.1826   -2.4929
    3.3582    2.5718   -0.9725    0.7210   -2.6947  -10.2640
eta,q 0.97451 10.80077
  0.0269  0.0266  0.0260  0.0267  0.0269  0.0262  0.0269  0.0272  0.0265  0.0267  0.0259  0.0260
  0.0261  0.0260  0.0257  0.0262  0.0263  0.0258  0.0261  0.0263  0.0259  0.0260  0.0256  0.0257
  0.0256  0.0256  0.0255  0.0257  0.0257  0.0256  0.0256  0.0257  0.0256  0.0256  0.0255  0.0255
  0.0254  0.0254  0.0254  0.0255  0.0255  0.0255  0.0255  0.0255  0.0255  0.0255  0.0255  0.0255
  0.0256  0.0256  0.0255  0.0256  0.0257  0.0256  0.0256  0.0257  0.0256  0.0256  0.0255  0.0255
  0.0261  0.0260  0.0257  0.0264  0.0263  0.0258  0.0261  0.0262  0.0259  0.0261  0.0257  0.0257
  0.0269  0.0267  0.0260  0.0276  0.0272  0.0261  0.0268  0.0271  0.0264  0.0267  0.0259  0.0260
niter,ni,del,rscale     4    3    5.0000    0.7000
parameters
   -0.9552   29.9019   11.1163   -5.0737   -6.1704   -2.5619
    3.3387    2.5636   -0.9455    0.7274   -2.6977  -10.2928
eta,q 0.97452 10.80086
  0.0266  0.0264  0.0259  0.0267  0.0267  0.0260  0.0265  0.0268  0.0262  0.0264  0.0258  0.0258
  0.0260  0.0259  0.0257  0.0262  0.0262  0.0257  0.0259  0.0261  0.0258  0.0259  0.0256  0.0256
  0.0256  0.0256  0.0255  0.0258  0.0257  0.0255  0.0256  0.0256  0.0256  0.0256  0.0255  0.0255
  0.0255  0.0255  0.0255  0.0255  0.0255  0.0255  0.0255  0.0255  0.0255  0.0255  0.0255  0.0255
  0.0256  0.0256  0.0255  0.0255  0.0256  0.0256  0.0256  0.0256  0.0256  0.0256  0.0255  0.0255
  0.0260  0.0259  0.0257  0.0259  0.0261  0.0257  0.0260  0.0261  0.0258  0.0259  0.0256  0.0256
  0.0266  0.0264  0.0259  0.0268  0.0268  0.0260  0.0265  0.0268  0.0262  0.0264  0.0258  0.0259
niter,ni,del,rscale     3    3    5.0000    0.6000
parameters
   -0.9543   29.8953   11.1066   -4.9420   -6.1365   -2.5968
    3.3008    2.5456   -0.9593    0.7200   -2.6382  -10.3030
eta,q 0.97453 10.80540
  0.0263  0.0261  0.0258  0.0264  0.0265  0.0259  0.0263  0.0265  0.0260  0.0262  0.0257  0.0257
  0.0258  0.0258  0.0256  0.0260  0.0260  0.0256  0.0258  0.0259  0.0257  0.0258  0.0256  0.0256
  0.0256  0.0256  0.0255  0.0257  0.0256  0.0255  0.0255  0.0256  0.0255  0.0255  0.0255  0.0255
  0.0255  0.0255  0.0255  0.0255  0.0255  0.0255  0.0255  0.0255  0.0255  0.0255  0.0255  0.0255
  0.0256  0.0256  0.0255  0.0255  0.0256  0.0255  0.0256  0.0256  0.0255  0.0255  0.0255  0.0255
  0.0258  0.0258  0.0256  0.0258  0.0259  0.0257  0.0258  0.0259  0.0257  0.0258  0.0256  0.0256
  0.0263  0.0262  0.0258  0.0264  0.0265  0.0259  0.0263  0.0264  0.0260  0.0262  0.0257  0.0257
niter,ni,del,rscale     2    3    5.0000    0.5000
parameters
   -0.9472   29.8823   11.1136   -4.8126   -6.1028   -2.6229
    3.2778    2.5437   -0.9894    0.7251   -2.5787  -10.3005
eta,q 0.97454 10.81068
  0.0260  0.0259  0.0257  0.0262  0.0262  0.0257  0.0260  0.0262  0.0259  0.0260  0.0256  0.0257
  0.0257  0.0257  0.0256  0.0259  0.0258  0.0256  0.0257  0.0258  0.0256  0.0257  0.0255  0.0255
  0.0255  0.0255  0.0255  0.0256  0.0256  0.0255  0.0255  0.0255  0.0255  0.0255  0.0255  0.0255
  0.0255  0.0255  0.0255  0.0255  0.0255  0.0255  0.0255  0.0255  0.0255  0.0255  0.0255  0.0255
  0.0255  0.0255  0.0255  0.0255  0.0255  0.0255  0.0255  0.0255  0.0255  0.0255  0.0255  0.0255
  0.0257  0.0257  0.0256  0.0257  0.0258  0.0256  0.0257  0.0258  0.0256  0.0257  0.0255  0.0255
  0.0260  0.0260  0.0257  0.0261  0.0262  0.0257  0.0260  0.0261  0.0259  0.0260  0.0256  0.0256
niter,ni,del,rscale     1    3    5.0000    0.4000
parameters
   -0.9386   29.8750   11.1074   -4.7051   -6.0731   -2.6436
    3.2673    2.5299   -1.0205    0.7282   -2.4747  -10.2923
eta,q 0.97455 10.81489
  0.0258  0.0258  0.0256  0.0260  0.0260  0.0256  0.0258  0.0259  0.0257  0.0258  0.0256  0.0256
  0.0256  0.0256  0.0255  0.0257  0.0257  0.0255  0.0256  0.0256  0.0256  0.0256  0.0255  0.0255
  0.0255  0.0255  0.0255  0.0255  0.0255  0.0255  0.0255  0.0255  0.0255  0.0255  0.0255  0.0255
  0.0255  0.0255  0.0255  0.0255  0.0255  0.0255  0.0255  0.0255  0.0255  0.0255  0.0255  0.0254
  0.0255  0.0255  0.0255  0.0255  0.0255  0.0255  0.0255  0.0255  0.0255  0.0255  0.0255  0.0255
  0.0256  0.0256  0.0255  0.0256  0.0257  0.0255  0.0256  0.0257  0.0256  0.0256  0.0255  0.0255
  0.0258  0.0258  0.0256  0.0259  0.0260  0.0256  0.0258  0.0259  0.0257  0.0258  0.0255  0.0256
registration optimization eta report
parameter search radius
    0.8000    0.8000    0.8000    2.4000    2.4000    2.4000
    2.4000    2.4000    2.4000    2.4000    2.4000    2.4000
100000*second partial in parameter space
       58.       49.       23.        8.        9.        3.
        6.        8.        5.        6.        2.        2.
  0.0258  0.0258  0.0256  0.0260  0.0260  0.0256  0.0258  0.0259  0.0257  0.0258  0.0256  0.0256
  0.0256  0.0256  0.0255  0.0257  0.0257  0.0255  0.0256  0.0256  0.0256  0.0256  0.0255  0.0255
  0.0255  0.0255  0.0255  0.0255  0.0255  0.0255  0.0255  0.0255  0.0255  0.0255  0.0255  0.0255
  0.0255  0.0255  0.0255  0.0255  0.0255  0.0255  0.0255  0.0255  0.0255  0.0255  0.0255  0.0254
  0.0255  0.0255  0.0255  0.0255  0.0255  0.0255  0.0255  0.0255  0.0255  0.0255  0.0255  0.0255
  0.0256  0.0256  0.0255  0.0256  0.0257  0.0255  0.0256  0.0257  0.0256  0.0256  0.0255  0.0255
  0.0258  0.0258  0.0256  0.0259  0.0260  0.0256  0.0258  0.0259  0.0257  0.0258  0.0255  0.0256
   -0.9386   29.8750   11.1074   -4.7051   -6.0731   -2.6436
    3.2673    2.5299   -1.0205    0.7282   -2.4747  -10.2923
eta,q 0.97455 10.81489

---------------------------------------------------------------------
compute_vox2vox talsrcimg talsrcimg_to_711-2C_as_mni_average_305_t4 /opt/freesurfer/average/711-2C_as_mni_average_305
---------------------------------------------------------------------

freesurfer compute_vox2vox.c
Reading: talsrcimg.4dfp.ifh
Reading: talsrcimg_to_711-2C_as_mni_average_305_t4
Reading: /opt/freesurfer/average/711-2C_as_mni_average_305.4dfp.ifh
Writing: talsrcimg_to_711-2C_as_mni_average_305_t4_vox2vox.txt

start time Tue Mar 10 06:44:14 CET 2026
end		time Tue Mar 10 06:44:27 CET 2026

mpr2mni305 success

avi2talxfm orig_nu.mgz /opt/freesurfer/average/mni305.cor.mgz talsrcimg_to_711-2C_as_mni_average_305_t4_vox2vox.txt transforms/talairach.auto.xfm
avi2talxfm done
mv -f /out/sourcedata/freesurfer/sub-v1s8x0051328_ses-1/mri/talsrcimg_to_711-2C_as_mni_average_305_t4_vox2vox.txt /out/sourcedata/freesurfer/sub-v1s8x0051328_ses-1/mri/transforms/talsrcimg_to_711-2C_as_mni_average_305_t4_vox2vox.txt
lta_convert --src orig_nu.mgz --trg /opt/freesurfer/average/mni305.cor.mgz --inxfm transforms/talairach.auto.xfm --outlta transforms/talairach.auto.xfm.lta --subject fsaverage
7.3.2

--src: orig_nu.mgz src image (geometry).
--trg: /opt/freesurfer/average/mni305.cor.mgz trg image (geometry).
--inmni: transforms/talairach.auto.xfm input MNI/XFM transform.
--outlta: transforms/talairach.auto.xfm.lta output LTA.
--s: fsaverage subject name
 LTA read, type : 1
 1.04825  -0.02695  -0.03942  -3.88748;
 0.02783   1.02560   0.11141  -12.68898;
 0.01117  -0.00824   1.06337  -23.82619;
 0.00000   0.00000   0.00000   1.00000;
setting subject to fsaverage
Writing  LTA to file transforms/talairach.auto.xfm.lta...
lta_convert successful.
 
 
Started at Tue Mar 10 06:44:13 CET 2026
Ended   at Tue Mar 10 06:44:28 CET 2026
talairach_avi done
